0.000: [Full GC 0.001: [Tenured: 11718K->11814K(29184K), 0.0458581 secs] 11873K->11814K(32704K), [Perm : 1375K->1375K(8192K)], 0.0495532 secs]
0.057: [Full GC 0.057: [Tenured: 11814K->11814K(29184K), 0.0429595 secs] 11883K->11814K(32704K), [Perm : 1381K->1381K(8192K)], 0.0432795 secs]
0.282: [Full GC 0.282: [Tenured: 23533K->23533K(29184K), 0.0420186 secs] 23602K->23533K(32704K), [Perm : 1381K->1381K(8192K)], 0.0423658 secs]
0.335: [Full GC 0.335: [Tenured: 23533K->11814K(29184K), 0.1338942 secs] 23671K->11814K(32704K), [Perm : 1381K->1380K(8192K)], 0.1342159 secs]
0.552: [Full GC 0.553: [Tenured: 23533K->23533K(29184K), 0.0417731 secs] 23602K->23533K(32704K), [Perm : 1380K->1380K(8192K)], 0.0421314 secs]
0.598: [Full GC 0.598: [Tenured: 23533K->11814K(29184K), 0.1199076 secs] 23671K->11814K(32704K), [Perm : 1380K->1380K(8192K)], 0.1202307 secs]
0.802: [Full GC 0.802: [Tenured: 23533K->23533K(29184K), 0.0409510 secs] 23602K->23533K(32704K), [Perm : 1380K->1380K(8192K)], 0.0413031 secs]
0.847: [Full GC 0.848: [Tenured: 23533K->11814K(29184K), 0.1198824 secs] 23671K->11814K(32704K), [Perm : 1380K->1380K(8192K)], 0.1202104 secs]
1.050: [Full GC 1.051: [Tenured: 23533K->23533K(29184K), 0.0431516 secs] 23602K->23533K(32704K), [Perm : 1380K->1380K(8192K)], 0.0435086 secs]
1.098: [Full GC 1.098: [Tenured: 23533K->11814K(29184K), 0.1190725 secs] 23671K->11814K(32704K), [Perm : 1380K->1380K(8192K)], 0.1193969 secs]
1.297: [Full GC 1.298: [Tenured: 23533K->23533K(29184K), 0.0426798 secs] 23602K->23533K(32704K), [Perm : 1380K->1380K(8192K)], 0.0430339 secs]
1.344: [Full GC 1.344: [Tenured: 23533K->11814K(29184K), 0.1223092 secs] 23671K->11814K(32704K), [Perm : 1380K->1380K(8192K)], 0.1226289 secs]
1.549: [Full GC 1.549: [Tenured: 23533K->23533K(29184K), 0.0420645 secs] 23602K->23533K(32704K), [Perm : 1380K->1380K(8192K)], 0.0429952 secs]
1.595: [Full GC 1.596: [Tenured: 23533K->11814K(29184K), 0.1202735 secs] 23671K->11814K(32704K), [Perm : 1380K->1380K(8192K)], 0.1205915 secs]
1.797: [Full GC 1.797: [Tenured: 23533K->23533K(29184K), 0.0434967 secs] 23602K->23533K(32704K), [Perm : 1380K->1380K(8192K)], 0.0438510 secs]
1.844: [Full GC 1.845: [Tenured: 23533K->11814K(29184K), 0.1207512 secs] 23671K->11814K(32704K), [Perm : 1380K->1380K(8192K)], 0.1210695 secs]
2.047: [Full GC 2.047: [Tenured: 23533K->23533K(29184K), 0.0432759 secs] 23602K->23533K(32704K), [Perm : 1380K->1380K(8192K)], 0.0436193 secs]
2.094: [Full GC 2.094: [Tenured: 23533K->11814K(29184K), 0.1197121 secs] 23671K->11814K(32704K), [Perm : 1380K->1380K(8192K)], 0.1200332 secs]
2.295: [Full GC 2.295: [Tenured: 23533K->23533K(29184K), 0.0403004 secs] 23602K->23533K(32704K), [Perm : 1380K->1380K(8192K)], 0.0406542 secs]
2.341: [Full GC 2.341: [Tenured: 23533K->11814K(29184K), 0.1211645 secs] 23671K->11814K(32704K), [Perm : 1380K->1380K(8192K)], 0.1214966 secs]
2.544: [Full GC 2.544: [Tenured: 23533K->23533K(29184K), 0.0416774 secs] 23602K->23533K(32704K), [Perm : 1380K->1380K(8192K)], 0.0420413 secs]
2.590: [Full GC 2.590: [Tenured: 23533K->11814K(29184K), 0.1218473 secs] 23671K->11814K(32704K), [Perm : 1380K->1380K(8192K)], 0.1221755 secs]
2.793: [Full GC 2.794: [Tenured: 23533K->23533K(29184K), 0.0414298 secs] 23602K->23533K(32704K), [Perm : 1380K->1380K(8192K)], 0.0417816 secs]
2.839: [Full GC 2.839: [Tenured: 23533K->11814K(29184K), 0.1215780 secs] 23671K->11814K(32704K), [Perm : 1380K->1380K(8192K)], 0.1219035 secs]
3.043: [Full GC 3.043: [Tenured: 23533K->23533K(29184K), 0.0421934 secs] 23602K->23533K(32704K), [Perm : 1380K->1380K(8192K)], 0.0425479 secs]
3.089: [Full GC 3.089: [Tenured: 23533K->11814K(29184K), 0.1198072 secs] 23671K->11814K(32704K), [Perm : 1380K->1380K(8192K)], 0.1201289 secs]
3.290: [Full GC 3.291: [Tenured: 23533K->23533K(29184K), 0.0417587 secs] 23602K->23533K(32704K), [Perm : 1380K->1380K(8192K)], 0.0421119 secs]
3.336: [Full GC 3.336: [Tenured: 23533K->11814K(29184K), 0.1213832 secs] 23671K->11814K(32704K), [Perm : 1380K->1380K(8192K)], 0.1217042 secs]
3.540: [Full GC 3.540: [Tenured: 23533K->23533K(29184K), 0.0416715 secs] 23602K->23533K(32704K), [Perm : 1380K->1380K(8192K)], 0.0420245 secs]
3.586: [Full GC 3.586: [Tenured: 23533K->11814K(29184K), 0.1205463 secs] 23671K->11814K(32704K), [Perm : 1380K->1380K(8192K)], 0.1208757 secs]
3.787: [Full GC 3.788: [Tenured: 23533K->23533K(29184K), 0.0438880 secs] 23602K->23533K(32704K), [Perm : 1380K->1380K(8192K)], 0.0442251 secs]
3.835: [Full GC 3.835: [Tenured: 23533K->11814K(29184K), 0.1188299 secs] 23671K->11814K(32704K), [Perm : 1380K->1380K(8192K)], 0.1191487 secs]
4.037: [Full GC 4.037: [Tenured: 23533K->23533K(29184K), 0.0424904 secs] 23602K->23533K(32704K), [Perm : 1380K->1380K(8192K)], 0.0428501 secs]
4.083: [Full GC 4.083: [Tenured: 23533K->11814K(29184K), 0.1194738 secs] 23671K->11814K(32704K), [Perm : 1380K->1380K(8192K)], 0.1197941 secs]
4.285: [Full GC 4.285: [Tenured: 23533K->23533K(29184K), 0.0418758 secs] 23602K->23533K(32704K), [Perm : 1380K->1380K(8192K)], 0.0422350 secs]
4.331: [Full GC 4.332: [Tenured: 23533K->11814K(29184K), 0.1212704 secs] 23671K->11814K(32704K), [Perm : 1380K->1380K(8192K)], 0.1215851 secs]
4.535: [Full GC 4.536: [Tenured: 23533K->23533K(29184K), 0.0425882 secs] 23602K->23533K(32704K), [Perm : 1380K->1380K(8192K)], 0.0429479 secs]
4.582: [Full GC 4.582: [Tenured: 23533K->11814K(29184K), 0.1198975 secs] 23671K->11814K(32704K), [Perm : 1380K->1380K(8192K)], 0.1202252 secs]
4.784: [Full GC 4.785: [Tenured: 23533K->23533K(29184K), 0.0437218 secs] 23602K->23533K(32704K), [Perm : 1380K->1380K(8192K)], 0.0440772 secs]
4.833: [Full GC 4.833: [Tenured: 23533K->11814K(29184K), 0.1185549 secs] 23671K->11814K(32704K), [Perm : 1380K->1380K(8192K)], 0.1188762 secs]
5.033: [Full GC 5.034: [Tenured: 23533K->23533K(29184K), 0.0427193 secs] 23602K->23533K(32704K), [Perm : 1380K->1380K(8192K)], 0.0430811 secs]
5.080: [Full GC 5.081: [Tenured: 23533K->11814K(29184K), 0.1200518 secs] 23671K->11814K(32704K), [Perm : 1380K->1380K(8192K)], 0.1203675 secs]
5.282: [Full GC 5.283: [Tenured: 23533K->23533K(29184K), 0.0424015 secs] 23602K->23533K(32704K), [Perm : 1380K->1380K(8192K)], 0.0427553 secs]
5.329: [Full GC 5.329: [Tenured: 23533K->11814K(29184K), 0.1214998 secs] 23671K->11814K(32704K), [Perm : 1380K->1380K(8192K)], 0.1218215 secs]
5.532: [Full GC 5.533: [Tenured: 23533K->23533K(29184K), 0.0659962 secs] 23602K->23533K(32704K), [Perm : 1380K->1380K(8192K)], 0.0663586 secs]
5.603: [Full GC 5.603: [Tenured: 23533K->11814K(29184K), 0.1212492 secs] 23671K->11814K(32704K), [Perm : 1380K->1380K(8192K)], 0.1215687 secs]
5.808: [Full GC 5.808: [Tenured: 23533K->23533K(29184K), 0.0421191 secs] 23602K->23533K(32704K), [Perm : 1380K->1380K(8192K)], 0.0424561 secs]
5.854: [Full GC 5.854: [Tenured: 23533K->11814K(29184K), 0.1198673 secs] 23671K->11814K(32704K), [Perm : 1380K->1380K(8192K)], 0.1201871 secs]
6.056: [Full GC 6.056: [Tenured: 23533K->23533K(29184K), 0.0435003 secs] 23602K->23533K(32704K), [Perm : 1380K->1380K(8192K)], 0.0438415 secs]
6.103: [Full GC 6.104: [Tenured: 23533K->11814K(29184K), 0.1189080 secs] 23671K->11814K(32704K), [Perm : 1380K->1380K(8192K)], 0.1192322 secs]
6.305: [Full GC 6.305: [Tenured: 23533K->23533K(29184K), 0.0438287 secs] 23602K->23533K(32704K), [Perm : 1380K->1380K(8192K)], 0.0441841 secs]
6.353: [Full GC 6.353: [Tenured: 23533K->11814K(29184K), 0.1208435 secs] 23671K->11814K(32704K), [Perm : 1380K->1380K(8192K)], 0.1211688 secs]
6.554: [Full GC 6.554: [Tenured: 23533K->23533K(29184K), 0.0432482 secs] 23602K->23533K(32704K), [Perm : 1380K->1380K(8192K)], 0.0436070 secs]
6.602: [Full GC 6.602: [Tenured: 23533K->11814K(29184K), 0.1207099 secs] 23671K->11814K(32704K), [Perm : 1380K->1380K(8192K)], 0.1210403 secs]
6.805: [Full GC 6.805: [Tenured: 23533K->23533K(29184K), 0.0416486 secs] 23602K->23533K(32704K), [Perm : 1380K->1380K(8192K)], 0.0420087 secs]
6.851: [Full GC 6.851: [Tenured: 23533K->11814K(29184K), 0.1204567 secs] 23671K->11814K(32704K), [Perm : 1380K->1380K(8192K)], 0.1207855 secs]
7.053: [Full GC 7.053: [Tenured: 23533K->23533K(29184K), 0.0426475 secs] 23602K->23533K(32704K), [Perm : 1380K->1380K(8192K)], 0.0429831 secs]
7.100: [Full GC 7.100: [Tenured: 23533K->11814K(29184K), 0.1214362 secs] 23671K->11814K(32704K), [Perm : 1380K->1380K(8192K)], 0.1219105 secs]
7.302: [Full GC 7.302: [Tenured: 23533K->23533K(29184K), 0.0427429 secs] 23602K->23533K(32704K), [Perm : 1380K->1380K(8192K)], 0.0431006 secs]
7.348: [Full GC 7.349: [Tenured: 23533K->11814K(29184K), 0.1216534 secs] 23671K->11814K(32704K), [Perm : 1380K->1380K(8192K)], 0.1219778 secs]
7.552: [Full GC 7.553: [Tenured: 23533K->23533K(29184K), 0.0413141 secs] 23602K->23533K(32704K), [Perm : 1380K->1380K(8192K)], 0.0416670 secs]
7.597: [Full GC 7.598: [Tenured: 23533K->11814K(29184K), 0.1215535 secs] 23671K->11814K(32704K), [Perm : 1380K->1380K(8192K)], 0.1224600 secs]
7.801: [Full GC 7.802: [Tenured: 23533K->23533K(29184K), 0.0421007 secs] 23602K->23533K(32704K), [Perm : 1380K->1380K(8192K)], 0.0424592 secs]
7.847: [Full GC 7.848: [Tenured: 23533K->11812K(29184K), 0.1282774 secs] 23671K->11812K(32704K), [Perm : 1380K->1380K(8192K)], 0.1286105 secs]
8.058: [Full GC 8.058: [Tenured: 23531K->23531K(29184K), 0.0451745 secs] 23600K->23531K(32704K), [Perm : 1380K->1380K(8192K)], 0.0455281 secs]
8.107: [Full GC 8.107: [Tenured: 23531K->11812K(29184K), 0.1194610 secs] 23669K->11812K(32704K), [Perm : 1380K->1380K(8192K)], 0.1197854 secs]
8.307: [Full GC 8.307: [Tenured: 23531K->23531K(29184K), 0.0432716 secs] 23600K->23531K(32704K), [Perm : 1380K->1380K(8192K)], 0.0436189 secs]
8.354: [Full GC 8.354: [Tenured: 23531K->11812K(29184K), 0.1218900 secs] 23669K->11812K(32704K), [Perm : 1380K->1380K(8192K)], 0.1222198 secs]
8.558: [Full GC 8.558: [Tenured: 23531K->23531K(29184K), 0.0434016 secs] 23600K->23531K(32704K), [Perm : 1380K->1380K(8192K)], 0.0437449 secs]
8.605: [Full GC 8.605: [Tenured: 23531K->11812K(29184K), 0.1194227 secs] 23669K->11812K(32704K), [Perm : 1380K->1380K(8192K)], 0.1197469 secs]
8.806: [Full GC 8.806: [Tenured: 23531K->23531K(29184K), 0.0419176 secs] 23600K->23531K(32704K), [Perm : 1380K->1380K(8192K)], 0.0422795 secs]
8.852: [Full GC 8.852: [Tenured: 23531K->11812K(29184K), 0.1194187 secs] 23669K->11812K(32704K), [Perm : 1380K->1380K(8192K)], 0.1197407 secs]
9.054: [Full GC 9.054: [Tenured: 23531K->23531K(29184K), 0.0439161 secs] 23600K->23531K(32704K), [Perm : 1380K->1380K(8192K)], 0.0442704 secs]
9.103: [Full GC 9.103: [Tenured: 23531K->11812K(29184K), 0.1183082 secs] 23669K->11812K(32704K), [Perm : 1380K->1380K(8192K)], 0.1186304 secs]
9.303: [Full GC 9.303: [Tenured: 23531K->23531K(29184K), 0.0421995 secs] 23600K->23531K(32704K), [Perm : 1380K->1380K(8192K)], 0.0425598 secs]
9.349: [Full GC 9.349: [Tenured: 23531K->11812K(29184K), 0.1202754 secs] 23669K->11812K(32704K), [Perm : 1380K->1380K(8192K)], 0.1216856 secs]
9.552: [Full GC 9.552: [Tenured: 23531K->23531K(29184K), 0.0420488 secs] 23600K->23531K(32704K), [Perm : 1380K->1380K(8192K)], 0.0423931 secs]
9.598: [Full GC 9.598: [Tenured: 23531K->11812K(29184K), 0.1223398 secs] 23669K->11812K(32704K), [Perm : 1380K->1380K(8192K)], 0.1226646 secs]
9.803: [Full GC 9.803: [Tenured: 23531K->23531K(29184K), 0.0421900 secs] 23600K->23531K(32704K), [Perm : 1380K->1380K(8192K)], 0.0425493 secs]
9.849: [Full GC 9.849: [Tenured: 23531K->11812K(29184K), 0.1190851 secs] 23669K->11812K(32704K), [Perm : 1380K->1380K(8192K)], 0.1194072 secs]
10.050: [Full GC 10.050: [Tenured: 23531K->23531K(29184K), 0.0435524 secs] 23600K->23531K(32704K), [Perm : 1380K->1380K(8192K)], 0.0439078 secs]
10.097: [Full GC 10.097: [Tenured: 23531K->11812K(29184K), 0.1193342 secs] 23669K->11812K(32704K), [Perm : 1380K->1380K(8192K)], 0.1196620 secs]
10.298: [Full GC 10.298: [Tenured: 23531K->23531K(29184K), 0.0423952 secs] 23600K->23531K(32704K), [Perm : 1380K->1380K(8192K)], 0.0427504 secs]
10.344: [Full GC 10.345: [Tenured: 23531K->11812K(29184K), 0.1223813 secs] 23669K->11812K(32704K), [Perm : 1380K->1380K(8192K)], 0.1227012 secs]
10.548: [Full GC 10.548: [Tenured: 23531K->23531K(29184K), 0.0434888 secs] 23600K->23531K(32704K), [Perm : 1380K->1380K(8192K)], 0.0438409 secs]
10.595: [Full GC 10.595: [Tenured: 23531K->11812K(29184K), 0.1208682 secs] 23669K->11812K(32704K), [Perm : 1380K->1380K(8192K)], 0.1211949 secs]
10.797: [Full GC 10.797: [Tenured: 23531K->23531K(29184K), 0.0431512 secs] 23600K->23531K(32704K), [Perm : 1380K->1380K(8192K)], 0.0435009 secs]
10.844: [Full GC 10.844: [Tenured: 23531K->11812K(29184K), 0.1218756 secs] 23669K->11812K(32704K), [Perm : 1380K->1380K(8192K)], 0.1222041 secs]
11.047: [Full GC 11.048: [Tenured: 23531K->23531K(29184K), 0.0444774 secs] 23600K->23531K(32704K), [Perm : 1380K->1380K(8192K)], 0.0448312 secs]
11.096: [Full GC 11.096: [Tenured: 23531K->11812K(29184K), 0.1198896 secs] 23669K->11812K(32704K), [Perm : 1380K->1380K(8192K)], 0.1202129 secs]
11.298: [Full GC 11.298: [Tenured: 23531K->23531K(29184K), 0.0401504 secs] 23600K->23531K(32704K), [Perm : 1380K->1380K(8192K)], 0.0405107 secs]
11.344: [Full GC 11.344: [Tenured: 23531K->11812K(29184K), 0.1225137 secs] 23669K->11812K(32704K), [Perm : 1380K->1380K(8192K)], 0.1228370 secs]
11.547: [Full GC 11.547: [Tenured: 23531K->23531K(29184K), 0.0433149 secs] 23600K->23531K(32704K), [Perm : 1380K->1380K(8192K)], 0.0436576 secs]
11.594: [Full GC 11.594: [Tenured: 23531K->11812K(29184K), 0.1206625 secs] 23669K->11812K(32704K), [Perm : 1380K->1380K(8192K)], 0.1209950 secs]
11.797: [Full GC 11.797: [Tenured: 23531K->23531K(29184K), 0.0415170 secs] 23600K->23531K(32704K), [Perm : 1380K->1380K(8192K)], 0.0418740 secs]
11.844: [Full GC 11.844: [Tenured: 23531K->11812K(29184K), 0.1203443 secs] 23669K->11812K(32704K), [Perm : 1380K->1380K(8192K)], 0.1206847 secs]
12.045: [Full GC 12.045: [Tenured: 23531K->23531K(29184K), 0.0429463 secs] 23600K->23531K(32704K), [Perm : 1380K->1380K(8192K)], 0.0433039 secs]
12.092: [Full GC 12.092: [Tenured: 23531K->11812K(29184K), 0.1185976 secs] 23669K->11812K(32704K), [Perm : 1380K->1380K(8192K)], 0.1189182 secs]
12.295: [Full GC 12.296: [Tenured: 23531K->23531K(29184K), 0.0412184 secs] 23600K->23531K(32704K), [Perm : 1380K->1380K(8192K)], 0.0415727 secs]
12.341: [Full GC 12.341: [Tenured: 23531K->11812K(29184K), 0.1211801 secs] 23669K->11812K(32704K), [Perm : 1380K->1380K(8192K)], 0.1215088 secs]
12.542: [Full GC 12.542: [Tenured: 23531K->23531K(29184K), 0.0462138 secs] 23600K->23531K(32704K), [Perm : 1380K->1380K(8192K)], 0.0465710 secs]
12.593: [Full GC 12.593: [Tenured: 23531K->11812K(29184K), 0.1632266 secs] 23669K->11812K(32704K), [Perm : 1380K->1380K(8192K)], 0.1635579 secs]
12.842: [Full GC 12.842: [Tenured: 23531K->23531K(29184K), 0.0414772 secs] 23600K->23531K(32704K), [Perm : 1380K->1380K(8192K)], 0.0418329 secs]
12.887: [Full GC 12.887: [Tenured: 23531K->11812K(29184K), 0.1229708 secs] 23669K->11812K(32704K), [Perm : 1380K->1380K(8192K)], 0.1233043 secs]
13.093: [Full GC 13.093: [Tenured: 23531K->23531K(29184K), 0.0435309 secs] 23600K->23531K(32704K), [Perm : 1380K->1380K(8192K)], 0.0438925 secs]
13.141: [Full GC 13.141: [Tenured: 23531K->11812K(29184K), 0.1228875 secs] 23669K->11812K(32704K), [Perm : 1380K->1380K(8192K)], 0.1232218 secs]
13.348: [Full GC 13.348: [Tenured: 23531K->23531K(29184K), 0.0457137 secs] 23600K->23531K(32704K), [Perm : 1380K->1380K(8192K)], 0.0460745 secs]
13.398: [Full GC 13.398: [Tenured: 23531K->11812K(29184K), 0.1232652 secs] 23669K->11812K(32704K), [Perm : 1380K->1380K(8192K)], 0.1236013 secs]
13.606: [Full GC 13.606: [Tenured: 23531K->23531K(29184K), 0.0409980 secs] 23600K->23531K(32704K), [Perm : 1380K->1380K(8192K)], 0.0413563 secs]
13.651: [Full GC 13.654: [Tenured: 23531K->11812K(29184K), 0.1205523 secs] 23669K->11812K(32704K), [Perm : 1380K->1380K(8192K)], 0.1234458 secs]
13.855: [Full GC 13.855: [Tenured: 23531K->23531K(29184K), 0.0450150 secs] 23600K->23531K(32704K), [Perm : 1380K->1380K(8192K)], 0.0453684 secs]
13.904: [Full GC 13.904: [Tenured: 23531K->11812K(29184K), 0.1200120 secs] 23669K->11812K(32704K), [Perm : 1380K->1380K(8192K)], 0.1203441 secs]
14.106: [Full GC 14.106: [Tenured: 23531K->23531K(29184K), 0.0415168 secs] 23600K->23531K(32704K), [Perm : 1380K->1380K(8192K)], 0.0418733 secs]
14.153: [Full GC 14.154: [Tenured: 23531K->11812K(29184K), 0.1198696 secs] 23669K->11812K(32704K), [Perm : 1380K->1380K(8192K)], 0.1201981 secs]
14.354: [Full GC 14.354: [Tenured: 23531K->23531K(29184K), 0.0454679 secs] 23600K->23531K(32704K), [Perm : 1380K->1380K(8192K)], 0.0458195 secs]
14.403: [Full GC 14.403: [Tenured: 23531K->11812K(29184K), 0.1182163 secs] 23669K->11812K(32704K), [Perm : 1380K->1380K(8192K)], 0.1185410 secs]
14.604: [Full GC 14.605: [Tenured: 23531K->23531K(29184K), 0.0422282 secs] 23600K->23531K(32704K), [Perm : 1380K->1380K(8192K)], 0.0425926 secs]
14.651: [Full GC 14.651: [Tenured: 23531K->11812K(29184K), 0.1211491 secs] 23669K->11812K(32704K), [Perm : 1380K->1380K(8192K)], 0.1214751 secs]
14.854: [Full GC 14.854: [Tenured: 23531K->23531K(29184K), 0.0422292 secs] 23600K->23531K(32704K), [Perm : 1380K->1380K(8192K)], 0.0425897 secs]
14.901: [Full GC 14.901: [Tenured: 23531K->11812K(29184K), 0.1178250 secs] 23669K->11812K(32704K), [Perm : 1380K->1380K(8192K)], 0.1181552 secs]
15.102: [Full GC 15.102: [Tenured: 23531K->23531K(29184K), 0.0419270 secs] 23600K->23531K(32704K), [Perm : 1380K->1380K(8192K)], 0.0422824 secs]
15.148: [Full GC 15.148: [Tenured: 23531K->11812K(29184K), 0.1202160 secs] 23669K->11812K(32704K), [Perm : 1380K->1380K(8192K)], 0.1205411 secs]
15.351: [Full GC 15.351: [Tenured: 23531K->23531K(29184K), 0.0437881 secs] 23600K->23531K(32704K), [Perm : 1380K->1380K(8192K)], 0.0441386 secs]
15.399: [Full GC 15.399: [Tenured: 23531K->11812K(29184K), 0.1185857 secs] 23669K->11812K(32704K), [Perm : 1380K->1380K(8192K)], 0.1189125 secs]
15.600: [Full GC 15.600: [Tenured: 23531K->23531K(29184K), 0.0414194 secs] 23600K->23531K(32704K), [Perm : 1380K->1380K(8192K)], 0.0417994 secs]
15.645: [Full GC 15.646: [Tenured: 23531K->11812K(29184K), 0.1203039 secs] 23669K->11812K(32704K), [Perm : 1380K->1380K(8192K)], 0.1206242 secs]
15.848: [Full GC 15.848: [Tenured: 23531K->23531K(29184K), 0.0420305 secs] 23600K->23531K(32704K), [Perm : 1380K->1380K(8192K)], 0.0423896 secs]
15.895: [Full GC 15.895: [Tenured: 23531K->11812K(29184K), 0.1204883 secs] 23669K->11812K(32704K), [Perm : 1380K->1380K(8192K)], 0.1208165 secs]
16.095: [Full GC 16.095: [Tenured: 23531K->23531K(29184K), 0.0446198 secs] 23600K->23531K(32704K), [Perm : 1380K->1380K(8192K)], 0.0449557 secs]
16.144: [Full GC 16.144: [Tenured: 23531K->11812K(29184K), 0.1197887 secs] 23669K->11812K(32704K), [Perm : 1380K->1380K(8192K)], 0.1201145 secs]
16.346: [Full GC 16.346: [Tenured: 23531K->23531K(29184K), 0.0430144 secs] 23600K->23531K(32704K), [Perm : 1380K->1380K(8192K)], 0.0447206 secs]
16.394: [Full GC 16.394: [Tenured: 23531K->11812K(29184K), 0.1195796 secs] 23669K->11812K(32704K), [Perm : 1380K->1380K(8192K)], 0.1199087 secs]
16.595: [Full GC 16.595: [Tenured: 23531K->23531K(29184K), 0.0414797 secs] 23600K->23531K(32704K), [Perm : 1380K->1380K(8192K)], 0.0418387 secs]
16.640: [Full GC 16.640: [Tenured: 23531K->11812K(29184K), 0.1201055 secs] 23669K->11812K(32704K), [Perm : 1380K->1380K(8192K)], 0.1204362 secs]
16.844: [Full GC 16.845: [Tenured: 23531K->23531K(29184K), 0.0414289 secs] 23600K->23531K(32704K), [Perm : 1380K->1380K(8192K)], 0.0417901 secs]
16.891: [Full GC 16.892: [Tenured: 23531K->11812K(29184K), 0.1199903 secs] 23669K->11812K(32704K), [Perm : 1380K->1380K(8192K)], 0.1203189 secs]
17.092: [Full GC 17.092: [Tenured: 23531K->23531K(29184K), 0.0420793 secs] 23600K->23531K(32704K), [Perm : 1380K->1380K(8192K)], 0.0424305 secs]
17.138: [Full GC 17.138: [Tenured: 23531K->11812K(29184K), 0.1209900 secs] 23669K->11812K(32704K), [Perm : 1380K->1380K(8192K)], 0.1216009 secs]
17.342: [Full GC 17.342: [Tenured: 23531K->23531K(29184K), 0.0425289 secs] 23600K->23531K(32704K), [Perm : 1380K->1380K(8192K)], 0.0428903 secs]
17.388: [Full GC 17.388: [Tenured: 23531K->11812K(29184K), 0.1203511 secs] 23669K->11812K(32704K), [Perm : 1380K->1380K(8192K)], 0.1206802 secs]
17.589: [Full GC 17.589: [Tenured: 23531K->23531K(29184K), 0.0427796 secs] 23600K->23531K(32704K), [Perm : 1380K->1380K(8192K)], 0.0431341 secs]
17.636: [Full GC 17.636: [Tenured: 23531K->11812K(29184K), 0.1191532 secs] 23669K->11812K(32704K), [Perm : 1380K->1380K(8192K)], 0.1194774 secs]
17.838: [Full GC 17.838: [Tenured: 23531K->23531K(29184K), 0.0437124 secs] 23600K->23531K(32704K), [Perm : 1380K->1380K(8192K)], 0.0440552 secs]
17.886: [Full GC 17.886: [Tenured: 23531K->11812K(29184K), 0.1191019 secs] 23669K->11812K(32704K), [Perm : 1380K->1380K(8192K)], 0.1194338 secs]
18.085: [Full GC 18.085: [Tenured: 23531K->23531K(29184K), 0.0427135 secs] 23600K->23531K(32704K), [Perm : 1380K->1380K(8192K)], 0.0430750 secs]
18.133: [Full GC 18.133: [Tenured: 23531K->11812K(29184K), 0.1187285 secs] 23669K->11812K(32704K), [Perm : 1380K->1380K(8192K)], 0.1190593 secs]
18.336: [Full GC 18.336: [Tenured: 23531K->23531K(29184K), 0.0423440 secs] 23600K->23531K(32704K), [Perm : 1380K->1380K(8192K)], 0.0427032 secs]
18.382: [Full GC 18.383: [Tenured: 23531K->11812K(29184K), 0.1184947 secs] 23669K->11812K(32704K), [Perm : 1380K->1380K(8192K)], 0.1188184 secs]
18.583: [Full GC 18.583: [Tenured: 23531K->23531K(29184K), 0.0419389 secs] 23600K->23531K(32704K), [Perm : 1380K->1380K(8192K)], 0.0422947 secs]
18.629: [Full GC 18.631: [Tenured: 23531K->11812K(29184K), 0.1196218 secs] 23669K->11812K(32704K), [Perm : 1380K->1380K(8192K)], 0.1200170 secs]
18.833: [Full GC 18.834: [Tenured: 23531K->23531K(29184K), 0.0431244 secs] 23600K->23531K(32704K), [Perm : 1380K->1380K(8192K)], 0.0434855 secs]
18.881: [Full GC 18.881: [Tenured: 23531K->11812K(29184K), 0.1191887 secs] 23669K->11812K(32704K), [Perm : 1380K->1380K(8192K)], 0.1195077 secs]
19.081: [Full GC 19.081: [Tenured: 23531K->23531K(29184K), 0.0417810 secs] 23600K->23531K(32704K), [Perm : 1380K->1380K(8192K)], 0.0421375 secs]
19.126: [Full GC 19.127: [Tenured: 23531K->11812K(29184K), 0.1197368 secs] 23669K->11812K(32704K), [Perm : 1380K->1380K(8192K)], 0.1200631 secs]
19.330: [Full GC 19.330: [Tenured: 23531K->23531K(29184K), 0.0423067 secs] 23600K->23531K(32704K), [Perm : 1380K->1380K(8192K)], 0.0426632 secs]
19.376: [Full GC 19.376: [Tenured: 23531K->11812K(29184K), 0.1196274 secs] 23669K->11812K(32704K), [Perm : 1380K->1380K(8192K)], 0.1199534 secs]
19.577: [Full GC 19.577: [Tenured: 23531K->23531K(29184K), 0.0429332 secs] 23600K->23531K(32704K), [Perm : 1380K->1380K(8192K)], 0.0432846 secs]
19.624: [Full GC 19.624: [Tenured: 23531K->11812K(29184K), 0.1198901 secs] 23669K->11812K(32704K), [Perm : 1380K->1380K(8192K)], 0.1202134 secs]
19.831: [Full GC 19.831: [Tenured: 23531K->23531K(29184K), 0.0425727 secs] 23600K->23531K(32704K), [Perm : 1380K->1380K(8192K)], 0.0429292 secs]
19.878: [Full GC 19.878: [Tenured: 23531K->11812K(29184K), 0.1185765 secs] 23669K->11812K(32704K), [Perm : 1380K->1380K(8192K)], 0.1189045 secs]
20.077: [Full GC 20.077: [Tenured: 23531K->23531K(29184K), 0.0429782 secs] 23600K->23531K(32704K), [Perm : 1380K->1380K(8192K)], 0.0433302 secs]
20.124: [Full GC 20.124: [Tenured: 23531K->11812K(29184K), 0.1202520 secs] 23669K->11812K(32704K), [Perm : 1380K->1380K(8192K)], 0.1205728 secs]
20.327: [Full GC 20.327: [Tenured: 23531K->23531K(29184K), 0.0446364 secs] 23600K->23531K(32704K), [Perm : 1380K->1380K(8192K)], 0.0449882 secs]
20.375: [Full GC 20.375: [Tenured: 23531K->11812K(29184K), 0.1199172 secs] 23669K->11812K(32704K), [Perm : 1380K->1380K(8192K)], 0.1202387 secs]
20.577: [Full GC 20.577: [Tenured: 23531K->23531K(29184K), 0.0430815 secs] 23600K->23531K(32704K), [Perm : 1380K->1380K(8192K)], 0.0434212 secs]
20.624: [Full GC 20.624: [Tenured: 23531K->11812K(29184K), 0.1197757 secs] 23669K->11812K(32704K), [Perm : 1380K->1380K(8192K)], 0.1201006 secs]
20.827: [Full GC 20.827: [Tenured: 23531K->23531K(29184K), 0.0431909 secs] 23600K->23531K(32704K), [Perm : 1380K->1380K(8192K)], 0.0435322 secs]
20.876: [Full GC 20.876: [Tenured: 23531K->11812K(29184K), 0.1199357 secs] 23669K->11812K(32704K), [Perm : 1380K->1380K(8192K)], 0.1202580 secs]
21.079: [Full GC 21.079: [Tenured: 23531K->23531K(29184K), 0.0422577 secs] 23600K->23531K(32704K), [Perm : 1380K->1380K(8192K)], 0.0425996 secs]
21.125: [Full GC 21.125: [Tenured: 23531K->11812K(29184K), 0.1199467 secs] 23669K->11812K(32704K), [Perm : 1380K->1380K(8192K)], 0.1202700 secs]
21.327: [Full GC 21.327: [Tenured: 23531K->23531K(29184K), 0.0431957 secs] 23600K->23531K(32704K), [Perm : 1380K->1380K(8192K)], 0.0435437 secs]
21.374: [Full GC 21.374: [Tenured: 23531K->11812K(29184K), 0.1198575 secs] 23669K->11812K(32704K), [Perm : 1380K->1380K(8192K)], 0.1203140 secs]
21.576: [Full GC 21.576: [Tenured: 23531K->23531K(29184K), 0.0420753 secs] 23600K->23531K(32704K), [Perm : 1380K->1380K(8192K)], 0.0424419 secs]
21.623: [Full GC 21.624: [Tenured: 23531K->11812K(29184K), 0.1184927 secs] 23669K->11812K(32704K), [Perm : 1380K->1380K(8192K)], 0.1188173 secs]
21.826: [Full GC 21.826: [Tenured: 23531K->23531K(29184K), 0.0427461 secs] 23600K->23531K(32704K), [Perm : 1380K->1380K(8192K)], 0.0431067 secs]
21.873: [Full GC 21.873: [Tenured: 23531K->11812K(29184K), 0.1215746 secs] 23669K->11812K(32704K), [Perm : 1380K->1380K(8192K)], 0.1219003 secs]
22.076: [Full GC 22.077: [Tenured: 23531K->23531K(29184K), 0.0431518 secs] 23600K->23531K(32704K), [Perm : 1380K->1380K(8192K)], 0.0434899 secs]
22.123: [Full GC 22.124: [Tenured: 23531K->11812K(29184K), 0.1195068 secs] 23669K->11812K(32704K), [Perm : 1380K->1380K(8192K)], 0.1198379 secs]
22.324: [Full GC 22.325: [Tenured: 23531K->23531K(29184K), 0.1035551 secs] 23600K->23531K(32704K), [Perm : 1380K->1380K(8192K)], 0.1039157 secs]
22.432: [Full GC 22.432: [Tenured: 23531K->11812K(29184K), 0.1193634 secs] 23669K->11812K(32704K), [Perm : 1380K->1380K(8192K)], 0.1196869 secs]
22.634: [Full GC 22.635: [Tenured: 23531K->23531K(29184K), 0.0406651 secs] 23600K->23531K(32704K), [Perm : 1380K->1380K(8192K)], 0.0410259 secs]
22.679: [Full GC 22.679: [Tenured: 23531K->11812K(29184K), 0.1208752 secs] 23669K->11812K(32704K), [Perm : 1380K->1380K(8192K)], 0.1211944 secs]
22.881: [Full GC 22.881: [Tenured: 23531K->23531K(29184K), 0.0433542 secs] 23600K->23531K(32704K), [Perm : 1380K->1380K(8192K)], 0.0437128 secs]
22.928: [Full GC 22.928: [Tenured: 23531K->11812K(29184K), 0.1193351 secs] 23669K->11812K(32704K), [Perm : 1380K->1380K(8192K)], 0.1196575 secs]
23.129: [Full GC 23.130: [Tenured: 23531K->23531K(29184K), 0.0433143 secs] 23600K->23531K(32704K), [Perm : 1380K->1380K(8192K)], 0.0436850 secs]
23.177: [Full GC 23.177: [Tenured: 23531K->11812K(29184K), 0.1192594 secs] 23669K->11812K(32704K), [Perm : 1380K->1380K(8192K)], 0.1195885 secs]
23.379: [Full GC 23.380: [Tenured: 23531K->23531K(29184K), 0.0459729 secs] 23600K->23531K(32704K), [Perm : 1380K->1380K(8192K)], 0.0468931 secs]
23.431: [Full GC 23.431: [Tenured: 23531K->11812K(29184K), 0.1205582 secs] 23669K->11812K(32704K), [Perm : 1380K->1380K(8192K)], 0.1208903 secs]
23.633: [Full GC 23.634: [Tenured: 23531K->23531K(29184K), 0.0421537 secs] 23600K->23531K(32704K), [Perm : 1380K->1380K(8192K)], 0.0425160 secs]
23.680: [Full GC 23.680: [Tenured: 23531K->11812K(29184K), 0.1209358 secs] 23669K->11812K(32704K), [Perm : 1380K->1380K(8192K)], 0.1212693 secs]
23.884: [Full GC 23.884: [Tenured: 23531K->23531K(29184K), 0.0441583 secs] 23600K->23531K(32704K), [Perm : 1380K->1380K(8192K)], 0.0445072 secs]
23.932: [Full GC 23.932: [Tenured: 23531K->11812K(29184K), 0.1215397 secs] 23669K->11812K(32704K), [Perm : 1380K->1380K(8192K)], 0.1218568 secs]
24.138: [Full GC 24.138: [Tenured: 23531K->23531K(29184K), 0.0434093 secs] 23600K->23531K(32704K), [Perm : 1380K->1380K(8192K)], 0.0437685 secs]
24.185: [Full GC 24.185: [Tenured: 23531K->11812K(29184K), 0.1195639 secs] 23669K->11812K(32704K), [Perm : 1380K->1380K(8192K)], 0.1198919 secs]
24.392: [Full GC 24.393: [Tenured: 23531K->23531K(29184K), 0.0430090 secs] 23600K->23531K(32704K), [Perm : 1380K->1380K(8192K)], 0.0433969 secs]
24.440: [Full GC 24.440: [Tenured: 23531K->11812K(29184K), 0.1203560 secs] 23669K->11812K(32704K), [Perm : 1380K->1380K(8192K)], 0.1206899 secs]
24.643: [Full GC 24.643: [Tenured: 23531K->23531K(29184K), 0.0426549 secs] 23600K->23531K(32704K), [Perm : 1380K->1380K(8192K)], 0.0430067 secs]
24.690: [Full GC 24.690: [Tenured: 23531K->11812K(29184K), 0.1188683 secs] 23669K->11812K(32704K), [Perm : 1380K->1380K(8192K)], 0.1195196 secs]
24.895: [Full GC 24.895: [Tenured: 23531K->23531K(29184K), 0.0445066 secs] 23600K->23531K(32704K), [Perm : 1380K->1380K(8192K)], 0.0448570 secs]
24.943: [Full GC 24.944: [Tenured: 23531K->11812K(29184K), 0.1221311 secs] 23669K->11812K(32704K), [Perm : 1380K->1380K(8192K)], 0.1224539 secs]
25.148: [Full GC 25.148: [Tenured: 23531K->23531K(29184K), 0.0456762 secs] 23600K->23531K(32704K), [Perm : 1380K->1380K(8192K)], 0.0460324 secs]
25.197: [Full GC 25.197: [Tenured: 23531K->11812K(29184K), 0.1218527 secs] 23669K->11812K(32704K), [Perm : 1380K->1380K(8192K)], 0.1228161 secs]
25.403: [Full GC 25.403: [Tenured: 23531K->23531K(29184K), 0.0425738 secs] 23600K->23531K(32704K), [Perm : 1380K->1380K(8192K)], 0.0429373 secs]
25.450: [Full GC 25.450: [Tenured: 23531K->11812K(29184K), 0.1187524 secs] 23669K->11812K(32704K), [Perm : 1380K->1380K(8192K)], 0.1190857 secs]
25.652: [Full GC 25.653: [Tenured: 23531K->23531K(29184K), 0.0439824 secs] 23600K->23531K(32704K), [Perm : 1380K->1380K(8192K)], 0.0443434 secs]
25.701: [Full GC 25.701: [Tenured: 23531K->11812K(29184K), 0.1205514 secs] 23669K->11812K(32704K), [Perm : 1380K->1380K(8192K)], 0.1208781 secs]
25.905: [Full GC 25.906: [Tenured: 23531K->23531K(29184K), 0.0420515 secs] 23600K->23531K(32704K), [Perm : 1380K->1380K(8192K)], 0.0424100 secs]
25.952: [Full GC 25.952: [Tenured: 23531K->11812K(29184K), 0.1205879 secs] 23669K->11812K(32704K), [Perm : 1380K->1380K(8192K)], 0.1209145 secs]
26.155: [Full GC 26.155: [Tenured: 23531K->23531K(29184K), 0.0425001 secs] 23600K->23531K(32704K), [Perm : 1380K->1380K(8192K)], 0.0428632 secs]
26.202: [Full GC 26.202: [Tenured: 23531K->11812K(29184K), 0.1214101 secs] 23669K->11812K(32704K), [Perm : 1380K->1380K(8192K)], 0.1217361 secs]
26.412: [Full GC 26.413: [Tenured: 23531K->23531K(29184K), 0.0436174 secs] 23600K->23531K(32704K), [Perm : 1380K->1380K(8192K)], 0.0440073 secs]
26.462: [Full GC 26.462: [Tenured: 23531K->11812K(29184K), 0.1200455 secs] 23669K->11812K(32704K), [Perm : 1380K->1380K(8192K)], 0.1203690 secs]
26.664: [Full GC 26.664: [Tenured: 23531K->23531K(29184K), 0.0431613 secs] 23600K->23531K(32704K), [Perm : 1380K->1380K(8192K)], 0.0435205 secs]
26.711: [Full GC 26.712: [Tenured: 23531K->11812K(29184K), 0.1194200 secs] 23669K->11812K(32704K), [Perm : 1380K->1380K(8192K)], 0.1197505 secs]
26.916: [Full GC 26.916: [Tenured: 23531K->23531K(29184K), 0.0417452 secs] 23600K->23531K(32704K), [Perm : 1380K->1380K(8192K)], 0.0421078 secs]
26.963: [Full GC 26.963: [Tenured: 23531K->11812K(29184K), 0.1192657 secs] 23669K->11812K(32704K), [Perm : 1380K->1380K(8192K)], 0.1195953 secs]
27.169: [Full GC 27.170: [Tenured: 23531K->23531K(29184K), 0.0424006 secs] 23600K->23531K(32704K), [Perm : 1380K->1380K(8192K)], 0.0428063 secs]
27.216: [Full GC 27.217: [Tenured: 23531K->11812K(29184K), 0.1212549 secs] 23669K->11812K(32704K), [Perm : 1380K->1380K(8192K)], 0.1215905 secs]
27.424: [Full GC 27.424: [Tenured: 23531K->23531K(29184K), 0.0419553 secs] 23600K->23531K(32704K), [Perm : 1380K->1380K(8192K)], 0.0423172 secs]
27.470: [Full GC 27.470: [Tenured: 23531K->11812K(29184K), 0.1200064 secs] 23669K->11812K(32704K), [Perm : 1380K->1380K(8192K)], 0.1203329 secs]
27.672: [Full GC 27.672: [Tenured: 23531K->23531K(29184K), 0.0409760 secs] 23600K->23531K(32704K), [Perm : 1380K->1380K(8192K)], 0.0413235 secs]
27.717: [Full GC 27.717: [Tenured: 23531K->11812K(29184K), 0.1207094 secs] 23669K->11812K(32704K), [Perm : 1380K->1380K(8192K)], 0.1210397 secs]
27.921: [Full GC 27.921: [Tenured: 23531K->23531K(29184K), 0.0415934 secs] 23600K->23531K(32704K), [Perm : 1380K->1380K(8192K)], 0.0419503 secs]
27.970: [Full GC 27.970: [Tenured: 23531K->11812K(29184K), 0.1217148 secs] 23669K->11812K(32704K), [Perm : 1380K->1380K(8192K)], 0.1220472 secs]
28.176: [Full GC 28.177: [Tenured: 23531K->23531K(29184K), 0.0452061 secs] 23600K->23531K(32704K), [Perm : 1380K->1380K(8192K)], 0.0455479 secs]
28.225: [Full GC 28.226: [Tenured: 23531K->11812K(29184K), 0.1215251 secs] 23669K->11812K(32704K), [Perm : 1380K->1380K(8192K)], 0.1218576 secs]
28.436: [Full GC 28.436: [Tenured: 23531K->23531K(29184K), 0.0413498 secs] 23600K->23531K(32704K), [Perm : 1380K->1380K(8192K)], 0.0416989 secs]
28.481: [Full GC 28.482: [Tenured: 23531K->11812K(29184K), 0.1239620 secs] 23669K->11812K(32704K), [Perm : 1380K->1380K(8192K)], 0.1243473 secs]
28.691: [Full GC 28.691: [Tenured: 23531K->23531K(29184K), 0.0415179 secs] 23600K->23531K(32704K), [Perm : 1380K->1380K(8192K)], 0.0418692 secs]
28.736: [Full GC 28.736: [Tenured: 23531K->11812K(29184K), 0.4485983 secs] 23669K->11812K(32704K), [Perm : 1380K->1380K(8192K)], 0.4489295 secs]
29.265: [Full GC 29.266: [Tenured: 23531K->23531K(29184K), 0.0418337 secs] 23600K->23531K(32704K), [Perm : 1380K->1380K(8192K)], 0.0421928 secs]
29.313: [Full GC 29.313: [Tenured: 23531K->11812K(29184K), 0.2932067 secs] 23669K->11812K(32704K), [Perm : 1380K->1380K(8192K)], 0.2935376 secs]
29.693: [Full GC 29.693: [Tenured: 23531K->23531K(29184K), 0.0827861 secs] 23600K->23531K(32704K), [Perm : 1380K->1380K(8192K)], 0.0831541 secs]
29.782: [Full GC 29.782: [Tenured: 23531K->11812K(29184K), 0.1639024 secs] 23669K->11812K(32704K), [Perm : 1380K->1380K(8192K)], 0.1642340 secs]
30.034: [Full GC 30.034: [Tenured: 23531K->23531K(29184K), 0.1430305 secs] 23600K->23531K(32704K), [Perm : 1380K->1380K(8192K)], 0.1433806 secs]
30.181: [Full GC 30.181: [Tenured: 23531K->11812K(29184K), 0.2410377 secs] 23669K->11812K(32704K), [Perm : 1380K->1380K(8192K)], 0.2413694 secs]
30.505: [Full GC 30.505: [Tenured: 23531K->23531K(29184K), 0.0416262 secs] 23600K->23531K(32704K), [Perm : 1380K->1380K(8192K)], 0.0419894 secs]
30.552: [Full GC 30.552: [Tenured: 23531K->11812K(29184K), 0.1776068 secs] 23669K->11812K(32704K), [Perm : 1380K->1380K(8192K)], 0.1779527 secs]
30.813: [Full GC 30.813: [Tenured: 23531K->23531K(29184K), 0.1185340 secs] 23600K->23531K(32704K), [Perm : 1380K->1380K(8192K)], 0.1188820 secs]
30.935: [Full GC 30.935: [Tenured: 23531K->11812K(29184K), 0.1213205 secs] 23669K->11812K(32704K), [Perm : 1380K->1380K(8192K)], 0.1216440 secs]
31.139: [Full GC 31.139: [Tenured: 23531K->23531K(29184K), 0.0428459 secs] 23600K->23531K(32704K), [Perm : 1380K->1380K(8192K)], 0.0444587 secs]
31.187: [Full GC 31.187: [Tenured: 23531K->11812K(29184K), 0.1229171 secs] 23669K->11812K(32704K), [Perm : 1380K->1380K(8192K)], 0.1232387 secs]
31.395: [Full GC 31.395: [Tenured: 23531K->23531K(29184K), 0.0438977 secs] 23600K->23531K(32704K), [Perm : 1380K->1380K(8192K)], 0.0446818 secs]
31.443: [Full GC 31.443: [Tenured: 23531K->11812K(29184K), 0.1200940 secs] 23669K->11812K(32704K), [Perm : 1380K->1380K(8192K)], 0.1204119 secs]
31.648: [Full GC 31.648: [Tenured: 23531K->23531K(29184K), 0.0449354 secs] 23600K->23531K(32704K), [Perm : 1380K->1380K(8192K)], 0.0452944 secs]
31.697: [Full GC 31.697: [Tenured: 23531K->11812K(29184K), 0.1204652 secs] 23669K->11812K(32704K), [Perm : 1380K->1380K(8192K)], 0.1207939 secs]
31.900: [Full GC 31.900: [Tenured: 23531K->23531K(29184K), 0.0417025 secs] 23600K->23531K(32704K), [Perm : 1380K->1380K(8192K)], 0.0420494 secs]
31.946: [Full GC 31.946: [Tenured: 23531K->11812K(29184K), 0.1211983 secs] 23669K->11812K(32704K), [Perm : 1380K->1380K(8192K)], 0.1215236 secs]
32.150: [Full GC 32.151: [Tenured: 23531K->23531K(29184K), 0.0413838 secs] 23600K->23531K(32704K), [Perm : 1380K->1380K(8192K)], 0.0417436 secs]
32.196: [Full GC 32.196: [Tenured: 23531K->11812K(29184K), 0.1207321 secs] 23669K->11812K(32704K), [Perm : 1380K->1380K(8192K)], 0.1210556 secs]
32.398: [Full GC 32.398: [Tenured: 23531K->23531K(29184K), 0.0435693 secs] 23600K->23531K(32704K), [Perm : 1380K->1380K(8192K)], 0.0439303 secs]
32.446: [Full GC 32.446: [Tenured: 23531K->11812K(29184K), 0.1217898 secs] 23669K->11812K(32704K), [Perm : 1380K->1380K(8192K)], 0.1221160 secs]
32.651: [Full GC 32.651: [Tenured: 23531K->23531K(29184K), 0.0429834 secs] 23600K->23531K(32704K), [Perm : 1380K->1380K(8192K)], 0.0433363 secs]
32.701: [Full GC 32.701: [Tenured: 23531K->11812K(29184K), 0.1178905 secs] 23669K->11812K(32704K), [Perm : 1380K->1380K(8192K)], 0.1182249 secs]
32.902: [Full GC 32.903: [Tenured: 23531K->23531K(29184K), 0.0436459 secs] 23600K->23531K(32704K), [Perm : 1380K->1380K(8192K)], 0.0440044 secs]
32.950: [Full GC 32.950: [Tenured: 23531K->11812K(29184K), 0.2518854 secs] 23669K->11812K(32704K), [Perm : 1380K->1380K(8192K)], 0.2522113 secs]
33.283: [Full GC 33.283: [Tenured: 23531K->23531K(29184K), 0.0428769 secs] 23600K->23531K(32704K), [Perm : 1380K->1380K(8192K)], 0.0432413 secs]
33.330: [Full GC 33.330: [Tenured: 23531K->11812K(29184K), 0.1286442 secs] 23669K->11812K(32704K), [Perm : 1380K->1380K(8192K)], 0.1307568 secs]
33.543: [Full GC 33.543: [Tenured: 23531K->23531K(29184K), 0.0417300 secs] 23600K->23531K(32704K), [Perm : 1380K->1380K(8192K)], 0.0420854 secs]
33.589: [Full GC 33.589: [Tenured: 23531K->11812K(29184K), 0.1218010 secs] 23669K->11812K(32704K), [Perm : 1380K->1380K(8192K)], 0.1221243 secs]
33.818: [Full GC 33.818: [Tenured: 23531K->23531K(29184K), 0.0780143 secs] 23600K->23531K(32704K), [Perm : 1380K->1380K(8192K)], 0.0783704 secs]
33.901: [Full GC 33.902: [Tenured: 23531K->11812K(29184K), 0.1365973 secs] 23669K->11812K(32704K), [Perm : 1380K->1380K(8192K)], 0.1369266 secs]
34.121: [Full GC 34.121: [Tenured: 23531K->23531K(29184K), 0.0425340 secs] 23600K->23531K(32704K), [Perm : 1380K->1380K(8192K)], 0.0428823 secs]
34.167: [Full GC 34.167: [Tenured: 23531K->11812K(29184K), 0.1361545 secs] 23669K->11812K(32704K), [Perm : 1380K->1380K(8192K)], 0.1364895 secs]
34.385: [Full GC 34.386: [Tenured: 23531K->23531K(29184K), 0.0429559 secs] 23600K->23531K(32704K), [Perm : 1380K->1380K(8192K)], 0.0433161 secs]
34.432: [Full GC 34.433: [Tenured: 23531K->11812K(29184K), 0.1296431 secs] 23669K->11812K(32704K), [Perm : 1380K->1380K(8192K)], 0.1299651 secs]
34.644: [Full GC 34.644: [Tenured: 23531K->23531K(29184K), 0.0440730 secs] 23600K->23531K(32704K), [Perm : 1380K->1380K(8192K)], 0.0444237 secs]
34.692: [Full GC 34.692: [Tenured: 23531K->11812K(29184K), 0.1737224 secs] 23669K->11812K(32704K), [Perm : 1380K->1380K(8192K)], 0.1740510 secs]
34.949: [Full GC 34.950: [Tenured: 23531K->23531K(29184K), 0.0723708 secs] 23600K->23531K(32704K), [Perm : 1380K->1380K(8192K)], 0.0727642 secs]
35.026: [Full GC 35.026: [Tenured: 23531K->11812K(29184K), 0.1444012 secs] 23669K->11812K(32704K), [Perm : 1380K->1380K(8192K)], 0.1447243 secs]
35.252: [Full GC 35.252: [Tenured: 23531K->23531K(29184K), 0.0431233 secs] 23600K->23531K(32704K), [Perm : 1380K->1380K(8192K)], 0.0434807 secs]
35.298: [Full GC 35.299: [Tenured: 23531K->11812K(29184K), 0.1367617 secs] 23669K->11812K(32704K), [Perm : 1380K->1380K(8192K)], 0.1370987 secs]
35.518: [Full GC 35.519: [Tenured: 23531K->23531K(29184K), 0.0428978 secs] 23600K->23531K(32704K), [Perm : 1380K->1380K(8192K)], 0.0432516 secs]
35.565: [Full GC 35.565: [Tenured: 23531K->11812K(29184K), 0.1227406 secs] 23669K->11812K(32704K), [Perm : 1380K->1380K(8192K)], 0.1230614 secs]
35.852: [Full GC 35.853: [Tenured: 23531K->23531K(29184K), 0.0415192 secs] 23600K->23531K(32704K), [Perm : 1380K->1380K(8192K)], 0.0418839 secs]
35.898: [Full GC 35.898: [Tenured: 23531K->11812K(29184K), 0.1294353 secs] 23669K->11812K(32704K), [Perm : 1380K->1380K(8192K)], 0.1301553 secs]
36.159: [Full GC 36.159: [Tenured: 23531K->23531K(29184K), 0.0412408 secs] 23600K->23531K(32704K), [Perm : 1380K->1380K(8192K)], 0.0415785 secs]
36.204: [Full GC 36.204: [Tenured: 23531K->11812K(29184K), 0.1378037 secs] 23669K->11812K(32704K), [Perm : 1380K->1380K(8192K)], 0.1381320 secs]
36.426: [Full GC 36.426: [Tenured: 23531K->23531K(29184K), 0.0419285 secs] 23600K->23531K(32704K), [Perm : 1380K->1380K(8192K)], 0.0422941 secs]
36.474: [Full GC 36.474: [Tenured: 23531K->11812K(29184K), 0.1564469 secs] 23669K->11812K(32704K), [Perm : 1380K->1380K(8192K)], 0.1567621 secs]
36.724: [Full GC 36.724: [Tenured: 23531K->23531K(29184K), 0.0558983 secs] 23600K->23531K(32704K), [Perm : 1380K->1380K(8192K)], 0.0562369 secs]
36.783: [Full GC 36.784: [Tenured: 23531K->11812K(29184K), 0.4385703 secs] 23669K->11812K(32704K), [Perm : 1380K->1380K(8192K)], 0.4388978 secs]
37.305: [Full GC 37.305: [Tenured: 23531K->23531K(29184K), 0.0418722 secs] 23600K->23531K(32704K), [Perm : 1380K->1380K(8192K)], 0.0422345 secs]
37.352: [Full GC 37.352: [Tenured: 23531K->11812K(29184K), 0.2703086 secs] 23669K->11812K(32704K), [Perm : 1380K->1380K(8192K)], 0.2706409 secs]
37.705: [Full GC 37.705: [Tenured: 23531K->23531K(29184K), 0.0418987 secs] 23600K->23531K(32704K), [Perm : 1380K->1380K(8192K)], 0.0422563 secs]
37.751: [Full GC 37.752: [Tenured: 23531K->11812K(29184K), 0.1200795 secs] 23669K->11812K(32704K), [Perm : 1380K->1380K(8192K)], 0.1204050 secs]
37.954: [Full GC 37.955: [Tenured: 23531K->23531K(29184K), 0.0415340 secs] 23600K->23531K(32704K), [Perm : 1380K->1380K(8192K)], 0.0418895 secs]
38.002: [Full GC 38.002: [Tenured: 23531K->11812K(29184K), 0.1195465 secs] 23669K->11812K(32704K), [Perm : 1380K->1380K(8192K)], 0.1198746 secs]
38.203: [Full GC 38.203: [Tenured: 23531K->23531K(29184K), 0.0433486 secs] 23600K->23531K(32704K), [Perm : 1380K->1380K(8192K)], 0.0437056 secs]
38.250: [Full GC 38.250: [Tenured: 23531K->11812K(29184K), 0.1206674 secs] 23669K->11812K(32704K), [Perm : 1380K->1380K(8192K)], 0.1210057 secs]
38.454: [Full GC 38.454: [Tenured: 23531K->23531K(29184K), 0.0412352 secs] 23600K->23531K(32704K), [Perm : 1380K->1380K(8192K)], 0.0415907 secs]
38.499: [Full GC 38.499: [Tenured: 23531K->11812K(29184K), 0.1214586 secs] 23669K->11812K(32704K), [Perm : 1380K->1380K(8192K)], 0.1217831 secs]
38.702: [Full GC 38.702: [Tenured: 23531K->23531K(29184K), 0.0422846 secs] 23600K->23531K(32704K), [Perm : 1380K->1380K(8192K)], 0.0426409 secs]
38.748: [Full GC 38.748: [Tenured: 23531K->11812K(29184K), 0.1182927 secs] 23669K->11812K(32704K), [Perm : 1380K->1380K(8192K)], 0.1186120 secs]
38.952: [Full GC 38.952: [Tenured: 23531K->23531K(29184K), 0.0430060 secs] 23600K->23531K(32704K), [Perm : 1380K->1380K(8192K)], 0.0433695 secs]
38.998: [Full GC 38.999: [Tenured: 23531K->11812K(29184K), 0.1203219 secs] 23669K->11812K(32704K), [Perm : 1380K->1380K(8192K)], 0.1206458 secs]
39.200: [Full GC 39.201: [Tenured: 23531K->23531K(29184K), 0.0427331 secs] 23600K->23531K(32704K), [Perm : 1380K->1380K(8192K)], 0.0430914 secs]
39.247: [Full GC 39.247: [Tenured: 23531K->11812K(29184K), 0.1203412 secs] 23669K->11812K(32704K), [Perm : 1380K->1380K(8192K)], 0.1206764 secs]
39.451: [Full GC 39.451: [Tenured: 23531K->23531K(29184K), 0.0431556 secs] 23600K->23531K(32704K), [Perm : 1380K->1380K(8192K)], 0.0435100 secs]
39.498: [Full GC 39.498: [Tenured: 23531K->11812K(29184K), 0.1204409 secs] 23669K->11812K(32704K), [Perm : 1380K->1380K(8192K)], 0.1207640 secs]
39.702: [Full GC 39.702: [Tenured: 23531K->23531K(29184K), 0.0417870 secs] 23600K->23531K(32704K), [Perm : 1380K->1380K(8192K)], 0.0421445 secs]
39.748: [Full GC 39.748: [Tenured: 23531K->11812K(29184K), 0.1175266 secs] 23669K->11812K(32704K), [Perm : 1380K->1380K(8192K)], 0.1178535 secs]
39.950: [Full GC 39.951: [Tenured: 23531K->23531K(29184K), 0.0431372 secs] 23600K->23531K(32704K), [Perm : 1380K->1380K(8192K)], 0.0434962 secs]
39.997: [Full GC 39.998: [Tenured: 23531K->11812K(29184K), 0.1190763 secs] 23669K->11812K(32704K), [Perm : 1380K->1380K(8192K)], 0.1194055 secs]
40.198: [Full GC 40.198: [Tenured: 23531K->23531K(29184K), 0.0426782 secs] 23600K->23531K(32704K), [Perm : 1380K->1380K(8192K)], 0.0430334 secs]
40.245: [Full GC 40.245: [Tenured: 23531K->11812K(29184K), 0.1226215 secs] 23669K->11812K(32704K), [Perm : 1380K->1380K(8192K)], 0.1229463 secs]
40.448: [Full GC 40.448: [Tenured: 23531K->23531K(29184K), 0.0436967 secs] 23600K->23531K(32704K), [Perm : 1380K->1380K(8192K)], 0.0440536 secs]
40.495: [Full GC 40.496: [Tenured: 23531K->11812K(29184K), 0.1209770 secs] 23669K->11812K(32704K), [Perm : 1380K->1380K(8192K)], 0.1213000 secs]
40.699: [Full GC 40.699: [Tenured: 23531K->23531K(29184K), 0.0405529 secs] 23600K->23531K(32704K), [Perm : 1380K->1380K(8192K)], 0.0417893 secs]
40.745: [Full GC 40.745: [Tenured: 23531K->11812K(29184K), 0.1198919 secs] 23669K->11812K(32704K), [Perm : 1380K->1380K(8192K)], 0.1202198 secs]
40.954: [Full GC 40.954: [Tenured: 23531K->23531K(29184K), 0.0423001 secs] 23600K->23531K(32704K), [Perm : 1380K->1380K(8192K)], 0.0426583 secs]
41.000: [Full GC 41.000: [Tenured: 23531K->11812K(29184K), 0.1198573 secs] 23669K->11812K(32704K), [Perm : 1380K->1380K(8192K)], 0.1201819 secs]
41.203: [Full GC 41.204: [Tenured: 23531K->23531K(29184K), 0.0419807 secs] 23600K->23531K(32704K), [Perm : 1380K->1380K(8192K)], 0.0423390 secs]
41.250: [Full GC 41.250: [Tenured: 23531K->11812K(29184K), 0.1216903 secs] 23669K->11812K(32704K), [Perm : 1380K->1380K(8192K)], 0.1220270 secs]
41.453: [Full GC 41.453: [Tenured: 23531K->23531K(29184K), 0.0425944 secs] 23600K->23531K(32704K), [Perm : 1380K->1380K(8192K)], 0.0429580 secs]
41.500: [Full GC 41.501: [Tenured: 23531K->11812K(29184K), 0.1176614 secs] 23669K->11812K(32704K), [Perm : 1380K->1380K(8192K)], 0.1179874 secs]
41.703: [Full GC 41.703: [Tenured: 23531K->23531K(29184K), 0.0433181 secs] 23600K->23531K(32704K), [Perm : 1380K->1380K(8192K)], 0.0436721 secs]
41.751: [Full GC 41.751: [Tenured: 23531K->11812K(29184K), 0.1181008 secs] 23669K->11812K(32704K), [Perm : 1380K->1380K(8192K)], 0.1184338 secs]
41.951: [Full GC 41.951: [Tenured: 23531K->23531K(29184K), 0.0426672 secs] 23600K->23531K(32704K), [Perm : 1380K->1380K(8192K)], 0.0430233 secs]
41.997: [Full GC 41.997: [Tenured: 23531K->11812K(29184K), 0.1200300 secs] 23669K->11812K(32704K), [Perm : 1380K->1380K(8192K)], 0.1203531 secs]
42.202: [Full GC 42.203: [Tenured: 23531K->23531K(29184K), 0.0418760 secs] 23600K->23531K(32704K), [Perm : 1380K->1380K(8192K)], 0.0422318 secs]
42.248: [Full GC 42.248: [Tenured: 23531K->11812K(29184K), 0.1250616 secs] 23669K->11812K(32704K), [Perm : 1380K->1380K(8192K)], 0.1261842 secs]
42.456: [Full GC 42.456: [Tenured: 23531K->23531K(29184K), 0.0419185 secs] 23600K->23531K(32704K), [Perm : 1380K->1380K(8192K)], 0.0422765 secs]
42.502: [Full GC 42.502: [Tenured: 23531K->11812K(29184K), 0.1207644 secs] 23669K->11812K(32704K), [Perm : 1380K->1380K(8192K)], 0.1210925 secs]
42.706: [Full GC 42.707: [Tenured: 23531K->23531K(29184K), 0.0421566 secs] 23600K->23531K(32704K), [Perm : 1380K->1380K(8192K)], 0.0425210 secs]
42.753: [Full GC 42.753: [Tenured: 23531K->11812K(29184K), 0.1191624 secs] 23669K->11812K(32704K), [Perm : 1380K->1380K(8192K)], 0.1194892 secs]
42.955: [Full GC 42.955: [Tenured: 23531K->23531K(29184K), 0.0426771 secs] 23600K->23531K(32704K), [Perm : 1380K->1380K(8192K)], 0.0430424 secs]
43.002: [Full GC 43.002: [Tenured: 23531K->11812K(29184K), 0.1202717 secs] 23669K->11812K(32704K), [Perm : 1380K->1380K(8192K)], 0.1205951 secs]
43.204: [Full GC 43.204: [Tenured: 23531K->23531K(29184K), 0.0416207 secs] 23600K->23531K(32704K), [Perm : 1380K->1380K(8192K)], 0.0419789 secs]
43.250: [Full GC 43.250: [Tenured: 23531K->11812K(29184K), 0.1221064 secs] 23669K->11812K(32704K), [Perm : 1380K->1380K(8192K)], 0.1224359 secs]
43.453: [Full GC 43.454: [Tenured: 23531K->23531K(29184K), 0.0437505 secs] 23600K->23531K(32704K), [Perm : 1380K->1380K(8192K)], 0.0441496 secs]
43.502: [Full GC 43.502: [Tenured: 23531K->11812K(29184K), 0.1193297 secs] 23669K->11812K(32704K), [Perm : 1380K->1380K(8192K)], 0.1196519 secs]
43.705: [Full GC 43.705: [Tenured: 23531K->23531K(29184K), 0.0419860 secs] 23600K->23531K(32704K), [Perm : 1380K->1380K(8192K)], 0.0423525 secs]
43.751: [Full GC 43.751: [Tenured: 23531K->11812K(29184K), 0.2326080 secs] 23669K->11812K(32704K), [Perm : 1380K->1380K(8192K)], 0.2329439 secs]
44.133: [Full GC 44.133: [Tenured: 23531K->23531K(29184K), 0.0448644 secs] 23600K->23531K(32704K), [Perm : 1380K->1380K(8192K)], 0.0452246 secs]
44.182: [Full GC 44.183: [Tenured: 23531K->11812K(29184K), 0.1188337 secs] 23669K->11812K(32704K), [Perm : 1380K->1380K(8192K)], 0.1191637 secs]
44.384: [Full GC 44.384: [Tenured: 23531K->23531K(29184K), 0.0435522 secs] 23600K->23531K(32704K), [Perm : 1380K->1380K(8192K)], 0.0439116 secs]
44.431: [Full GC 44.432: [Tenured: 23531K->11812K(29184K), 0.1270224 secs] 23669K->11812K(32704K), [Perm : 1380K->1380K(8192K)], 0.1273580 secs]
44.642: [Full GC 44.642: [Tenured: 23531K->23531K(29184K), 0.0434498 secs] 23600K->23531K(32704K), [Perm : 1380K->1380K(8192K)], 0.0438018 secs]
44.692: [Full GC 44.692: [Tenured: 23531K->11812K(29184K), 0.1186189 secs] 23669K->11812K(32704K), [Perm : 1380K->1380K(8192K)], 0.1189543 secs]
44.893: [Full GC 44.894: [Tenured: 23531K->23531K(29184K), 0.0426573 secs] 23600K->23531K(32704K), [Perm : 1380K->1380K(8192K)], 0.0430146 secs]
44.944: [Full GC 44.944: [Tenured: 23531K->11812K(29184K), 0.1187313 secs] 23669K->11812K(32704K), [Perm : 1380K->1380K(8192K)], 0.1190642 secs]
45.144: [Full GC 45.144: [Tenured: 23531K->23531K(29184K), 0.0432437 secs] 23600K->23531K(32704K), [Perm : 1380K->1380K(8192K)], 0.0436066 secs]
45.193: [Full GC 45.193: [Tenured: 23531K->11812K(29184K), 0.1200379 secs] 23669K->11812K(32704K), [Perm : 1380K->1380K(8192K)], 0.1203661 secs]
45.396: [Full GC 45.396: [Tenured: 23531K->23531K(29184K), 0.0415936 secs] 23600K->23531K(32704K), [Perm : 1380K->1380K(8192K)], 0.0419564 secs]
45.442: [Full GC 45.442: [Tenured: 23531K->11812K(29184K), 0.1195220 secs] 23669K->11812K(32704K), [Perm : 1380K->1380K(8192K)], 0.1198494 secs]
45.643: [Full GC 45.643: [Tenured: 23531K->23531K(29184K), 0.0424019 secs] 23600K->23531K(32704K), [Perm : 1380K->1380K(8192K)], 0.0427643 secs]
45.690: [Full GC 45.690: [Tenured: 23531K->11812K(29184K), 0.1207172 secs] 23669K->11812K(32704K), [Perm : 1380K->1380K(8192K)], 0.1210376 secs]
45.892: [Full GC 45.892: [Tenured: 23531K->23531K(29184K), 0.0437016 secs] 23600K->23531K(32704K), [Perm : 1380K->1380K(8192K)], 0.0440602 secs]
45.941: [Full GC 45.941: [Tenured: 23531K->11812K(29184K), 0.1189824 secs] 23669K->11812K(32704K), [Perm : 1380K->1380K(8192K)], 0.1193008 secs]
46.140: [Full GC 46.141: [Tenured: 23531K->23531K(29184K), 0.0421020 secs] 23600K->23531K(32704K), [Perm : 1380K->1380K(8192K)], 0.0424547 secs]
46.187: [Full GC 46.187: [Tenured: 23531K->11812K(29184K), 0.1220088 secs] 23669K->11812K(32704K), [Perm : 1380K->1380K(8192K)], 0.1233314 secs]
46.393: [Full GC 46.393: [Tenured: 23531K->23531K(29184K), 0.0420598 secs] 23600K->23531K(32704K), [Perm : 1380K->1380K(8192K)], 0.0424132 secs]
46.439: [Full GC 46.439: [Tenured: 23531K->11812K(29184K), 0.1211809 secs] 23669K->11812K(32704K), [Perm : 1380K->1380K(8192K)], 0.1215321 secs]
46.642: [Full GC 46.643: [Tenured: 23531K->23531K(29184K), 0.0427731 secs] 23600K->23531K(32704K), [Perm : 1380K->1380K(8192K)], 0.0431318 secs]
46.689: [Full GC 46.689: [Tenured: 23531K->11812K(29184K), 0.1220273 secs] 23669K->11812K(32704K), [Perm : 1380K->1380K(8192K)], 0.1223478 secs]
46.892: [Full GC 46.892: [Tenured: 23531K->23531K(29184K), 0.0434817 secs] 23600K->23531K(32704K), [Perm : 1380K->1380K(8192K)], 0.0438379 secs]
46.940: [Full GC 46.940: [Tenured: 23531K->11812K(29184K), 0.1177169 secs] 23669K->11812K(32704K), [Perm : 1380K->1380K(8192K)], 0.1180545 secs]
47.142: [Full GC 47.142: [Tenured: 23531K->23531K(29184K), 0.0435286 secs] 23600K->23531K(32704K), [Perm : 1380K->1380K(8192K)], 0.0438816 secs]
47.189: [Full GC 47.190: [Tenured: 23531K->11812K(29184K), 0.1206503 secs] 23669K->11812K(32704K), [Perm : 1380K->1380K(8192K)], 0.1214458 secs]
47.393: [Full GC 47.393: [Tenured: 23531K->23531K(29184K), 0.0424082 secs] 23600K->23531K(32704K), [Perm : 1380K->1380K(8192K)], 0.0427672 secs]
47.439: [Full GC 47.439: [Tenured: 23531K->11812K(29184K), 0.1174641 secs] 23669K->11812K(32704K), [Perm : 1380K->1380K(8192K)], 0.1184210 secs]
47.640: [Full GC 47.640: [Tenured: 23531K->23531K(29184K), 0.0436782 secs] 23600K->23531K(32704K), [Perm : 1380K->1380K(8192K)], 0.0440379 secs]
47.687: [Full GC 47.688: [Tenured: 23531K->11812K(29184K), 0.1203151 secs] 23669K->11812K(32704K), [Perm : 1380K->1380K(8192K)], 0.1206326 secs]
47.888: [Full GC 47.889: [Tenured: 23531K->23531K(29184K), 0.0468682 secs] 23600K->23531K(32704K), [Perm : 1380K->1380K(8192K)], 0.0472265 secs]
47.939: [Full GC 47.939: [Tenured: 23531K->11812K(29184K), 0.1236203 secs] 23669K->11812K(32704K), [Perm : 1380K->1380K(8192K)], 0.1258063 secs]
48.153: [Full GC 48.154: [Tenured: 23531K->23531K(29184K), 0.0438991 secs] 23600K->23531K(32704K), [Perm : 1380K->1380K(8192K)], 0.0442560 secs]
48.209: [Full GC 48.209: [Tenured: 23531K->11812K(29184K), 0.1298920 secs] 23669K->11812K(32704K), [Perm : 1380K->1380K(8192K)], 0.1302200 secs]
48.428: [Full GC 48.428: [Tenured: 23531K->23531K(29184K), 0.0457878 secs] 23600K->23531K(32704K), [Perm : 1380K->1380K(8192K)], 0.0461435 secs]
48.477: [Full GC 48.478: [Tenured: 23531K->11812K(29184K), 0.1278179 secs] 23669K->11812K(32704K), [Perm : 1380K->1380K(8192K)], 0.1281392 secs]
48.690: [Full GC 48.690: [Tenured: 23531K->23531K(29184K), 0.0423285 secs] 23600K->23531K(32704K), [Perm : 1380K->1380K(8192K)], 0.0426872 secs]
48.736: [Full GC 48.736: [Tenured: 23531K->11812K(29184K), 0.1203425 secs] 23669K->11812K(32704K), [Perm : 1380K->1380K(8192K)], 0.1206635 secs]
48.947: [Full GC 48.947: [Tenured: 23531K->23531K(29184K), 0.0464014 secs] 23600K->23531K(32704K), [Perm : 1380K->1380K(8192K)], 0.0467453 secs]
48.997: [Full GC 48.997: [Tenured: 23531K->11812K(29184K), 0.1212340 secs] 23669K->11812K(32704K), [Perm : 1380K->1380K(8192K)], 0.1215589 secs]
49.200: [Full GC 49.200: [Tenured: 23531K->23531K(29184K), 0.0441527 secs] 23600K->23531K(32704K), [Perm : 1380K->1380K(8192K)], 0.0445122 secs]
49.248: [Full GC 49.248: [Tenured: 23531K->11812K(29184K), 0.1208880 secs] 23669K->11812K(32704K), [Perm : 1380K->1380K(8192K)], 0.1212147 secs]
49.453: [Full GC 49.454: [Tenured: 23531K->23531K(29184K), 0.0418398 secs] 23600K->23531K(32704K), [Perm : 1380K->1380K(8192K)], 0.0421921 secs]
49.499: [Full GC 49.500: [Tenured: 23531K->11812K(29184K), 0.1182860 secs] 23669K->11812K(32704K), [Perm : 1380K->1380K(8192K)], 0.1186508 secs]
49.703: [Full GC 49.703: [Tenured: 23531K->23531K(29184K), 0.0417792 secs] 23600K->23531K(32704K), [Perm : 1380K->1380K(8192K)], 0.0421429 secs]
49.749: [Full GC 49.749: [Tenured: 23531K->11812K(29184K), 0.1199350 secs] 23669K->11812K(32704K), [Perm : 1380K->1380K(8192K)], 0.1202524 secs]
49.953: [Full GC 49.953: [Tenured: 23531K->23531K(29184K), 0.0429496 secs] 23600K->23531K(32704K), [Perm : 1380K->1380K(8192K)], 0.0433021 secs]
50.001: [Full GC 50.001: [Tenured: 23531K->11812K(29184K), 0.1188746 secs] 23669K->11812K(32704K), [Perm : 1380K->1380K(8192K)], 0.1192039 secs]
50.203: [Full GC 50.203: [Tenured: 23531K->23531K(29184K), 0.0414201 secs] 23600K->23531K(32704K), [Perm : 1380K->1380K(8192K)], 0.0417787 secs]
50.248: [Full GC 50.249: [Tenured: 23531K->11812K(29184K), 0.1243469 secs] 23669K->11812K(32704K), [Perm : 1380K->1380K(8192K)], 0.1246700 secs]
50.458: [Full GC 50.458: [Tenured: 23531K->23531K(29184K), 0.0436515 secs] 23600K->23531K(32704K), [Perm : 1380K->1380K(8192K)], 0.0439865 secs]
50.505: [Full GC 50.505: [Tenured: 23531K->11812K(29184K), 0.1193259 secs] 23669K->11812K(32704K), [Perm : 1380K->1380K(8192K)], 0.1196492 secs]
50.706: [Full GC 50.706: [Tenured: 23531K->23531K(29184K), 0.0413377 secs] 23600K->23531K(32704K), [Perm : 1380K->1380K(8192K)], 0.0416945 secs]
50.754: [Full GC 50.754: [Tenured: 23531K->11812K(29184K), 0.1206310 secs] 23739K->11812K(32704K), [Perm : 1380K->1380K(8192K)], 0.1209619 secs]
50.954: [Full GC 50.954: [Tenured: 23531K->23531K(29184K), 0.0430809 secs] 23600K->23531K(32704K), [Perm : 1380K->1380K(8192K)], 0.0434360 secs]
51.001: [Full GC 51.002: [Tenured: 23531K->11812K(29184K), 0.1205815 secs] 23669K->11812K(32704K), [Perm : 1380K->1380K(8192K)], 0.1209332 secs]
51.205: [Full GC 51.205: [Tenured: 23531K->23531K(29184K), 0.0410553 secs] 23600K->23531K(32704K), [Perm : 1380K->1380K(8192K)], 0.0414228 secs]
51.250: [Full GC 51.250: [Tenured: 23531K->11812K(29184K), 0.1230823 secs] 23669K->11812K(32704K), [Perm : 1380K->1380K(8192K)], 0.1234164 secs]
51.454: [Full GC 51.455: [Tenured: 23531K->23531K(29184K), 0.0416389 secs] 23600K->23531K(32704K), [Perm : 1380K->1380K(8192K)], 0.0420022 secs]
51.500: [Full GC 51.500: [Tenured: 23531K->11812K(29184K), 0.1211947 secs] 23669K->11812K(32704K), [Perm : 1380K->1380K(8192K)], 0.1215198 secs]
51.703: [Full GC 51.704: [Tenured: 23531K->23531K(29184K), 0.0428184 secs] 23600K->23531K(32704K), [Perm : 1380K->1380K(8192K)], 0.0431757 secs]
51.750: [Full GC 51.751: [Tenured: 23531K->11812K(29184K), 0.1184836 secs] 23669K->11812K(32704K), [Perm : 1380K->1380K(8192K)], 0.1192291 secs]
51.952: [Full GC 51.952: [Tenured: 23531K->23531K(29184K), 0.0420845 secs] 23600K->23531K(32704K), [Perm : 1380K->1380K(8192K)], 0.0424525 secs]
51.998: [Full GC 51.998: [Tenured: 23531K->11812K(29184K), 0.1202607 secs] 23669K->11812K(32704K), [Perm : 1380K->1380K(8192K)], 0.1205771 secs]
52.201: [Full GC 52.201: [Tenured: 23531K->23531K(29184K), 0.0414440 secs] 23600K->23531K(32704K), [Perm : 1380K->1380K(8192K)], 0.0417974 secs]
52.246: [Full GC 52.246: [Tenured: 23531K->11812K(29184K), 0.1467657 secs] 23669K->11812K(32704K), [Perm : 1380K->1380K(8192K)], 0.1471095 secs]
52.513: [Full GC 52.513: [Tenured: 23531K->23531K(29184K), 0.0427156 secs] 23600K->23531K(32704K), [Perm : 1380K->1380K(8192K)], 0.0430723 secs]
52.559: [Full GC 52.560: [Tenured: 23531K->11812K(29184K), 0.1187474 secs] 23669K->11812K(32704K), [Perm : 1380K->1380K(8192K)], 0.1191201 secs]
52.762: [Full GC 52.762: [Tenured: 23531K->23531K(29184K), 0.0403608 secs] 23600K->23531K(32704K), [Perm : 1380K->1380K(8192K)], 0.0407068 secs]
52.844: [Full GC 52.844: [Tenured: 23531K->11812K(29184K), 0.1214831 secs] 23669K->11812K(32704K), [Perm : 1380K->1380K(8192K)], 0.1218053 secs]
53.047: [Full GC 53.047: [Tenured: 23531K->23531K(29184K), 0.0415275 secs] 23600K->23531K(32704K), [Perm : 1380K->1380K(8192K)], 0.0418915 secs]
53.094: [Full GC 53.095: [Tenured: 23531K->11812K(29184K), 0.1204978 secs] 23669K->11812K(32704K), [Perm : 1380K->1380K(8192K)], 0.1208325 secs]
53.296: [Full GC 53.296: [Tenured: 23531K->23531K(29184K), 0.0422831 secs] 23600K->23531K(32704K), [Perm : 1380K->1380K(8192K)], 0.0426452 secs]
53.343: [Full GC 53.344: [Tenured: 23531K->11812K(29184K), 0.1224872 secs] 23669K->11812K(32704K), [Perm : 1380K->1380K(8192K)], 0.1228142 secs]
53.550: [Full GC 53.550: [Tenured: 23531K->23531K(29184K), 0.0420872 secs] 23600K->23531K(32704K), [Perm : 1380K->1380K(8192K)], 0.0424367 secs]
53.596: [Full GC 53.596: [Tenured: 23531K->11812K(29184K), 0.1209130 secs] 23669K->11812K(32704K), [Perm : 1380K->1380K(8192K)], 0.1212428 secs]
53.798: [Full GC 53.798: [Tenured: 23531K->23531K(29184K), 0.0430716 secs] 23600K->23531K(32704K), [Perm : 1380K->1380K(8192K)], 0.0434210 secs]
53.845: [Full GC 53.845: [Tenured: 23531K->11812K(29184K), 0.1235682 secs] 23669K->11812K(32704K), [Perm : 1380K->1380K(8192K)], 0.1238882 secs]
54.053: [Full GC 54.053: [Tenured: 23531K->23531K(29184K), 0.0432433 secs] 23600K->23531K(32704K), [Perm : 1380K->1380K(8192K)], 0.0436021 secs]
54.100: [Full GC 54.101: [Tenured: 23531K->11812K(29184K), 0.1204290 secs] 23669K->11812K(32704K), [Perm : 1380K->1380K(8192K)], 0.1207568 secs]
54.304: [Full GC 54.304: [Tenured: 23531K->23531K(29184K), 0.0418304 secs] 23600K->23531K(32704K), [Perm : 1380K->1380K(8192K)], 0.0421885 secs]
54.351: [Full GC 54.351: [Tenured: 23531K->11812K(29184K), 0.1224618 secs] 23669K->11812K(32704K), [Perm : 1380K->1380K(8192K)], 0.1227949 secs]
54.555: [Full GC 54.555: [Tenured: 23531K->23531K(29184K), 0.0423130 secs] 23600K->23531K(32704K), [Perm : 1380K->1380K(8192K)], 0.0426670 secs]
54.602: [Full GC 54.602: [Tenured: 23531K->11812K(29184K), 0.1213434 secs] 23669K->11812K(32704K), [Perm : 1380K->1380K(8192K)], 0.1218145 secs]
54.807: [Full GC 54.807: [Tenured: 23531K->23531K(29184K), 0.0420707 secs] 23600K->23531K(32704K), [Perm : 1380K->1380K(8192K)], 0.0443143 secs]
54.854: [Full GC 54.855: [Tenured: 23531K->11812K(29184K), 0.1197944 secs] 23669K->11812K(32704K), [Perm : 1380K->1380K(8192K)], 0.1201199 secs]
55.056: [Full GC 55.057: [Tenured: 23531K->23531K(29184K), 0.0429898 secs] 23600K->23531K(32704K), [Perm : 1380K->1380K(8192K)], 0.0433361 secs]
55.103: [Full GC 55.103: [Tenured: 23531K->11812K(29184K), 0.1196726 secs] 23669K->11812K(32704K), [Perm : 1380K->1380K(8192K)], 0.1199961 secs]
55.306: [Full GC 55.306: [Tenured: 23531K->23531K(29184K), 0.0417942 secs] 23600K->23531K(32704K), [Perm : 1380K->1380K(8192K)], 0.0421539 secs]
55.352: [Full GC 55.353: [Tenured: 23531K->11812K(29184K), 0.1223553 secs] 23669K->11812K(32704K), [Perm : 1380K->1380K(8192K)], 0.1226844 secs]
55.556: [Full GC 55.557: [Tenured: 23531K->23531K(29184K), 0.0425340 secs] 23600K->23531K(32704K), [Perm : 1380K->1380K(8192K)], 0.0444043 secs]
55.604: [Full GC 55.604: [Tenured: 23531K->11812K(29184K), 0.1192691 secs] 23669K->11812K(32704K), [Perm : 1380K->1380K(8192K)], 0.1195975 secs]
55.805: [Full GC 55.806: [Tenured: 23531K->23531K(29184K), 0.0447941 secs] 23600K->23531K(32704K), [Perm : 1380K->1380K(8192K)], 0.0451396 secs]
55.854: [Full GC 55.854: [Tenured: 23531K->11812K(29184K), 0.1202918 secs] 23669K->11812K(32704K), [Perm : 1380K->1380K(8192K)], 0.1206117 secs]
56.055: [Full GC 56.055: [Tenured: 23531K->23531K(29184K), 0.0439539 secs] 23600K->23531K(32704K), [Perm : 1380K->1380K(8192K)], 0.0443143 secs]
56.103: [Full GC 56.103: [Tenured: 23531K->11812K(29184K), 0.1226377 secs] 23669K->11812K(32704K), [Perm : 1380K->1380K(8192K)], 0.1229679 secs]
56.307: [Full GC 56.308: [Tenured: 23531K->23531K(29184K), 0.0436176 secs] 23600K->23531K(32704K), [Perm : 1380K->1380K(8192K)], 0.0439667 secs]
56.355: [Full GC 56.355: [Tenured: 23531K->11812K(29184K), 0.1239690 secs] 23669K->11812K(32704K), [Perm : 1380K->1380K(8192K)], 0.1242991 secs]
56.560: [Full GC 56.560: [Tenured: 23531K->23531K(29184K), 0.0432682 secs] 23600K->23531K(32704K), [Perm : 1380K->1380K(8192K)], 0.0436220 secs]
56.607: [Full GC 56.608: [Tenured: 23531K->11812K(29184K), 0.1204555 secs] 23669K->11812K(32704K), [Perm : 1380K->1380K(8192K)], 0.1207790 secs]
56.808: [Full GC 56.809: [Tenured: 23531K->23531K(29184K), 0.0433248 secs] 23600K->23531K(32704K), [Perm : 1380K->1380K(8192K)], 0.0436834 secs]
56.855: [Full GC 56.856: [Tenured: 23531K->11812K(29184K), 0.1212027 secs] 23669K->11812K(32704K), [Perm : 1380K->1380K(8192K)], 0.1215429 secs]
57.059: [Full GC 57.060: [Tenured: 23531K->23531K(29184K), 0.0423154 secs] 23600K->23531K(32704K), [Perm : 1380K->1380K(8192K)], 0.0433183 secs]
57.106: [Full GC 57.106: [Tenured: 23531K->11812K(29184K), 0.1209664 secs] 23669K->11812K(32704K), [Perm : 1380K->1380K(8192K)], 0.1212937 secs]
57.308: [Full GC 57.308: [Tenured: 23531K->23531K(29184K), 0.0428820 secs] 23600K->23531K(32704K), [Perm : 1380K->1380K(8192K)], 0.0432305 secs]
57.355: [Full GC 57.355: [Tenured: 23531K->11812K(29184K), 0.1491205 secs] 23669K->11812K(32704K), [Perm : 1380K->1380K(8192K)], 0.1494476 secs]
57.586: [Full GC 57.586: [Tenured: 23531K->23531K(29184K), 0.0433138 secs] 23600K->23531K(32704K), [Perm : 1380K->1380K(8192K)], 0.0436594 secs]
57.633: [Full GC 57.633: [Tenured: 23531K->11812K(29184K), 0.1212061 secs] 23669K->11812K(32704K), [Perm : 1380K->1380K(8192K)], 0.1215339 secs]
57.836: [Full GC 57.837: [Tenured: 23531K->23531K(29184K), 0.0418762 secs] 23600K->23531K(32704K), [Perm : 1380K->1380K(8192K)], 0.0422379 secs]
57.883: [Full GC 57.883: [Tenured: 23531K->11812K(29184K), 0.1217393 secs] 23669K->11812K(32704K), [Perm : 1380K->1380K(8192K)], 0.1220753 secs]
58.086: [Full GC 58.086: [Tenured: 23531K->23531K(29184K), 0.0454247 secs] 23600K->23531K(32704K), [Perm : 1380K->1380K(8192K)], 0.0457568 secs]
58.135: [Full GC 58.135: [Tenured: 23531K->11812K(29184K), 0.1196351 secs] 23669K->11812K(32704K), [Perm : 1380K->1380K(8192K)], 0.1199619 secs]
58.336: [Full GC 58.336: [Tenured: 23531K->23531K(29184K), 0.0473849 secs] 23600K->23531K(32704K), [Perm : 1380K->1380K(8192K)], 0.0485898 secs]
58.388: [Full GC 58.388: [Tenured: 23531K->11812K(29184K), 0.1212556 secs] 23669K->11812K(32704K), [Perm : 1380K->1380K(8192K)], 0.1215757 secs]
58.591: [Full GC 58.591: [Tenured: 23531K->23531K(29184K), 0.0430260 secs] 23600K->23531K(32704K), [Perm : 1380K->1380K(8192K)], 0.0433830 secs]
58.638: [Full GC 58.638: [Tenured: 23531K->11812K(29184K), 0.1205054 secs] 23669K->11812K(32704K), [Perm : 1380K->1380K(8192K)], 0.1208253 secs]
58.840: [Full GC 58.840: [Tenured: 23531K->23531K(29184K), 0.0428216 secs] 23600K->23531K(32704K), [Perm : 1380K->1380K(8192K)], 0.0431739 secs]
58.886: [Full GC 58.887: [Tenured: 23531K->11812K(29184K), 0.1205252 secs] 23669K->11812K(32704K), [Perm : 1380K->1380K(8192K)], 0.1208536 secs]
59.089: [Full GC 59.090: [Tenured: 23531K->23531K(29184K), 0.0434284 secs] 23600K->23531K(32704K), [Perm : 1380K->1380K(8192K)], 0.0438024 secs]
59.137: [Full GC 59.138: [Tenured: 23531K->11812K(29184K), 0.1204807 secs] 23669K->11812K(32704K), [Perm : 1380K->1380K(8192K)], 0.1208624 secs]
59.339: [Full GC 59.340: [Tenured: 23531K->23531K(29184K), 0.0446939 secs] 23600K->23531K(32704K), [Perm : 1380K->1380K(8192K)], 0.0450767 secs]
59.388: [Full GC 59.388: [Tenured: 23531K->11812K(29184K), 0.1227891 secs] 23669K->11812K(32704K), [Perm : 1380K->1380K(8192K)], 0.1230960 secs]
59.593: [Full GC 59.593: [Tenured: 23531K->23531K(29184K), 0.0421793 secs] 23600K->23531K(32704K), [Perm : 1380K->1380K(8192K)], 0.0425390 secs]
59.639: [Full GC 59.640: [Tenured: 23531K->11812K(29184K), 0.1241741 secs] 23669K->11812K(32704K), [Perm : 1380K->1380K(8192K)], 0.1248881 secs]
59.846: [Full GC 59.846: [Tenured: 23531K->23531K(29184K), 0.0418306 secs] 23600K->23531K(32704K), [Perm : 1380K->1380K(8192K)], 0.0421927 secs]
59.892: [Full GC 59.892: [Tenured: 23531K->11812K(29184K), 0.1225456 secs] 23669K->11812K(32704K), [Perm : 1380K->1380K(8192K)], 0.1228707 secs]
60.098: [Full GC 60.098: [Tenured: 23531K->23531K(29184K), 0.0428494 secs] 23600K->23531K(32704K), [Perm : 1380K->1380K(8192K)], 0.0431990 secs]
60.144: [Full GC 60.144: [Tenured: 23531K->11812K(29184K), 0.1200893 secs] 23669K->11812K(32704K), [Perm : 1380K->1380K(8192K)], 0.1204162 secs]
60.347: [Full GC 60.348: [Tenured: 23531K->23531K(29184K), 0.0442592 secs] 23600K->23531K(32704K), [Perm : 1380K->1380K(8192K)], 0.0446193 secs]
60.395: [Full GC 60.395: [Tenured: 23531K->11812K(29184K), 0.1214802 secs] 23669K->11812K(32704K), [Perm : 1380K->1380K(8192K)], 0.1218035 secs]
60.599: [Full GC 60.599: [Tenured: 23531K->23531K(29184K), 0.0435856 secs] 23600K->23531K(32704K), [Perm : 1380K->1380K(8192K)], 0.0439296 secs]
60.646: [Full GC 60.646: [Tenured: 23531K->11812K(29184K), 0.1199739 secs] 23669K->11812K(32704K), [Perm : 1380K->1380K(8192K)], 0.1203036 secs]
60.848: [Full GC 60.848: [Tenured: 23531K->23531K(29184K), 0.0446937 secs] 23600K->23531K(32704K), [Perm : 1380K->1380K(8192K)], 0.0450374 secs]
60.896: [Full GC 60.896: [Tenured: 23531K->11812K(29184K), 0.3782015 secs] 23669K->11812K(32704K), [Perm : 1380K->1380K(8192K)], 0.3785250 secs]
61.355: [Full GC 61.355: [Tenured: 23531K->23531K(29184K), 0.2078461 secs] 23600K->23531K(32704K), [Perm : 1380K->1380K(8192K)], 0.2082013 secs]
61.567: [Full GC 61.567: [Tenured: 23531K->11812K(29184K), 0.1232714 secs] 23669K->11812K(32704K), [Perm : 1380K->1380K(8192K)], 0.1235994 secs]
61.856: [Full GC 61.857: [Tenured: 23531K->23531K(29184K), 0.0493804 secs] 23600K->23531K(32704K), [Perm : 1380K->1380K(8192K)], 0.0497342 secs]
61.911: [Full GC 61.911: [Tenured: 23531K->11812K(29184K), 0.2850024 secs] 23669K->11812K(32704K), [Perm : 1380K->1380K(8192K)], 0.2853410 secs]
62.282: [Full GC 62.282: [Tenured: 23531K->23531K(29184K), 0.0500775 secs] 23600K->23531K(32704K), [Perm : 1380K->1380K(8192K)], 0.0504318 secs]
62.336: [Full GC 62.336: [Tenured: 23531K->11812K(29184K), 0.2510233 secs] 23669K->11812K(32704K), [Perm : 1380K->1380K(8192K)], 0.2513567 secs]
62.671: [Full GC 62.671: [Tenured: 23531K->23531K(29184K), 0.0824678 secs] 23600K->23531K(32704K), [Perm : 1380K->1380K(8192K)], 0.0828205 secs]
62.757: [Full GC 62.758: [Tenured: 23531K->11812K(29184K), 0.2331858 secs] 23669K->11812K(32704K), [Perm : 1380K->1380K(8192K)], 0.2334958 secs]
63.072: [Full GC 63.073: [Tenured: 23531K->23531K(29184K), 0.0426884 secs] 23600K->23531K(32704K), [Perm : 1380K->1380K(8192K)], 0.0430489 secs]
63.119: [Full GC 63.119: [Tenured: 23531K->11812K(29184K), 0.1203993 secs] 23669K->11812K(32704K), [Perm : 1380K->1380K(8192K)], 0.1207209 secs]
63.322: [Full GC 63.322: [Tenured: 23531K->23531K(29184K), 0.0439891 secs] 23600K->23531K(32704K), [Perm : 1380K->1380K(8192K)], 0.0443488 secs]
63.371: [Full GC 63.371: [Tenured: 23531K->11812K(29184K), 0.1207361 secs] 23669K->11812K(32704K), [Perm : 1380K->1380K(8192K)], 0.1210720 secs]
63.576: [Full GC 63.576: [Tenured: 23531K->23531K(29184K), 0.0416052 secs] 23600K->23531K(32704K), [Perm : 1380K->1380K(8192K)], 0.0419589 secs]
63.621: [Full GC 63.622: [Tenured: 23531K->11812K(29184K), 0.1211816 secs] 23669K->11812K(32704K), [Perm : 1380K->1380K(8192K)], 0.1215040 secs]
63.826: [Full GC 63.826: [Tenured: 23531K->23531K(29184K), 0.0445940 secs] 23600K->23531K(32704K), [Perm : 1380K->1380K(8192K)], 0.0449365 secs]
63.874: [Full GC 63.874: [Tenured: 23531K->11812K(29184K), 0.1188818 secs] 23669K->11812K(32704K), [Perm : 1380K->1380K(8192K)], 0.1192096 secs]
64.076: [Full GC 64.076: [Tenured: 23531K->23531K(29184K), 0.0438142 secs] 23600K->23531K(32704K), [Perm : 1380K->1380K(8192K)], 0.0441554 secs]
64.123: [Full GC 64.123: [Tenured: 23531K->11812K(29184K), 0.1208723 secs] 23669K->11812K(32704K), [Perm : 1380K->1380K(8192K)], 0.1211951 secs]
64.326: [Full GC 64.326: [Tenured: 23531K->23531K(29184K), 0.0465784 secs] 23600K->23531K(32704K), [Perm : 1380K->1380K(8192K)], 0.0477826 secs]
64.377: [Full GC 64.377: [Tenured: 23531K->11812K(29184K), 0.1203551 secs] 23669K->11812K(32704K), [Perm : 1380K->1380K(8192K)], 0.1206854 secs]
64.581: [Full GC 64.581: [Tenured: 23531K->23531K(29184K), 0.0414374 secs] 23600K->23531K(32704K), [Perm : 1380K->1380K(8192K)], 0.0417861 secs]
64.626: [Full GC 64.627: [Tenured: 23531K->11812K(29184K), 0.1211652 secs] 23669K->11812K(32704K), [Perm : 1380K->1380K(8192K)], 0.1214876 secs]
64.829: [Full GC 64.829: [Tenured: 23531K->23531K(29184K), 0.0443293 secs] 23600K->23531K(32704K), [Perm : 1380K->1380K(8192K)], 0.0446863 secs]
64.877: [Full GC 64.877: [Tenured: 23531K->11812K(29184K), 0.1191743 secs] 23669K->11812K(32704K), [Perm : 1380K->1380K(8192K)], 0.1194993 secs]
65.081: [Full GC 65.081: [Tenured: 23531K->23531K(29184K), 0.0418791 secs] 23600K->23531K(32704K), [Perm : 1380K->1380K(8192K)], 0.0422251 secs]
65.126: [Full GC 65.126: [Tenured: 23531K->11812K(29184K), 0.1208759 secs] 23669K->11812K(32704K), [Perm : 1380K->1380K(8192K)], 0.1212000 secs]
65.329: [Full GC 65.329: [Tenured: 23531K->23531K(29184K), 0.0451140 secs] 23600K->23531K(32704K), [Perm : 1380K->1380K(8192K)], 0.0454749 secs]
65.378: [Full GC 65.378: [Tenured: 23531K->11812K(29184K), 0.1196256 secs] 23669K->11812K(32704K), [Perm : 1380K->1380K(8192K)], 0.1199509 secs]
65.581: [Full GC 65.582: [Tenured: 23531K->23531K(29184K), 0.0442140 secs] 23600K->23531K(32704K), [Perm : 1380K->1380K(8192K)], 0.0445690 secs]
65.630: [Full GC 65.630: [Tenured: 23531K->11812K(29184K), 0.1197438 secs] 23669K->11812K(32704K), [Perm : 1380K->1380K(8192K)], 0.1200630 secs]
65.830: [Full GC 65.830: [Tenured: 23531K->23531K(29184K), 0.0442365 secs] 23600K->23531K(32704K), [Perm : 1380K->1380K(8192K)], 0.0445912 secs]
65.878: [Full GC 65.878: [Tenured: 23531K->11812K(29184K), 0.1205342 secs] 23669K->11812K(32704K), [Perm : 1380K->1380K(8192K)], 0.1219606 secs]
66.083: [Full GC 66.083: [Tenured: 23531K->23531K(29184K), 0.0430341 secs] 23600K->23531K(32704K), [Perm : 1380K->1380K(8192K)], 0.0433911 secs]
66.130: [Full GC 66.130: [Tenured: 23531K->11812K(29184K), 0.1207177 secs] 23669K->11812K(32704K), [Perm : 1380K->1380K(8192K)], 0.1210491 secs]
66.332: [Full GC 66.332: [Tenured: 23531K->23531K(29184K), 0.0454023 secs] 23600K->23531K(32704K), [Perm : 1380K->1380K(8192K)], 0.0457554 secs]
66.382: [Full GC 66.383: [Tenured: 23531K->11812K(29184K), 0.1196393 secs] 23669K->11812K(32704K), [Perm : 1380K->1380K(8192K)], 0.1199673 secs]
66.583: [Full GC 66.583: [Tenured: 23531K->23531K(29184K), 0.0440732 secs] 23600K->23531K(32704K), [Perm : 1380K->1380K(8192K)], 0.0444356 secs]
66.631: [Full GC 66.632: [Tenured: 23531K->11812K(29184K), 0.1201305 secs] 23669K->11812K(32704K), [Perm : 1380K->1380K(8192K)], 0.1204603 secs]
66.834: [Full GC 66.834: [Tenured: 23531K->23531K(29184K), 0.0420409 secs] 23600K->23531K(32704K), [Perm : 1380K->1380K(8192K)], 0.0424004 secs]
66.881: [Full GC 66.881: [Tenured: 23531K->11812K(29184K), 0.1206573 secs] 23669K->11812K(32704K), [Perm : 1380K->1380K(8192K)], 0.1209786 secs]
67.084: [Full GC 67.084: [Tenured: 23531K->23531K(29184K), 0.0420597 secs] 23600K->23531K(32704K), [Perm : 1380K->1380K(8192K)], 0.0424179 secs]
67.130: [Full GC 67.130: [Tenured: 23531K->11812K(29184K), 0.1211464 secs] 23669K->11812K(32704K), [Perm : 1380K->1380K(8192K)], 0.1214769 secs]
67.333: [Full GC 67.334: [Tenured: 23531K->23531K(29184K), 0.0455162 secs] 23600K->23531K(32704K), [Perm : 1380K->1380K(8192K)], 0.0465451 secs]
67.383: [Full GC 67.383: [Tenured: 23531K->11812K(29184K), 0.1199646 secs] 23669K->11812K(32704K), [Perm : 1380K->1380K(8192K)], 0.1202899 secs]
67.586: [Full GC 67.586: [Tenured: 23531K->23531K(29184K), 0.0417093 secs] 23600K->23531K(32704K), [Perm : 1380K->1380K(8192K)], 0.0420716 secs]
67.632: [Full GC 67.633: [Tenured: 23531K->11812K(29184K), 0.1217330 secs] 23669K->11812K(32704K), [Perm : 1380K->1380K(8192K)], 0.1220610 secs]
67.836: [Full GC 67.836: [Tenured: 23531K->23531K(29184K), 0.0425646 secs] 23600K->23531K(32704K), [Perm : 1380K->1380K(8192K)], 0.0429225 secs]
67.883: [Full GC 67.883: [Tenured: 23531K->11812K(29184K), 0.1210500 secs] 23669K->11812K(32704K), [Perm : 1380K->1380K(8192K)], 0.1213789 secs]
68.085: [Full GC 68.085: [Tenured: 23531K->23531K(29184K), 0.0435728 secs] 23600K->23531K(32704K), [Perm : 1380K->1380K(8192K)], 0.0439287 secs]
68.133: [Full GC 68.134: [Tenured: 23531K->11812K(29184K), 0.1209167 secs] 23669K->11812K(32704K), [Perm : 1380K->1380K(8192K)], 0.1212382 secs]
68.336: [Full GC 68.336: [Tenured: 23531K->23531K(29184K), 0.0458363 secs] 23600K->23531K(32704K), [Perm : 1380K->1380K(8192K)], 0.0461931 secs]
68.385: [Full GC 68.386: [Tenured: 23531K->11812K(29184K), 0.1195749 secs] 23669K->11812K(32704K), [Perm : 1380K->1380K(8192K)], 0.1199071 secs]
68.586: [Full GC 68.587: [Tenured: 23531K->23531K(29184K), 0.0439381 secs] 23600K->23531K(32704K), [Perm : 1380K->1380K(8192K)], 0.0442803 secs]
68.634: [Full GC 68.634: [Tenured: 23531K->11812K(29184K), 0.1208053 secs] 23669K->11812K(32704K), [Perm : 1380K->1380K(8192K)], 0.1211298 secs]
68.836: [Full GC 68.837: [Tenured: 23531K->23531K(29184K), 0.0418311 secs] 23600K->23531K(32704K), [Perm : 1380K->1380K(8192K)], 0.0421901 secs]
68.883: [Full GC 68.883: [Tenured: 23531K->11812K(29184K), 0.1214948 secs] 23669K->11812K(32704K), [Perm : 1380K->1380K(8192K)], 0.1218258 secs]
69.085: [Full GC 69.085: [Tenured: 23531K->23531K(29184K), 0.0446789 secs] 23600K->23531K(32704K), [Perm : 1380K->1380K(8192K)], 0.0450507 secs]
69.134: [Full GC 69.134: [Tenured: 23531K->11812K(29184K), 0.1202392 secs] 23669K->11812K(32704K), [Perm : 1380K->1380K(8192K)], 0.1205600 secs]
69.335: [Full GC 69.336: [Tenured: 23531K->23531K(29184K), 0.0454153 secs] 23600K->23531K(32704K), [Perm : 1380K->1380K(8192K)], 0.0457759 secs]
69.385: [Full GC 69.385: [Tenured: 23531K->11812K(29184K), 0.1214285 secs] 23669K->11812K(32704K), [Perm : 1380K->1380K(8192K)], 0.1217577 secs]
69.588: [Full GC 69.588: [Tenured: 23531K->23531K(29184K), 0.0446398 secs] 23600K->23531K(32704K), [Perm : 1380K->1380K(8192K)], 0.0450031 secs]
69.636: [Full GC 69.636: [Tenured: 23531K->11812K(29184K), 0.1207438 secs] 23669K->11812K(32704K), [Perm : 1380K->1380K(8192K)], 0.1210713 secs]
69.839: [Full GC 69.839: [Tenured: 23531K->23531K(29184K), 0.0426904 secs] 23600K->23531K(32704K), [Perm : 1380K->1380K(8192K)], 0.0430382 secs]
69.885: [Full GC 69.885: [Tenured: 23531K->11812K(29184K), 0.1213832 secs] 23669K->11812K(32704K), [Perm : 1380K->1380K(8192K)], 0.1217049 secs]
70.086: [Full GC 70.087: [Tenured: 23531K->23531K(29184K), 0.0453776 secs] 23600K->23531K(32704K), [Perm : 1380K->1380K(8192K)], 0.0457348 secs]
70.136: [Full GC 70.136: [Tenured: 23531K->11812K(29184K), 0.1195090 secs] 23669K->11812K(32704K), [Perm : 1380K->1380K(8192K)], 0.1198267 secs]
70.338: [Full GC 70.338: [Tenured: 23531K->23531K(29184K), 0.0439386 secs] 23600K->23531K(32704K), [Perm : 1380K->1380K(8192K)], 0.0442879 secs]
70.386: [Full GC 70.386: [Tenured: 23531K->11812K(29184K), 0.1211973 secs] 23669K->11812K(32704K), [Perm : 1380K->1380K(8192K)], 0.1215580 secs]
70.588: [Full GC 70.588: [Tenured: 23531K->23531K(29184K), 0.0437097 secs] 23600K->23531K(32704K), [Perm : 1380K->1380K(8192K)], 0.0440638 secs]
70.635: [Full GC 70.636: [Tenured: 23531K->11812K(29184K), 0.1208851 secs] 23669K->11812K(32704K), [Perm : 1380K->1380K(8192K)], 0.1212155 secs]
70.838: [Full GC 70.838: [Tenured: 23531K->23531K(29184K), 0.0438878 secs] 23600K->23531K(32704K), [Perm : 1380K->1380K(8192K)], 0.0442419 secs]
70.886: [Full GC 70.886: [Tenured: 23531K->11812K(29184K), 0.1194324 secs] 23669K->11812K(32704K), [Perm : 1380K->1380K(8192K)], 0.1197564 secs]
71.087: [Full GC 71.087: [Tenured: 23531K->23531K(29184K), 0.0430937 secs] 23600K->23531K(32704K), [Perm : 1380K->1380K(8192K)], 0.0434399 secs]
71.134: [Full GC 71.134: [Tenured: 23531K->11812K(29184K), 0.1213185 secs] 23669K->11812K(32704K), [Perm : 1380K->1380K(8192K)], 0.1216436 secs]
71.337: [Full GC 71.338: [Tenured: 23531K->23531K(29184K), 0.0451671 secs] 23600K->23531K(32704K), [Perm : 1380K->1380K(8192K)], 0.0455204 secs]
71.386: [Full GC 71.386: [Tenured: 23531K->11812K(29184K), 0.1202635 secs] 23669K->11812K(32704K), [Perm : 1380K->1380K(8192K)], 0.1205924 secs]
71.588: [Full GC 71.588: [Tenured: 23531K->23531K(29184K), 0.0447402 secs] 23600K->23531K(32704K), [Perm : 1380K->1380K(8192K)], 0.0450997 secs]
71.641: [Full GC 71.641: [Tenured: 23531K->11812K(29184K), 0.1217939 secs] 23669K->11812K(32704K), [Perm : 1380K->1380K(8192K)], 0.1221261 secs]
71.843: [Full GC 71.844: [Tenured: 23531K->23531K(29184K), 0.0435389 secs] 23600K->23531K(32704K), [Perm : 1380K->1380K(8192K)], 0.0438997 secs]
71.892: [Full GC 71.892: [Tenured: 23531K->11812K(29184K), 0.1210482 secs] 23669K->11812K(32704K), [Perm : 1380K->1380K(8192K)], 0.1213744 secs]
72.095: [Full GC 72.095: [Tenured: 23531K->23531K(29184K), 0.0414235 secs] 23600K->23531K(32704K), [Perm : 1380K->1380K(8192K)], 0.0417789 secs]
72.142: [Full GC 72.142: [Tenured: 23531K->11812K(29184K), 0.1213095 secs] 23669K->11812K(32704K), [Perm : 1380K->1380K(8192K)], 0.1216399 secs]
72.344: [Full GC 72.345: [Tenured: 23531K->23531K(29184K), 0.0443794 secs] 23600K->23531K(32704K), [Perm : 1380K->1380K(8192K)], 0.0452061 secs]
72.393: [Full GC 72.393: [Tenured: 23531K->11812K(29184K), 0.1209415 secs] 23669K->11812K(32704K), [Perm : 1380K->1380K(8192K)], 0.1212681 secs]
72.596: [Full GC 72.596: [Tenured: 23531K->23531K(29184K), 0.0424215 secs] 23600K->23531K(32704K), [Perm : 1380K->1380K(8192K)], 0.0427764 secs]
72.649: [Full GC 72.649: [Tenured: 23531K->11812K(29184K), 0.1207696 secs] 23669K->11812K(32704K), [Perm : 1380K->1380K(8192K)], 0.1215999 secs]
72.851: [Full GC 72.851: [Tenured: 23531K->23531K(29184K), 0.0434895 secs] 23600K->23531K(32704K), [Perm : 1380K->1380K(8192K)], 0.0438519 secs]
72.898: [Full GC 72.898: [Tenured: 23531K->11812K(29184K), 0.1226476 secs] 23669K->11812K(32704K), [Perm : 1380K->1380K(8192K)], 0.1229636 secs]
73.102: [Full GC 73.102: [Tenured: 23531K->23531K(29184K), 0.0427668 secs] 23600K->23531K(32704K), [Perm : 1380K->1380K(8192K)], 0.0431262 secs]
73.148: [Full GC 73.148: [Tenured: 23531K->11812K(29184K), 0.1216995 secs] 23669K->11812K(32704K), [Perm : 1380K->1380K(8192K)], 0.1220158 secs]
73.352: [Full GC 73.352: [Tenured: 23531K->23531K(29184K), 0.0443088 secs] 23600K->23531K(32704K), [Perm : 1380K->1380K(8192K)], 0.0446670 secs]
73.401: [Full GC 73.401: [Tenured: 23531K->11812K(29184K), 0.1209397 secs] 23669K->11812K(32704K), [Perm : 1380K->1380K(8192K)], 0.1212650 secs]
73.603: [Full GC 73.603: [Tenured: 23531K->23531K(29184K), 0.0467610 secs] 23600K->23531K(32704K), [Perm : 1380K->1380K(8192K)], 0.0470978 secs]
73.653: [Full GC 73.654: [Tenured: 23531K->11812K(29184K), 0.1237486 secs] 23669K->11812K(32704K), [Perm : 1380K->1380K(8192K)], 0.1240701 secs]
73.861: [Full GC 73.861: [Tenured: 23531K->23531K(29184K), 0.0416863 secs] 23600K->23531K(32704K), [Perm : 1380K->1380K(8192K)], 0.0420672 secs]
73.906: [Full GC 73.907: [Tenured: 23531K->11812K(29184K), 0.1216262 secs] 23669K->11812K(32704K), [Perm : 1380K->1380K(8192K)], 0.1219527 secs]
74.109: [Full GC 74.109: [Tenured: 23531K->23531K(29184K), 0.0447112 secs] 23600K->23531K(32704K), [Perm : 1380K->1380K(8192K)], 0.0450516 secs]
74.157: [Full GC 74.157: [Tenured: 23531K->11812K(29184K), 0.1201421 secs] 23669K->11812K(32704K), [Perm : 1380K->1380K(8192K)], 0.1204611 secs]
74.359: [Full GC 74.362: [Tenured: 23531K->23531K(29184K), 0.0436020 secs] 23600K->23531K(32704K), [Perm : 1380K->1380K(8192K)], 0.0440356 secs]
74.409: [Full GC 74.409: [Tenured: 23531K->11812K(29184K), 0.1186508 secs] 23669K->11812K(32704K), [Perm : 1380K->1380K(8192K)], 0.1189815 secs]
74.611: [Full GC 74.611: [Tenured: 23531K->23531K(29184K), 0.0428450 secs] 23600K->23531K(32704K), [Perm : 1380K->1380K(8192K)], 0.0432001 secs]
74.657: [Full GC 74.657: [Tenured: 23531K->11812K(29184K), 0.1211297 secs] 23669K->11812K(32704K), [Perm : 1380K->1380K(8192K)], 0.1214521 secs]
74.861: [Full GC 74.862: [Tenured: 23531K->23531K(29184K), 0.0425288 secs] 23600K->23531K(32704K), [Perm : 1380K->1380K(8192K)], 0.0428807 secs]
74.908: [Full GC 74.908: [Tenured: 23531K->11812K(29184K), 0.1209859 secs] 23669K->11812K(32704K), [Perm : 1380K->1380K(8192K)], 0.1213048 secs]
75.111: [Full GC 75.111: [Tenured: 23531K->23531K(29184K), 0.0429013 secs] 23600K->23531K(32704K), [Perm : 1380K->1380K(8192K)], 0.0432667 secs]
75.160: [Full GC 75.160: [Tenured: 23531K->11812K(29184K), 0.1217914 secs] 23669K->11812K(32704K), [Perm : 1380K->1380K(8192K)], 0.1221050 secs]
75.364: [Full GC 75.364: [Tenured: 23531K->23531K(29184K), 0.0436366 secs] 23600K->23531K(32704K), [Perm : 1380K->1380K(8192K)], 0.0439856 secs]
75.411: [Full GC 75.412: [Tenured: 23531K->11812K(29184K), 0.1197512 secs] 23669K->11812K(32704K), [Perm : 1380K->1380K(8192K)], 0.1200772 secs]
75.614: [Full GC 75.614: [Tenured: 23531K->23531K(29184K), 0.0420541 secs] 23600K->23531K(32704K), [Perm : 1380K->1380K(8192K)], 0.0424159 secs]
75.661: [Full GC 75.661: [Tenured: 23531K->11812K(29184K), 0.1218550 secs] 23669K->11812K(32704K), [Perm : 1380K->1380K(8192K)], 0.1221812 secs]
75.864: [Full GC 75.864: [Tenured: 23531K->23531K(29184K), 0.0425331 secs] 23600K->23531K(32704K), [Perm : 1380K->1380K(8192K)], 0.0428955 secs]
75.912: [Full GC 75.913: [Tenured: 23531K->11812K(29184K), 0.1194956 secs] 23669K->11812K(32704K), [Perm : 1380K->1380K(8192K)], 0.1198501 secs]
76.116: [Full GC 76.116: [Tenured: 23531K->23531K(29184K), 0.0442255 secs] 23600K->23531K(32704K), [Perm : 1380K->1380K(8192K)], 0.0445692 secs]
76.163: [Full GC 76.164: [Tenured: 23531K->11812K(29184K), 0.1207177 secs] 23669K->11812K(32704K), [Perm : 1380K->1380K(8192K)], 0.1210507 secs]
76.368: [Full GC 76.368: [Tenured: 23531K->23531K(29184K), 0.0433880 secs] 23600K->23531K(32704K), [Perm : 1380K->1380K(8192K)], 0.0437324 secs]
76.415: [Full GC 76.415: [Tenured: 23531K->11812K(29184K), 0.1208100 secs] 23669K->11812K(32704K), [Perm : 1380K->1380K(8192K)], 0.1211394 secs]
76.617: [Full GC 76.618: [Tenured: 23531K->23531K(29184K), 0.0441062 secs] 23600K->23531K(32704K), [Perm : 1380K->1380K(8192K)], 0.0444607 secs]
76.665: [Full GC 76.665: [Tenured: 23531K->11812K(29184K), 0.1206926 secs] 23669K->11812K(32704K), [Perm : 1380K->1380K(8192K)], 0.1210160 secs]
76.867: [Full GC 76.867: [Tenured: 23531K->23531K(29184K), 0.0447851 secs] 23600K->23531K(32704K), [Perm : 1380K->1380K(8192K)], 0.0451304 secs]
76.916: [Full GC 76.916: [Tenured: 23531K->11812K(29184K), 0.1197343 secs] 23669K->11812K(32704K), [Perm : 1380K->1380K(8192K)], 0.1200646 secs]
77.116: [Full GC 77.117: [Tenured: 23531K->23531K(29184K), 0.0440336 secs] 23600K->23531K(32704K), [Perm : 1380K->1380K(8192K)], 0.0443677 secs]
77.164: [Full GC 77.164: [Tenured: 23531K->11812K(29184K), 0.1212798 secs] 23669K->11812K(32704K), [Perm : 1380K->1380K(8192K)], 0.1216058 secs]
77.368: [Full GC 77.368: [Tenured: 23531K->23531K(29184K), 0.0441325 secs] 23600K->23531K(32704K), [Perm : 1380K->1380K(8192K)], 0.0444911 secs]
77.416: [Full GC 77.416: [Tenured: 23531K->11812K(29184K), 0.1203039 secs] 23669K->11812K(32704K), [Perm : 1380K->1380K(8192K)], 0.1206278 secs]
77.617: [Full GC 77.618: [Tenured: 23531K->23531K(29184K), 0.0430663 secs] 23600K->23531K(32704K), [Perm : 1380K->1380K(8192K)], 0.0434183 secs]
77.665: [Full GC 77.665: [Tenured: 23531K->11812K(29184K), 0.1219284 secs] 23669K->11812K(32704K), [Perm : 1380K->1380K(8192K)], 0.1222602 secs]
77.868: [Full GC 77.868: [Tenured: 23531K->23531K(29184K), 0.0449687 secs] 23600K->23531K(32704K), [Perm : 1380K->1380K(8192K)], 0.0453257 secs]
77.916: [Full GC 77.917: [Tenured: 23531K->11812K(29184K), 0.1203919 secs] 23669K->11812K(32704K), [Perm : 1380K->1380K(8192K)], 0.1207229 secs]
78.118: [Full GC 78.118: [Tenured: 23531K->23531K(29184K), 0.0427389 secs] 23600K->23531K(32704K), [Perm : 1380K->1380K(8192K)], 0.0430916 secs]
78.164: [Full GC 78.164: [Tenured: 23531K->11812K(29184K), 0.1227327 secs] 23669K->11812K(32704K), [Perm : 1380K->1380K(8192K)], 0.1230594 secs]
78.369: [Full GC 78.370: [Tenured: 23531K->23531K(29184K), 0.0431590 secs] 23600K->23531K(32704K), [Perm : 1380K->1380K(8192K)], 0.0435374 secs]
78.417: [Full GC 78.417: [Tenured: 23531K->11812K(29184K), 0.1204677 secs] 23669K->11812K(32704K), [Perm : 1380K->1380K(8192K)], 0.1207930 secs]
78.619: [Full GC 78.620: [Tenured: 23531K->23531K(29184K), 0.0417724 secs] 23600K->23531K(32704K), [Perm : 1380K->1380K(8192K)], 0.0429746 secs]
78.665: [Full GC 78.665: [Tenured: 23531K->11812K(29184K), 0.1213587 secs] 23669K->11812K(32704K), [Perm : 1380K->1380K(8192K)], 0.1216838 secs]
78.868: [Full GC 78.868: [Tenured: 23531K->23531K(29184K), 0.0449521 secs] 23600K->23531K(32704K), [Perm : 1380K->1380K(8192K)], 0.0453171 secs]
78.917: [Full GC 78.917: [Tenured: 23531K->11812K(29184K), 0.1278653 secs] 23669K->11812K(32704K), [Perm : 1380K->1380K(8192K)], 0.1281913 secs]
79.127: [Full GC 79.127: [Tenured: 23531K->23531K(29184K), 0.0416612 secs] 23600K->23531K(32704K), [Perm : 1380K->1380K(8192K)], 0.0420227 secs]
79.173: [Full GC 79.173: [Tenured: 23531K->11812K(29184K), 0.1218632 secs] 23669K->11812K(32704K), [Perm : 1380K->1380K(8192K)], 0.1221847 secs]
79.376: [Full GC 79.376: [Tenured: 23531K->23531K(29184K), 0.0443311 secs] 23600K->23531K(32704K), [Perm : 1380K->1380K(8192K)], 0.0446872 secs]
79.424: [Full GC 79.425: [Tenured: 23531K->11812K(29184K), 0.1193439 secs] 23669K->11812K(32704K), [Perm : 1380K->1380K(8192K)], 0.1196741 secs]
79.626: [Full GC 79.626: [Tenured: 23531K->23531K(29184K), 0.0439988 secs] 23600K->23531K(32704K), [Perm : 1380K->1380K(8192K)], 0.0443470 secs]
79.674: [Full GC 79.674: [Tenured: 23531K->11812K(29184K), 0.1217375 secs] 23669K->11812K(32704K), [Perm : 1380K->1380K(8192K)], 0.1220637 secs]
79.876: [Full GC 79.876: [Tenured: 23531K->23531K(29184K), 0.0437384 secs] 23600K->23531K(32704K), [Perm : 1380K->1380K(8192K)], 0.0440914 secs]
79.924: [Full GC 79.924: [Tenured: 23531K->11812K(29184K), 0.1200302 secs] 23669K->11812K(32704K), [Perm : 1380K->1380K(8192K)], 0.1203506 secs]
80.126: [Full GC 80.126: [Tenured: 23531K->23531K(29184K), 0.0424590 secs] 23600K->23531K(32704K), [Perm : 1380K->1380K(8192K)], 0.0428186 secs]
80.174: [Full GC 80.174: [Tenured: 23531K->11812K(29184K), 0.1218102 secs] 23669K->11812K(32704K), [Perm : 1380K->1380K(8192K)], 0.1221207 secs]
80.381: [Full GC 80.381: [Tenured: 23531K->23531K(29184K), 0.0424217 secs] 23600K->23531K(32704K), [Perm : 1380K->1380K(8192K)], 0.0427758 secs]
80.427: [Full GC 80.427: [Tenured: 23531K->11812K(29184K), 0.1206833 secs] 23669K->11812K(32704K), [Perm : 1380K->1380K(8192K)], 0.1210066 secs]
80.628: [Full GC 80.629: [Tenured: 23531K->23531K(29184K), 0.0437193 secs] 23600K->23531K(32704K), [Perm : 1380K->1380K(8192K)], 0.0440811 secs]
80.676: [Full GC 80.676: [Tenured: 23531K->11812K(29184K), 0.1204412 secs] 23669K->11812K(32704K), [Perm : 1380K->1380K(8192K)], 0.1207629 secs]
80.881: [Full GC 80.881: [Tenured: 23531K->23531K(29184K), 0.0417883 secs] 23600K->23531K(32704K), [Perm : 1380K->1380K(8192K)], 0.0421462 secs]
80.926: [Full GC 80.926: [Tenured: 23531K->11812K(29184K), 0.1210488 secs] 23669K->11812K(32704K), [Perm : 1380K->1380K(8192K)], 0.1213836 secs]
81.129: [Full GC 81.131: [Tenured: 23531K->23531K(29184K), 0.0424295 secs] 23600K->23531K(32704K), [Perm : 1380K->1380K(8192K)], 0.0428557 secs]
81.177: [Full GC 81.177: [Tenured: 23531K->11812K(29184K), 0.1196881 secs] 23669K->11812K(32704K), [Perm : 1380K->1380K(8192K)], 0.1200190 secs]
81.382: [Full GC 81.382: [Tenured: 23531K->23531K(29184K), 0.0425981 secs] 23600K->23531K(32704K), [Perm : 1380K->1380K(8192K)], 0.0429566 secs]
81.428: [Full GC 81.429: [Tenured: 23531K->11812K(29184K), 0.1201837 secs] 23669K->11812K(32704K), [Perm : 1380K->1380K(8192K)], 0.1205004 secs]
81.632: [Full GC 81.632: [Tenured: 23531K->23531K(29184K), 0.0414293 secs] 23600K->23531K(32704K), [Perm : 1380K->1380K(8192K)], 0.0417819 secs]
81.677: [Full GC 81.677: [Tenured: 23531K->11812K(29184K), 0.1209511 secs] 23669K->11812K(32704K), [Perm : 1380K->1380K(8192K)], 0.1212729 secs]
81.881: [Full GC 81.881: [Tenured: 23531K->23531K(29184K), 0.0431087 secs] 23600K->23531K(32704K), [Perm : 1380K->1380K(8192K)], 0.0434650 secs]
81.928: [Full GC 81.928: [Tenured: 23531K->11812K(29184K), 0.1201399 secs] 23669K->11812K(32704K), [Perm : 1380K->1380K(8192K)], 0.1204603 secs]
82.129: [Full GC 82.130: [Tenured: 23531K->23531K(29184K), 0.0432073 secs] 23600K->23531K(32704K), [Perm : 1380K->1380K(8192K)], 0.0435668 secs]
82.177: [Full GC 82.177: [Tenured: 23531K->11812K(29184K), 0.1201161 secs] 23669K->11812K(32704K), [Perm : 1380K->1380K(8192K)], 0.1204414 secs]
82.440: [Full GC 82.441: [Tenured: 23531K->23531K(29184K), 0.0420851 secs] 23600K->23531K(32704K), [Perm : 1380K->1380K(8192K)], 0.0424478 secs]
82.486: [Full GC 82.486: [Tenured: 23531K->11812K(29184K), 0.1204364 secs] 23669K->11812K(32704K), [Perm : 1380K->1380K(8192K)], 0.1207635 secs]
82.688: [Full GC 82.689: [Tenured: 23531K->23531K(29184K), 0.0435304 secs] 23600K->23531K(32704K), [Perm : 1380K->1380K(8192K)], 0.0438930 secs]
82.736: [Full GC 82.736: [Tenured: 23531K->11812K(29184K), 0.1208440 secs] 23669K->11812K(32704K), [Perm : 1380K->1380K(8192K)], 0.1211673 secs]
82.939: [Full GC 82.940: [Tenured: 23531K->23531K(29184K), 0.0435542 secs] 23600K->23531K(32704K), [Perm : 1380K->1380K(8192K)], 0.0442761 secs]
82.987: [Full GC 82.987: [Tenured: 23531K->11812K(29184K), 0.1197773 secs] 23669K->11812K(32704K), [Perm : 1380K->1380K(8192K)], 0.1201028 secs]
83.188: [Full GC 83.188: [Tenured: 23531K->23531K(29184K), 0.0435318 secs] 23600K->23531K(32704K), [Perm : 1380K->1380K(8192K)], 0.0438887 secs]
83.235: [Full GC 83.235: [Tenured: 23531K->11812K(29184K), 0.1209235 secs] 23669K->11812K(32704K), [Perm : 1380K->1380K(8192K)], 0.1212474 secs]
83.440: [Full GC 83.440: [Tenured: 23531K->23531K(29184K), 0.0423819 secs] 23600K->23531K(32704K), [Perm : 1380K->1380K(8192K)], 0.0427310 secs]
83.486: [Full GC 83.486: [Tenured: 23531K->11812K(29184K), 0.1204450 secs] 23669K->11812K(32704K), [Perm : 1380K->1380K(8192K)], 0.1207790 secs]
83.689: [Full GC 83.689: [Tenured: 23531K->23531K(29184K), 0.0432049 secs] 23600K->23531K(32704K), [Perm : 1380K->1380K(8192K)], 0.0435459 secs]
83.736: [Full GC 83.736: [Tenured: 23531K->11812K(29184K), 0.1210574 secs] 23669K->11812K(32704K), [Perm : 1380K->1380K(8192K)], 0.1213767 secs]
83.939: [Full GC 83.939: [Tenured: 23531K->23531K(29184K), 0.0433051 secs] 23600K->23531K(32704K), [Perm : 1380K->1380K(8192K)], 0.0436602 secs]
83.986: [Full GC 83.986: [Tenured: 23531K->11812K(29184K), 0.1205139 secs] 23669K->11812K(32704K), [Perm : 1380K->1380K(8192K)], 0.1208372 secs]
84.190: [Full GC 84.190: [Tenured: 23531K->23531K(29184K), 0.0422966 secs] 23600K->23531K(32704K), [Perm : 1380K->1380K(8192K)], 0.0426495 secs]
84.236: [Full GC 84.236: [Tenured: 23531K->11812K(29184K), 0.1205951 secs] 23669K->11812K(32704K), [Perm : 1380K->1380K(8192K)], 0.1209185 secs]
84.441: [Full GC 84.441: [Tenured: 23531K->23531K(29184K), 0.0425259 secs] 23600K->23531K(32704K), [Perm : 1380K->1380K(8192K)], 0.0428798 secs]
84.487: [Full GC 84.487: [Tenured: 23531K->11812K(29184K), 0.1217619 secs] 23669K->11812K(32704K), [Perm : 1380K->1380K(8192K)], 0.1220827 secs]
84.691: [Full GC 84.691: [Tenured: 23531K->23531K(29184K), 0.0423240 secs] 23600K->23531K(32704K), [Perm : 1380K->1380K(8192K)], 0.0426787 secs]
84.737: [Full GC 84.737: [Tenured: 23531K->11812K(29184K), 0.1206559 secs] 23669K->11812K(32704K), [Perm : 1380K->1380K(8192K)], 0.1209900 secs]
84.940: [Full GC 84.941: [Tenured: 23531K->23531K(29184K), 0.0419753 secs] 23600K->23531K(32704K), [Perm : 1380K->1380K(8192K)], 0.0423291 secs]
84.986: [Full GC 84.986: [Tenured: 23531K->11812K(29184K), 0.1214532 secs] 23669K->11812K(32704K), [Perm : 1380K->1380K(8192K)], 0.1217819 secs]
85.189: [Full GC 85.190: [Tenured: 23531K->23531K(29184K), 0.0419735 secs] 23600K->23531K(32704K), [Perm : 1380K->1380K(8192K)], 0.0423350 secs]
85.235: [Full GC 85.236: [Tenured: 23531K->11812K(29184K), 0.1202396 secs] 23669K->11812K(32704K), [Perm : 1380K->1380K(8192K)], 0.1205732 secs]
85.441: [Full GC 85.441: [Tenured: 23531K->23531K(29184K), 0.0425900 secs] 23600K->23531K(32704K), [Perm : 1380K->1380K(8192K)], 0.0429469 secs]
85.487: [Full GC 85.488: [Tenured: 23531K->11812K(29184K), 0.1201244 secs] 23669K->11812K(32704K), [Perm : 1380K->1380K(8192K)], 0.1204535 secs]
85.691: [Full GC 85.692: [Tenured: 23531K->23531K(29184K), 0.0413150 secs] 23600K->23531K(32704K), [Perm : 1380K->1380K(8192K)], 0.0416617 secs]
85.736: [Full GC 85.737: [Tenured: 23531K->11812K(29184K), 0.1212695 secs] 23669K->11812K(32704K), [Perm : 1380K->1380K(8192K)], 0.1215952 secs]
85.941: [Full GC 85.941: [Tenured: 23531K->23531K(29184K), 0.0427158 secs] 23600K->23531K(32704K), [Perm : 1380K->1380K(8192K)], 0.0430734 secs]
85.987: [Full GC 85.987: [Tenured: 23531K->11812K(29184K), 0.1203791 secs] 23669K->11812K(32704K), [Perm : 1380K->1380K(8192K)], 0.1207002 secs]
86.191: [Full GC 86.191: [Tenured: 23531K->23531K(29184K), 0.0423612 secs] 23600K->23531K(32704K), [Perm : 1380K->1380K(8192K)], 0.0427196 secs]
86.237: [Full GC 86.237: [Tenured: 23531K->11812K(29184K), 0.1207309 secs] 23669K->11812K(32704K), [Perm : 1380K->1380K(8192K)], 0.1210579 secs]
86.444: [Full GC 86.445: [Tenured: 23531K->23531K(29184K), 0.0437263 secs] 23600K->23531K(32704K), [Perm : 1380K->1380K(8192K)], 0.0441176 secs]
86.492: [Full GC 86.493: [Tenured: 23531K->11812K(29184K), 0.1193311 secs] 23669K->11812K(32704K), [Perm : 1380K->1380K(8192K)], 0.1196524 secs]
86.695: [Full GC 86.695: [Tenured: 23531K->23531K(29184K), 0.0421440 secs] 23600K->23531K(32704K), [Perm : 1380K->1380K(8192K)], 0.0425055 secs]
86.741: [Full GC 86.742: [Tenured: 23531K->11812K(29184K), 0.1203733 secs] 23669K->11812K(32704K), [Perm : 1380K->1380K(8192K)], 0.1206968 secs]
86.944: [Full GC 86.944: [Tenured: 23531K->23531K(29184K), 0.0440703 secs] 23600K->23531K(32704K), [Perm : 1380K->1380K(8192K)], 0.0444313 secs]
86.993: [Full GC 86.993: [Tenured: 23531K->11812K(29184K), 0.1200956 secs] 23669K->11812K(32704K), [Perm : 1380K->1380K(8192K)], 0.1204216 secs]
87.194: [Full GC 87.194: [Tenured: 23531K->23531K(29184K), 0.0456094 secs] 23600K->23531K(32704K), [Perm : 1380K->1380K(8192K)], 0.0459677 secs]
87.243: [Full GC 87.244: [Tenured: 23531K->11812K(29184K), 0.1200765 secs] 23669K->11812K(32704K), [Perm : 1380K->1380K(8192K)], 0.1204002 secs]
87.447: [Full GC 87.448: [Tenured: 23531K->23531K(29184K), 0.0444176 secs] 23600K->23531K(32704K), [Perm : 1380K->1380K(8192K)], 0.0447734 secs]
87.496: [Full GC 87.496: [Tenured: 23531K->11812K(29184K), 0.1183455 secs] 23669K->11812K(32704K), [Perm : 1380K->1380K(8192K)], 0.1186692 secs]
87.697: [Full GC 87.697: [Tenured: 23531K->23531K(29184K), 0.0436202 secs] 23600K->23531K(32704K), [Perm : 1380K->1380K(8192K)], 0.0439599 secs]
87.744: [Full GC 87.744: [Tenured: 23531K->11812K(29184K), 0.1202362 secs] 23669K->11812K(32704K), [Perm : 1380K->1380K(8192K)], 0.1205557 secs]
87.946: [Full GC 87.946: [Tenured: 23531K->23531K(29184K), 0.0461688 secs] 23600K->23531K(32704K), [Perm : 1380K->1380K(8192K)], 0.0465179 secs]
87.996: [Full GC 87.996: [Tenured: 23531K->11812K(29184K), 0.1193881 secs] 23669K->11812K(32704K), [Perm : 1380K->1380K(8192K)], 0.1197180 secs]
88.196: [Full GC 88.197: [Tenured: 23531K->23531K(29184K), 0.0422979 secs] 23600K->23531K(32704K), [Perm : 1380K->1380K(8192K)], 0.0433527 secs]
88.243: [Full GC 88.243: [Tenured: 23531K->11812K(29184K), 0.1226658 secs] 23669K->11812K(32704K), [Perm : 1380K->1380K(8192K)], 0.1229904 secs]
88.448: [Full GC 88.448: [Tenured: 23531K->23531K(29184K), 0.0435189 secs] 23600K->23531K(32704K), [Perm : 1380K->1380K(8192K)], 0.0438753 secs]
88.495: [Full GC 88.496: [Tenured: 23531K->11812K(29184K), 0.1212250 secs] 23669K->11812K(32704K), [Perm : 1380K->1380K(8192K)], 0.1216103 secs]
88.699: [Full GC 88.699: [Tenured: 23531K->23531K(29184K), 0.0423307 secs] 23600K->23531K(32704K), [Perm : 1380K->1380K(8192K)], 0.0426841 secs]
88.745: [Full GC 88.745: [Tenured: 23531K->11812K(29184K), 0.1215800 secs] 23669K->11812K(32704K), [Perm : 1380K->1380K(8192K)], 0.1219062 secs]
88.948: [Full GC 88.948: [Tenured: 23531K->23531K(29184K), 0.0450462 secs] 23600K->23531K(32704K), [Perm : 1380K->1380K(8192K)], 0.0453984 secs]
88.996: [Full GC 88.997: [Tenured: 23531K->11812K(29184K), 0.1199231 secs] 23669K->11812K(32704K), [Perm : 1380K->1380K(8192K)], 0.1202324 secs]
89.198: [Full GC 89.198: [Tenured: 23531K->23531K(29184K), 0.0429112 secs] 23600K->23531K(32704K), [Perm : 1380K->1380K(8192K)], 0.0432675 secs]
89.245: [Full GC 89.245: [Tenured: 23531K->11812K(29184K), 0.1223955 secs] 23669K->11812K(32704K), [Perm : 1380K->1380K(8192K)], 0.1227278 secs]
89.450: [Full GC 89.450: [Tenured: 23531K->23531K(29184K), 0.0427703 secs] 23600K->23531K(32704K), [Perm : 1380K->1380K(8192K)], 0.0431368 secs]
89.497: [Full GC 89.497: [Tenured: 23531K->11812K(29184K), 0.1205324 secs] 23669K->11812K(32704K), [Perm : 1380K->1380K(8192K)], 0.1208539 secs]
89.700: [Full GC 89.701: [Tenured: 23531K->23531K(29184K), 0.0425006 secs] 23600K->23531K(32704K), [Perm : 1380K->1380K(8192K)], 0.0428566 secs]
89.747: [Full GC 89.747: [Tenured: 23531K->11812K(29184K), 0.1208867 secs] 23669K->11812K(32704K), [Perm : 1380K->1380K(8192K)], 0.1212111 secs]
89.950: [Full GC 89.950: [Tenured: 23531K->23531K(29184K), 0.0434614 secs] 23600K->23531K(32704K), [Perm : 1380K->1380K(8192K)], 0.0438130 secs]
89.997: [Full GC 89.998: [Tenured: 23531K->11812K(29184K), 0.1184621 secs] 23669K->11812K(32704K), [Perm : 1380K->1380K(8192K)], 0.1187885 secs]
90.201: [Full GC 90.201: [Tenured: 23531K->23531K(29184K), 0.0421608 secs] 23600K->23531K(32704K), [Perm : 1380K->1380K(8192K)], 0.0425093 secs]
90.246: [Full GC 90.247: [Tenured: 23531K->11812K(29184K), 0.1224148 secs] 23669K->11812K(32704K), [Perm : 1380K->1380K(8192K)], 0.1230684 secs]
90.451: [Full GC 90.451: [Tenured: 23531K->23531K(29184K), 0.0434017 secs] 23600K->23531K(32704K), [Perm : 1380K->1380K(8192K)], 0.0437584 secs]
90.499: [Full GC 90.499: [Tenured: 23531K->11812K(29184K), 0.1190494 secs] 23669K->11812K(32704K), [Perm : 1380K->1380K(8192K)], 0.1193729 secs]
90.702: [Full GC 90.702: [Tenured: 23531K->23531K(29184K), 0.0447004 secs] 23600K->23531K(32704K), [Perm : 1380K->1380K(8192K)], 0.0450624 secs]
90.751: [Full GC 90.751: [Tenured: 23531K->11812K(29184K), 0.1191668 secs] 23669K->11812K(32704K), [Perm : 1380K->1380K(8192K)], 0.1194872 secs]
90.952: [Full GC 90.952: [Tenured: 23531K->23531K(29184K), 0.0433017 secs] 23600K->23531K(32704K), [Perm : 1380K->1380K(8192K)], 0.0436618 secs]
90.999: [Full GC 90.999: [Tenured: 23531K->11812K(29184K), 0.1221385 secs] 23669K->11812K(32704K), [Perm : 1380K->1380K(8192K)], 0.1224535 secs]
91.202: [Full GC 91.202: [Tenured: 23531K->23531K(29184K), 0.0431451 secs] 23600K->23531K(32704K), [Perm : 1380K->1380K(8192K)], 0.0434994 secs]
91.249: [Full GC 91.249: [Tenured: 23531K->11812K(29184K), 0.1212382 secs] 23669K->11812K(32704K), [Perm : 1380K->1380K(8192K)], 0.1221275 secs]
91.454: [Full GC 91.454: [Tenured: 23531K->23531K(29184K), 0.0429177 secs] 23600K->23531K(32704K), [Perm : 1380K->1380K(8192K)], 0.0432758 secs]
91.501: [Full GC 91.501: [Tenured: 23531K->11812K(29184K), 0.1217779 secs] 23669K->11812K(32704K), [Perm : 1380K->1380K(8192K)], 0.1221016 secs]
91.703: [Full GC 91.703: [Tenured: 23531K->23531K(29184K), 0.0447281 secs] 23600K->23531K(32704K), [Perm : 1380K->1380K(8192K)], 0.0450911 secs]
91.752: [Full GC 91.752: [Tenured: 23531K->11812K(29184K), 0.1193127 secs] 23739K->11812K(32704K), [Perm : 1380K->1380K(8192K)], 0.1196351 secs]
91.954: [Full GC 91.954: [Tenured: 23531K->23531K(29184K), 0.0418162 secs] 23600K->23531K(32704K), [Perm : 1380K->1380K(8192K)], 0.0421802 secs]
92.001: [Full GC 92.002: [Tenured: 23531K->11812K(29184K), 0.1215651 secs] 23669K->11812K(32704K), [Perm : 1380K->1380K(8192K)], 0.1218956 secs]
92.204: [Full GC 92.204: [Tenured: 23531K->23531K(29184K), 0.0430959 secs] 23600K->23531K(32704K), [Perm : 1380K->1380K(8192K)], 0.0434547 secs]
92.252: [Full GC 92.252: [Tenured: 23531K->11812K(29184K), 0.1230600 secs] 23669K->11812K(32704K), [Perm : 1380K->1380K(8192K)], 0.1233835 secs]
92.457: [Full GC 92.457: [Tenured: 23531K->23531K(29184K), 0.0419083 secs] 23600K->23531K(32704K), [Perm : 1380K->1380K(8192K)], 0.0422689 secs]
92.504: [Full GC 92.504: [Tenured: 23531K->11812K(29184K), 0.1206696 secs] 23669K->11812K(32704K), [Perm : 1380K->1380K(8192K)], 0.1209959 secs]
92.706: [Full GC 92.707: [Tenured: 23531K->23531K(29184K), 0.0437227 secs] 23600K->23531K(32704K), [Perm : 1380K->1380K(8192K)], 0.0440745 secs]
92.754: [Full GC 92.754: [Tenured: 23531K->11812K(29184K), 0.1203389 secs] 23669K->11812K(32704K), [Perm : 1380K->1380K(8192K)], 0.1206642 secs]
93.251: [Full GC 93.251: [Tenured: 23531K->23531K(29184K), 0.0420591 secs] 23600K->23531K(32704K), [Perm : 1380K->1380K(8192K)], 0.0423992 secs]
93.296: [Full GC 93.297: [Tenured: 23531K->11812K(29184K), 0.2822402 secs] 23669K->11812K(32704K), [Perm : 1380K->1380K(8192K)], 0.2825722 secs]
93.661: [Full GC 93.661: [Tenured: 23531K->23531K(29184K), 0.0430930 secs] 23600K->23531K(32704K), [Perm : 1380K->1380K(8192K)], 0.0434545 secs]
93.708: [Full GC 93.708: [Tenured: 23531K->11812K(29184K), 0.2095965 secs] 23669K->11812K(32704K), [Perm : 1380K->1380K(8192K)], 0.2099195 secs]
93.998: [Full GC 93.998: [Tenured: 23531K->23531K(29184K), 0.1226058 secs] 23600K->23531K(32704K), [Perm : 1380K->1380K(8192K)], 0.1229630 secs]
94.125: [Full GC 94.125: [Tenured: 23531K->11812K(29184K), 0.2453902 secs] 23669K->11812K(32704K), [Perm : 1380K->1380K(8192K)], 0.2457076 secs]
94.451: [Full GC 94.451: [Tenured: 23531K->23531K(29184K), 0.0429335 secs] 23600K->23531K(32704K), [Perm : 1380K->1380K(8192K)], 0.0432905 secs]
94.497: [Full GC 94.497: [Tenured: 23531K->11812K(29184K), 0.2902643 secs] 23669K->11812K(32704K), [Perm : 1380K->1380K(8192K)], 0.2905920 secs]
94.871: [Full GC 94.871: [Tenured: 23531K->23531K(29184K), 0.0468902 secs] 23600K->23531K(32704K), [Perm : 1380K->1380K(8192K)], 0.0472427 secs]
94.922: [Full GC 94.922: [Tenured: 23531K->11812K(29184K), 0.1215099 secs] 23669K->11812K(32704K), [Perm : 1380K->1380K(8192K)], 0.1218363 secs]
95.125: [Full GC 95.125: [Tenured: 23531K->23531K(29184K), 0.0435329 secs] 23600K->23531K(32704K), [Perm : 1380K->1380K(8192K)], 0.0438925 secs]
95.173: [Full GC 95.173: [Tenured: 23531K->11812K(29184K), 0.1195400 secs] 23669K->11812K(32704K), [Perm : 1380K->1380K(8192K)], 0.1198577 secs]
95.376: [Full GC 95.376: [Tenured: 23531K->23531K(29184K), 0.0449287 secs] 23600K->23531K(32704K), [Perm : 1380K->1380K(8192K)], 0.0452765 secs]
95.424: [Full GC 95.425: [Tenured: 23531K->11812K(29184K), 0.1200702 secs] 23669K->11812K(32704K), [Perm : 1380K->1380K(8192K)], 0.1203946 secs]
95.626: [Full GC 95.627: [Tenured: 23531K->23531K(29184K), 0.0417275 secs] 23600K->23531K(32704K), [Perm : 1380K->1380K(8192K)], 0.0420883 secs]
95.673: [Full GC 95.674: [Tenured: 23531K->11812K(29184K), 0.1211255 secs] 23669K->11812K(32704K), [Perm : 1380K->1380K(8192K)], 0.1214537 secs]
95.876: [Full GC 95.876: [Tenured: 23531K->23531K(29184K), 0.0442410 secs] 23600K->23531K(32704K), [Perm : 1380K->1380K(8192K)], 0.0445935 secs]
95.924: [Full GC 95.924: [Tenured: 23531K->11812K(29184K), 0.1205692 secs] 23669K->11812K(32704K), [Perm : 1380K->1380K(8192K)], 0.1208920 secs]
96.126: [Full GC 96.127: [Tenured: 23531K->23531K(29184K), 0.0423316 secs] 23600K->23531K(32704K), [Perm : 1380K->1380K(8192K)], 0.0448627 secs]
96.175: [Full GC 96.175: [Tenured: 23531K->11812K(29184K), 0.1196703 secs] 23669K->11812K(32704K), [Perm : 1380K->1380K(8192K)], 0.1199975 secs]
96.378: [Full GC 96.378: [Tenured: 23531K->23531K(29184K), 0.0431206 secs] 23600K->23531K(32704K), [Perm : 1380K->1380K(8192K)], 0.0434747 secs]
96.425: [Full GC 96.425: [Tenured: 23531K->11812K(29184K), 0.1208693 secs] 23669K->11812K(32704K), [Perm : 1380K->1380K(8192K)], 0.1211926 secs]
96.628: [Full GC 96.629: [Tenured: 23531K->23531K(29184K), 0.0433149 secs] 23600K->23531K(32704K), [Perm : 1380K->1380K(8192K)], 0.0436701 secs]
96.675: [Full GC 96.676: [Tenured: 23531K->11812K(29184K), 0.1212841 secs] 23669K->11812K(32704K), [Perm : 1380K->1380K(8192K)], 0.1216065 secs]
96.878: [Full GC 96.878: [Tenured: 23531K->23531K(29184K), 0.0436450 secs] 23600K->23531K(32704K), [Perm : 1380K->1380K(8192K)], 0.0439995 secs]
96.925: [Full GC 96.925: [Tenured: 23531K->11812K(29184K), 0.1202524 secs] 23669K->11812K(32704K), [Perm : 1380K->1380K(8192K)], 0.1205795 secs]
97.128: [Full GC 97.128: [Tenured: 23531K->23531K(29184K), 0.0450044 secs] 23600K->23531K(32704K), [Perm : 1380K->1380K(8192K)], 0.0453592 secs]
97.177: [Full GC 97.177: [Tenured: 23531K->11812K(29184K), 0.1201304 secs] 23669K->11812K(32704K), [Perm : 1380K->1380K(8192K)], 0.1204591 secs]
97.381: [Full GC 97.382: [Tenured: 23531K->23531K(29184K), 0.0407862 secs] 23600K->23531K(32704K), [Perm : 1380K->1380K(8192K)], 0.0411415 secs]
97.426: [Full GC 97.426: [Tenured: 23531K->11812K(29184K), 0.1211590 secs] 23669K->11812K(32704K), [Perm : 1380K->1380K(8192K)], 0.1214802 secs]
97.629: [Full GC 97.630: [Tenured: 23531K->23531K(29184K), 0.0440602 secs] 23600K->23531K(32704K), [Perm : 1380K->1380K(8192K)], 0.0444412 secs]
97.677: [Full GC 97.677: [Tenured: 23531K->11812K(29184K), 0.1180982 secs] 23669K->11812K(32704K), [Perm : 1380K->1380K(8192K)], 0.1184212 secs]
97.880: [Full GC 97.880: [Tenured: 23531K->23531K(29184K), 0.0423058 secs] 23600K->23531K(32704K), [Perm : 1380K->1380K(8192K)], 0.0426546 secs]
97.926: [Full GC 97.926: [Tenured: 23531K->11812K(29184K), 0.1207937 secs] 23669K->11812K(32704K), [Perm : 1380K->1380K(8192K)], 0.1211257 secs]
98.129: [Full GC 98.129: [Tenured: 23531K->23531K(29184K), 0.0449873 secs] 23600K->23531K(32704K), [Perm : 1380K->1380K(8192K)], 0.0453322 secs]
98.177: [Full GC 98.178: [Tenured: 23531K->11812K(29184K), 0.1192743 secs] 23669K->11812K(32704K), [Perm : 1380K->1380K(8192K)], 0.1195942 secs]
98.382: [Full GC 98.383: [Tenured: 23531K->23531K(29184K), 0.0423185 secs] 23600K->23531K(32704K), [Perm : 1380K->1380K(8192K)], 0.0427034 secs]
98.429: [Full GC 98.429: [Tenured: 23531K->11812K(29184K), 0.1203847 secs] 23669K->11812K(32704K), [Perm : 1380K->1380K(8192K)], 0.1210819 secs]
98.632: [Full GC 98.633: [Tenured: 23531K->23531K(29184K), 0.0430642 secs] 23600K->23531K(32704K), [Perm : 1380K->1380K(8192K)], 0.0434199 secs]
98.679: [Full GC 98.680: [Tenured: 23531K->11812K(29184K), 0.1181707 secs] 23669K->11812K(32704K), [Perm : 1380K->1380K(8192K)], 0.1185692 secs]
98.881: [Full GC 98.881: [Tenured: 23531K->23531K(29184K), 0.0442832 secs] 23600K->23531K(32704K), [Perm : 1380K->1380K(8192K)], 0.0446378 secs]
98.929: [Full GC 98.929: [Tenured: 23531K->11812K(29184K), 0.1195335 secs] 23669K->11812K(32704K), [Perm : 1380K->1380K(8192K)], 0.1205997 secs]
99.133: [Full GC 99.133: [Tenured: 23531K->23531K(29184K), 0.0418528 secs] 23600K->23531K(32704K), [Perm : 1380K->1380K(8192K)], 0.0422009 secs]
99.178: [Full GC 99.178: [Tenured: 23531K->11812K(29184K), 0.1182271 secs] 23669K->11812K(32704K), [Perm : 1380K->1380K(8192K)], 0.1185546 secs]
99.381: [Full GC 99.381: [Tenured: 23531K->23531K(29184K), 0.0428317 secs] 23600K->23531K(32704K), [Perm : 1380K->1380K(8192K)], 0.0431880 secs]
99.427: [Full GC 99.428: [Tenured: 23531K->11812K(29184K), 0.1190635 secs] 23669K->11812K(32704K), [Perm : 1380K->1380K(8192K)], 0.1193794 secs]
99.629: [Full GC 99.629: [Tenured: 23531K->23531K(29184K), 0.0440667 secs] 23600K->23531K(32704K), [Perm : 1380K->1380K(8192K)], 0.0444201 secs]
99.677: [Full GC 99.677: [Tenured: 23531K->11812K(29184K), 0.1236210 secs] 23669K->11812K(32704K), [Perm : 1380K->1380K(8192K)], 0.1239338 secs]
99.881: [Full GC 99.882: [Tenured: 23531K->23531K(29184K), 0.0423931 secs] 23600K->23531K(32704K), [Perm : 1380K->1380K(8192K)], 0.0427470 secs]
99.928: [Full GC 99.928: [Tenured: 23531K->11812K(29184K), 0.1202702 secs] 23669K->11812K(32704K), [Perm : 1380K->1380K(8192K)], 0.1205964 secs]
100.131: [Full GC 100.131: [Tenured: 23531K->23531K(29184K), 0.0427712 secs] 23600K->23531K(32704K), [Perm : 1380K->1380K(8192K)], 0.0431274 secs]
100.178: [Full GC 100.178: [Tenured: 23531K->11812K(29184K), 0.1208415 secs] 23669K->11812K(32704K), [Perm : 1380K->1380K(8192K)], 0.1211652 secs]
100.382: [Full GC 100.382: [Tenured: 23531K->23531K(29184K), 0.0439444 secs] 23600K->23531K(32704K), [Perm : 1380K->1380K(8192K)], 0.0442945 secs]
100.430: [Full GC 100.430: [Tenured: 23531K->11812K(29184K), 0.1194573 secs] 23669K->11812K(32704K), [Perm : 1380K->1380K(8192K)], 0.1197746 secs]
100.632: [Full GC 100.632: [Tenured: 23531K->23531K(29184K), 0.0446402 secs] 23600K->23531K(32704K), [Perm : 1380K->1380K(8192K)], 0.0450046 secs]
100.681: [Full GC 100.681: [Tenured: 23531K->11812K(29184K), 0.1191316 secs] 23669K->11812K(32704K), [Perm : 1380K->1380K(8192K)], 0.1194517 secs]
100.881: [Full GC 100.882: [Tenured: 23531K->23531K(29184K), 0.0435392 secs] 23600K->23531K(32704K), [Perm : 1380K->1380K(8192K)], 0.0438991 secs]
100.929: [Full GC 100.929: [Tenured: 23531K->11812K(29184K), 0.1198635 secs] 23669K->11812K(32704K), [Perm : 1380K->1380K(8192K)], 0.1201839 secs]
101.132: [Full GC 101.132: [Tenured: 23531K->23531K(29184K), 0.0434511 secs] 23600K->23531K(32704K), [Perm : 1380K->1380K(8192K)], 0.0438029 secs]
101.180: [Full GC 101.180: [Tenured: 23531K->11812K(29184K), 0.1206645 secs] 23669K->11812K(32704K), [Perm : 1380K->1380K(8192K)], 0.1209923 secs]
101.383: [Full GC 101.384: [Tenured: 23531K->23531K(29184K), 0.0432039 secs] 23600K->23531K(32704K), [Perm : 1380K->1380K(8192K)], 0.0435591 secs]
101.431: [Full GC 101.431: [Tenured: 23531K->11812K(29184K), 0.1204312 secs] 23669K->11812K(32704K), [Perm : 1380K->1380K(8192K)], 0.1207790 secs]
101.633: [Full GC 101.633: [Tenured: 23531K->23531K(29184K), 0.0439500 secs] 23600K->23531K(32704K), [Perm : 1380K->1380K(8192K)], 0.0443439 secs]
101.682: [Full GC 101.682: [Tenured: 23531K->11812K(29184K), 0.1264720 secs] 23669K->11812K(32704K), [Perm : 1380K->1380K(8192K)], 0.1268004 secs]
101.891: [Full GC 101.892: [Tenured: 23531K->23531K(29184K), 0.0426717 secs] 23600K->23531K(32704K), [Perm : 1380K->1380K(8192K)], 0.0430236 secs]
101.943: [Full GC 101.944: [Tenured: 23531K->11812K(29184K), 0.1202025 secs] 23669K->11812K(32704K), [Perm : 1380K->1380K(8192K)], 0.1205263 secs]
102.145: [Full GC 102.146: [Tenured: 23531K->23531K(29184K), 0.0426722 secs] 23600K->23531K(32704K), [Perm : 1380K->1380K(8192K)], 0.0430388 secs]
102.194: [Full GC 102.194: [Tenured: 23531K->11812K(29184K), 0.1197103 secs] 23669K->11812K(32704K), [Perm : 1380K->1380K(8192K)], 0.1200399 secs]
102.397: [Full GC 102.398: [Tenured: 23531K->23531K(29184K), 0.0447171 secs] 23600K->23531K(32704K), [Perm : 1380K->1380K(8192K)], 0.0450702 secs]
102.446: [Full GC 102.446: [Tenured: 23531K->11812K(29184K), 0.1192529 secs] 23669K->11812K(32704K), [Perm : 1380K->1380K(8192K)], 0.1195818 secs]
102.647: [Full GC 102.648: [Tenured: 23531K->23531K(29184K), 0.0439855 secs] 23600K->23531K(32704K), [Perm : 1380K->1380K(8192K)], 0.0443381 secs]
102.695: [Full GC 102.695: [Tenured: 23531K->11812K(29184K), 0.1216559 secs] 23669K->11812K(32704K), [Perm : 1380K->1380K(8192K)], 0.1219776 secs]
102.898: [Full GC 102.898: [Tenured: 23531K->23531K(29184K), 0.0438921 secs] 23600K->23531K(32704K), [Perm : 1380K->1380K(8192K)], 0.0442504 secs]
102.945: [Full GC 102.946: [Tenured: 23531K->11812K(29184K), 0.1194162 secs] 23669K->11812K(32704K), [Perm : 1380K->1380K(8192K)], 0.1197406 secs]
103.147: [Full GC 103.147: [Tenured: 23531K->23531K(29184K), 0.0438930 secs] 23600K->23531K(32704K), [Perm : 1380K->1380K(8192K)], 0.0442376 secs]
103.194: [Full GC 103.195: [Tenured: 23531K->11812K(29184K), 0.1213996 secs] 23669K->11812K(32704K), [Perm : 1380K->1380K(8192K)], 0.1217192 secs]
103.398: [Full GC 103.398: [Tenured: 23531K->23531K(29184K), 0.0448087 secs] 23600K->23531K(32704K), [Perm : 1380K->1380K(8192K)], 0.0451635 secs]
103.446: [Full GC 103.447: [Tenured: 23531K->11812K(29184K), 0.1189618 secs] 23669K->11812K(32704K), [Perm : 1380K->1380K(8192K)], 0.1192889 secs]
103.649: [Full GC 103.649: [Tenured: 23531K->23531K(29184K), 0.0433080 secs] 23600K->23531K(32704K), [Perm : 1380K->1380K(8192K)], 0.0436639 secs]
103.696: [Full GC 103.696: [Tenured: 23531K->11812K(29184K), 0.1223959 secs] 23669K->11812K(32704K), [Perm : 1380K->1380K(8192K)], 0.1227282 secs]
103.899: [Full GC 103.899: [Tenured: 23531K->23531K(29184K), 0.0446418 secs] 23600K->23531K(32704K), [Perm : 1380K->1380K(8192K)], 0.0449995 secs]
103.947: [Full GC 103.947: [Tenured: 23531K->11812K(29184K), 0.1202900 secs] 23669K->11812K(32704K), [Perm : 1380K->1380K(8192K)], 0.1206189 secs]
104.149: [Full GC 104.150: [Tenured: 23531K->23531K(29184K), 0.0436014 secs] 23600K->23531K(32704K), [Perm : 1380K->1380K(8192K)], 0.0439773 secs]
104.197: [Full GC 104.197: [Tenured: 23531K->11812K(29184K), 0.1205805 secs] 23669K->11812K(32704K), [Perm : 1380K->1380K(8192K)], 0.1209419 secs]
104.401: [Full GC 104.401: [Tenured: 23531K->23531K(29184K), 0.0429510 secs] 23600K->23531K(32704K), [Perm : 1380K->1380K(8192K)], 0.0433122 secs]
104.447: [Full GC 104.447: [Tenured: 23531K->11812K(29184K), 0.1200655 secs] 23669K->11812K(32704K), [Perm : 1380K->1380K(8192K)], 0.1203868 secs]
104.650: [Full GC 104.650: [Tenured: 23531K->23531K(29184K), 0.0427338 secs] 23600K->23531K(32704K), [Perm : 1380K->1380K(8192K)], 0.0430882 secs]
104.697: [Full GC 104.697: [Tenured: 23531K->11812K(29184K), 0.1218174 secs] 23669K->11812K(32704K), [Perm : 1380K->1380K(8192K)], 0.1221423 secs]
104.899: [Full GC 104.899: [Tenured: 23531K->23531K(29184K), 0.0444156 secs] 23600K->23531K(32704K), [Perm : 1380K->1380K(8192K)], 0.0447743 secs]
104.947: [Full GC 104.947: [Tenured: 23531K->11812K(29184K), 0.1195701 secs] 23669K->11812K(32704K), [Perm : 1380K->1380K(8192K)], 0.1198936 secs]
105.148: [Full GC 105.149: [Tenured: 23531K->23531K(29184K), 0.0437362 secs] 23600K->23531K(32704K), [Perm : 1380K->1380K(8192K)], 0.0440947 secs]
105.196: [Full GC 105.196: [Tenured: 23531K->11812K(29184K), 0.1206000 secs] 23669K->11812K(32704K), [Perm : 1380K->1380K(8192K)], 0.1209244 secs]
105.399: [Full GC 105.399: [Tenured: 23531K->23531K(29184K), 0.0439029 secs] 23600K->23531K(32704K), [Perm : 1380K->1380K(8192K)], 0.0442624 secs]
105.446: [Full GC 105.446: [Tenured: 23531K->11812K(29184K), 0.1208456 secs] 23669K->11812K(32704K), [Perm : 1380K->1380K(8192K)], 0.1211715 secs]
105.648: [Full GC 105.649: [Tenured: 23531K->23531K(29184K), 0.0428155 secs] 23600K->23531K(32704K), [Perm : 1380K->1380K(8192K)], 0.0431757 secs]
105.695: [Full GC 105.695: [Tenured: 23531K->11812K(29184K), 0.1206836 secs] 23669K->11812K(32704K), [Perm : 1380K->1380K(8192K)], 0.1210010 secs]
105.898: [Full GC 105.899: [Tenured: 23531K->23531K(29184K), 0.0428966 secs] 23600K->23531K(32704K), [Perm : 1380K->1380K(8192K)], 0.0432475 secs]
105.945: [Full GC 105.945: [Tenured: 23531K->11812K(29184K), 0.1210769 secs] 23669K->11812K(32704K), [Perm : 1380K->1380K(8192K)], 0.1214029 secs]
106.147: [Full GC 106.147: [Tenured: 23531K->23531K(29184K), 0.0437065 secs] 23600K->23531K(32704K), [Perm : 1380K->1380K(8192K)], 0.0440611 secs]
106.194: [Full GC 106.194: [Tenured: 23531K->11812K(29184K), 0.1207941 secs] 23669K->11812K(32704K), [Perm : 1380K->1380K(8192K)], 0.1211194 secs]
106.400: [Full GC 106.400: [Tenured: 23531K->23531K(29184K), 0.0418958 secs] 23600K->23531K(32704K), [Perm : 1380K->1380K(8192K)], 0.0422523 secs]
106.446: [Full GC 106.446: [Tenured: 23531K->11812K(29184K), 0.1198227 secs] 23669K->11812K(32704K), [Perm : 1380K->1380K(8192K)], 0.1201424 secs]
106.647: [Full GC 106.648: [Tenured: 23531K->23531K(29184K), 0.0438890 secs] 23600K->23531K(32704K), [Perm : 1380K->1380K(8192K)], 0.0442442 secs]
106.695: [Full GC 106.695: [Tenured: 23531K->11812K(29184K), 0.1209617 secs] 23669K->11812K(32704K), [Perm : 1380K->1380K(8192K)], 0.1212870 secs]
106.898: [Full GC 106.898: [Tenured: 23531K->23531K(29184K), 0.0441929 secs] 23600K->23531K(32704K), [Perm : 1380K->1380K(8192K)], 0.0445438 secs]
106.946: [Full GC 106.946: [Tenured: 23531K->11812K(29184K), 0.1188930 secs] 23669K->11812K(32704K), [Perm : 1380K->1380K(8192K)], 0.1192138 secs]
107.146: [Full GC 107.146: [Tenured: 23531K->23531K(29184K), 0.0439959 secs] 23600K->23531K(32704K), [Perm : 1380K->1380K(8192K)], 0.0443446 secs]
107.194: [Full GC 107.194: [Tenured: 23531K->11812K(29184K), 0.1205791 secs] 23669K->11812K(32704K), [Perm : 1380K->1380K(8192K)], 0.1209154 secs]
107.399: [Full GC 107.399: [Tenured: 23531K->23531K(29184K), 0.0430851 secs] 23600K->23531K(32704K), [Perm : 1380K->1380K(8192K)], 0.0434358 secs]
107.445: [Full GC 107.446: [Tenured: 23531K->11812K(29184K), 0.1198044 secs] 23669K->11812K(32704K), [Perm : 1380K->1380K(8192K)], 0.1201320 secs]
107.646: [Full GC 107.647: [Tenured: 23531K->23531K(29184K), 0.0449206 secs] 23600K->23531K(32704K), [Perm : 1380K->1380K(8192K)], 0.0452810 secs]
107.695: [Full GC 107.695: [Tenured: 23531K->11812K(29184K), 0.1202688 secs] 23669K->11812K(32704K), [Perm : 1380K->1380K(8192K)], 0.1206000 secs]
107.897: [Full GC 107.898: [Tenured: 23531K->23531K(29184K), 0.0461569 secs] 23600K->23531K(32704K), [Perm : 1380K->1380K(8192K)], 0.0465189 secs]
107.947: [Full GC 107.948: [Tenured: 23531K->11812K(29184K), 0.1188661 secs] 23669K->11812K(32704K), [Perm : 1380K->1380K(8192K)], 0.1191947 secs]
108.146: [Full GC 108.147: [Tenured: 23531K->23531K(29184K), 0.0449563 secs] 23600K->23531K(32704K), [Perm : 1380K->1380K(8192K)], 0.0453189 secs]
108.195: [Full GC 108.195: [Tenured: 23531K->11812K(29184K), 0.1208186 secs] 23669K->11812K(32704K), [Perm : 1380K->1380K(8192K)], 0.1211417 secs]
108.401: [Full GC 108.401: [Tenured: 23531K->23531K(29184K), 0.0433215 secs] 23600K->23531K(32704K), [Perm : 1380K->1380K(8192K)], 0.0436839 secs]
108.448: [Full GC 108.448: [Tenured: 23531K->11812K(29184K), 0.1207386 secs] 23669K->11812K(32704K), [Perm : 1380K->1380K(8192K)], 0.1210697 secs]
108.651: [Full GC 108.651: [Tenured: 23531K->23531K(29184K), 0.0439950 secs] 23600K->23531K(32704K), [Perm : 1380K->1380K(8192K)], 0.0443531 secs]
108.698: [Full GC 108.699: [Tenured: 23531K->11812K(29184K), 0.1210327 secs] 23669K->11812K(32704K), [Perm : 1380K->1380K(8192K)], 0.1213499 secs]
108.901: [Full GC 108.901: [Tenured: 23531K->23531K(29184K), 0.0428321 secs] 23600K->23531K(32704K), [Perm : 1380K->1380K(8192K)], 0.0431934 secs]
108.948: [Full GC 108.948: [Tenured: 23531K->11812K(29184K), 0.1210653 secs] 23669K->11812K(32704K), [Perm : 1380K->1380K(8192K)], 0.1223870 secs]
109.151: [Full GC 109.151: [Tenured: 23531K->23531K(29184K), 0.0421026 secs] 23600K->23531K(32704K), [Perm : 1380K->1380K(8192K)], 0.0424848 secs]
109.196: [Full GC 109.197: [Tenured: 23531K->11812K(29184K), 0.1213342 secs] 23669K->11812K(32704K), [Perm : 1380K->1380K(8192K)], 0.1216555 secs]
109.403: [Full GC 109.403: [Tenured: 23531K->23531K(29184K), 0.0425167 secs] 23600K->23531K(32704K), [Perm : 1380K->1380K(8192K)], 0.0428753 secs]
109.449: [Full GC 109.449: [Tenured: 23531K->11812K(29184K), 0.1221310 secs] 23669K->11812K(32704K), [Perm : 1380K->1380K(8192K)], 0.1224415 secs]
109.651: [Full GC 109.651: [Tenured: 23531K->23531K(29184K), 0.0449703 secs] 23600K->23531K(32704K), [Perm : 1380K->1380K(8192K)], 0.0453223 secs]
109.700: [Full GC 109.700: [Tenured: 23531K->11812K(29184K), 0.1202850 secs] 23669K->11812K(32704K), [Perm : 1380K->1380K(8192K)], 0.1206150 secs]
109.903: [Full GC 109.904: [Tenured: 23531K->23531K(29184K), 0.0416390 secs] 23600K->23531K(32704K), [Perm : 1380K->1380K(8192K)], 0.0420018 secs]
109.949: [Full GC 109.949: [Tenured: 23531K->11812K(29184K), 0.1223297 secs] 23669K->11812K(32704K), [Perm : 1380K->1380K(8192K)], 0.1226516 secs]
110.152: [Full GC 110.152: [Tenured: 23531K->23531K(29184K), 0.0442570 secs] 23600K->23531K(32704K), [Perm : 1380K->1380K(8192K)], 0.0446155 secs]
110.200: [Full GC 110.201: [Tenured: 23531K->11812K(29184K), 0.1195787 secs] 23669K->11812K(32704K), [Perm : 1380K->1380K(8192K)], 0.1199020 secs]
110.405: [Full GC 110.405: [Tenured: 23531K->23531K(29184K), 0.0437768 secs] 23600K->23531K(32704K), [Perm : 1380K->1380K(8192K)], 0.0441383 secs]
110.453: [Full GC 110.453: [Tenured: 23531K->11812K(29184K), 0.1193297 secs] 23669K->11812K(32704K), [Perm : 1380K->1380K(8192K)], 0.1197863 secs]
110.654: [Full GC 110.654: [Tenured: 23531K->23531K(29184K), 0.0439453 secs] 23600K->23531K(32704K), [Perm : 1380K->1380K(8192K)], 0.0443032 secs]
110.703: [Full GC 110.703: [Tenured: 23531K->11812K(29184K), 0.1196171 secs] 23669K->11812K(32704K), [Perm : 1380K->1380K(8192K)], 0.1199390 secs]
110.905: [Full GC 110.906: [Tenured: 23531K->23531K(29184K), 0.0423648 secs] 23600K->23531K(32704K), [Perm : 1380K->1380K(8192K)], 0.0427254 secs]
110.952: [Full GC 110.952: [Tenured: 23531K->11812K(29184K), 0.1205883 secs] 23669K->11812K(32704K), [Perm : 1380K->1380K(8192K)], 0.1209094 secs]
111.155: [Full GC 111.155: [Tenured: 23531K->23531K(29184K), 0.0431896 secs] 23600K->23531K(32704K), [Perm : 1380K->1380K(8192K)], 0.0435517 secs]
111.202: [Full GC 111.202: [Tenured: 23531K->11812K(29184K), 0.1208035 secs] 23669K->11812K(32704K), [Perm : 1380K->1380K(8192K)], 0.1211291 secs]
111.407: [Full GC 111.407: [Tenured: 23531K->23531K(29184K), 0.0430087 secs] 23600K->23531K(32704K), [Perm : 1380K->1380K(8192K)], 0.0433525 secs]
111.453: [Full GC 111.454: [Tenured: 23531K->11812K(29184K), 0.1199211 secs] 23669K->11812K(32704K), [Perm : 1380K->1380K(8192K)], 0.1202457 secs]
111.657: [Full GC 111.657: [Tenured: 23531K->23531K(29184K), 0.0437710 secs] 23600K->23531K(32704K), [Perm : 1380K->1380K(8192K)], 0.0441053 secs]
111.704: [Full GC 111.704: [Tenured: 23531K->11812K(29184K), 0.1227630 secs] 23669K->11812K(32704K), [Perm : 1380K->1380K(8192K)], 0.1230897 secs]
111.911: [Full GC 111.911: [Tenured: 23531K->23531K(29184K), 0.0423574 secs] 23600K->23531K(32704K), [Perm : 1380K->1380K(8192K)], 0.0427025 secs]
111.959: [Full GC 111.960: [Tenured: 23531K->11812K(29184K), 0.1186257 secs] 23669K->11812K(32704K), [Perm : 1380K->1380K(8192K)], 0.1193025 secs]
112.162: [Full GC 112.163: [Tenured: 23531K->23531K(29184K), 0.0438170 secs] 23600K->23531K(32704K), [Perm : 1380K->1380K(8192K)], 0.0441777 secs]
112.210: [Full GC 112.210: [Tenured: 23531K->11812K(29184K), 0.1186184 secs] 23669K->11812K(32704K), [Perm : 1380K->1380K(8192K)], 0.1193578 secs]
112.473: [Full GC 112.473: [Tenured: 23531K->23531K(29184K), 0.0429310 secs] 23600K->23531K(32704K), [Perm : 1380K->1380K(8192K)], 0.0432931 secs]
112.520: [Full GC 112.520: [Tenured: 23531K->11812K(29184K), 0.1188243 secs] 23669K->11812K(32704K), [Perm : 1380K->1380K(8192K)], 0.1214074 secs]
112.722: [Full GC 112.722: [Tenured: 23531K->23531K(29184K), 0.0435791 secs] 23600K->23531K(32704K), [Perm : 1380K->1380K(8192K)], 0.0439235 secs]
112.770: [Full GC 112.770: [Tenured: 23531K->11812K(29184K), 0.1202089 secs] 23669K->11812K(32704K), [Perm : 1380K->1380K(8192K)], 0.1205304 secs]
112.974: [Full GC 112.974: [Tenured: 23531K->23531K(29184K), 0.0420579 secs] 23600K->23531K(32704K), [Perm : 1380K->1380K(8192K)], 0.0424105 secs]
113.020: [Full GC 113.020: [Tenured: 23531K->11812K(29184K), 0.1212252 secs] 23669K->11812K(32704K), [Perm : 1380K->1380K(8192K)], 0.1215525 secs]
113.223: [Full GC 113.223: [Tenured: 23531K->23531K(29184K), 0.0423206 secs] 23600K->23531K(32704K), [Perm : 1380K->1380K(8192K)], 0.0426837 secs]
113.270: [Full GC 113.271: [Tenured: 23531K->11812K(29184K), 0.1217042 secs] 23669K->11812K(32704K), [Perm : 1380K->1380K(8192K)], 0.1221902 secs]
113.475: [Full GC 113.475: [Tenured: 23531K->23531K(29184K), 0.0439680 secs] 23600K->23531K(32704K), [Perm : 1380K->1380K(8192K)], 0.0447065 secs]
113.523: [Full GC 113.523: [Tenured: 23531K->11812K(29184K), 0.1205807 secs] 23669K->11812K(32704K), [Perm : 1380K->1380K(8192K)], 0.1209060 secs]
113.725: [Full GC 113.725: [Tenured: 23531K->23531K(29184K), 0.0432249 secs] 23600K->23531K(32704K), [Perm : 1380K->1380K(8192K)], 0.0435836 secs]
113.772: [Full GC 113.773: [Tenured: 23531K->11812K(29184K), 0.1218134 secs] 23669K->11812K(32704K), [Perm : 1380K->1380K(8192K)], 0.1221405 secs]
113.976: [Full GC 113.977: [Tenured: 23531K->23531K(29184K), 0.0445838 secs] 23600K->23531K(32704K), [Perm : 1380K->1380K(8192K)], 0.0449404 secs]
114.025: [Full GC 114.025: [Tenured: 23531K->11812K(29184K), 0.1195299 secs] 23669K->11812K(32704K), [Perm : 1380K->1380K(8192K)], 0.1198541 secs]
114.226: [Full GC 114.226: [Tenured: 23531K->23531K(29184K), 0.0423958 secs] 23600K->23531K(32704K), [Perm : 1380K->1380K(8192K)], 0.0427484 secs]
114.274: [Full GC 114.275: [Tenured: 23531K->11812K(29184K), 0.1207662 secs] 23669K->11812K(32704K), [Perm : 1380K->1380K(8192K)], 0.1210936 secs]
114.477: [Full GC 114.477: [Tenured: 23531K->23531K(29184K), 0.0429204 secs] 23600K->23531K(32704K), [Perm : 1380K->1380K(8192K)], 0.0432756 secs]
114.524: [Full GC 114.524: [Tenured: 23531K->11812K(29184K), 0.1211037 secs] 23669K->11812K(32704K), [Perm : 1380K->1380K(8192K)], 0.1214321 secs]
114.728: [Full GC 114.728: [Tenured: 23531K->23531K(29184K), 0.0431217 secs] 23600K->23531K(32704K), [Perm : 1380K->1380K(8192K)], 0.0434762 secs]
114.775: [Full GC 114.775: [Tenured: 23531K->11812K(29184K), 0.1204585 secs] 23669K->11812K(32704K), [Perm : 1380K->1380K(8192K)], 0.1207880 secs]
114.977: [Full GC 114.977: [Tenured: 23531K->23531K(29184K), 0.0434828 secs] 23600K->23531K(32704K), [Perm : 1380K->1380K(8192K)], 0.0438321 secs]
115.024: [Full GC 115.025: [Tenured: 23531K->11812K(29184K), 0.1203920 secs] 23669K->11812K(32704K), [Perm : 1380K->1380K(8192K)], 0.1207114 secs]
115.226: [Full GC 115.227: [Tenured: 23531K->23531K(29184K), 0.0445243 secs] 23600K->23531K(32704K), [Perm : 1380K->1380K(8192K)], 0.0448750 secs]
115.275: [Full GC 115.275: [Tenured: 23531K->11812K(29184K), 0.1215607 secs] 23669K->11812K(32704K), [Perm : 1380K->1380K(8192K)], 0.1218902 secs]
115.480: [Full GC 115.480: [Tenured: 23531K->23531K(29184K), 0.0419427 secs] 23600K->23531K(32704K), [Perm : 1380K->1380K(8192K)], 0.0422920 secs]
115.525: [Full GC 115.526: [Tenured: 23531K->11812K(29184K), 0.1209864 secs] 23669K->11812K(32704K), [Perm : 1380K->1380K(8192K)], 0.1213120 secs]
115.728: [Full GC 115.728: [Tenured: 23531K->23531K(29184K), 0.0439213 secs] 23600K->23531K(32704K), [Perm : 1380K->1380K(8192K)], 0.0442745 secs]
115.776: [Full GC 115.776: [Tenured: 23531K->11812K(29184K), 0.1196674 secs] 23669K->11812K(32704K), [Perm : 1380K->1380K(8192K)], 0.1199911 secs]
115.978: [Full GC 115.978: [Tenured: 23531K->23531K(29184K), 0.0448060 secs] 23600K->23531K(32704K), [Perm : 1380K->1380K(8192K)], 0.0451650 secs]
116.027: [Full GC 116.027: [Tenured: 23531K->11812K(29184K), 0.1200693 secs] 23669K->11812K(32704K), [Perm : 1380K->1380K(8192K)], 0.1203953 secs]
116.227: [Full GC 116.228: [Tenured: 23531K->23531K(29184K), 0.0446578 secs] 23600K->23531K(32704K), [Perm : 1380K->1380K(8192K)], 0.0450221 secs]
116.276: [Full GC 116.276: [Tenured: 23531K->11812K(29184K), 0.1212032 secs] 23669K->11812K(32704K), [Perm : 1380K->1380K(8192K)], 0.1215231 secs]
116.481: [Full GC 116.481: [Tenured: 23531K->23531K(29184K), 0.0430925 secs] 23600K->23531K(32704K), [Perm : 1380K->1380K(8192K)], 0.0434475 secs]
116.527: [Full GC 116.528: [Tenured: 23531K->11812K(29184K), 0.1206708 secs] 23669K->11812K(32704K), [Perm : 1380K->1380K(8192K)], 0.1209956 secs]
116.731: [Full GC 116.731: [Tenured: 23531K->23531K(29184K), 0.0433414 secs] 23600K->23531K(32704K), [Perm : 1380K->1380K(8192K)], 0.0436935 secs]
116.778: [Full GC 116.778: [Tenured: 23531K->11812K(29184K), 0.1195236 secs] 23669K->11812K(32704K), [Perm : 1380K->1380K(8192K)], 0.1198453 secs]
116.981: [Full GC 116.981: [Tenured: 23531K->23531K(29184K), 0.0444733 secs] 23600K->23531K(32704K), [Perm : 1380K->1380K(8192K)], 0.0448345 secs]
117.030: [Full GC 117.030: [Tenured: 23531K->11812K(29184K), 0.1192138 secs] 23669K->11812K(32704K), [Perm : 1380K->1380K(8192K)], 0.1203800 secs]
117.233: [Full GC 117.233: [Tenured: 23531K->23531K(29184K), 0.0414502 secs] 23600K->23531K(32704K), [Perm : 1380K->1380K(8192K)], 0.0417985 secs]
117.278: [Full GC 117.278: [Tenured: 23531K->11812K(29184K), 0.1241997 secs] 23669K->11812K(32704K), [Perm : 1380K->1380K(8192K)], 0.1253484 secs]
117.485: [Full GC 117.486: [Tenured: 23531K->23531K(29184K), 0.0429279 secs] 23600K->23531K(32704K), [Perm : 1380K->1380K(8192K)], 0.0432848 secs]
117.533: [Full GC 117.533: [Tenured: 23531K->11812K(29184K), 0.1207545 secs] 23669K->11812K(32704K), [Perm : 1380K->1380K(8192K)], 0.1219205 secs]
117.738: [Full GC 117.738: [Tenured: 23531K->23531K(29184K), 0.0433952 secs] 23600K->23531K(32704K), [Perm : 1380K->1380K(8192K)], 0.0437292 secs]
117.785: [Full GC 117.785: [Tenured: 23531K->11812K(29184K), 0.1199017 secs] 23669K->11812K(32704K), [Perm : 1380K->1380K(8192K)], 0.1202216 secs]
117.986: [Full GC 117.986: [Tenured: 23531K->23531K(29184K), 0.0439314 secs] 23600K->23531K(32704K), [Perm : 1380K->1380K(8192K)], 0.0442830 secs]
118.034: [Full GC 118.035: [Tenured: 23531K->11812K(29184K), 0.1194448 secs] 23669K->11812K(32704K), [Perm : 1380K->1380K(8192K)], 0.1197899 secs]
118.237: [Full GC 118.237: [Tenured: 23531K->23531K(29184K), 0.0435884 secs] 23600K->23531K(32704K), [Perm : 1380K->1380K(8192K)], 0.0439287 secs]
118.284: [Full GC 118.284: [Tenured: 23531K->11812K(29184K), 0.1216256 secs] 23669K->11812K(32704K), [Perm : 1380K->1380K(8192K)], 0.1227806 secs]
118.489: [Full GC 118.491: [Tenured: 23531K->23531K(29184K), 0.0423786 secs] 23600K->23531K(32704K), [Perm : 1380K->1380K(8192K)], 0.0441646 secs]
118.537: [Full GC 118.537: [Tenured: 23531K->11812K(29184K), 0.1207554 secs] 23669K->11812K(32704K), [Perm : 1380K->1380K(8192K)], 0.1210796 secs]
118.741: [Full GC 118.741: [Tenured: 23531K->23531K(29184K), 0.0439910 secs] 23600K->23531K(32704K), [Perm : 1380K->1380K(8192K)], 0.0443522 secs]
118.789: [Full GC 118.789: [Tenured: 23531K->11812K(29184K), 0.1199442 secs] 23669K->11812K(32704K), [Perm : 1380K->1380K(8192K)], 0.1202621 secs]
118.992: [Full GC 118.992: [Tenured: 23531K->23531K(29184K), 0.0420160 secs] 23600K->23531K(32704K), [Perm : 1380K->1380K(8192K)], 0.0423630 secs]
119.037: [Full GC 119.038: [Tenured: 23531K->11812K(29184K), 0.1213155 secs] 23669K->11812K(32704K), [Perm : 1380K->1380K(8192K)], 0.1222769 secs]
119.241: [Full GC 119.241: [Tenured: 23531K->23531K(29184K), 0.0428301 secs] 23600K->23531K(32704K), [Perm : 1380K->1380K(8192K)], 0.0431875 secs]
119.288: [Full GC 119.288: [Tenured: 23531K->11812K(29184K), 0.1216810 secs] 23669K->11812K(32704K), [Perm : 1380K->1380K(8192K)], 0.1219965 secs]
119.491: [Full GC 119.491: [Tenured: 23531K->23531K(29184K), 0.0431974 secs] 23600K->23531K(32704K), [Perm : 1380K->1380K(8192K)], 0.0435491 secs]
119.538: [Full GC 119.538: [Tenured: 23531K->11812K(29184K), 0.1200134 secs] 23669K->11812K(32704K), [Perm : 1380K->1380K(8192K)], 0.1203308 secs]
119.740: [Full GC 119.740: [Tenured: 23531K->23531K(29184K), 0.0445146 secs] 23600K->23531K(32704K), [Perm : 1380K->1380K(8192K)], 0.0448691 secs]
119.788: [Full GC 119.789: [Tenured: 23531K->11812K(29184K), 0.1214887 secs] 23669K->11812K(32704K), [Perm : 1380K->1380K(8192K)], 0.1218062 secs]
119.992: [Full GC 119.992: [Tenured: 23531K->23531K(29184K), 0.0430716 secs] 23600K->23531K(32704K), [Perm : 1380K->1380K(8192K)], 0.0434333 secs]
120.039: [Full GC 120.039: [Tenured: 23531K->11812K(29184K), 0.1214939 secs] 23669K->11812K(32704K), [Perm : 1380K->1380K(8192K)], 0.1218188 secs]
120.242: [Full GC 120.242: [Tenured: 23531K->23531K(29184K), 0.0432572 secs] 23600K->23531K(32704K), [Perm : 1380K->1380K(8192K)], 0.0436115 secs]
120.288: [Full GC 120.289: [Tenured: 23531K->11812K(29184K), 0.1234646 secs] 23669K->11812K(32704K), [Perm : 1380K->1380K(8192K)], 0.1237898 secs]
120.493: [Full GC 120.493: [Tenured: 23531K->23531K(29184K), 0.0443664 secs] 23600K->23531K(32704K), [Perm : 1380K->1380K(8192K)], 0.0447252 secs]
120.542: [Full GC 120.542: [Tenured: 23531K->11812K(29184K), 0.1207876 secs] 23669K->11812K(32704K), [Perm : 1380K->1380K(8192K)], 0.1211093 secs]
120.744: [Full GC 120.745: [Tenured: 23531K->23531K(29184K), 0.0428178 secs] 23600K->23531K(32704K), [Perm : 1380K->1380K(8192K)], 0.0431786 secs]
120.791: [Full GC 120.792: [Tenured: 23531K->11812K(29184K), 0.1219109 secs] 23669K->11812K(32704K), [Perm : 1380K->1380K(8192K)], 0.1222385 secs]
120.994: [Full GC 120.994: [Tenured: 23531K->23531K(29184K), 0.0428656 secs] 23600K->23531K(32704K), [Perm : 1380K->1380K(8192K)], 0.0432276 secs]
121.041: [Full GC 121.041: [Tenured: 23531K->11812K(29184K), 0.1223382 secs] 23669K->11812K(32704K), [Perm : 1380K->1380K(8192K)], 0.1226615 secs]
121.246: [Full GC 121.246: [Tenured: 23531K->23531K(29184K), 0.0414588 secs] 23600K->23531K(32704K), [Perm : 1380K->1380K(8192K)], 0.0418216 secs]
121.292: [Full GC 121.292: [Tenured: 23531K->11812K(29184K), 0.1228558 secs] 23669K->11812K(32704K), [Perm : 1380K->1380K(8192K)], 0.1231793 secs]
121.496: [Full GC 121.496: [Tenured: 23531K->23531K(29184K), 0.0448008 secs] 23600K->23531K(32704K), [Perm : 1380K->1380K(8192K)], 0.0451435 secs]
121.544: [Full GC 121.544: [Tenured: 23531K->11812K(29184K), 0.1205950 secs] 23669K->11812K(32704K), [Perm : 1380K->1380K(8192K)], 0.1209192 secs]
121.748: [Full GC 121.748: [Tenured: 23531K->23531K(29184K), 0.0425152 secs] 23600K->23531K(32704K), [Perm : 1380K->1380K(8192K)], 0.0428600 secs]
121.794: [Full GC 121.794: [Tenured: 23531K->11812K(29184K), 0.1217950 secs] 23669K->11812K(32704K), [Perm : 1380K->1380K(8192K)], 0.1221234 secs]
121.997: [Full GC 121.998: [Tenured: 23531K->23531K(29184K), 0.0430591 secs] 23600K->23531K(32704K), [Perm : 1380K->1380K(8192K)], 0.0434064 secs]
122.045: [Full GC 122.045: [Tenured: 23531K->11812K(29184K), 0.1215105 secs] 23669K->11812K(32704K), [Perm : 1380K->1380K(8192K)], 0.1218332 secs]
122.247: [Full GC 122.247: [Tenured: 23531K->23531K(29184K), 0.0439312 secs] 23600K->23531K(32704K), [Perm : 1380K->1380K(8192K)], 0.0442655 secs]
122.295: [Full GC 122.295: [Tenured: 23531K->11812K(29184K), 0.1217588 secs] 23669K->11812K(32704K), [Perm : 1380K->1380K(8192K)], 0.1220891 secs]
122.498: [Full GC 122.498: [Tenured: 23531K->23531K(29184K), 0.0439936 secs] 23600K->23531K(32704K), [Perm : 1380K->1380K(8192K)], 0.0443470 secs]
122.546: [Full GC 122.546: [Tenured: 23531K->11812K(29184K), 0.1213173 secs] 23669K->11812K(32704K), [Perm : 1380K->1380K(8192K)], 0.1216467 secs]
122.750: [Full GC 122.750: [Tenured: 23531K->23531K(29184K), 0.0421907 secs] 23600K->23531K(32704K), [Perm : 1380K->1380K(8192K)], 0.0425477 secs]
122.796: [Full GC 122.796: [Tenured: 23531K->11812K(29184K), 0.1207523 secs] 23669K->11812K(32704K), [Perm : 1380K->1380K(8192K)], 0.1210788 secs]
122.998: [Full GC 122.999: [Tenured: 23531K->23531K(29184K), 0.0438645 secs] 23600K->23531K(32704K), [Perm : 1380K->1380K(8192K)], 0.0442266 secs]
123.046: [Full GC 123.046: [Tenured: 23531K->11812K(29184K), 0.1203868 secs] 23669K->11812K(32704K), [Perm : 1380K->1380K(8192K)], 0.1207089 secs]
123.248: [Full GC 123.248: [Tenured: 23531K->23531K(29184K), 0.0440799 secs] 23600K->23531K(32704K), [Perm : 1380K->1380K(8192K)], 0.0444333 secs]
123.296: [Full GC 123.296: [Tenured: 23531K->11812K(29184K), 0.1209408 secs] 23669K->11812K(32704K), [Perm : 1380K->1380K(8192K)], 0.1212630 secs]
123.499: [Full GC 123.499: [Tenured: 23531K->23531K(29184K), 0.0434223 secs] 23600K->23531K(32704K), [Perm : 1380K->1380K(8192K)], 0.0437870 secs]
123.546: [Full GC 123.546: [Tenured: 23531K->11812K(29184K), 0.1218212 secs] 23669K->11812K(32704K), [Perm : 1380K->1380K(8192K)], 0.1221365 secs]
123.751: [Full GC 123.751: [Tenured: 23531K->23531K(29184K), 0.0425261 secs] 23600K->23531K(32704K), [Perm : 1380K->1380K(8192K)], 0.0428769 secs]
123.797: [Full GC 123.797: [Tenured: 23531K->11812K(29184K), 0.1209482 secs] 23669K->11812K(32704K), [Perm : 1380K->1380K(8192K)], 0.1212704 secs]
124.001: [Full GC 124.001: [Tenured: 23531K->23531K(29184K), 0.0423422 secs] 23600K->23531K(32704K), [Perm : 1380K->1380K(8192K)], 0.0426951 secs]
124.047: [Full GC 124.047: [Tenured: 23531K->11812K(29184K), 0.1218583 secs] 23669K->11812K(32704K), [Perm : 1380K->1380K(8192K)], 0.1226303 secs]
124.249: [Full GC 124.249: [Tenured: 23531K->23531K(29184K), 0.0445888 secs] 23600K->23531K(32704K), [Perm : 1380K->1380K(8192K)], 0.0449460 secs]
124.297: [Full GC 124.297: [Tenured: 23531K->11812K(29184K), 0.1224496 secs] 23669K->11812K(32704K), [Perm : 1380K->1380K(8192K)], 0.1227612 secs]
124.502: [Full GC 124.502: [Tenured: 23531K->23531K(29184K), 0.0428795 secs] 23600K->23531K(32704K), [Perm : 1380K->1380K(8192K)], 0.0432340 secs]
124.549: [Full GC 124.549: [Tenured: 23531K->11812K(29184K), 0.1220695 secs] 23669K->11812K(32704K), [Perm : 1380K->1380K(8192K)], 0.1223917 secs]
124.753: [Full GC 124.753: [Tenured: 23531K->23531K(29184K), 0.0431220 secs] 23600K->23531K(32704K), [Perm : 1380K->1380K(8192K)], 0.0434780 secs]
124.800: [Full GC 124.801: [Tenured: 23531K->11812K(29184K), 0.4006805 secs] 23669K->11812K(32704K), [Perm : 1380K->1380K(8192K)], 0.4010099 secs]
125.283: [Full GC 125.283: [Tenured: 23531K->23531K(29184K), 0.0415323 secs] 23600K->23531K(32704K), [Perm : 1380K->1380K(8192K)], 0.0418852 secs]
125.328: [Full GC 125.329: [Tenured: 23531K->11812K(29184K), 0.2853832 secs] 23669K->11812K(32704K), [Perm : 1380K->1380K(8192K)], 0.2857128 secs]
125.696: [Full GC 125.696: [Tenured: 23531K->23531K(29184K), 0.0847452 secs] 23600K->23531K(32704K), [Perm : 1380K->1380K(8192K)], 0.0850974 secs]
125.784: [Full GC 125.784: [Tenured: 23531K->11812K(29184K), 0.2688391 secs] 23669K->11812K(32704K), [Perm : 1380K->1380K(8192K)], 0.2691758 secs]
126.134: [Full GC 126.134: [Tenured: 23531K->23531K(29184K), 0.0447685 secs] 23600K->23531K(32704K), [Perm : 1380K->1380K(8192K)], 0.0455368 secs]
126.183: [Full GC 126.183: [Tenured: 23531K->11812K(29184K), 0.2412636 secs] 23669K->11812K(32704K), [Perm : 1380K->1380K(8192K)], 0.2415902 secs]
126.507: [Full GC 126.507: [Tenured: 23531K->23531K(29184K), 0.0430426 secs] 23600K->23531K(32704K), [Perm : 1380K->1380K(8192K)], 0.0433828 secs]
126.553: [Full GC 126.554: [Tenured: 23531K->11812K(29184K), 0.2890720 secs] 23669K->11812K(32704K), [Perm : 1380K->1380K(8192K)], 0.2893970 secs]
126.924: [Full GC 126.924: [Tenured: 23531K->23531K(29184K), 0.0422381 secs] 23600K->23531K(32704K), [Perm : 1380K->1380K(8192K)], 0.0425974 secs]
126.970: [Full GC 126.970: [Tenured: 23531K->11812K(29184K), 0.1207954 secs] 23669K->11812K(32704K), [Perm : 1380K->1380K(8192K)], 0.1211207 secs]
127.174: [Full GC 127.174: [Tenured: 23531K->23531K(29184K), 0.0427551 secs] 23600K->23531K(32704K), [Perm : 1380K->1380K(8192K)], 0.0431145 secs]
127.221: [Full GC 127.221: [Tenured: 23531K->11812K(29184K), 0.1209206 secs] 23669K->11812K(32704K), [Perm : 1380K->1380K(8192K)], 0.1212455 secs]
127.425: [Full GC 127.425: [Tenured: 23531K->23531K(29184K), 0.0427027 secs] 23600K->23531K(32704K), [Perm : 1380K->1380K(8192K)], 0.0430644 secs]
127.474: [Full GC 127.474: [Tenured: 23531K->11812K(29184K), 0.1191799 secs] 23669K->11812K(32704K), [Perm : 1380K->1380K(8192K)], 0.1195088 secs]
127.676: [Full GC 127.676: [Tenured: 23531K->23531K(29184K), 0.0444059 secs] 23600K->23531K(32704K), [Perm : 1380K->1380K(8192K)], 0.0447577 secs]
127.724: [Full GC 127.724: [Tenured: 23531K->11812K(29184K), 0.1202547 secs] 23669K->11812K(32704K), [Perm : 1380K->1380K(8192K)], 0.1205786 secs]
127.926: [Full GC 127.926: [Tenured: 23531K->23531K(29184K), 0.0429099 secs] 23600K->23531K(32704K), [Perm : 1380K->1380K(8192K)], 0.0432693 secs]
127.973: [Full GC 127.973: [Tenured: 23531K->11812K(29184K), 0.1193408 secs] 23669K->11812K(32704K), [Perm : 1380K->1380K(8192K)], 0.1196672 secs]
128.175: [Full GC 128.176: [Tenured: 23531K->23531K(29184K), 0.0421624 secs] 23600K->23531K(32704K), [Perm : 1380K->1380K(8192K)], 0.0425237 secs]
128.222: [Full GC 128.223: [Tenured: 23531K->11812K(29184K), 0.1213971 secs] 23669K->11812K(32704K), [Perm : 1380K->1380K(8192K)], 0.1217231 secs]
128.428: [Full GC 128.428: [Tenured: 23531K->23531K(29184K), 0.0437960 secs] 23600K->23531K(32704K), [Perm : 1380K->1380K(8192K)], 0.0441401 secs]
128.475: [Full GC 128.475: [Tenured: 23531K->11812K(29184K), 0.1195266 secs] 23669K->11812K(32704K), [Perm : 1380K->1380K(8192K)], 0.1198597 secs]
128.677: [Full GC 128.677: [Tenured: 23531K->23531K(29184K), 0.0440049 secs] 23600K->23531K(32704K), [Perm : 1380K->1380K(8192K)], 0.0443569 secs]
128.725: [Full GC 128.725: [Tenured: 23531K->11812K(29184K), 0.1223258 secs] 23669K->11812K(32704K), [Perm : 1380K->1380K(8192K)], 0.1226498 secs]
128.928: [Full GC 128.929: [Tenured: 23531K->23531K(29184K), 0.0432736 secs] 23600K->23531K(32704K), [Perm : 1380K->1380K(8192K)], 0.0436286 secs]
128.975: [Full GC 128.975: [Tenured: 23531K->11812K(29184K), 0.1202480 secs] 23669K->11812K(32704K), [Perm : 1380K->1380K(8192K)], 0.1205989 secs]
129.178: [Full GC 129.178: [Tenured: 23531K->23531K(29184K), 0.0436160 secs] 23600K->23531K(32704K), [Perm : 1380K->1380K(8192K)], 0.0439763 secs]
129.225: [Full GC 129.226: [Tenured: 23531K->11812K(29184K), 0.1210495 secs] 23669K->11812K(32704K), [Perm : 1380K->1380K(8192K)], 0.1213737 secs]
129.430: [Full GC 129.430: [Tenured: 23531K->23531K(29184K), 0.0437153 secs] 23600K->23531K(32704K), [Perm : 1380K->1380K(8192K)], 0.0440736 secs]
129.477: [Full GC 129.477: [Tenured: 23531K->11812K(29184K), 0.1191655 secs] 23669K->11812K(32704K), [Perm : 1380K->1380K(8192K)], 0.1194965 secs]
129.681: [Full GC 129.681: [Tenured: 23531K->23531K(29184K), 0.0433089 secs] 23600K->23531K(32704K), [Perm : 1380K->1380K(8192K)], 0.0436733 secs]
129.728: [Full GC 129.728: [Tenured: 23531K->11812K(29184K), 0.1198274 secs] 23669K->11812K(32704K), [Perm : 1380K->1380K(8192K)], 0.1201497 secs]
129.931: [Full GC 129.932: [Tenured: 23531K->23531K(29184K), 0.0426391 secs] 23600K->23531K(32704K), [Perm : 1380K->1380K(8192K)], 0.0430015 secs]
129.978: [Full GC 129.978: [Tenured: 23531K->11812K(29184K), 0.1190383 secs] 23669K->11812K(32704K), [Perm : 1380K->1380K(8192K)], 0.1193675 secs]
130.180: [Full GC 130.180: [Tenured: 23531K->23531K(29184K), 0.0444654 secs] 23600K->23531K(32704K), [Perm : 1380K->1380K(8192K)], 0.0448301 secs]
130.228: [Full GC 130.228: [Tenured: 23531K->11812K(29184K), 0.1188898 secs] 23669K->11812K(32704K), [Perm : 1380K->1380K(8192K)], 0.1192123 secs]
130.431: [Full GC 130.431: [Tenured: 23531K->23531K(29184K), 0.0431588 secs] 23600K->23531K(32704K), [Perm : 1380K->1380K(8192K)], 0.0435173 secs]
130.478: [Full GC 130.478: [Tenured: 23531K->11812K(29184K), 0.1195077 secs] 23669K->11812K(32704K), [Perm : 1380K->1380K(8192K)], 0.1198312 secs]
130.681: [Full GC 130.681: [Tenured: 23531K->23531K(29184K), 0.0432936 secs] 23600K->23531K(32704K), [Perm : 1380K->1380K(8192K)], 0.0436450 secs]
130.728: [Full GC 130.728: [Tenured: 23531K->11812K(29184K), 0.1202772 secs] 23669K->11812K(32704K), [Perm : 1380K->1380K(8192K)], 0.1206009 secs]
130.932: [Full GC 130.932: [Tenured: 23531K->23531K(29184K), 0.0428881 secs] 23600K->23531K(32704K), [Perm : 1380K->1380K(8192K)], 0.0432338 secs]
130.978: [Full GC 130.978: [Tenured: 23531K->11812K(29184K), 0.1181909 secs] 23669K->11812K(32704K), [Perm : 1380K->1380K(8192K)], 0.1185154 secs]
131.181: [Full GC 131.182: [Tenured: 23531K->23531K(29184K), 0.0438548 secs] 23600K->23531K(32704K), [Perm : 1380K->1380K(8192K)], 0.0442127 secs]
131.229: [Full GC 131.229: [Tenured: 23531K->11812K(29184K), 0.1185147 secs] 23669K->11812K(32704K), [Perm : 1380K->1380K(8192K)], 0.1191651 secs]
131.433: [Full GC 131.433: [Tenured: 23531K->23531K(29184K), 0.0421721 secs] 23600K->23531K(32704K), [Perm : 1380K->1380K(8192K)], 0.0425257 secs]
131.479: [Full GC 131.479: [Tenured: 23531K->11812K(29184K), 0.1209525 secs] 23669K->11812K(32704K), [Perm : 1380K->1380K(8192K)], 0.1212715 secs]
131.682: [Full GC 131.682: [Tenured: 23531K->23531K(29184K), 0.0428980 secs] 23600K->23531K(32704K), [Perm : 1380K->1380K(8192K)], 0.0432590 secs]
131.728: [Full GC 131.729: [Tenured: 23531K->11812K(29184K), 0.1218304 secs] 23669K->11812K(32704K), [Perm : 1380K->1380K(8192K)], 0.1221773 secs]
131.933: [Full GC 131.933: [Tenured: 23531K->23531K(29184K), 0.0448927 secs] 23600K->23531K(32704K), [Perm : 1380K->1380K(8192K)], 0.0452531 secs]
131.983: [Full GC 131.983: [Tenured: 23531K->11812K(29184K), 0.1194126 secs] 23669K->11812K(32704K), [Perm : 1380K->1380K(8192K)], 0.1197406 secs]
132.183: [Full GC 132.183: [Tenured: 23531K->23531K(29184K), 0.0443596 secs] 23600K->23531K(32704K), [Perm : 1380K->1380K(8192K)], 0.0447184 secs]
132.233: [Full GC 132.233: [Tenured: 23531K->11812K(29184K), 0.1214402 secs] 23669K->11812K(32704K), [Perm : 1380K->1380K(8192K)], 0.1217667 secs]
132.438: [Full GC 132.438: [Tenured: 23531K->23531K(29184K), 0.0438746 secs] 23600K->23531K(32704K), [Perm : 1380K->1380K(8192K)], 0.0442259 secs]
132.486: [Full GC 132.487: [Tenured: 23531K->11812K(29184K), 0.1209988 secs] 23669K->11812K(32704K), [Perm : 1380K->1380K(8192K)], 0.1213319 secs]
132.689: [Full GC 132.689: [Tenured: 23531K->23531K(29184K), 0.0426908 secs] 23600K->23531K(32704K), [Perm : 1380K->1380K(8192K)], 0.0431995 secs]
132.735: [Full GC 132.736: [Tenured: 23531K->11812K(29184K), 0.1230803 secs] 23669K->11812K(32704K), [Perm : 1380K->1380K(8192K)], 0.1233981 secs]
132.940: [Full GC 132.940: [Tenured: 23531K->23531K(29184K), 0.0425911 secs] 23600K->23531K(32704K), [Perm : 1380K->1380K(8192K)], 0.0429458 secs]
132.986: [Full GC 132.986: [Tenured: 23531K->11812K(29184K), 0.1211500 secs] 23669K->11812K(32704K), [Perm : 1380K->1380K(8192K)], 0.1214746 secs]
133.189: [Full GC 133.189: [Tenured: 23531K->23531K(29184K), 0.0423613 secs] 23600K->23531K(32704K), [Perm : 1380K->1380K(8192K)], 0.0427147 secs]
133.235: [Full GC 133.235: [Tenured: 23531K->11812K(29184K), 0.1222737 secs] 23669K->11812K(32704K), [Perm : 1380K->1380K(8192K)], 0.1225966 secs]
133.440: [Full GC 133.441: [Tenured: 23531K->23531K(29184K), 0.0419566 secs] 23600K->23531K(32704K), [Perm : 1380K->1380K(8192K)], 0.0423085 secs]
133.486: [Full GC 133.486: [Tenured: 23531K->11812K(29184K), 0.1214101 secs] 23669K->11812K(32704K), [Perm : 1380K->1380K(8192K)], 0.1217392 secs]
133.689: [Full GC 133.690: [Tenured: 23531K->23531K(29184K), 0.0443077 secs] 23600K->23531K(32704K), [Perm : 1380K->1380K(8192K)], 0.0446894 secs]
133.738: [Full GC 133.738: [Tenured: 23531K->11812K(29184K), 0.1195477 secs] 23669K->11812K(32704K), [Perm : 1380K->1380K(8192K)], 0.1198788 secs]
133.939: [Full GC 133.939: [Tenured: 23531K->23531K(29184K), 0.0441772 secs] 23600K->23531K(32704K), [Perm : 1380K->1380K(8192K)], 0.0445337 secs]
133.987: [Full GC 133.987: [Tenured: 23531K->11812K(29184K), 0.1198310 secs] 23669K->11812K(32704K), [Perm : 1380K->1380K(8192K)], 0.1201513 secs]
134.190: [Full GC 134.190: [Tenured: 23531K->23531K(29184K), 0.0425863 secs] 23600K->23531K(32704K), [Perm : 1380K->1380K(8192K)], 0.0429479 secs]
134.236: [Full GC 134.236: [Tenured: 23531K->11812K(29184K), 0.1217855 secs] 23669K->11812K(32704K), [Perm : 1380K->1380K(8192K)], 0.1221104 secs]
134.442: [Full GC 134.442: [Tenured: 23531K->23531K(29184K), 0.0412573 secs] 23600K->23531K(32704K), [Perm : 1380K->1380K(8192K)], 0.0416118 secs]
134.487: [Full GC 134.487: [Tenured: 23531K->11812K(29184K), 0.1211772 secs] 23669K->11812K(32704K), [Perm : 1380K->1380K(8192K)], 0.1215061 secs]
134.690: [Full GC 134.690: [Tenured: 23531K->23531K(29184K), 0.0451077 secs] 23600K->23531K(32704K), [Perm : 1380K->1380K(8192K)], 0.0454710 secs]
134.739: [Full GC 134.739: [Tenured: 23531K->11812K(29184K), 0.1208055 secs] 23669K->11812K(32704K), [Perm : 1380K->1380K(8192K)], 0.1211243 secs]
134.943: [Full GC 134.943: [Tenured: 23531K->23531K(29184K), 0.0409034 secs] 23600K->23531K(32704K), [Perm : 1380K->1380K(8192K)], 0.0412591 secs]
134.987: [Full GC 134.988: [Tenured: 23531K->11812K(29184K), 0.1210423 secs] 23669K->11812K(32704K), [Perm : 1380K->1380K(8192K)], 0.1213710 secs]
135.190: [Full GC 135.190: [Tenured: 23531K->23531K(29184K), 0.0429397 secs] 23600K->23531K(32704K), [Perm : 1380K->1380K(8192K)], 0.0432952 secs]
135.237: [Full GC 135.237: [Tenured: 23531K->11812K(29184K), 0.1204939 secs] 23669K->11812K(32704K), [Perm : 1380K->1380K(8192K)], 0.1208154 secs]
135.442: [Full GC 135.442: [Tenured: 23531K->23531K(29184K), 0.0411561 secs] 23600K->23531K(32704K), [Perm : 1380K->1380K(8192K)], 0.0415046 secs]
135.487: [Full GC 135.487: [Tenured: 23531K->11812K(29184K), 0.1214874 secs] 23669K->11812K(32704K), [Perm : 1380K->1380K(8192K)], 0.1218152 secs]
135.691: [Full GC 135.691: [Tenured: 23531K->23531K(29184K), 0.0433938 secs] 23600K->23531K(32704K), [Perm : 1380K->1380K(8192K)], 0.0437541 secs]
135.738: [Full GC 135.738: [Tenured: 23531K->11812K(29184K), 0.1202807 secs] 23669K->11812K(32704K), [Perm : 1380K->1380K(8192K)], 0.1206045 secs]
135.942: [Full GC 135.942: [Tenured: 23531K->23531K(29184K), 0.0418155 secs] 23600K->23531K(32704K), [Perm : 1380K->1380K(8192K)], 0.0421712 secs]
135.987: [Full GC 135.988: [Tenured: 23531K->11812K(29184K), 0.1203378 secs] 23669K->11812K(32704K), [Perm : 1380K->1380K(8192K)], 0.1206651 secs]
136.190: [Full GC 136.190: [Tenured: 23531K->23531K(29184K), 0.0431392 secs] 23600K->23531K(32704K), [Perm : 1380K->1380K(8192K)], 0.0434978 secs]
136.237: [Full GC 136.237: [Tenured: 23531K->11812K(29184K), 0.1199565 secs] 23669K->11812K(32704K), [Perm : 1380K->1380K(8192K)], 0.1202908 secs]
136.443: [Full GC 136.443: [Tenured: 23531K->23531K(29184K), 0.0425167 secs] 23600K->23531K(32704K), [Perm : 1380K->1380K(8192K)], 0.0428831 secs]
136.490: [Full GC 136.490: [Tenured: 23531K->11812K(29184K), 0.1184210 secs] 23669K->11812K(32704K), [Perm : 1380K->1380K(8192K)], 0.1187506 secs]
136.692: [Full GC 136.693: [Tenured: 23531K->23531K(29184K), 0.0423536 secs] 23600K->23531K(32704K), [Perm : 1380K->1380K(8192K)], 0.0427059 secs]
136.738: [Full GC 136.739: [Tenured: 23531K->11812K(29184K), 0.1213548 secs] 23669K->11812K(32704K), [Perm : 1380K->1380K(8192K)], 0.1216710 secs]
136.942: [Full GC 136.942: [Tenured: 23531K->23531K(29184K), 0.0430162 secs] 23600K->23531K(32704K), [Perm : 1380K->1380K(8192K)], 0.0433770 secs]
136.988: [Full GC 136.989: [Tenured: 23531K->11812K(29184K), 0.1205328 secs] 23669K->11812K(32704K), [Perm : 1380K->1380K(8192K)], 0.1211443 secs]
137.192: [Full GC 137.192: [Tenured: 23531K->23531K(29184K), 0.0429465 secs] 23600K->23531K(32704K), [Perm : 1380K->1380K(8192K)], 0.0432956 secs]
137.238: [Full GC 137.239: [Tenured: 23531K->11812K(29184K), 0.1236918 secs] 23669K->11812K(32704K), [Perm : 1380K->1380K(8192K)], 0.1240054 secs]
137.444: [Full GC 137.444: [Tenured: 23531K->23531K(29184K), 0.0435470 secs] 23600K->23531K(32704K), [Perm : 1380K->1380K(8192K)], 0.0439121 secs]
137.491: [Full GC 137.492: [Tenured: 23531K->11812K(29184K), 0.1199797 secs] 23669K->11812K(32704K), [Perm : 1380K->1380K(8192K)], 0.1203030 secs]
137.694: [Full GC 137.694: [Tenured: 23531K->23531K(29184K), 0.0426102 secs] 23600K->23531K(32704K), [Perm : 1380K->1380K(8192K)], 0.0429681 secs]
137.742: [Full GC 137.742: [Tenured: 23531K->11812K(29184K), 0.1215258 secs] 23669K->11812K(32704K), [Perm : 1380K->1380K(8192K)], 0.1218509 secs]
137.943: [Full GC 137.944: [Tenured: 23531K->23531K(29184K), 0.0434747 secs] 23600K->23531K(32704K), [Perm : 1380K->1380K(8192K)], 0.0438315 secs]
137.991: [Full GC 137.991: [Tenured: 23531K->11812K(29184K), 0.1208878 secs] 23669K->11812K(32704K), [Perm : 1380K->1380K(8192K)], 0.1212147 secs]
138.194: [Full GC 138.194: [Tenured: 23531K->23531K(29184K), 0.0438514 secs] 23600K->23531K(32704K), [Perm : 1380K->1380K(8192K)], 0.0442172 secs]
138.242: [Full GC 138.242: [Tenured: 23531K->11812K(29184K), 0.1217774 secs] 23669K->11812K(32704K), [Perm : 1380K->1380K(8192K)], 0.1221102 secs]
138.444: [Full GC 138.445: [Tenured: 23531K->23531K(29184K), 0.0427389 secs] 23600K->23531K(32704K), [Perm : 1380K->1380K(8192K)], 0.0431022 secs]
138.492: [Full GC 138.492: [Tenured: 23531K->11812K(29184K), 0.1216568 secs] 23669K->11812K(32704K), [Perm : 1380K->1380K(8192K)], 0.1219825 secs]
138.695: [Full GC 138.695: [Tenured: 23531K->23531K(29184K), 0.0424763 secs] 23600K->23531K(32704K), [Perm : 1380K->1380K(8192K)], 0.0428380 secs]
138.742: [Full GC 138.742: [Tenured: 23531K->11812K(29184K), 0.1221674 secs] 23669K->11812K(32704K), [Perm : 1380K->1380K(8192K)], 0.1224917 secs]
138.945: [Full GC 138.946: [Tenured: 23531K->23531K(29184K), 0.0417228 secs] 23600K->23531K(32704K), [Perm : 1380K->1380K(8192K)], 0.0420883 secs]
138.991: [Full GC 138.992: [Tenured: 23531K->11812K(29184K), 0.1230246 secs] 23669K->11812K(32704K), [Perm : 1380K->1380K(8192K)], 0.1233580 secs]
139.195: [Full GC 139.196: [Tenured: 23531K->23531K(29184K), 0.0429562 secs] 23600K->23531K(32704K), [Perm : 1380K->1380K(8192K)], 0.0433197 secs]
139.242: [Full GC 139.243: [Tenured: 23531K->11812K(29184K), 0.1226269 secs] 23669K->11812K(32704K), [Perm : 1380K->1380K(8192K)], 0.1229459 secs]
139.447: [Full GC 139.447: [Tenured: 23531K->23531K(29184K), 0.0410935 secs] 23600K->23531K(32704K), [Perm : 1380K->1380K(8192K)], 0.0416250 secs]
139.493: [Full GC 139.493: [Tenured: 23531K->11812K(29184K), 0.1217402 secs] 23669K->11812K(32704K), [Perm : 1380K->1380K(8192K)], 0.1220652 secs]
139.697: [Full GC 139.697: [Tenured: 23531K->23531K(29184K), 0.0436066 secs] 23600K->23531K(32704K), [Perm : 1380K->1380K(8192K)], 0.0439572 secs]
139.744: [Full GC 139.744: [Tenured: 23531K->11812K(29184K), 0.1214764 secs] 23669K->11812K(32704K), [Perm : 1380K->1380K(8192K)], 0.1217988 secs]
139.948: [Full GC 139.948: [Tenured: 23531K->23531K(29184K), 0.0445054 secs] 23600K->23531K(32704K), [Perm : 1380K->1380K(8192K)], 0.0448330 secs]
139.996: [Full GC 139.996: [Tenured: 23531K->11812K(29184K), 0.1195396 secs] 23669K->11812K(32704K), [Perm : 1380K->1380K(8192K)], 0.1198662 secs]
140.197: [Full GC 140.197: [Tenured: 23531K->23531K(29184K), 0.0437020 secs] 23600K->23531K(32704K), [Perm : 1380K->1380K(8192K)], 0.0442542 secs]
140.244: [Full GC 140.245: [Tenured: 23531K->11812K(29184K), 0.1231897 secs] 23669K->11812K(32704K), [Perm : 1380K->1380K(8192K)], 0.1235109 secs]
140.450: [Full GC 140.450: [Tenured: 23531K->23531K(29184K), 0.0426364 secs] 23600K->23531K(32704K), [Perm : 1380K->1380K(8192K)], 0.0429937 secs]
140.497: [Full GC 140.497: [Tenured: 23531K->11812K(29184K), 0.1201123 secs] 23669K->11812K(32704K), [Perm : 1380K->1380K(8192K)], 0.1204333 secs]
140.699: [Full GC 140.699: [Tenured: 23531K->23531K(29184K), 0.0426259 secs] 23600K->23531K(32704K), [Perm : 1380K->1380K(8192K)], 0.0429827 secs]
140.745: [Full GC 140.745: [Tenured: 23531K->11812K(29184K), 0.1200617 secs] 23669K->11812K(32704K), [Perm : 1380K->1380K(8192K)], 0.1203895 secs]
140.949: [Full GC 140.949: [Tenured: 23531K->23531K(29184K), 0.0451880 secs] 23600K->23531K(32704K), [Perm : 1380K->1380K(8192K)], 0.0455512 secs]
140.997: [Full GC 140.998: [Tenured: 23531K->11812K(29184K), 0.1194863 secs] 23669K->11812K(32704K), [Perm : 1380K->1380K(8192K)], 0.1198130 secs]
141.198: [Full GC 141.199: [Tenured: 23531K->23531K(29184K), 0.0437501 secs] 23600K->23531K(32704K), [Perm : 1380K->1380K(8192K)], 0.0441055 secs]
141.246: [Full GC 141.246: [Tenured: 23531K->11812K(29184K), 0.1240212 secs] 23669K->11812K(32704K), [Perm : 1380K->1380K(8192K)], 0.1243453 secs]
141.451: [Full GC 141.451: [Tenured: 23531K->23531K(29184K), 0.0435001 secs] 23600K->23531K(32704K), [Perm : 1380K->1380K(8192K)], 0.0438606 secs]
141.498: [Full GC 141.498: [Tenured: 23531K->11812K(29184K), 0.1199914 secs] 23669K->11812K(32704K), [Perm : 1380K->1380K(8192K)], 0.1203246 secs]
141.701: [Full GC 141.701: [Tenured: 23531K->23531K(29184K), 0.0415635 secs] 23600K->23531K(32704K), [Perm : 1380K->1380K(8192K)], 0.0419185 secs]
141.747: [Full GC 141.747: [Tenured: 23531K->11812K(29184K), 0.1215589 secs] 23669K->11812K(32704K), [Perm : 1380K->1380K(8192K)], 0.1218832 secs]
141.950: [Full GC 141.950: [Tenured: 23531K->23531K(29184K), 0.0442448 secs] 23600K->23531K(32704K), [Perm : 1380K->1380K(8192K)], 0.0446059 secs]
141.998: [Full GC 141.998: [Tenured: 23531K->11812K(29184K), 0.1199055 secs] 23669K->11812K(32704K), [Perm : 1380K->1380K(8192K)], 0.1202320 secs]
142.201: [Full GC 142.201: [Tenured: 23531K->23531K(29184K), 0.0417493 secs] 23600K->23531K(32704K), [Perm : 1380K->1380K(8192K)], 0.0421020 secs]
142.246: [Full GC 142.247: [Tenured: 23531K->11812K(29184K), 0.1815172 secs] 23669K->11812K(32704K), [Perm : 1380K->1380K(8192K)], 0.1818403 secs]
142.509: [Full GC 142.509: [Tenured: 23531K->23531K(29184K), 0.0437485 secs] 23600K->23531K(32704K), [Perm : 1380K->1380K(8192K)], 0.0441004 secs]
142.556: [Full GC 142.556: [Tenured: 23531K->11812K(29184K), 0.1307747 secs] 23669K->11812K(32704K), [Perm : 1380K->1380K(8192K)], 0.1311007 secs]
142.769: [Full GC 142.769: [Tenured: 23531K->23531K(29184K), 0.0438436 secs] 23600K->23531K(32704K), [Perm : 1380K->1380K(8192K)], 0.0441992 secs]
142.816: [Full GC 142.816: [Tenured: 23531K->11812K(29184K), 0.1199714 secs] 23669K->11812K(32704K), [Perm : 1380K->1380K(8192K)], 0.1203021 secs]
143.017: [Full GC 143.018: [Tenured: 23531K->23531K(29184K), 0.0434706 secs] 23600K->23531K(32704K), [Perm : 1380K->1380K(8192K)], 0.0438299 secs]
143.065: [Full GC 143.065: [Tenured: 23531K->11812K(29184K), 0.1206941 secs] 23669K->11812K(32704K), [Perm : 1380K->1380K(8192K)], 0.1210187 secs]
143.267: [Full GC 143.267: [Tenured: 23531K->23531K(29184K), 0.0446274 secs] 23600K->23531K(32704K), [Perm : 1380K->1380K(8192K)], 0.0449884 secs]
143.315: [Full GC 143.316: [Tenured: 23531K->11812K(29184K), 0.1228552 secs] 23669K->11812K(32704K), [Perm : 1380K->1380K(8192K)], 0.1231742 secs]
143.519: [Full GC 143.519: [Tenured: 23531K->23531K(29184K), 0.0428353 secs] 23600K->23531K(32704K), [Perm : 1380K->1380K(8192K)], 0.0431853 secs]
143.566: [Full GC 143.566: [Tenured: 23531K->11812K(29184K), 0.1212394 secs] 23669K->11812K(32704K), [Perm : 1380K->1380K(8192K)], 0.1215671 secs]
143.768: [Full GC 143.768: [Tenured: 23531K->23531K(29184K), 0.0436859 secs] 23600K->23531K(32704K), [Perm : 1380K->1380K(8192K)], 0.0440384 secs]
143.816: [Full GC 143.816: [Tenured: 23531K->11812K(29184K), 0.1203272 secs] 23669K->11812K(32704K), [Perm : 1380K->1380K(8192K)], 0.1206442 secs]
144.019: [Full GC 144.019: [Tenured: 23531K->23531K(29184K), 0.0426841 secs] 23600K->23531K(32704K), [Perm : 1380K->1380K(8192K)], 0.0430386 secs]
144.065: [Full GC 144.065: [Tenured: 23531K->11812K(29184K), 0.1218284 secs] 23669K->11812K(32704K), [Perm : 1380K->1380K(8192K)], 0.1221522 secs]
144.267: [Full GC 144.268: [Tenured: 23531K->23531K(29184K), 0.0438588 secs] 23600K->23531K(32704K), [Perm : 1380K->1380K(8192K)], 0.0442203 secs]
144.315: [Full GC 144.315: [Tenured: 23531K->11812K(29184K), 0.3924280 secs] 23669K->11812K(32704K), [Perm : 1380K->1380K(8192K)], 0.3927647 secs]
144.787: [Full GC 144.787: [Tenured: 23531K->23531K(29184K), 0.1857061 secs] 23600K->23531K(32704K), [Perm : 1380K->1380K(8192K)], 0.1860557 secs]
144.977: [Full GC 144.977: [Tenured: 23531K->11812K(29184K), 0.3715204 secs] 23669K->11812K(32704K), [Perm : 1380K->1380K(8192K)], 0.3718468 secs]
145.430: [Full GC 145.431: [Tenured: 23531K->23531K(29184K), 0.0430961 secs] 23600K->23531K(32704K), [Perm : 1380K->1380K(8192K)], 0.0434531 secs]
145.477: [Full GC 145.477: [Tenured: 23531K->11812K(29184K), 0.1543328 secs] 23669K->11812K(32704K), [Perm : 1380K->1380K(8192K)], 0.1546593 secs]
145.714: [Full GC 145.714: [Tenured: 23531K->23531K(29184K), 0.0425070 secs] 23600K->23531K(32704K), [Perm : 1380K->1380K(8192K)], 0.0428636 secs]
145.761: [Full GC 145.761: [Tenured: 23531K->11812K(29184K), 0.1219689 secs] 23669K->11812K(32704K), [Perm : 1380K->1380K(8192K)], 0.1222978 secs]
145.962: [Full GC 145.963: [Tenured: 23531K->23531K(29184K), 0.0443981 secs] 23600K->23531K(32704K), [Perm : 1380K->1380K(8192K)], 0.0447636 secs]
146.011: [Full GC 146.012: [Tenured: 23531K->11812K(29184K), 0.1202654 secs] 23669K->11812K(32704K), [Perm : 1380K->1380K(8192K)], 0.1205906 secs]
146.215: [Full GC 146.215: [Tenured: 23531K->23531K(29184K), 0.0411541 secs] 23600K->23531K(32704K), [Perm : 1380K->1380K(8192K)], 0.0415111 secs]
146.261: [Full GC 146.261: [Tenured: 23531K->11812K(29184K), 0.1232867 secs] 23669K->11812K(32704K), [Perm : 1380K->1380K(8192K)], 0.1236167 secs]
146.465: [Full GC 146.465: [Tenured: 23531K->23531K(29184K), 0.0436018 secs] 23600K->23531K(32704K), [Perm : 1380K->1380K(8192K)], 0.0443019 secs]
146.513: [Full GC 146.513: [Tenured: 23531K->11812K(29184K), 0.1200379 secs] 23669K->11812K(32704K), [Perm : 1380K->1380K(8192K)], 0.1203567 secs]
146.717: [Full GC 146.717: [Tenured: 23531K->23531K(29184K), 0.0422390 secs] 23600K->23531K(32704K), [Perm : 1380K->1380K(8192K)], 0.0444919 secs]
146.764: [Full GC 146.765: [Tenured: 23531K->11812K(29184K), 0.1196553 secs] 23669K->11812K(32704K), [Perm : 1380K->1380K(8192K)], 0.1199848 secs]
146.967: [Full GC 146.967: [Tenured: 23531K->23531K(29184K), 0.0443972 secs] 23600K->23531K(32704K), [Perm : 1380K->1380K(8192K)], 0.0447375 secs]
147.015: [Full GC 147.015: [Tenured: 23531K->11812K(29184K), 0.1192003 secs] 23669K->11812K(32704K), [Perm : 1380K->1380K(8192K)], 0.1195245 secs]
147.217: [Full GC 147.218: [Tenured: 23531K->23531K(29184K), 0.0442050 secs] 23600K->23531K(32704K), [Perm : 1380K->1380K(8192K)], 0.0446159 secs]
147.266: [Full GC 147.266: [Tenured: 23531K->11812K(29184K), 0.1223068 secs] 23669K->11812K(32704K), [Perm : 1380K->1380K(8192K)], 0.1226283 secs]
147.471: [Full GC 147.471: [Tenured: 23531K->23531K(29184K), 0.0422988 secs] 23600K->23531K(32704K), [Perm : 1380K->1380K(8192K)], 0.0426511 secs]
147.517: [Full GC 147.518: [Tenured: 23531K->11812K(29184K), 0.1198245 secs] 23669K->11812K(32704K), [Perm : 1380K->1380K(8192K)], 0.1208714 secs]
147.721: [Full GC 147.721: [Tenured: 23531K->23531K(29184K), 0.0444122 secs] 23600K->23531K(32704K), [Perm : 1380K->1380K(8192K)], 0.0447640 secs]
147.770: [Full GC 147.770: [Tenured: 23531K->11812K(29184K), 0.1188764 secs] 23669K->11812K(32704K), [Perm : 1380K->1380K(8192K)], 0.1192082 secs]
147.972: [Full GC 147.972: [Tenured: 23531K->23531K(29184K), 0.0422822 secs] 23600K->23531K(32704K), [Perm : 1380K->1380K(8192K)], 0.0426326 secs]
148.018: [Full GC 148.018: [Tenured: 23531K->11812K(29184K), 0.1221358 secs] 23669K->11812K(32704K), [Perm : 1380K->1380K(8192K)], 0.1224458 secs]
148.222: [Full GC 148.222: [Tenured: 23531K->23531K(29184K), 0.0428371 secs] 23600K->23531K(32704K), [Perm : 1380K->1380K(8192K)], 0.0431965 secs]
148.268: [Full GC 148.269: [Tenured: 23531K->11812K(29184K), 0.1239717 secs] 23669K->11812K(32704K), [Perm : 1380K->1380K(8192K)], 0.1251530 secs]
148.475: [Full GC 148.475: [Tenured: 23531K->23531K(29184K), 0.0428696 secs] 23600K->23531K(32704K), [Perm : 1380K->1380K(8192K)], 0.0432318 secs]
148.524: [Full GC 148.524: [Tenured: 23531K->11812K(29184K), 0.1193214 secs] 23669K->11812K(32704K), [Perm : 1380K->1380K(8192K)], 0.1196375 secs]
148.726: [Full GC 148.727: [Tenured: 23531K->23531K(29184K), 0.0432498 secs] 23600K->23531K(32704K), [Perm : 1380K->1380K(8192K)], 0.0436029 secs]
148.773: [Full GC 148.773: [Tenured: 23531K->11812K(29184K), 0.1208990 secs] 23669K->11812K(32704K), [Perm : 1380K->1380K(8192K)], 0.1212180 secs]
148.976: [Full GC 148.976: [Tenured: 23531K->23531K(29184K), 0.0436493 secs] 23600K->23531K(32704K), [Perm : 1380K->1380K(8192K)], 0.0439970 secs]
149.023: [Full GC 149.023: [Tenured: 23531K->11812K(29184K), 0.1223409 secs] 23669K->11812K(32704K), [Perm : 1380K->1380K(8192K)], 0.1226500 secs]
149.226: [Full GC 149.226: [Tenured: 23531K->23531K(29184K), 0.0424563 secs] 23600K->23531K(32704K), [Perm : 1380K->1380K(8192K)], 0.0428139 secs]
149.273: [Full GC 149.273: [Tenured: 23531K->11812K(29184K), 0.1230515 secs] 23669K->11812K(32704K), [Perm : 1380K->1380K(8192K)], 0.1233726 secs]
149.477: [Full GC 149.477: [Tenured: 23531K->23531K(29184K), 0.0451354 secs] 23600K->23531K(32704K), [Perm : 1380K->1380K(8192K)], 0.0454942 secs]
149.526: [Full GC 149.526: [Tenured: 23531K->11812K(29184K), 0.1202634 secs] 23669K->11812K(32704K), [Perm : 1380K->1380K(8192K)], 0.1205926 secs]
149.730: [Full GC 149.730: [Tenured: 23531K->23531K(29184K), 0.0431258 secs] 23600K->23531K(32704K), [Perm : 1380K->1380K(8192K)], 0.0434803 secs]
149.777: [Full GC 149.777: [Tenured: 23531K->11812K(29184K), 0.1208743 secs] 23669K->11812K(32704K), [Perm : 1380K->1380K(8192K)], 0.1212023 secs]
149.978: [Full GC 149.979: [Tenured: 23531K->23531K(29184K), 0.0439281 secs] 23600K->23531K(32704K), [Perm : 1380K->1380K(8192K)], 0.0442870 secs]
150.027: [Full GC 150.027: [Tenured: 23531K->11812K(29184K), 0.1204575 secs] 23669K->11812K(32704K), [Perm : 1380K->1380K(8192K)], 0.1207867 secs]
150.229: [Full GC 150.229: [Tenured: 23531K->23531K(29184K), 0.0441918 secs] 23600K->23531K(32704K), [Perm : 1380K->1380K(8192K)], 0.0445466 secs]
150.277: [Full GC 150.277: [Tenured: 23531K->11812K(29184K), 0.1207716 secs] 23669K->11812K(32704K), [Perm : 1380K->1380K(8192K)], 0.1210913 secs]
150.479: [Full GC 150.480: [Tenured: 23531K->23531K(29184K), 0.0430618 secs] 23600K->23531K(32704K), [Perm : 1380K->1380K(8192K)], 0.0441109 secs]
150.527: [Full GC 150.527: [Tenured: 23531K->11812K(29184K), 0.1205942 secs] 23669K->11812K(32704K), [Perm : 1380K->1380K(8192K)], 0.1209176 secs]
150.731: [Full GC 150.731: [Tenured: 23531K->23531K(29184K), 0.0422930 secs] 23600K->23531K(32704K), [Perm : 1380K->1380K(8192K)], 0.0426495 secs]
150.777: [Full GC 150.777: [Tenured: 23531K->11812K(29184K), 0.1204867 secs] 23669K->11812K(32704K), [Perm : 1380K->1380K(8192K)], 0.1209567 secs]
150.981: [Full GC 150.981: [Tenured: 23531K->23531K(29184K), 0.0428420 secs] 23600K->23531K(32704K), [Perm : 1380K->1380K(8192K)], 0.0431956 secs]
151.027: [Full GC 151.027: [Tenured: 23531K->11812K(29184K), 0.1185670 secs] 23669K->11812K(32704K), [Perm : 1380K->1380K(8192K)], 0.1188959 secs]
151.230: [Full GC 151.231: [Tenured: 23531K->23531K(29184K), 0.0436167 secs] 23600K->23531K(32704K), [Perm : 1380K->1380K(8192K)], 0.0439528 secs]
151.278: [Full GC 151.278: [Tenured: 23531K->11812K(29184K), 0.1218952 secs] 23669K->11812K(32704K), [Perm : 1380K->1380K(8192K)], 0.1222146 secs]
151.482: [Full GC 151.482: [Tenured: 23531K->23531K(29184K), 0.0421474 secs] 23600K->23531K(32704K), [Perm : 1380K->1380K(8192K)], 0.0425050 secs]
151.528: [Full GC 151.528: [Tenured: 23531K->11812K(29184K), 0.1220731 secs] 23669K->11812K(32704K), [Perm : 1380K->1380K(8192K)], 0.1223816 secs]
151.732: [Full GC 151.733: [Tenured: 23531K->23531K(29184K), 0.0424524 secs] 23600K->23531K(32704K), [Perm : 1380K->1380K(8192K)], 0.0428011 secs]
151.779: [Full GC 151.779: [Tenured: 23531K->11812K(29184K), 0.1219498 secs] 23669K->11812K(32704K), [Perm : 1380K->1380K(8192K)], 0.1222773 secs]
151.983: [Full GC 151.983: [Tenured: 23531K->23531K(29184K), 0.0439555 secs] 23600K->23531K(32704K), [Perm : 1380K->1380K(8192K)], 0.0443203 secs]
152.031: [Full GC 152.032: [Tenured: 23531K->11812K(29184K), 0.1199121 secs] 23669K->11812K(32704K), [Perm : 1380K->1380K(8192K)], 0.1202372 secs]
152.234: [Full GC 152.234: [Tenured: 23531K->23531K(29184K), 0.0428598 secs] 23600K->23531K(32704K), [Perm : 1380K->1380K(8192K)], 0.0432231 secs]
152.281: [Full GC 152.281: [Tenured: 23531K->11812K(29184K), 0.1232299 secs] 23669K->11812K(32704K), [Perm : 1380K->1380K(8192K)], 0.1235561 secs]
152.485: [Full GC 152.486: [Tenured: 23531K->23531K(29184K), 0.0442024 secs] 23600K->23531K(32704K), [Perm : 1380K->1380K(8192K)], 0.0445531 secs]
152.533: [Full GC 152.533: [Tenured: 23531K->11812K(29184K), 0.1205200 secs] 23669K->11812K(32704K), [Perm : 1380K->1380K(8192K)], 0.1208426 secs]
152.737: [Full GC 152.737: [Tenured: 23531K->23531K(29184K), 0.0436036 secs] 23600K->23531K(32704K), [Perm : 1380K->1380K(8192K)], 0.0439476 secs]
152.784: [Full GC 152.784: [Tenured: 23531K->11812K(29184K), 0.1206703 secs] 23669K->11812K(32704K), [Perm : 1380K->1380K(8192K)], 0.1209918 secs]
152.985: [Full GC 152.985: [Tenured: 23531K->23531K(29184K), 0.0450992 secs] 23600K->23531K(32704K), [Perm : 1380K->1380K(8192K)], 0.0454322 secs]
153.034: [Full GC 153.034: [Tenured: 23531K->11812K(29184K), 0.1195342 secs] 23669K->11812K(32704K), [Perm : 1380K->1380K(8192K)], 0.1198570 secs]
153.236: [Full GC 153.237: [Tenured: 23531K->23531K(29184K), 0.0411807 secs] 23600K->23531K(32704K), [Perm : 1380K->1380K(8192K)], 0.0415448 secs]
153.283: [Full GC 153.283: [Tenured: 23531K->11812K(29184K), 0.1223991 secs] 23669K->11812K(32704K), [Perm : 1380K->1380K(8192K)], 0.1227276 secs]
153.487: [Full GC 153.487: [Tenured: 23531K->23531K(29184K), 0.0435692 secs] 23600K->23531K(32704K), [Perm : 1380K->1380K(8192K)], 0.0439217 secs]
153.534: [Full GC 153.534: [Tenured: 23531K->11812K(29184K), 0.1201439 secs] 23669K->11812K(32704K), [Perm : 1380K->1380K(8192K)], 0.1204638 secs]
153.736: [Full GC 153.736: [Tenured: 23531K->23531K(29184K), 0.0426320 secs] 23600K->23531K(32704K), [Perm : 1380K->1380K(8192K)], 0.0429908 secs]
153.784: [Full GC 153.785: [Tenured: 23531K->11812K(29184K), 0.1203904 secs] 23669K->11812K(32704K), [Perm : 1380K->1380K(8192K)], 0.1207202 secs]
153.986: [Full GC 153.986: [Tenured: 23531K->23531K(29184K), 0.0449046 secs] 23600K->23531K(32704K), [Perm : 1380K->1380K(8192K)], 0.0452545 secs]
154.034: [Full GC 154.034: [Tenured: 23531K->11812K(29184K), 0.1205459 secs] 23669K->11812K(32704K), [Perm : 1380K->1380K(8192K)], 0.1208729 secs]
154.238: [Full GC 154.238: [Tenured: 23531K->23531K(29184K), 0.0428809 secs] 23600K->23531K(32704K), [Perm : 1380K->1380K(8192K)], 0.0432269 secs]
154.284: [Full GC 154.284: [Tenured: 23531K->11812K(29184K), 0.1233591 secs] 23669K->11812K(32704K), [Perm : 1380K->1380K(8192K)], 0.1236731 secs]
154.488: [Full GC 154.488: [Tenured: 23531K->23531K(29184K), 0.0440853 secs] 23600K->23531K(32704K), [Perm : 1380K->1380K(8192K)], 0.0444511 secs]
154.536: [Full GC 154.536: [Tenured: 23531K->11812K(29184K), 0.1203174 secs] 23669K->11812K(32704K), [Perm : 1380K->1380K(8192K)], 0.1206451 secs]
154.739: [Full GC 154.740: [Tenured: 23531K->23531K(29184K), 0.0435924 secs] 23600K->23531K(32704K), [Perm : 1380K->1380K(8192K)], 0.0443960 secs]
154.787: [Full GC 154.787: [Tenured: 23531K->11812K(29184K), 0.1210406 secs] 23669K->11812K(32704K), [Perm : 1380K->1380K(8192K)], 0.1213694 secs]
154.988: [Full GC 154.989: [Tenured: 23531K->23531K(29184K), 0.0441860 secs] 23600K->23531K(32704K), [Perm : 1380K->1380K(8192K)], 0.0445475 secs]
155.036: [Full GC 155.036: [Tenured: 23531K->11812K(29184K), 0.1223132 secs] 23669K->11812K(32704K), [Perm : 1380K->1380K(8192K)], 0.1226368 secs]
155.240: [Full GC 155.240: [Tenured: 23531K->23531K(29184K), 0.0423089 secs] 23600K->23531K(32704K), [Perm : 1380K->1380K(8192K)], 0.0426614 secs]
155.286: [Full GC 155.286: [Tenured: 23531K->11812K(29184K), 0.1211032 secs] 23669K->11812K(32704K), [Perm : 1380K->1380K(8192K)], 0.1214249 secs]
155.492: [Full GC 155.492: [Tenured: 23531K->23531K(29184K), 0.0410142 secs] 23600K->23531K(32704K), [Perm : 1380K->1380K(8192K)], 0.0413682 secs]
155.537: [Full GC 155.537: [Tenured: 23531K->11812K(29184K), 0.1217199 secs] 23669K->11812K(32704K), [Perm : 1380K->1380K(8192K)], 0.1220380 secs]
155.741: [Full GC 155.741: [Tenured: 23531K->23531K(29184K), 0.0433772 secs] 23600K->23531K(32704K), [Perm : 1380K->1380K(8192K)], 0.0437350 secs]
155.788: [Full GC 155.789: [Tenured: 23531K->11812K(29184K), 0.1194297 secs] 23669K->11812K(32704K), [Perm : 1380K->1380K(8192K)], 0.1197494 secs]
155.992: [Full GC 155.992: [Tenured: 23531K->23531K(29184K), 0.0423363 secs] 23600K->23531K(32704K), [Perm : 1380K->1380K(8192K)], 0.0426951 secs]
156.038: [Full GC 156.038: [Tenured: 23531K->11812K(29184K), 0.1205571 secs] 23669K->11812K(32704K), [Perm : 1380K->1380K(8192K)], 0.1208876 secs]
156.241: [Full GC 156.241: [Tenured: 23531K->23531K(29184K), 0.0427425 secs] 23600K->23531K(32704K), [Perm : 1380K->1380K(8192K)], 0.0431006 secs]
156.288: [Full GC 156.288: [Tenured: 23531K->11812K(29184K), 0.1231975 secs] 23669K->11812K(32704K), [Perm : 1380K->1380K(8192K)], 0.1235202 secs]
156.493: [Full GC 156.493: [Tenured: 23531K->23531K(29184K), 0.0440739 secs] 23600K->23531K(32704K), [Perm : 1380K->1380K(8192K)], 0.0444391 secs]
156.541: [Full GC 156.541: [Tenured: 23531K->11812K(29184K), 0.1198397 secs] 23669K->11812K(32704K), [Perm : 1380K->1380K(8192K)], 0.1201680 secs]
156.743: [Full GC 156.743: [Tenured: 23531K->23531K(29184K), 0.0432266 secs] 23600K->23531K(32704K), [Perm : 1380K->1380K(8192K)], 0.0435850 secs]
156.790: [Full GC 156.790: [Tenured: 23531K->11812K(29184K), 0.2673055 secs] 23669K->11812K(32704K), [Perm : 1380K->1380K(8192K)], 0.2676360 secs]
157.139: [Full GC 157.139: [Tenured: 23531K->23531K(29184K), 0.1647529 secs] 23600K->23531K(32704K), [Perm : 1380K->1380K(8192K)], 0.1651083 secs]
157.307: [Full GC 157.307: [Tenured: 23531K->11812K(29184K), 0.2796384 secs] 23669K->11812K(32704K), [Perm : 1380K->1380K(8192K)], 0.2799715 secs]
157.668: [Full GC 157.668: [Tenured: 23531K->23531K(29184K), 0.0436674 secs] 23600K->23531K(32704K), [Perm : 1380K->1380K(8192K)], 0.0440202 secs]
157.716: [Full GC 157.716: [Tenured: 23531K->11812K(29184K), 0.2014942 secs] 23669K->11812K(32704K), [Perm : 1380K->1380K(8192K)], 0.2018187 secs]
157.999: [Full GC 157.999: [Tenured: 23531K->23531K(29184K), 0.1228001 secs] 23600K->23531K(32704K), [Perm : 1380K->1380K(8192K)], 0.1231479 secs]
158.125: [Full GC 158.125: [Tenured: 23531K->11812K(29184K), 0.2435012 secs] 23669K->11812K(32704K), [Perm : 1380K->1380K(8192K)], 0.2438281 secs]
158.449: [Full GC 158.451: [Tenured: 23531K->23531K(29184K), 0.0419537 secs] 23600K->23531K(32704K), [Perm : 1380K->1380K(8192K)], 0.0423815 secs]
158.497: [Full GC 158.497: [Tenured: 23531K->11812K(29184K), 0.3336462 secs] 23669K->11812K(32704K), [Perm : 1380K->1380K(8192K)], 0.3339568 secs]
158.913: [Full GC 158.913: [Tenured: 23531K->23531K(29184K), 0.0424309 secs] 23600K->23531K(32704K), [Perm : 1380K->1380K(8192K)], 0.0427903 secs]
158.959: [Full GC 158.960: [Tenured: 23531K->11812K(29184K), 0.1186330 secs] 23669K->11812K(32704K), [Perm : 1380K->1380K(8192K)], 0.1190271 secs]
159.162: [Full GC 159.163: [Tenured: 23531K->23531K(29184K), 0.0441660 secs] 23600K->23531K(32704K), [Perm : 1380K->1380K(8192K)], 0.0445281 secs]
159.211: [Full GC 159.211: [Tenured: 23531K->11812K(29184K), 0.1197562 secs] 23669K->11812K(32704K), [Perm : 1380K->1380K(8192K)], 0.1200790 secs]
159.415: [Full GC 159.415: [Tenured: 23531K->23531K(29184K), 0.0413215 secs] 23600K->23531K(32704K), [Perm : 1380K->1380K(8192K)], 0.0416859 secs]
159.461: [Full GC 159.461: [Tenured: 23531K->11812K(29184K), 0.1198422 secs] 23669K->11812K(32704K), [Perm : 1380K->1380K(8192K)], 0.1201709 secs]
159.664: [Full GC 159.664: [Tenured: 23531K->23531K(29184K), 0.0433893 secs] 23600K->23531K(32704K), [Perm : 1380K->1380K(8192K)], 0.0437521 secs]
159.711: [Full GC 159.711: [Tenured: 23531K->11812K(29184K), 0.1212774 secs] 23669K->11812K(32704K), [Perm : 1380K->1380K(8192K)], 0.1216076 secs]
159.914: [Full GC 159.915: [Tenured: 23531K->23531K(29184K), 0.0433322 secs] 23600K->23531K(32704K), [Perm : 1380K->1380K(8192K)], 0.0438880 secs]
159.963: [Full GC 159.963: [Tenured: 23531K->11812K(29184K), 0.1195757 secs] 23669K->11812K(32704K), [Perm : 1380K->1380K(8192K)], 0.1198999 secs]
160.164: [Full GC 160.164: [Tenured: 23531K->23531K(29184K), 0.0428357 secs] 23600K->23531K(32704K), [Perm : 1380K->1380K(8192K)], 0.0431956 secs]
160.212: [Full GC 160.212: [Tenured: 23531K->11812K(29184K), 0.1206325 secs] 23669K->11812K(32704K), [Perm : 1380K->1380K(8192K)], 0.1209567 secs]
160.416: [Full GC 160.416: [Tenured: 23531K->23531K(29184K), 0.0425877 secs] 23600K->23531K(32704K), [Perm : 1380K->1380K(8192K)], 0.0429474 secs]
160.463: [Full GC 160.463: [Tenured: 23531K->11812K(29184K), 0.1208738 secs] 23669K->11812K(32704K), [Perm : 1380K->1380K(8192K)], 0.1211989 secs]
160.667: [Full GC 160.667: [Tenured: 23531K->23531K(29184K), 0.0439159 secs] 23600K->23531K(32704K), [Perm : 1380K->1380K(8192K)], 0.0442536 secs]
160.714: [Full GC 160.715: [Tenured: 23531K->11812K(29184K), 0.1206060 secs] 23669K->11812K(32704K), [Perm : 1380K->1380K(8192K)], 0.1209304 secs]
160.916: [Full GC 160.916: [Tenured: 23531K->23531K(29184K), 0.0440530 secs] 23600K->23531K(32704K), [Perm : 1380K->1380K(8192K)], 0.0443976 secs]
160.964: [Full GC 160.964: [Tenured: 23531K->11812K(29184K), 0.1200965 secs] 23669K->11812K(32704K), [Perm : 1380K->1380K(8192K)], 0.1204191 secs]
161.167: [Full GC 161.167: [Tenured: 23531K->23531K(29184K), 0.0437968 secs] 23600K->23531K(32704K), [Perm : 1380K->1380K(8192K)], 0.0441208 secs]
161.215: [Full GC 161.215: [Tenured: 23531K->11812K(29184K), 0.1216027 secs] 23669K->11812K(32704K), [Perm : 1380K->1380K(8192K)], 0.1219291 secs]
161.418: [Full GC 161.418: [Tenured: 23531K->23531K(29184K), 0.0441103 secs] 23600K->23531K(32704K), [Perm : 1380K->1380K(8192K)], 0.0444634 secs]
161.466: [Full GC 161.466: [Tenured: 23531K->11812K(29184K), 0.1202991 secs] 23669K->11812K(32704K), [Perm : 1380K->1380K(8192K)], 0.1206179 secs]
161.668: [Full GC 161.668: [Tenured: 23531K->23531K(29184K), 0.0450188 secs] 23600K->23531K(32704K), [Perm : 1380K->1380K(8192K)], 0.0453801 secs]
161.717: [Full GC 161.717: [Tenured: 23531K->11812K(29184K), 0.1275468 secs] 23669K->11812K(32704K), [Perm : 1380K->1380K(8192K)], 0.1278743 secs]
161.925: [Full GC 161.925: [Tenured: 23531K->23531K(29184K), 0.0453243 secs] 23600K->23531K(32704K), [Perm : 1380K->1380K(8192K)], 0.0456681 secs]
161.974: [Full GC 161.974: [Tenured: 23531K->11812K(29184K), 0.1212043 secs] 23669K->11812K(32704K), [Perm : 1380K->1380K(8192K)], 0.1216891 secs]
162.177: [Full GC 162.177: [Tenured: 23531K->23531K(29184K), 0.0432714 secs] 23600K->23531K(32704K), [Perm : 1380K->1380K(8192K)], 0.0436182 secs]
162.224: [Full GC 162.224: [Tenured: 23531K->11812K(29184K), 0.1218996 secs] 23669K->11812K(32704K), [Perm : 1380K->1380K(8192K)], 0.1222270 secs]
162.429: [Full GC 162.429: [Tenured: 23531K->23531K(29184K), 0.0450003 secs] 23600K->23531K(32704K), [Perm : 1380K->1380K(8192K)], 0.0453612 secs]
162.477: [Full GC 162.478: [Tenured: 23531K->11812K(29184K), 0.1194428 secs] 23669K->11812K(32704K), [Perm : 1380K->1380K(8192K)], 0.1197663 secs]
162.678: [Full GC 162.679: [Tenured: 23531K->23531K(29184K), 0.0435028 secs] 23600K->23531K(32704K), [Perm : 1380K->1380K(8192K)], 0.0438597 secs]
162.726: [Full GC 162.726: [Tenured: 23531K->11812K(29184K), 0.1216609 secs] 23669K->11812K(32704K), [Perm : 1380K->1380K(8192K)], 0.1219882 secs]
162.929: [Full GC 162.929: [Tenured: 23531K->23531K(29184K), 0.0433803 secs] 23600K->23531K(32704K), [Perm : 1380K->1380K(8192K)], 0.0437339 secs]
162.976: [Full GC 162.976: [Tenured: 23531K->11812K(29184K), 0.1203360 secs] 23669K->11812K(32704K), [Perm : 1380K->1380K(8192K)], 0.1206526 secs]
163.178: [Full GC 163.178: [Tenured: 23531K->23531K(29184K), 0.0434262 secs] 23600K->23531K(32704K), [Perm : 1380K->1380K(8192K)], 0.0437789 secs]
163.225: [Full GC 163.225: [Tenured: 23531K->11812K(29184K), 0.1208912 secs] 23669K->11812K(32704K), [Perm : 1380K->1380K(8192K)], 0.1212169 secs]
163.431: [Full GC 163.431: [Tenured: 23531K->23531K(29184K), 0.0436275 secs] 23600K->23531K(32704K), [Perm : 1380K->1380K(8192K)], 0.0439782 secs]
163.478: [Full GC 163.478: [Tenured: 23531K->11812K(29184K), 0.1191111 secs] 23669K->11812K(32704K), [Perm : 1380K->1380K(8192K)], 0.1194403 secs]
163.679: [Full GC 163.679: [Tenured: 23531K->23531K(29184K), 0.0432412 secs] 23600K->23531K(32704K), [Perm : 1380K->1380K(8192K)], 0.0436038 secs]
163.726: [Full GC 163.726: [Tenured: 23531K->11812K(29184K), 0.1221268 secs] 23669K->11812K(32704K), [Perm : 1380K->1380K(8192K)], 0.1224523 secs]
165.012: [Full GC 165.013: [Tenured: 23531K->23531K(29184K), 0.0489135 secs] 23600K->23531K(32704K), [Perm : 1380K->1380K(8192K)], 0.0492710 secs]
165.065: [Full GC 165.065: [Tenured: 23531K->11812K(29184K), 0.1189827 secs] 23669K->11812K(32704K), [Perm : 1380K->1380K(8192K)], 0.1193068 secs]
165.267: [Full GC 165.267: [Tenured: 23531K->23531K(29184K), 0.0412489 secs] 23600K->23531K(32704K), [Perm : 1380K->1380K(8192K)], 0.0416086 secs]
165.313: [Full GC 165.313: [Tenured: 23531K->11812K(29184K), 0.1210030 secs] 23669K->11812K(32704K), [Perm : 1380K->1380K(8192K)], 0.1213290 secs]
165.517: [Full GC 165.517: [Tenured: 23531K->23531K(29184K), 0.0444538 secs] 23600K->23531K(32704K), [Perm : 1380K->1380K(8192K)], 0.0448069 secs]
165.565: [Full GC 165.565: [Tenured: 23531K->11812K(29184K), 0.1196807 secs] 23669K->11812K(32704K), [Perm : 1380K->1380K(8192K)], 0.1200058 secs]
165.765: [Full GC 165.766: [Tenured: 23531K->23531K(29184K), 0.0449727 secs] 23600K->23531K(32704K), [Perm : 1380K->1380K(8192K)], 0.0453201 secs]
165.814: [Full GC 165.814: [Tenured: 23531K->11812K(29184K), 0.1283542 secs] 23669K->11812K(32704K), [Perm : 1380K->1380K(8192K)], 0.1286840 secs]
166.026: [Full GC 166.026: [Tenured: 23531K->23531K(29184K), 0.0418904 secs] 23600K->23531K(32704K), [Perm : 1380K->1380K(8192K)], 0.0422440 secs]
166.073: [Full GC 166.073: [Tenured: 23531K->11812K(29184K), 0.1203942 secs] 23669K->11812K(32704K), [Perm : 1380K->1380K(8192K)], 0.1207226 secs]
166.275: [Full GC 166.275: [Tenured: 23531K->23531K(29184K), 0.0432154 secs] 23600K->23531K(32704K), [Perm : 1380K->1380K(8192K)], 0.0435738 secs]
166.322: [Full GC 166.322: [Tenured: 23531K->11812K(29184K), 0.1209999 secs] 23669K->11812K(32704K), [Perm : 1380K->1380K(8192K)], 0.1213321 secs]
166.526: [Full GC 166.526: [Tenured: 23531K->23531K(29184K), 0.0421162 secs] 23600K->23531K(32704K), [Perm : 1380K->1380K(8192K)], 0.0424815 secs]
166.574: [Full GC 166.574: [Tenured: 23531K->11812K(29184K), 0.1191911 secs] 23669K->11812K(32704K), [Perm : 1380K->1380K(8192K)], 0.1195193 secs]
166.774: [Full GC 166.774: [Tenured: 23531K->23531K(29184K), 0.0443199 secs] 23600K->23531K(32704K), [Perm : 1380K->1380K(8192K)], 0.0446764 secs]
166.823: [Full GC 166.823: [Tenured: 23531K->11812K(29184K), 0.1205386 secs] 23669K->11812K(32704K), [Perm : 1380K->1380K(8192K)], 0.1208671 secs]
167.027: [Full GC 167.027: [Tenured: 23531K->23531K(29184K), 0.0418755 secs] 23600K->23531K(32704K), [Perm : 1380K->1380K(8192K)], 0.0429088 secs]
167.073: [Full GC 167.073: [Tenured: 23531K->11812K(29184K), 0.1200233 secs] 23669K->11812K(32704K), [Perm : 1380K->1380K(8192K)], 0.1209531 secs]
167.275: [Full GC 167.275: [Tenured: 23531K->23531K(29184K), 0.0427193 secs] 23600K->23531K(32704K), [Perm : 1380K->1380K(8192K)], 0.0430869 secs]
167.321: [Full GC 167.322: [Tenured: 23531K->11812K(29184K), 0.1220821 secs] 23669K->11812K(32704K), [Perm : 1380K->1380K(8192K)], 0.1224096 secs]
167.526: [Full GC 167.526: [Tenured: 23531K->23531K(29184K), 0.0438043 secs] 23600K->23531K(32704K), [Perm : 1380K->1380K(8192K)], 0.0441570 secs]
167.573: [Full GC 167.573: [Tenured: 23531K->11812K(29184K), 0.1203248 secs] 23669K->11812K(32704K), [Perm : 1380K->1380K(8192K)], 0.1206523 secs]
167.774: [Full GC 167.774: [Tenured: 23531K->23531K(29184K), 0.0436110 secs] 23600K->23531K(32704K), [Perm : 1380K->1380K(8192K)], 0.0439831 secs]
167.822: [Full GC 167.822: [Tenured: 23531K->11812K(29184K), 0.1218844 secs] 23669K->11812K(32704K), [Perm : 1380K->1380K(8192K)], 0.1222151 secs]
168.026: [Full GC 168.027: [Tenured: 23531K->23531K(29184K), 0.0418308 secs] 23600K->23531K(32704K), [Perm : 1380K->1380K(8192K)], 0.0421979 secs]
168.073: [Full GC 168.073: [Tenured: 23531K->11812K(29184K), 0.1216327 secs] 23669K->11812K(32704K), [Perm : 1380K->1380K(8192K)], 0.1219603 secs]
168.285: [Full GC 168.285: [Tenured: 23531K->23531K(29184K), 0.0434992 secs] 23600K->23531K(32704K), [Perm : 1380K->1380K(8192K)], 0.0438607 secs]
168.333: [Full GC 168.333: [Tenured: 23531K->11812K(29184K), 0.1221194 secs] 23669K->11812K(32704K), [Perm : 1380K->1380K(8192K)], 0.1224535 secs]
168.537: [Full GC 168.537: [Tenured: 23531K->23531K(29184K), 0.0436847 secs] 23600K->23531K(32704K), [Perm : 1380K->1380K(8192K)], 0.0440242 secs]
168.584: [Full GC 168.585: [Tenured: 23531K->11812K(29184K), 0.1203637 secs] 23669K->11812K(32704K), [Perm : 1380K->1380K(8192K)], 0.1206901 secs]
168.786: [Full GC 168.787: [Tenured: 23531K->23531K(29184K), 0.0425641 secs] 23600K->23531K(32704K), [Perm : 1380K->1380K(8192K)], 0.0433399 secs]
168.834: [Full GC 168.834: [Tenured: 23531K->11812K(29184K), 0.1212919 secs] 23669K->11812K(32704K), [Perm : 1380K->1380K(8192K)], 0.1216294 secs]
169.038: [Full GC 169.038: [Tenured: 23531K->23531K(29184K), 0.0448948 secs] 23600K->23531K(32704K), [Perm : 1380K->1380K(8192K)], 0.0452477 secs]
169.087: [Full GC 169.087: [Tenured: 23531K->11812K(29184K), 0.1187216 secs] 23669K->11812K(32704K), [Perm : 1380K->1380K(8192K)], 0.1190460 secs]
169.287: [Full GC 169.287: [Tenured: 23531K->23531K(29184K), 0.0434637 secs] 23600K->23531K(32704K), [Perm : 1380K->1380K(8192K)], 0.0438150 secs]
169.334: [Full GC 169.334: [Tenured: 23531K->11812K(29184K), 0.1210035 secs] 23669K->11812K(32704K), [Perm : 1380K->1380K(8192K)], 0.1213284 secs]
169.538: [Full GC 169.538: [Tenured: 23531K->23531K(29184K), 0.0435464 secs] 23600K->23531K(32704K), [Perm : 1380K->1380K(8192K)], 0.0439083 secs]
169.585: [Full GC 169.586: [Tenured: 23531K->11812K(29184K), 0.1197734 secs] 23669K->11812K(32704K), [Perm : 1380K->1380K(8192K)], 0.1201071 secs]
169.787: [Full GC 169.788: [Tenured: 23531K->23531K(29184K), 0.0430750 secs] 23600K->23531K(32704K), [Perm : 1380K->1380K(8192K)], 0.0434261 secs]
169.834: [Full GC 169.834: [Tenured: 23531K->11812K(29184K), 0.1207027 secs] 23669K->11812K(32704K), [Perm : 1380K->1380K(8192K)], 0.1210291 secs]
170.039: [Full GC 170.039: [Tenured: 23531K->23531K(29184K), 0.0437836 secs] 23600K->23531K(32704K), [Perm : 1380K->1380K(8192K)], 0.0441505 secs]
170.087: [Full GC 170.087: [Tenured: 23531K->11812K(29184K), 0.1200076 secs] 23669K->11812K(32704K), [Perm : 1380K->1380K(8192K)], 0.1204549 secs]
170.288: [Full GC 170.288: [Tenured: 23531K->23531K(29184K), 0.0429515 secs] 23600K->23531K(32704K), [Perm : 1380K->1380K(8192K)], 0.0433334 secs]
170.335: [Full GC 170.335: [Tenured: 23531K->11812K(29184K), 0.1235181 secs] 23669K->11812K(32704K), [Perm : 1380K->1380K(8192K)], 0.1238445 secs]
170.541: [Full GC 170.541: [Tenured: 23531K->23531K(29184K), 0.0421478 secs] 23600K->23531K(32704K), [Perm : 1380K->1380K(8192K)], 0.0425005 secs]
170.587: [Full GC 170.587: [Tenured: 23531K->11812K(29184K), 0.1210951 secs] 23669K->11812K(32704K), [Perm : 1380K->1380K(8192K)], 0.1214169 secs]
170.791: [Full GC 170.791: [Tenured: 23531K->23531K(29184K), 0.0412955 secs] 23600K->23531K(32704K), [Perm : 1380K->1380K(8192K)], 0.0416554 secs]
170.836: [Full GC 170.836: [Tenured: 23531K->11812K(29184K), 0.1232679 secs] 23669K->11812K(32704K), [Perm : 1380K->1380K(8192K)], 0.1235857 secs]
171.041: [Full GC 171.041: [Tenured: 23531K->23531K(29184K), 0.0434601 secs] 23600K->23531K(32704K), [Perm : 1380K->1380K(8192K)], 0.0438132 secs]
171.088: [Full GC 171.088: [Tenured: 23531K->11812K(29184K), 0.1206161 secs] 23669K->11812K(32704K), [Perm : 1380K->1380K(8192K)], 0.1209419 secs]
171.291: [Full GC 171.291: [Tenured: 23531K->23531K(29184K), 0.0435075 secs] 23600K->23531K(32704K), [Perm : 1380K->1380K(8192K)], 0.0438703 secs]
171.338: [Full GC 171.338: [Tenured: 23531K->11812K(29184K), 0.1228648 secs] 23669K->11812K(32704K), [Perm : 1380K->1380K(8192K)], 0.1231915 secs]
171.542: [Full GC 171.543: [Tenured: 23531K->23531K(29184K), 0.0435684 secs] 23600K->23531K(32704K), [Perm : 1380K->1380K(8192K)], 0.0439227 secs]
171.591: [Full GC 171.592: [Tenured: 23531K->11812K(29184K), 0.1200322 secs] 23669K->11812K(32704K), [Perm : 1380K->1380K(8192K)], 0.1204012 secs]
171.792: [Full GC 171.792: [Tenured: 23531K->23531K(29184K), 0.0441660 secs] 23600K->23531K(32704K), [Perm : 1380K->1380K(8192K)], 0.0445263 secs]
171.840: [Full GC 171.840: [Tenured: 23531K->11812K(29184K), 0.1208134 secs] 23669K->11812K(32704K), [Perm : 1380K->1380K(8192K)], 0.1211405 secs]
172.043: [Full GC 172.044: [Tenured: 23531K->23531K(29184K), 0.0438150 secs] 23600K->23531K(32704K), [Perm : 1380K->1380K(8192K)], 0.0441689 secs]
172.092: [Full GC 172.092: [Tenured: 23531K->11812K(29184K), 0.1187863 secs] 23669K->11812K(32704K), [Perm : 1380K->1380K(8192K)], 0.1191121 secs]
172.293: [Full GC 172.294: [Tenured: 23531K->23531K(29184K), 0.0422838 secs] 23600K->23531K(32704K), [Perm : 1380K->1380K(8192K)], 0.0426486 secs]
172.340: [Full GC 172.340: [Tenured: 23531K->11812K(29184K), 0.1786923 secs] 23669K->11812K(32704K), [Perm : 1380K->1380K(8192K)], 0.1807558 secs]
172.602: [Full GC 172.602: [Tenured: 23531K->23531K(29184K), 0.0434940 secs] 23600K->23531K(32704K), [Perm : 1380K->1380K(8192K)], 0.0438546 secs]
172.649: [Full GC 172.650: [Tenured: 23531K->11812K(29184K), 0.1183064 secs] 23669K->11812K(32704K), [Perm : 1380K->1380K(8192K)], 0.1186704 secs]
172.852: [Full GC 172.852: [Tenured: 23531K->23531K(29184K), 0.0418629 secs] 23600K->23531K(32704K), [Perm : 1380K->1380K(8192K)], 0.0422074 secs]
172.897: [Full GC 172.897: [Tenured: 23531K->11812K(29184K), 0.1204517 secs] 23669K->11812K(32704K), [Perm : 1380K->1380K(8192K)], 0.1207817 secs]
173.100: [Full GC 173.100: [Tenured: 23531K->23531K(29184K), 0.0441671 secs] 23600K->23531K(32704K), [Perm : 1380K->1380K(8192K)], 0.0445218 secs]
173.148: [Full GC 173.148: [Tenured: 23531K->11812K(29184K), 0.1202208 secs] 23669K->11812K(32704K), [Perm : 1380K->1380K(8192K)], 0.1205492 secs]
173.350: [Full GC 173.351: [Tenured: 23531K->23531K(29184K), 0.0443789 secs] 23600K->23531K(32704K), [Perm : 1380K->1380K(8192K)], 0.0447276 secs]
173.399: [Full GC 173.399: [Tenured: 23531K->11812K(29184K), 0.1233494 secs] 23669K->11812K(32704K), [Perm : 1380K->1380K(8192K)], 0.1236851 secs]
173.603: [Full GC 173.603: [Tenured: 23531K->23531K(29184K), 0.0436949 secs] 23600K->23531K(32704K), [Perm : 1380K->1380K(8192K)], 0.0440577 secs]
173.651: [Full GC 173.651: [Tenured: 23531K->11812K(29184K), 0.1190622 secs] 23669K->11812K(32704K), [Perm : 1380K->1380K(8192K)], 0.1193836 secs]
173.852: [Full GC 173.852: [Tenured: 23531K->23531K(29184K), 0.0425922 secs] 23600K->23531K(32704K), [Perm : 1380K->1380K(8192K)], 0.0429496 secs]
173.899: [Full GC 173.899: [Tenured: 23531K->11812K(29184K), 0.1267573 secs] 23669K->11812K(32704K), [Perm : 1380K->1380K(8192K)], 0.1270925 secs]
174.111: [Full GC 174.112: [Tenured: 23531K->23531K(29184K), 0.0430395 secs] 23600K->23531K(32704K), [Perm : 1380K->1380K(8192K)], 0.0433918 secs]
174.158: [Full GC 174.158: [Tenured: 23531K->11812K(29184K), 0.1234233 secs] 23669K->11812K(32704K), [Perm : 1380K->1380K(8192K)], 0.1237441 secs]
174.362: [Full GC 174.363: [Tenured: 23531K->23531K(29184K), 0.0434062 secs] 23600K->23531K(32704K), [Perm : 1380K->1380K(8192K)], 0.0437598 secs]
174.410: [Full GC 174.410: [Tenured: 23531K->11812K(29184K), 0.1206126 secs] 23669K->11812K(32704K), [Perm : 1380K->1380K(8192K)], 0.1209392 secs]
174.613: [Full GC 174.613: [Tenured: 23531K->23531K(29184K), 0.0417621 secs] 23600K->23531K(32704K), [Perm : 1380K->1380K(8192K)], 0.0421103 secs]
174.659: [Full GC 174.659: [Tenured: 23531K->11812K(29184K), 0.1396628 secs] 23669K->11812K(32704K), [Perm : 1380K->1380K(8192K)], 0.1399864 secs]
174.899: [Full GC 174.899: [Tenured: 23531K->23531K(29184K), 0.0456362 secs] 23600K->23531K(32704K), [Perm : 1380K->1380K(8192K)], 0.0459918 secs]
174.948: [Full GC 174.948: [Tenured: 23531K->11812K(29184K), 0.1197835 secs] 23669K->11812K(32704K), [Perm : 1380K->1380K(8192K)], 0.1201102 secs]
175.151: [Full GC 175.151: [Tenured: 23531K->23531K(29184K), 0.0425124 secs] 23600K->23531K(32704K), [Perm : 1380K->1380K(8192K)], 0.0428652 secs]
175.197: [Full GC 175.197: [Tenured: 23531K->11812K(29184K), 0.1206835 secs] 23669K->11812K(32704K), [Perm : 1380K->1380K(8192K)], 0.1210149 secs]
175.401: [Full GC 175.401: [Tenured: 23531K->23531K(29184K), 0.0432172 secs] 23600K->23531K(32704K), [Perm : 1380K->1380K(8192K)], 0.0435783 secs]
175.448: [Full GC 175.448: [Tenured: 23531K->11812K(29184K), 0.1203183 secs] 23669K->11812K(32704K), [Perm : 1380K->1380K(8192K)], 0.1206375 secs]
175.651: [Full GC 175.651: [Tenured: 23531K->23531K(29184K), 0.0422990 secs] 23600K->23531K(32704K), [Perm : 1380K->1380K(8192K)], 0.0426491 secs]
175.697: [Full GC 175.697: [Tenured: 23531K->11812K(29184K), 0.1200862 secs] 23669K->11812K(32704K), [Perm : 1380K->1380K(8192K)], 0.1204101 secs]
175.899: [Full GC 175.899: [Tenured: 23531K->23531K(29184K), 0.0453021 secs] 23600K->23531K(32704K), [Perm : 1380K->1380K(8192K)], 0.0456633 secs]
175.948: [Full GC 175.948: [Tenured: 23531K->11812K(29184K), 0.1201480 secs] 23669K->11812K(32704K), [Perm : 1380K->1380K(8192K)], 0.1204755 secs]
176.151: [Full GC 176.151: [Tenured: 23531K->23531K(29184K), 0.0420941 secs] 23600K->23531K(32704K), [Perm : 1380K->1380K(8192K)], 0.0424421 secs]
176.197: [Full GC 176.197: [Tenured: 23531K->11812K(29184K), 0.1201572 secs] 23669K->11812K(32704K), [Perm : 1380K->1380K(8192K)], 0.1204803 secs]
176.403: [Full GC 176.404: [Tenured: 23531K->23531K(29184K), 0.0429191 secs] 23600K->23531K(32704K), [Perm : 1380K->1380K(8192K)], 0.0433156 secs]
176.451: [Full GC 176.451: [Tenured: 23531K->11812K(29184K), 0.1203737 secs] 23669K->11812K(32704K), [Perm : 1380K->1380K(8192K)], 0.1207009 secs]
176.654: [Full GC 176.655: [Tenured: 23531K->23531K(29184K), 0.0425998 secs] 23600K->23531K(32704K), [Perm : 1380K->1380K(8192K)], 0.0437746 secs]
176.702: [Full GC 176.702: [Tenured: 23531K->11812K(29184K), 0.1201673 secs] 23669K->11812K(32704K), [Perm : 1380K->1380K(8192K)], 0.1205004 secs]
176.903: [Full GC 176.903: [Tenured: 23531K->23531K(29184K), 0.0441538 secs] 23600K->23531K(32704K), [Perm : 1380K->1380K(8192K)], 0.0445178 secs]
176.951: [Full GC 176.952: [Tenured: 23531K->11812K(29184K), 0.1214450 secs] 23669K->11812K(32704K), [Perm : 1380K->1380K(8192K)], 0.1217718 secs]
177.155: [Full GC 177.156: [Tenured: 23531K->23531K(29184K), 0.0429436 secs] 23600K->23531K(32704K), [Perm : 1380K->1380K(8192K)], 0.0433005 secs]
177.204: [Full GC 177.204: [Tenured: 23531K->11812K(29184K), 0.1196018 secs] 23669K->11812K(32704K), [Perm : 1380K->1380K(8192K)], 0.1200091 secs]
177.408: [Full GC 177.408: [Tenured: 23531K->23531K(29184K), 0.0450639 secs] 23600K->23531K(32704K), [Perm : 1380K->1380K(8192K)], 0.0454207 secs]
177.456: [Full GC 177.457: [Tenured: 23531K->11812K(29184K), 0.1191538 secs] 23669K->11812K(32704K), [Perm : 1380K->1380K(8192K)], 0.1194881 secs]
177.659: [Full GC 177.659: [Tenured: 23531K->23531K(29184K), 0.0437773 secs] 23600K->23531K(32704K), [Perm : 1380K->1380K(8192K)], 0.0441399 secs]
177.706: [Full GC 177.706: [Tenured: 23531K->11812K(29184K), 0.1197880 secs] 23669K->11812K(32704K), [Perm : 1380K->1380K(8192K)], 0.1201089 secs]
177.908: [Full GC 177.908: [Tenured: 23531K->23531K(29184K), 0.0445611 secs] 23600K->23531K(32704K), [Perm : 1380K->1380K(8192K)], 0.0449165 secs]
177.956: [Full GC 177.956: [Tenured: 23531K->11812K(29184K), 0.1179705 secs] 23669K->11812K(32704K), [Perm : 1380K->1380K(8192K)], 0.1182907 secs]
178.157: [Full GC 178.157: [Tenured: 23531K->23531K(29184K), 0.0456687 secs] 23600K->23531K(32704K), [Perm : 1380K->1380K(8192K)], 0.0460232 secs]
178.206: [Full GC 178.207: [Tenured: 23531K->11812K(29184K), 0.1197060 secs] 23669K->11812K(32704K), [Perm : 1380K->1380K(8192K)], 0.1200296 secs]
178.411: [Full GC 178.411: [Tenured: 23531K->23531K(29184K), 0.0433064 secs] 23600K->23531K(32704K), [Perm : 1380K->1380K(8192K)], 0.0436618 secs]
178.458: [Full GC 178.458: [Tenured: 23531K->11812K(29184K), 0.1184138 secs] 23669K->11812K(32704K), [Perm : 1380K->1380K(8192K)], 0.1187423 secs]
178.659: [Full GC 178.659: [Tenured: 23531K->23531K(29184K), 0.0437917 secs] 23600K->23531K(32704K), [Perm : 1380K->1380K(8192K)], 0.0441558 secs]
178.706: [Full GC 178.706: [Tenured: 23531K->11812K(29184K), 0.1209931 secs] 23669K->11812K(32704K), [Perm : 1380K->1380K(8192K)], 0.1213137 secs]
178.908: [Full GC 178.908: [Tenured: 23531K->23531K(29184K), 0.0440210 secs] 23600K->23531K(32704K), [Perm : 1380K->1380K(8192K)], 0.0443774 secs]
178.956: [Full GC 178.956: [Tenured: 23531K->11812K(29184K), 0.1199682 secs] 23669K->11812K(32704K), [Perm : 1380K->1380K(8192K)], 0.1202980 secs]
179.159: [Full GC 179.159: [Tenured: 23531K->23531K(29184K), 0.0448487 secs] 23600K->23531K(32704K), [Perm : 1380K->1380K(8192K)], 0.0452019 secs]
179.207: [Full GC 179.207: [Tenured: 23531K->11812K(29184K), 0.1194776 secs] 23669K->11812K(32704K), [Perm : 1380K->1380K(8192K)], 0.1198040 secs]
179.409: [Full GC 179.411: [Tenured: 23531K->23531K(29184K), 0.0428706 secs] 23600K->23531K(32704K), [Perm : 1380K->1380K(8192K)], 0.0447135 secs]
179.457: [Full GC 179.457: [Tenured: 23531K->11812K(29184K), 0.1197485 secs] 23669K->11812K(32704K), [Perm : 1380K->1380K(8192K)], 0.1200738 secs]
179.660: [Full GC 179.660: [Tenured: 23531K->23531K(29184K), 0.0436079 secs] 23600K->23531K(32704K), [Perm : 1380K->1380K(8192K)], 0.0439667 secs]
179.707: [Full GC 179.707: [Tenured: 23531K->11812K(29184K), 0.1205355 secs] 23669K->11812K(32704K), [Perm : 1380K->1380K(8192K)], 0.1208599 secs]
179.908: [Full GC 179.908: [Tenured: 23531K->23531K(29184K), 0.0457182 secs] 23600K->23531K(32704K), [Perm : 1380K->1380K(8192K)], 0.0460754 secs]
179.957: [Full GC 179.958: [Tenured: 23531K->11812K(29184K), 0.1202709 secs] 23669K->11812K(32704K), [Perm : 1380K->1380K(8192K)], 0.1205984 secs]
180.160: [Full GC 180.160: [Tenured: 23531K->23531K(29184K), 0.0445681 secs] 23600K->23531K(32704K), [Perm : 1380K->1380K(8192K)], 0.0449229 secs]
180.208: [Full GC 180.208: [Tenured: 23531K->11812K(29184K), 0.1205303 secs] 23669K->11812K(32704K), [Perm : 1380K->1380K(8192K)], 0.1208518 secs]
180.413: [Full GC 180.413: [Tenured: 23531K->23531K(29184K), 0.0419602 secs] 23600K->23531K(32704K), [Perm : 1380K->1380K(8192K)], 0.0423199 secs]
180.459: [Full GC 180.459: [Tenured: 23531K->11812K(29184K), 0.1217132 secs] 23669K->11812K(32704K), [Perm : 1380K->1380K(8192K)], 0.1220450 secs]
180.662: [Full GC 180.662: [Tenured: 23531K->23531K(29184K), 0.0423040 secs] 23600K->23531K(32704K), [Perm : 1380K->1380K(8192K)], 0.0426693 secs]
180.708: [Full GC 180.708: [Tenured: 23531K->11812K(29184K), 0.1227221 secs] 23669K->11812K(32704K), [Perm : 1380K->1380K(8192K)], 0.1230264 secs]
180.913: [Full GC 180.913: [Tenured: 23531K->23531K(29184K), 0.0431285 secs] 23600K->23531K(32704K), [Perm : 1380K->1380K(8192K)], 0.0434823 secs]
180.961: [Full GC 180.961: [Tenured: 23531K->11812K(29184K), 0.1200084 secs] 23669K->11812K(32704K), [Perm : 1380K->1380K(8192K)], 0.1203389 secs]
181.162: [Full GC 181.162: [Tenured: 23531K->23531K(29184K), 0.0433506 secs] 23600K->23531K(32704K), [Perm : 1380K->1380K(8192K)], 0.0437121 secs]
181.209: [Full GC 181.210: [Tenured: 23531K->11812K(29184K), 0.1210271 secs] 23669K->11812K(32704K), [Perm : 1380K->1380K(8192K)], 0.1218446 secs]
181.415: [Full GC 181.415: [Tenured: 23531K->23531K(29184K), 0.0422150 secs] 23600K->23531K(32704K), [Perm : 1380K->1380K(8192K)], 0.0425808 secs]
181.462: [Full GC 181.462: [Tenured: 23531K->11812K(29184K), 0.1195731 secs] 23669K->11812K(32704K), [Perm : 1380K->1380K(8192K)], 0.1199091 secs]
181.662: [Full GC 181.663: [Tenured: 23531K->23531K(29184K), 0.0434884 secs] 23600K->23531K(32704K), [Perm : 1380K->1380K(8192K)], 0.0438472 secs]
181.710: [Full GC 181.710: [Tenured: 23531K->11812K(29184K), 0.1206517 secs] 23669K->11812K(32704K), [Perm : 1380K->1380K(8192K)], 0.1215806 secs]
181.913: [Full GC 181.914: [Tenured: 23531K->23531K(29184K), 0.0450428 secs] 23600K->23531K(32704K), [Perm : 1380K->1380K(8192K)], 0.0454027 secs]
181.962: [Full GC 181.963: [Tenured: 23531K->11812K(29184K), 0.1198094 secs] 23669K->11812K(32704K), [Perm : 1380K->1380K(8192K)], 0.1201379 secs]
182.165: [Full GC 182.165: [Tenured: 23531K->23531K(29184K), 0.0414352 secs] 23600K->23531K(32704K), [Perm : 1380K->1380K(8192K)], 0.0417904 secs]
182.211: [Full GC 182.211: [Tenured: 23531K->11812K(29184K), 0.1197739 secs] 23669K->11812K(32704K), [Perm : 1380K->1380K(8192K)], 0.1200992 secs]
182.416: [Full GC 182.416: [Tenured: 23531K->23531K(29184K), 0.0430492 secs] 23600K->23531K(32704K), [Perm : 1380K->1380K(8192K)], 0.0439130 secs]
182.463: [Full GC 182.463: [Tenured: 23531K->11812K(29184K), 0.1203306 secs] 23669K->11812K(32704K), [Perm : 1380K->1380K(8192K)], 0.1206553 secs]
182.665: [Full GC 182.666: [Tenured: 23531K->23531K(29184K), 0.0423091 secs] 23600K->23531K(32704K), [Perm : 1380K->1380K(8192K)], 0.0426710 secs]
182.713: [Full GC 182.713: [Tenured: 23531K->11812K(29184K), 0.1199884 secs] 23669K->11812K(32704K), [Perm : 1380K->1380K(8192K)], 0.1203149 secs]
182.915: [Full GC 182.915: [Tenured: 23531K->23531K(29184K), 0.0439873 secs] 23600K->23531K(32704K), [Perm : 1380K->1380K(8192K)], 0.0448229 secs]
182.963: [Full GC 182.963: [Tenured: 23531K->11812K(29184K), 0.1208885 secs] 23669K->11812K(32704K), [Perm : 1380K->1380K(8192K)], 0.1212158 secs]
183.166: [Full GC 183.166: [Tenured: 23531K->23531K(29184K), 0.0423747 secs] 23600K->23531K(32704K), [Perm : 1380K->1380K(8192K)], 0.0427366 secs]
183.213: [Full GC 183.213: [Tenured: 23531K->11812K(29184K), 0.1215498 secs] 23669K->11812K(32704K), [Perm : 1380K->1380K(8192K)], 0.1218704 secs]
183.417: [Full GC 183.417: [Tenured: 23531K->23531K(29184K), 0.0440278 secs] 23600K->23531K(32704K), [Perm : 1380K->1380K(8192K)], 0.0443846 secs]
183.464: [Full GC 183.464: [Tenured: 23531K->11812K(29184K), 0.1196079 secs] 23669K->11812K(32704K), [Perm : 1380K->1380K(8192K)], 0.1199291 secs]
183.665: [Full GC 183.666: [Tenured: 23531K->23531K(29184K), 0.0448647 secs] 23600K->23531K(32704K), [Perm : 1380K->1380K(8192K)], 0.0452104 secs]
183.715: [Full GC 183.716: [Tenured: 23531K->11812K(29184K), 0.1208644 secs] 23669K->11812K(32704K), [Perm : 1380K->1380K(8192K)], 0.1211875 secs]
183.916: [Full GC 183.917: [Tenured: 23531K->23531K(29184K), 0.0448685 secs] 23600K->23531K(32704K), [Perm : 1380K->1380K(8192K)], 0.0452257 secs]
183.965: [Full GC 183.965: [Tenured: 23531K->11812K(29184K), 0.1206726 secs] 23669K->11812K(32704K), [Perm : 1380K->1380K(8192K)], 0.1210024 secs]
184.167: [Full GC 184.167: [Tenured: 23531K->23531K(29184K), 0.0440900 secs] 23600K->23531K(32704K), [Perm : 1380K->1380K(8192K)], 0.0444430 secs]
184.215: [Full GC 184.215: [Tenured: 23531K->11812K(29184K), 0.1195272 secs] 23669K->11812K(32704K), [Perm : 1380K->1380K(8192K)], 0.1198525 secs]
184.416: [Full GC 184.416: [Tenured: 23531K->23531K(29184K), 0.0441723 secs] 23600K->23531K(32704K), [Perm : 1380K->1380K(8192K)], 0.0445322 secs]
184.464: [Full GC 184.464: [Tenured: 23531K->11812K(29184K), 0.1211769 secs] 23669K->11812K(32704K), [Perm : 1380K->1380K(8192K)], 0.1215002 secs]
184.665: [Full GC 184.665: [Tenured: 23531K->23531K(29184K), 0.0428218 secs] 23600K->23531K(32704K), [Perm : 1380K->1380K(8192K)], 0.0431797 secs]
184.712: [Full GC 184.713: [Tenured: 23531K->11812K(29184K), 0.1201086 secs] 23669K->11812K(32704K), [Perm : 1380K->1380K(8192K)], 0.1204348 secs]
184.914: [Full GC 184.915: [Tenured: 23531K->23531K(29184K), 0.0429680 secs] 23600K->23531K(32704K), [Perm : 1380K->1380K(8192K)], 0.0433206 secs]
184.963: [Full GC 184.963: [Tenured: 23531K->11812K(29184K), 0.1200763 secs] 23739K->11812K(32704K), [Perm : 1380K->1380K(8192K)], 0.1204063 secs]
185.164: [Full GC 185.165: [Tenured: 23531K->23531K(29184K), 0.0429209 secs] 23600K->23531K(32704K), [Perm : 1380K->1380K(8192K)], 0.0432853 secs]
185.211: [Full GC 185.212: [Tenured: 23531K->11812K(29184K), 0.1204899 secs] 23669K->11812K(32704K), [Perm : 1380K->1380K(8192K)], 0.1208193 secs]
185.415: [Full GC 185.416: [Tenured: 23531K->23531K(29184K), 0.0425378 secs] 23600K->23531K(32704K), [Perm : 1380K->1380K(8192K)], 0.0428939 secs]
185.464: [Full GC 185.464: [Tenured: 23531K->11812K(29184K), 0.1206033 secs] 23669K->11812K(32704K), [Perm : 1380K->1380K(8192K)], 0.1209300 secs]
185.664: [Full GC 185.664: [Tenured: 23531K->23531K(29184K), 0.0428613 secs] 23600K->23531K(32704K), [Perm : 1380K->1380K(8192K)], 0.0433924 secs]
185.711: [Full GC 185.711: [Tenured: 23531K->11812K(29184K), 0.1213245 secs] 23669K->11812K(32704K), [Perm : 1380K->1380K(8192K)], 0.1216564 secs]
185.915: [Full GC 185.916: [Tenured: 23531K->23531K(29184K), 0.0427029 secs] 23600K->23531K(32704K), [Perm : 1380K->1380K(8192K)], 0.0430656 secs]
185.962: [Full GC 185.963: [Tenured: 23531K->11812K(29184K), 0.1205092 secs] 23669K->11812K(32704K), [Perm : 1380K->1380K(8192K)], 0.1208332 secs]
186.165: [Full GC 186.165: [Tenured: 23531K->23531K(29184K), 0.0427337 secs] 23600K->23531K(32704K), [Perm : 1380K->1380K(8192K)], 0.0430966 secs]
186.212: [Full GC 186.212: [Tenured: 23531K->11812K(29184K), 0.1192736 secs] 23669K->11812K(32704K), [Perm : 1380K->1380K(8192K)], 0.1196013 secs]
186.417: [Full GC 186.417: [Tenured: 23531K->23531K(29184K), 0.0430880 secs] 23600K->23531K(32704K), [Perm : 1380K->1380K(8192K)], 0.0434262 secs]
186.464: [Full GC 186.464: [Tenured: 23531K->11812K(29184K), 0.1190177 secs] 23669K->11812K(32704K), [Perm : 1380K->1380K(8192K)], 0.1193407 secs]
186.665: [Full GC 186.665: [Tenured: 23531K->23531K(29184K), 0.0447717 secs] 23600K->23531K(32704K), [Perm : 1380K->1380K(8192K)], 0.0451150 secs]
186.713: [Full GC 186.713: [Tenured: 23531K->11812K(29184K), 0.1192041 secs] 23669K->11812K(32704K), [Perm : 1380K->1380K(8192K)], 0.1195313 secs]
186.914: [Full GC 186.915: [Tenured: 23531K->23531K(29184K), 0.0434834 secs] 23600K->23531K(32704K), [Perm : 1380K->1380K(8192K)], 0.0438487 secs]
186.962: [Full GC 186.962: [Tenured: 23531K->11812K(29184K), 0.1185719 secs] 23669K->11812K(32704K), [Perm : 1380K->1380K(8192K)], 0.1188962 secs]
187.163: [Full GC 187.163: [Tenured: 23531K->23531K(29184K), 0.0439548 secs] 23600K->23531K(32704K), [Perm : 1380K->1380K(8192K)], 0.0443153 secs]
187.212: [Full GC 187.212: [Tenured: 23531K->11812K(29184K), 0.1205270 secs] 23669K->11812K(32704K), [Perm : 1380K->1380K(8192K)], 0.1208480 secs]
187.417: [Full GC 187.418: [Tenured: 23531K->23531K(29184K), 0.0446735 secs] 23600K->23531K(32704K), [Perm : 1380K->1380K(8192K)], 0.0450644 secs]
187.467: [Full GC 187.467: [Tenured: 23531K->11812K(29184K), 0.1191507 secs] 23669K->11812K(32704K), [Perm : 1380K->1380K(8192K)], 0.1194693 secs]
187.669: [Full GC 187.669: [Tenured: 23531K->23531K(29184K), 0.0433341 secs] 23600K->23531K(32704K), [Perm : 1380K->1380K(8192K)], 0.0436850 secs]
187.716: [Full GC 187.716: [Tenured: 23531K->11812K(29184K), 0.1202540 secs] 23669K->11812K(32704K), [Perm : 1380K->1380K(8192K)], 0.1205786 secs]
187.917: [Full GC 187.918: [Tenured: 23531K->23531K(29184K), 0.0429256 secs] 23600K->23531K(32704K), [Perm : 1380K->1380K(8192K)], 0.0432747 secs]
187.964: [Full GC 187.964: [Tenured: 23531K->11812K(29184K), 0.1192961 secs] 23669K->11812K(32704K), [Perm : 1380K->1380K(8192K)], 0.1196295 secs]
188.166: [Full GC 188.166: [Tenured: 23531K->23531K(29184K), 0.0446870 secs] 23600K->23531K(32704K), [Perm : 1380K->1380K(8192K)], 0.0450408 secs]
188.214: [Full GC 188.214: [Tenured: 23531K->11812K(29184K), 0.1213814 secs] 23669K->11812K(32704K), [Perm : 1380K->1380K(8192K)], 0.1217044 secs]
188.418: [Full GC 188.418: [Tenured: 23531K->23531K(29184K), 0.0443855 secs] 23600K->23531K(32704K), [Perm : 1380K->1380K(8192K)], 0.0447440 secs]
188.466: [Full GC 188.466: [Tenured: 23531K->11812K(29184K), 0.1209606 secs] 23669K->11812K(32704K), [Perm : 1380K->1380K(8192K)], 0.1212920 secs]
188.668: [Full GC 188.669: [Tenured: 23531K->23531K(29184K), 0.0430249 secs] 23600K->23531K(32704K), [Perm : 1380K->1380K(8192K)], 0.0433814 secs]
188.715: [Full GC 188.715: [Tenured: 23531K->11812K(29184K), 0.2799974 secs] 23669K->11812K(32704K), [Perm : 1380K->1380K(8192K)], 0.2803205 secs]
189.115: [Full GC 189.115: [Tenured: 23531K->23531K(29184K), 0.0438263 secs] 23600K->23531K(32704K), [Perm : 1380K->1380K(8192K)], 0.0446155 secs]
189.163: [Full GC 189.163: [Tenured: 23531K->11812K(29184K), 0.3201978 secs] 23669K->11812K(32704K), [Perm : 1380K->1380K(8192K)], 0.3205198 secs]
189.565: [Full GC 189.565: [Tenured: 23531K->23531K(29184K), 0.0416668 secs] 23600K->23531K(32704K), [Perm : 1380K->1380K(8192K)], 0.0420350 secs]
189.611: [Full GC 189.611: [Tenured: 23531K->11812K(29184K), 0.2824361 secs] 23669K->11812K(32704K), [Perm : 1380K->1380K(8192K)], 0.2827619 secs]
190.016: [Full GC 190.016: [Tenured: 23531K->23531K(29184K), 0.0421307 secs] 23600K->23531K(32704K), [Perm : 1380K->1380K(8192K)], 0.0424933 secs]
190.064: [Full GC 190.064: [Tenured: 23531K->11812K(29184K), 0.1593650 secs] 23669K->11812K(32704K), [Perm : 1380K->1380K(8192K)], 0.1596913 secs]
190.305: [Full GC 190.306: [Tenured: 23531K->23531K(29184K), 0.1227273 secs] 23600K->23531K(32704K), [Perm : 1380K->1380K(8192K)], 0.1230946 secs]
190.432: [Full GC 190.432: [Tenured: 23531K->11812K(29184K), 0.2419220 secs] 23669K->11812K(32704K), [Perm : 1380K->1380K(8192K)], 0.2422543 secs]
190.754: [Full GC 190.754: [Tenured: 23531K->23531K(29184K), 0.0435618 secs] 23600K->23531K(32704K), [Perm : 1380K->1380K(8192K)], 0.0439269 secs]
190.802: [Full GC 190.802: [Tenured: 23531K->11812K(29184K), 0.1805274 secs] 23669K->11812K(32704K), [Perm : 1380K->1380K(8192K)], 0.1808761 secs]
191.065: [Full GC 191.065: [Tenured: 23531K->23531K(29184K), 0.0816246 secs] 23600K->23531K(32704K), [Perm : 1380K->1380K(8192K)], 0.0819865 secs]
191.151: [Full GC 191.151: [Tenured: 23531K->11812K(29184K), 0.3170069 secs] 23669K->11812K(32704K), [Perm : 1380K->1380K(8192K)], 0.3173348 secs]
191.551: [Full GC 191.551: [Tenured: 23531K->23531K(29184K), 0.0428267 secs] 23600K->23531K(32704K), [Perm : 1380K->1380K(8192K)], 0.0431828 secs]
191.597: [Full GC 191.598: [Tenured: 23531K->11812K(29184K), 0.1442131 secs] 23669K->11812K(32704K), [Perm : 1380K->1380K(8192K)], 0.1445351 secs]
191.824: [Full GC 191.824: [Tenured: 23531K->23531K(29184K), 0.0414496 secs] 23600K->23531K(32704K), [Perm : 1380K->1380K(8192K)], 0.0418059 secs]
191.869: [Full GC 191.870: [Tenured: 23531K->11812K(29184K), 0.1221778 secs] 23669K->11812K(32704K), [Perm : 1380K->1380K(8192K)], 0.1225427 secs]
192.072: [Full GC 192.073: [Tenured: 23531K->23531K(29184K), 0.0429312 secs] 23600K->23531K(32704K), [Perm : 1380K->1380K(8192K)], 0.0432950 secs]
192.119: [Full GC 192.120: [Tenured: 23531K->11812K(29184K), 0.1201661 secs] 23669K->11812K(32704K), [Perm : 1380K->1380K(8192K)], 0.1205205 secs]
192.323: [Full GC 192.323: [Tenured: 23531K->23531K(29184K), 0.0459395 secs] 23600K->23531K(32704K), [Perm : 1380K->1380K(8192K)], 0.0468163 secs]
192.373: [Full GC 192.373: [Tenured: 23531K->11812K(29184K), 0.1205562 secs] 23669K->11812K(32704K), [Perm : 1380K->1380K(8192K)], 0.1208750 secs]
192.574: [Full GC 192.574: [Tenured: 23531K->23531K(29184K), 0.0436544 secs] 23600K->23531K(32704K), [Perm : 1380K->1380K(8192K)], 0.0440137 secs]
192.623: [Full GC 192.623: [Tenured: 23531K->11812K(29184K), 0.1195346 secs] 23669K->11812K(32704K), [Perm : 1380K->1380K(8192K)], 0.1198588 secs]
192.825: [Full GC 192.825: [Tenured: 23531K->23531K(29184K), 0.0431637 secs] 23600K->23531K(32704K), [Perm : 1380K->1380K(8192K)], 0.0435241 secs]
192.872: [Full GC 192.872: [Tenured: 23531K->11812K(29184K), 0.1198609 secs] 23669K->11812K(32704K), [Perm : 1380K->1380K(8192K)], 0.1201933 secs]
193.073: [Full GC 193.074: [Tenured: 23531K->23531K(29184K), 0.0416655 secs] 23600K->23531K(32704K), [Perm : 1380K->1380K(8192K)], 0.0420299 secs]
193.119: [Full GC 193.119: [Tenured: 23531K->11812K(29184K), 0.1221198 secs] 23669K->11812K(32704K), [Perm : 1380K->1380K(8192K)], 0.1224296 secs]
193.322: [Full GC 193.323: [Tenured: 23531K->23531K(29184K), 0.0457404 secs] 23600K->23531K(32704K), [Perm : 1380K->1380K(8192K)], 0.0461025 secs]
193.372: [Full GC 193.373: [Tenured: 23531K->11812K(29184K), 0.1205481 secs] 23669K->11812K(32704K), [Perm : 1380K->1380K(8192K)], 0.1208705 secs]
193.575: [Full GC 193.575: [Tenured: 23531K->23531K(29184K), 0.0414758 secs] 23600K->23531K(32704K), [Perm : 1380K->1380K(8192K)], 0.0418364 secs]
193.622: [Full GC 193.622: [Tenured: 23531K->11812K(29184K), 0.1200586 secs] 23669K->11812K(32704K), [Perm : 1380K->1380K(8192K)], 0.1203897 secs]
193.824: [Full GC 193.824: [Tenured: 23531K->23531K(29184K), 0.0420512 secs] 23600K->23531K(32704K), [Perm : 1380K->1380K(8192K)], 0.0424087 secs]
193.870: [Full GC 193.870: [Tenured: 23531K->11812K(29184K), 0.1205998 secs] 23669K->11812K(32704K), [Perm : 1380K->1380K(8192K)], 0.1209361 secs]
194.073: [Full GC 194.073: [Tenured: 23531K->23531K(29184K), 0.0410982 secs] 23600K->23531K(32704K), [Perm : 1380K->1380K(8192K)], 0.0414583 secs]
194.118: [Full GC 194.118: [Tenured: 23531K->11812K(29184K), 0.1224157 secs] 23669K->11812K(32704K), [Perm : 1380K->1380K(8192K)], 0.1227368 secs]
194.322: [Full GC 194.322: [Tenured: 23531K->23531K(29184K), 0.0451457 secs] 23600K->23531K(32704K), [Perm : 1380K->1380K(8192K)], 0.0455038 secs]
194.371: [Full GC 194.371: [Tenured: 23531K->11812K(29184K), 0.1212228 secs] 23669K->11812K(32704K), [Perm : 1380K->1380K(8192K)], 0.1215530 secs]
194.574: [Full GC 194.575: [Tenured: 23531K->23531K(29184K), 0.0420950 secs] 23600K->23531K(32704K), [Perm : 1380K->1380K(8192K)], 0.0424572 secs]
194.621: [Full GC 194.622: [Tenured: 23531K->11812K(29184K), 0.1172428 secs] 23669K->11812K(32704K), [Perm : 1380K->1380K(8192K)], 0.1175717 secs]
194.822: [Full GC 194.822: [Tenured: 23531K->23531K(29184K), 0.0426382 secs] 23600K->23531K(32704K), [Perm : 1380K->1380K(8192K)], 0.0429993 secs]
194.868: [Full GC 194.868: [Tenured: 23531K->11812K(29184K), 0.1237610 secs] 23669K->11812K(32704K), [Perm : 1380K->1380K(8192K)], 0.1240782 secs]
195.073: [Full GC 195.074: [Tenured: 23531K->23531K(29184K), 0.0443297 secs] 23600K->23531K(32704K), [Perm : 1380K->1380K(8192K)], 0.0446887 secs]
195.122: [Full GC 195.122: [Tenured: 23531K->11812K(29184K), 0.1194506 secs] 23669K->11812K(32704K), [Perm : 1380K->1380K(8192K)], 0.1197779 secs]
195.322: [Full GC 195.323: [Tenured: 23531K->23531K(29184K), 0.0453252 secs] 23600K->23531K(32704K), [Perm : 1380K->1380K(8192K)], 0.0456865 secs]
195.372: [Full GC 195.372: [Tenured: 23531K->11812K(29184K), 0.1196762 secs] 23669K->11812K(32704K), [Perm : 1380K->1380K(8192K)], 0.1200030 secs]
195.573: [Full GC 195.573: [Tenured: 23531K->23531K(29184K), 0.0425216 secs] 23600K->23531K(32704K), [Perm : 1380K->1380K(8192K)], 0.0428726 secs]
195.619: [Full GC 195.620: [Tenured: 23531K->11812K(29184K), 0.1199736 secs] 23669K->11812K(32704K), [Perm : 1380K->1380K(8192K)], 0.1205951 secs]
195.821: [Full GC 195.822: [Tenured: 23531K->23531K(29184K), 0.0412235 secs] 23600K->23531K(32704K), [Perm : 1380K->1380K(8192K)], 0.0415832 secs]
195.866: [Full GC 195.866: [Tenured: 23531K->11812K(29184K), 0.1223948 secs] 23669K->11812K(32704K), [Perm : 1380K->1380K(8192K)], 0.1227213 secs]
196.071: [Full GC 196.071: [Tenured: 23531K->23531K(29184K), 0.0437562 secs] 23600K->23531K(32704K), [Perm : 1380K->1380K(8192K)], 0.0441120 secs]
196.119: [Full GC 196.119: [Tenured: 23531K->11812K(29184K), 0.1201976 secs] 23669K->11812K(32704K), [Perm : 1380K->1380K(8192K)], 0.1214268 secs]
196.323: [Full GC 196.323: [Tenured: 23531K->23531K(29184K), 0.0427785 secs] 23600K->23531K(32704K), [Perm : 1380K->1380K(8192K)], 0.0431287 secs]
196.369: [Full GC 196.370: [Tenured: 23531K->11812K(29184K), 0.1217593 secs] 23669K->11812K(32704K), [Perm : 1380K->1380K(8192K)], 0.1221311 secs]
196.573: [Full GC 196.573: [Tenured: 23531K->23531K(29184K), 0.0420007 secs] 23600K->23531K(32704K), [Perm : 1380K->1380K(8192K)], 0.0423599 secs]
196.618: [Full GC 196.618: [Tenured: 23531K->11812K(29184K), 0.1199619 secs] 23669K->11812K(32704K), [Perm : 1380K->1380K(8192K)], 0.1202861 secs]
196.819: [Full GC 196.819: [Tenured: 23531K->23531K(29184K), 0.0427167 secs] 23600K->23531K(32704K), [Perm : 1380K->1380K(8192K)], 0.0430759 secs]
196.865: [Full GC 196.865: [Tenured: 23531K->11812K(29184K), 0.1219734 secs] 23669K->11812K(32704K), [Perm : 1380K->1380K(8192K)], 0.1222946 secs]
197.067: [Full GC 197.067: [Tenured: 23531K->23531K(29184K), 0.0443886 secs] 23600K->23531K(32704K), [Perm : 1380K->1380K(8192K)], 0.0447373 secs]
197.115: [Full GC 197.115: [Tenured: 23531K->11812K(29184K), 0.1198791 secs] 23669K->11812K(32704K), [Perm : 1380K->1380K(8192K)], 0.1202023 secs]
197.317: [Full GC 197.317: [Tenured: 23531K->23531K(29184K), 0.0417180 secs] 23600K->23531K(32704K), [Perm : 1380K->1380K(8192K)], 0.0420824 secs]
197.365: [Full GC 197.365: [Tenured: 23531K->11812K(29184K), 0.1197303 secs] 23669K->11812K(32704K), [Perm : 1380K->1380K(8192K)], 0.1200594 secs]
197.567: [Full GC 197.567: [Tenured: 23531K->23531K(29184K), 0.0439898 secs] 23600K->23531K(32704K), [Perm : 1380K->1380K(8192K)], 0.0443428 secs]
197.615: [Full GC 197.615: [Tenured: 23531K->11812K(29184K), 0.1181130 secs] 23669K->11812K(32704K), [Perm : 1380K->1380K(8192K)], 0.1184437 secs]
197.815: [Full GC 197.815: [Tenured: 23531K->23531K(29184K), 0.0422512 secs] 23600K->23531K(32704K), [Perm : 1380K->1380K(8192K)], 0.0426154 secs]
197.862: [Full GC 197.863: [Tenured: 23531K->11812K(29184K), 0.1195339 secs] 23669K->11812K(32704K), [Perm : 1380K->1380K(8192K)], 0.1198608 secs]
198.065: [Full GC 198.065: [Tenured: 23531K->23531K(29184K), 0.0438822 secs] 23600K->23531K(32704K), [Perm : 1380K->1380K(8192K)], 0.0445676 secs]
198.113: [Full GC 198.113: [Tenured: 23531K->11812K(29184K), 0.1193668 secs] 23669K->11812K(32704K), [Perm : 1380K->1380K(8192K)], 0.1196921 secs]
198.316: [Full GC 198.316: [Tenured: 23531K->23531K(29184K), 0.0417400 secs] 23600K->23531K(32704K), [Perm : 1380K->1380K(8192K)], 0.0421044 secs]
198.364: [Full GC 198.364: [Tenured: 23531K->11812K(29184K), 0.1199330 secs] 23669K->11812K(32704K), [Perm : 1380K->1380K(8192K)], 0.1202619 secs]
198.566: [Full GC 198.566: [Tenured: 23531K->23531K(29184K), 0.0426192 secs] 23600K->23531K(32704K), [Perm : 1380K->1380K(8192K)], 0.0433758 secs]
198.613: [Full GC 198.613: [Tenured: 23531K->11812K(29184K), 0.1209579 secs] 23669K->11812K(32704K), [Perm : 1380K->1380K(8192K)], 0.1212769 secs]
198.814: [Full GC 198.815: [Tenured: 23531K->23531K(29184K), 0.0431869 secs] 23600K->23531K(32704K), [Perm : 1380K->1380K(8192K)], 0.0435446 secs]
198.862: [Full GC 198.862: [Tenured: 23531K->11812K(29184K), 0.1209318 secs] 23669K->11812K(32704K), [Perm : 1380K->1380K(8192K)], 0.1212656 secs]
199.066: [Full GC 199.066: [Tenured: 23531K->23531K(29184K), 0.0422572 secs] 23600K->23531K(32704K), [Perm : 1380K->1380K(8192K)], 0.0426212 secs]
199.112: [Full GC 199.113: [Tenured: 23531K->11812K(29184K), 0.1197643 secs] 23669K->11812K(32704K), [Perm : 1380K->1380K(8192K)], 0.1200922 secs]
199.314: [Full GC 199.314: [Tenured: 23531K->23531K(29184K), 0.0429337 secs] 23600K->23531K(32704K), [Perm : 1380K->1380K(8192K)], 0.0434562 secs]
199.362: [Full GC 199.363: [Tenured: 23531K->11812K(29184K), 0.1200531 secs] 23669K->11812K(32704K), [Perm : 1380K->1380K(8192K)], 0.1203814 secs]
199.565: [Full GC 199.566: [Tenured: 23531K->23531K(29184K), 0.0411759 secs] 23600K->23531K(32704K), [Perm : 1380K->1380K(8192K)], 0.0415412 secs]
199.612: [Full GC 199.613: [Tenured: 23531K->11812K(29184K), 0.1211448 secs] 23669K->11812K(32704K), [Perm : 1380K->1380K(8192K)], 0.1214723 secs]
199.814: [Full GC 199.815: [Tenured: 23531K->23531K(29184K), 0.0435789 secs] 23600K->23531K(32704K), [Perm : 1380K->1380K(8192K)], 0.0439370 secs]
199.862: [Full GC 199.862: [Tenured: 23531K->11812K(29184K), 0.1210913 secs] 23669K->11812K(32704K), [Perm : 1380K->1380K(8192K)], 0.1214131 secs]
200.067: [Full GC 200.067: [Tenured: 23531K->23531K(29184K), 0.0432348 secs] 23600K->23531K(32704K), [Perm : 1380K->1380K(8192K)], 0.0435992 secs]
200.118: [Full GC 200.119: [Tenured: 23531K->11812K(29184K), 0.1193976 secs] 23669K->11812K(32704K), [Perm : 1380K->1380K(8192K)], 0.1197303 secs]
200.319: [Full GC 200.320: [Tenured: 23531K->23531K(29184K), 0.0466941 secs] 23600K->23531K(32704K), [Perm : 1380K->1380K(8192K)], 0.0475031 secs]
200.371: [Full GC 200.371: [Tenured: 23531K->11812K(29184K), 0.1198959 secs] 23669K->11812K(32704K), [Perm : 1380K->1380K(8192K)], 0.1202174 secs]
200.573: [Full GC 200.573: [Tenured: 23531K->23531K(29184K), 0.0441534 secs] 23600K->23531K(32704K), [Perm : 1380K->1380K(8192K)], 0.0445202 secs]
200.621: [Full GC 200.621: [Tenured: 23531K->11812K(29184K), 0.1189224 secs] 23669K->11812K(32704K), [Perm : 1380K->1380K(8192K)], 0.1192378 secs]
200.822: [Full GC 200.822: [Tenured: 23531K->23531K(29184K), 0.0440956 secs] 23600K->23531K(32704K), [Perm : 1380K->1380K(8192K)], 0.0444547 secs]
200.870: [Full GC 200.870: [Tenured: 23531K->11812K(29184K), 0.1201253 secs] 23669K->11812K(32704K), [Perm : 1380K->1380K(8192K)], 0.1204530 secs]
201.074: [Full GC 201.074: [Tenured: 23531K->23531K(29184K), 0.0413855 secs] 23600K->23531K(32704K), [Perm : 1380K->1380K(8192K)], 0.0417491 secs]
201.119: [Full GC 201.119: [Tenured: 23531K->11812K(29184K), 0.1199471 secs] 23669K->11812K(32704K), [Perm : 1380K->1380K(8192K)], 0.1202677 secs]
201.320: [Full GC 201.321: [Tenured: 23531K->23531K(29184K), 0.0481407 secs] 23600K->23531K(32704K), [Perm : 1380K->1380K(8192K)], 0.0493377 secs]
201.373: [Full GC 201.373: [Tenured: 23531K->11812K(29184K), 0.1207977 secs] 23669K->11812K(32704K), [Perm : 1380K->1380K(8192K)], 0.1211216 secs]
201.577: [Full GC 201.577: [Tenured: 23531K->23531K(29184K), 0.0426782 secs] 23600K->23531K(32704K), [Perm : 1380K->1380K(8192K)], 0.0430193 secs]
201.623: [Full GC 201.624: [Tenured: 23531K->11812K(29184K), 0.1185317 secs] 23669K->11812K(32704K), [Perm : 1380K->1380K(8192K)], 0.1188553 secs]
201.825: [Full GC 201.826: [Tenured: 23531K->23531K(29184K), 0.0427184 secs] 23600K->23531K(32704K), [Perm : 1380K->1380K(8192K)], 0.0430995 secs]
201.873: [Full GC 201.873: [Tenured: 23531K->11812K(29184K), 0.1202320 secs] 23669K->11812K(32704K), [Perm : 1380K->1380K(8192K)], 0.1205414 secs]
202.075: [Full GC 202.076: [Tenured: 23531K->23531K(29184K), 0.0447896 secs] 23600K->23531K(32704K), [Perm : 1380K->1380K(8192K)], 0.0451365 secs]
202.124: [Full GC 202.124: [Tenured: 23531K->11812K(29184K), 0.1203665 secs] 23669K->11812K(32704K), [Perm : 1380K->1380K(8192K)], 0.1206923 secs]
202.326: [Full GC 202.326: [Tenured: 23531K->23531K(29184K), 0.1020874 secs] 23600K->23531K(32704K), [Perm : 1380K->1380K(8192K)], 0.1024558 secs]
202.433: [Full GC 202.433: [Tenured: 23531K->11812K(29184K), 0.1228906 secs] 23669K->11812K(32704K), [Perm : 1380K->1380K(8192K)], 0.1232186 secs]
202.637: [Full GC 202.637: [Tenured: 23531K->23531K(29184K), 0.0441217 secs] 23600K->23531K(32704K), [Perm : 1380K->1380K(8192K)], 0.0444711 secs]
202.684: [Full GC 202.685: [Tenured: 23531K->11812K(29184K), 0.1203683 secs] 23669K->11812K(32704K), [Perm : 1380K->1380K(8192K)], 0.1206946 secs]
202.886: [Full GC 202.887: [Tenured: 23531K->23531K(29184K), 0.0415156 secs] 23600K->23531K(32704K), [Perm : 1380K->1380K(8192K)], 0.0418697 secs]
202.933: [Full GC 202.933: [Tenured: 23531K->11812K(29184K), 0.1200534 secs] 23669K->11812K(32704K), [Perm : 1380K->1380K(8192K)], 0.1203742 secs]
203.136: [Full GC 203.137: [Tenured: 23531K->23531K(29184K), 0.0423790 secs] 23600K->23531K(32704K), [Perm : 1380K->1380K(8192K)], 0.0427420 secs]
203.183: [Full GC 203.183: [Tenured: 23531K->11812K(29184K), 0.1209914 secs] 23669K->11812K(32704K), [Perm : 1380K->1380K(8192K)], 0.1213209 secs]
203.387: [Full GC 203.388: [Tenured: 23531K->23531K(29184K), 0.0440105 secs] 23600K->23531K(32704K), [Perm : 1380K->1380K(8192K)], 0.0443526 secs]
203.435: [Full GC 203.435: [Tenured: 23531K->11812K(29184K), 0.1204393 secs] 23669K->11812K(32704K), [Perm : 1380K->1380K(8192K)], 0.1207478 secs]
203.638: [Full GC 203.638: [Tenured: 23531K->23531K(29184K), 0.0440826 secs] 23600K->23531K(32704K), [Perm : 1380K->1380K(8192K)], 0.0444360 secs]
203.686: [Full GC 203.686: [Tenured: 23531K->11812K(29184K), 0.1191835 secs] 23669K->11812K(32704K), [Perm : 1380K->1380K(8192K)], 0.1195135 secs]
203.888: [Full GC 203.889: [Tenured: 23531K->23531K(29184K), 0.0432896 secs] 23600K->23531K(32704K), [Perm : 1380K->1380K(8192K)], 0.0436378 secs]
203.935: [Full GC 203.935: [Tenured: 23531K->11812K(29184K), 0.1204330 secs] 23669K->11812K(32704K), [Perm : 1380K->1380K(8192K)], 0.1207536 secs]
204.138: [Full GC 204.139: [Tenured: 23531K->23531K(29184K), 0.0438402 secs] 23600K->23531K(32704K), [Perm : 1380K->1380K(8192K)], 0.0441920 secs]
204.186: [Full GC 204.186: [Tenured: 23531K->11812K(29184K), 0.1197007 secs] 23669K->11812K(32704K), [Perm : 1380K->1380K(8192K)], 0.1200307 secs]
204.390: [Full GC 204.391: [Tenured: 23531K->23531K(29184K), 0.0429263 secs] 23600K->23531K(32704K), [Perm : 1380K->1380K(8192K)], 0.0432752 secs]
204.437: [Full GC 204.437: [Tenured: 23531K->11812K(29184K), 0.1200246 secs] 23669K->11812K(32704K), [Perm : 1380K->1380K(8192K)], 0.1203529 secs]
204.641: [Full GC 204.641: [Tenured: 23531K->23531K(29184K), 0.0420078 secs] 23600K->23531K(32704K), [Perm : 1380K->1380K(8192K)], 0.0423500 secs]
204.687: [Full GC 204.687: [Tenured: 23531K->11812K(29184K), 0.1206487 secs] 23669K->11812K(32704K), [Perm : 1380K->1380K(8192K)], 0.1209722 secs]
204.889: [Full GC 204.889: [Tenured: 23531K->23531K(29184K), 0.0449361 secs] 23600K->23531K(32704K), [Perm : 1380K->1380K(8192K)], 0.0452881 secs]
204.937: [Full GC 204.937: [Tenured: 23531K->11812K(29184K), 0.1203111 secs] 23669K->11812K(32704K), [Perm : 1380K->1380K(8192K)], 0.1206404 secs]
205.138: [Full GC 205.139: [Tenured: 23531K->23531K(29184K), 0.0462596 secs] 23600K->23531K(32704K), [Perm : 1380K->1380K(8192K)], 0.0466271 secs]
205.188: [Full GC 205.189: [Tenured: 23531K->11812K(29184K), 0.1193987 secs] 23669K->11812K(32704K), [Perm : 1380K->1380K(8192K)], 0.1197240 secs]
205.390: [Full GC 205.391: [Tenured: 23531K->23531K(29184K), 0.0433680 secs] 23600K->23531K(32704K), [Perm : 1380K->1380K(8192K)], 0.0437259 secs]
205.438: [Full GC 205.438: [Tenured: 23531K->11812K(29184K), 0.1204933 secs] 23669K->11812K(32704K), [Perm : 1380K->1380K(8192K)], 0.1208172 secs]
205.640: [Full GC 205.641: [Tenured: 23531K->23531K(29184K), 0.0431595 secs] 23600K->23531K(32704K), [Perm : 1380K->1380K(8192K)], 0.0435180 secs]
205.687: [Full GC 205.687: [Tenured: 23531K->11812K(29184K), 0.1209475 secs] 23669K->11812K(32704K), [Perm : 1380K->1380K(8192K)], 0.1212724 secs]
205.889: [Full GC 205.891: [Tenured: 23531K->23531K(29184K), 0.0418623 secs] 23600K->23531K(32704K), [Perm : 1380K->1380K(8192K)], 0.0422256 secs]
205.936: [Full GC 205.936: [Tenured: 23531K->11812K(29184K), 0.1207163 secs] 23669K->11812K(32704K), [Perm : 1380K->1380K(8192K)], 0.1210394 secs]
206.139: [Full GC 206.139: [Tenured: 23531K->23531K(29184K), 0.0456458 secs] 23600K->23531K(32704K), [Perm : 1380K->1380K(8192K)], 0.0460015 secs]
206.188: [Full GC 206.188: [Tenured: 23531K->11812K(29184K), 0.1196011 secs] 23669K->11812K(32704K), [Perm : 1380K->1380K(8192K)], 0.1199283 secs]
206.394: [Full GC 206.394: [Tenured: 23531K->23531K(29184K), 0.0413682 secs] 23600K->23531K(32704K), [Perm : 1380K->1380K(8192K)], 0.0417250 secs]
206.439: [Full GC 206.439: [Tenured: 23531K->11812K(29184K), 0.1222713 secs] 23669K->11812K(32704K), [Perm : 1380K->1380K(8192K)], 0.1225957 secs]
206.643: [Full GC 206.643: [Tenured: 23531K->23531K(29184K), 0.0431601 secs] 23600K->23531K(32704K), [Perm : 1380K->1380K(8192K)], 0.0435223 secs]
206.690: [Full GC 206.690: [Tenured: 23531K->11812K(29184K), 0.1189404 secs] 23669K->11812K(32704K), [Perm : 1380K->1380K(8192K)], 0.1192743 secs]
206.891: [Full GC 206.891: [Tenured: 23531K->23531K(29184K), 0.0428987 secs] 23600K->23531K(32704K), [Perm : 1380K->1380K(8192K)], 0.0432491 secs]
206.938: [Full GC 206.938: [Tenured: 23531K->11812K(29184K), 0.1220235 secs] 23669K->11812K(32704K), [Perm : 1380K->1380K(8192K)], 0.1223440 secs]
207.141: [Full GC 207.141: [Tenured: 23531K->23531K(29184K), 0.0443834 secs] 23600K->23531K(32704K), [Perm : 1380K->1380K(8192K)], 0.0447370 secs]
207.189: [Full GC 207.190: [Tenured: 23531K->11812K(29184K), 0.1192219 secs] 23669K->11812K(32704K), [Perm : 1380K->1380K(8192K)], 0.1199015 secs]
207.393: [Full GC 207.393: [Tenured: 23531K->23531K(29184K), 0.0419982 secs] 23600K->23531K(32704K), [Perm : 1380K->1380K(8192K)], 0.0423588 secs]
207.439: [Full GC 207.439: [Tenured: 23531K->11812K(29184K), 0.1195344 secs] 23669K->11812K(32704K), [Perm : 1380K->1380K(8192K)], 0.1198626 secs]
207.641: [Full GC 207.641: [Tenured: 23531K->23531K(29184K), 0.0429773 secs] 23600K->23531K(32704K), [Perm : 1380K->1380K(8192K)], 0.0433342 secs]
207.688: [Full GC 207.688: [Tenured: 23531K->11812K(29184K), 0.1213551 secs] 23669K->11812K(32704K), [Perm : 1380K->1380K(8192K)], 0.1224658 secs]
207.892: [Full GC 207.892: [Tenured: 23531K->23531K(29184K), 0.0444762 secs] 23600K->23531K(32704K), [Perm : 1380K->1380K(8192K)], 0.0448336 secs]
207.940: [Full GC 207.941: [Tenured: 23531K->11812K(29184K), 0.1183558 secs] 23669K->11812K(32704K), [Perm : 1380K->1380K(8192K)], 0.1189597 secs]
208.141: [Full GC 208.141: [Tenured: 23531K->23531K(29184K), 0.0438290 secs] 23600K->23531K(32704K), [Perm : 1380K->1380K(8192K)], 0.0441873 secs]
208.188: [Full GC 208.188: [Tenured: 23531K->11812K(29184K), 0.1205625 secs] 23669K->11812K(32704K), [Perm : 1380K->1380K(8192K)], 0.1208873 secs]
208.393: [Full GC 208.394: [Tenured: 23531K->23531K(29184K), 0.0438287 secs] 23600K->23531K(32704K), [Perm : 1380K->1380K(8192K)], 0.0441608 secs]
208.442: [Full GC 208.442: [Tenured: 23531K->11812K(29184K), 0.1192902 secs] 23669K->11812K(32704K), [Perm : 1380K->1380K(8192K)], 0.1196204 secs]
208.643: [Full GC 208.644: [Tenured: 23531K->23531K(29184K), 0.0429571 secs] 23600K->23531K(32704K), [Perm : 1380K->1380K(8192K)], 0.0433167 secs]
208.691: [Full GC 208.692: [Tenured: 23531K->11812K(29184K), 0.1200896 secs] 23669K->11812K(32704K), [Perm : 1380K->1380K(8192K)], 0.1204120 secs]
208.892: [Full GC 208.893: [Tenured: 23531K->23531K(29184K), 0.0449312 secs] 23600K->23531K(32704K), [Perm : 1380K->1380K(8192K)], 0.0452861 secs]
208.942: [Full GC 208.942: [Tenured: 23531K->23531K(29184K), 0.0425994 secs] 23739K->23531K(32704K), [Perm : 1380K->1380K(8192K)], 0.0429312 secs]
209.049: [GC 209.049: [DefNew: 138K->0K(3520K), 0.0019310 secs]209.053: [Tenured: 27437K->15719K(29184K), 0.1467649 secs] 27576K->15719K(32704K), 0.1515872 secs]
209.255: [Full GC 209.255: [Tenured: 23531K->23531K(29184K), 0.0432021 secs] 23600K->23531K(32704K), [Perm : 1380K->1380K(8192K)], 0.0435582 secs]
209.302: [Full GC 209.303: [Tenured: 23531K->11812K(29184K), 0.1218983 secs] 23669K->11812K(32704K), [Perm : 1380K->1380K(8192K)], 0.1222216 secs]
209.507: [Full GC 209.507: [Tenured: 23531K->23531K(29184K), 0.0438357 secs] 23600K->23531K(32704K), [Perm : 1380K->1380K(8192K)], 0.0441786 secs]
209.554: [Full GC 209.554: [Tenured: 23531K->11812K(29184K), 0.1198072 secs] 23669K->11812K(32704K), [Perm : 1380K->1380K(8192K)], 0.1201307 secs]
209.757: [Full GC 209.757: [Tenured: 23531K->23531K(29184K), 0.0458666 secs] 23600K->23531K(32704K), [Perm : 1380K->1380K(8192K)], 0.0462237 secs]
209.806: [Full GC 209.807: [Tenured: 23531K->11812K(29184K), 0.1196977 secs] 23669K->11812K(32704K), [Perm : 1380K->1380K(8192K)], 0.1200221 secs]
210.009: [Full GC 210.009: [Tenured: 23531K->23531K(29184K), 0.0428322 secs] 23600K->23531K(32704K), [Perm : 1380K->1380K(8192K)], 0.0431837 secs]
210.055: [Full GC 210.055: [Tenured: 23531K->11812K(29184K), 0.1216316 secs] 23669K->11812K(32704K), [Perm : 1380K->1380K(8192K)], 0.1219551 secs]
210.260: [Full GC 210.260: [Tenured: 23531K->23531K(29184K), 0.0432808 secs] 23600K->23531K(32704K), [Perm : 1380K->1380K(8192K)], 0.0436297 secs]
210.307: [Full GC 210.307: [Tenured: 23531K->11812K(29184K), 0.1218797 secs] 23669K->11812K(32704K), [Perm : 1380K->1380K(8192K)], 0.1222025 secs]
210.512: [Full GC 210.513: [Tenured: 23531K->23531K(29184K), 0.0432785 secs] 23600K->23531K(32704K), [Perm : 1380K->1380K(8192K)], 0.0436348 secs]
210.560: [Full GC 210.560: [Tenured: 23531K->11812K(29184K), 0.1193446 secs] 23669K->11812K(32704K), [Perm : 1380K->1380K(8192K)], 0.1201843 secs]
210.761: [Full GC 210.762: [Tenured: 23531K->23531K(29184K), 0.0435135 secs] 23600K->23531K(32704K), [Perm : 1380K->1380K(8192K)], 0.0438705 secs]
210.809: [Full GC 210.809: [Tenured: 23531K->11812K(29184K), 0.1265751 secs] 23669K->11812K(32704K), [Perm : 1380K->1380K(8192K)], 0.1268998 secs]
211.030: [Full GC 211.030: [Tenured: 23531K->23531K(29184K), 0.0455930 secs] 23600K->23531K(32704K), [Perm : 1380K->1380K(8192K)], 0.0459412 secs]
211.080: [Full GC 211.080: [Tenured: 23531K->11812K(29184K), 0.1206049 secs] 23669K->11812K(32704K), [Perm : 1380K->1380K(8192K)], 0.1209376 secs]
211.284: [Full GC 211.284: [Tenured: 23531K->23531K(29184K), 0.0441734 secs] 23600K->23531K(32704K), [Perm : 1380K->1380K(8192K)], 0.0445337 secs]
211.332: [Full GC 211.333: [Tenured: 23531K->11812K(29184K), 0.1219646 secs] 23669K->11812K(32704K), [Perm : 1380K->1380K(8192K)], 0.1222820 secs]
211.536: [Full GC 211.536: [Tenured: 23531K->23531K(29184K), 0.0425637 secs] 23600K->23531K(32704K), [Perm : 1380K->1380K(8192K)], 0.0429182 secs]
211.583: [Full GC 211.583: [Tenured: 23531K->11812K(29184K), 0.1207597 secs] 23669K->11812K(32704K), [Perm : 1380K->1380K(8192K)], 0.1210852 secs]
211.787: [Full GC 211.787: [Tenured: 23531K->23531K(29184K), 0.0422732 secs] 23600K->23531K(32704K), [Perm : 1380K->1380K(8192K)], 0.0430024 secs]
211.833: [Full GC 211.834: [Tenured: 23531K->11812K(29184K), 0.1202832 secs] 23669K->11812K(32704K), [Perm : 1380K->1380K(8192K)], 0.1206106 secs]
212.036: [Full GC 212.036: [Tenured: 23531K->23531K(29184K), 0.0425933 secs] 23600K->23531K(32704K), [Perm : 1380K->1380K(8192K)], 0.0429494 secs]
212.083: [Full GC 212.083: [Tenured: 23531K->11812K(29184K), 0.1218878 secs] 23669K->11812K(32704K), [Perm : 1380K->1380K(8192K)], 0.1222142 secs]
212.287: [Full GC 212.287: [Tenured: 23531K->23531K(29184K), 0.0438685 secs] 23600K->23531K(32704K), [Perm : 1380K->1380K(8192K)], 0.0442210 secs]
212.334: [Full GC 212.334: [Tenured: 23531K->11812K(29184K), 0.1221187 secs] 23669K->11812K(32704K), [Perm : 1380K->1380K(8192K)], 0.1224375 secs]
212.538: [Full GC 212.539: [Tenured: 23531K->23531K(29184K), 0.0430132 secs] 23600K->23531K(32704K), [Perm : 1380K->1380K(8192K)], 0.0433644 secs]
212.585: [Full GC 212.585: [Tenured: 23531K->11812K(29184K), 0.1207498 secs] 23669K->11812K(32704K), [Perm : 1380K->1380K(8192K)], 0.1210724 secs]
212.788: [Full GC 212.789: [Tenured: 23531K->23531K(29184K), 0.0435949 secs] 23600K->23531K(32704K), [Perm : 1380K->1380K(8192K)], 0.0439530 secs]
212.836: [Full GC 212.836: [Tenured: 23531K->11812K(29184K), 0.1212337 secs] 23669K->11812K(32704K), [Perm : 1380K->1380K(8192K)], 0.1215613 secs]
213.038: [Full GC 213.039: [Tenured: 23531K->23531K(29184K), 0.0449761 secs] 23600K->23531K(32704K), [Perm : 1380K->1380K(8192K)], 0.0453293 secs]
213.087: [Full GC 213.087: [Tenured: 23531K->11812K(29184K), 0.1198842 secs] 23669K->11812K(32704K), [Perm : 1380K->1380K(8192K)], 0.1202129 secs]
213.288: [Full GC 213.288: [Tenured: 23531K->23531K(29184K), 0.0442383 secs] 23600K->23531K(32704K), [Perm : 1380K->1380K(8192K)], 0.0447510 secs]
213.336: [Full GC 213.336: [Tenured: 23531K->11812K(29184K), 0.1234640 secs] 23669K->11812K(32704K), [Perm : 1380K->1380K(8192K)], 0.1237888 secs]
213.540: [Full GC 213.541: [Tenured: 23531K->23531K(29184K), 0.0429629 secs] 23600K->23531K(32704K), [Perm : 1380K->1380K(8192K)], 0.0433194 secs]
213.587: [Full GC 213.587: [Tenured: 23531K->11812K(29184K), 0.1210246 secs] 23669K->11812K(32704K), [Perm : 1380K->1380K(8192K)], 0.1213510 secs]
213.790: [Full GC 213.790: [Tenured: 23531K->23531K(29184K), 0.0433907 secs] 23600K->23531K(32704K), [Perm : 1380K->1380K(8192K)], 0.0437481 secs]
213.837: [Full GC 213.837: [Tenured: 23531K->11812K(29184K), 0.1216662 secs] 23669K->11812K(32704K), [Perm : 1380K->1380K(8192K)], 0.1219960 secs]
214.040: [Full GC 214.040: [Tenured: 23531K->23531K(29184K), 0.0435349 secs] 23600K->23531K(32704K), [Perm : 1380K->1380K(8192K)], 0.0438953 secs]
214.087: [Full GC 214.087: [Tenured: 23531K->11812K(29184K), 0.1202133 secs] 23669K->11812K(32704K), [Perm : 1380K->1380K(8192K)], 0.1205393 secs]
214.290: [Full GC 214.290: [Tenured: 23531K->23531K(29184K), 0.0429364 secs] 23600K->23531K(32704K), [Perm : 1380K->1380K(8192K)], 0.0432929 secs]
214.337: [Full GC 214.337: [Tenured: 23531K->11812K(29184K), 0.1229563 secs] 23669K->11812K(32704K), [Perm : 1380K->1380K(8192K)], 0.1232766 secs]
214.541: [Full GC 214.541: [Tenured: 23531K->23531K(29184K), 0.0429869 secs] 23600K->23531K(32704K), [Perm : 1380K->1380K(8192K)], 0.0433475 secs]
214.587: [Full GC 214.587: [Tenured: 23531K->11812K(29184K), 0.1205807 secs] 23669K->11812K(32704K), [Perm : 1380K->1380K(8192K)], 0.1209040 secs]
214.789: [Full GC 214.790: [Tenured: 23531K->23531K(29184K), 0.0444810 secs] 23600K->23531K(32704K), [Perm : 1380K->1380K(8192K)], 0.0448440 secs]
214.838: [Full GC 214.838: [Tenured: 23531K->11812K(29184K), 0.1204735 secs] 23669K->11812K(32704K), [Perm : 1380K->1380K(8192K)], 0.1208044 secs]
215.041: [Full GC 215.041: [Tenured: 23531K->23531K(29184K), 0.0425239 secs] 23600K->23531K(32704K), [Perm : 1380K->1380K(8192K)], 0.0428759 secs]
215.087: [Full GC 215.087: [Tenured: 23531K->11812K(29184K), 0.1201352 secs] 23669K->11812K(32704K), [Perm : 1380K->1380K(8192K)], 0.1204575 secs]
215.290: [Full GC 215.290: [Tenured: 23531K->23531K(29184K), 0.0427807 secs] 23600K->23531K(32704K), [Perm : 1380K->1380K(8192K)], 0.0431372 secs]
215.337: [Full GC 215.337: [Tenured: 23531K->11812K(29184K), 0.1223580 secs] 23669K->11812K(32704K), [Perm : 1380K->1380K(8192K)], 0.1229935 secs]
215.543: [Full GC 215.543: [Tenured: 23531K->23531K(29184K), 0.0415624 secs] 23600K->23531K(32704K), [Perm : 1380K->1380K(8192K)], 0.0419209 secs]
215.588: [Full GC 215.588: [Tenured: 23531K->11812K(29184K), 0.1203711 secs] 23669K->11812K(32704K), [Perm : 1380K->1380K(8192K)], 0.1206962 secs]
215.791: [Full GC 215.792: [Tenured: 23531K->23531K(29184K), 0.0434963 secs] 23600K->23531K(32704K), [Perm : 1380K->1380K(8192K)], 0.0438526 secs]
215.838: [Full GC 215.839: [Tenured: 23531K->11812K(29184K), 0.1217366 secs] 23669K->11812K(32704K), [Perm : 1380K->1380K(8192K)], 0.1220616 secs]
216.044: [Full GC 216.044: [Tenured: 23531K->23531K(29184K), 0.0411506 secs] 23600K->23531K(32704K), [Perm : 1380K->1380K(8192K)], 0.0415084 secs]
216.089: [Full GC 216.089: [Tenured: 23531K->11812K(29184K), 0.1223330 secs] 23669K->11812K(32704K), [Perm : 1380K->1380K(8192K)], 0.1226642 secs]
216.292: [Full GC 216.293: [Tenured: 23531K->23531K(29184K), 0.0427717 secs] 23600K->23531K(32704K), [Perm : 1380K->1380K(8192K)], 0.0431341 secs]
216.339: [Full GC 216.339: [Tenured: 23531K->11812K(29184K), 0.1229762 secs] 23669K->11812K(32704K), [Perm : 1380K->1380K(8192K)], 0.1243400 secs]
216.545: [Full GC 216.545: [Tenured: 23531K->23531K(29184K), 0.0444854 secs] 23600K->23531K(32704K), [Perm : 1380K->1380K(8192K)], 0.0448299 secs]
216.593: [Full GC 216.593: [Tenured: 23531K->11812K(29184K), 0.1198150 secs] 23669K->11812K(32704K), [Perm : 1380K->1380K(8192K)], 0.1201374 secs]
216.794: [Full GC 216.794: [Tenured: 23531K->23531K(29184K), 0.0432001 secs] 23600K->23531K(32704K), [Perm : 1380K->1380K(8192K)], 0.0435546 secs]
216.841: [Full GC 216.841: [Tenured: 23531K->11812K(29184K), 0.1225134 secs] 23669K->11812K(32704K), [Perm : 1380K->1380K(8192K)], 0.1228399 secs]
217.045: [Full GC 217.046: [Tenured: 23531K->23531K(29184K), 0.0427558 secs] 23600K->23531K(32704K), [Perm : 1380K->1380K(8192K)], 0.0431155 secs]
217.092: [Full GC 217.092: [Tenured: 23531K->11812K(29184K), 0.1210113 secs] 23669K->11812K(32704K), [Perm : 1380K->1380K(8192K)], 0.1213396 secs]
217.294: [Full GC 217.295: [Tenured: 23531K->23531K(29184K), 0.0433632 secs] 23600K->23531K(32704K), [Perm : 1380K->1380K(8192K)], 0.0436980 secs]
217.342: [Full GC 217.342: [Tenured: 23531K->11812K(29184K), 0.1241699 secs] 23669K->11812K(32704K), [Perm : 1380K->1380K(8192K)], 0.1244909 secs]
217.547: [Full GC 217.547: [Tenured: 23531K->23531K(29184K), 0.0441743 secs] 23600K->23531K(32704K), [Perm : 1380K->1380K(8192K)], 0.0445227 secs]
217.595: [Full GC 217.595: [Tenured: 23531K->11812K(29184K), 0.1197317 secs] 23669K->11812K(32704K), [Perm : 1380K->1380K(8192K)], 0.1200559 secs]
217.797: [Full GC 217.797: [Tenured: 23531K->23531K(29184K), 0.0411033 secs] 23600K->23531K(32704K), [Perm : 1380K->1380K(8192K)], 0.0414974 secs]
217.843: [Full GC 217.843: [Tenured: 23531K->11812K(29184K), 0.1216195 secs] 23669K->11812K(32704K), [Perm : 1380K->1380K(8192K)], 0.1219479 secs]
218.047: [Full GC 218.047: [Tenured: 23531K->23531K(29184K), 0.0421766 secs] 23600K->23531K(32704K), [Perm : 1380K->1380K(8192K)], 0.0429452 secs]
218.093: [Full GC 218.093: [Tenured: 23531K->11812K(29184K), 0.1212227 secs] 23669K->11812K(32704K), [Perm : 1380K->1380K(8192K)], 0.1215526 secs]
218.296: [Full GC 218.297: [Tenured: 23531K->23531K(29184K), 0.0419541 secs] 23600K->23531K(32704K), [Perm : 1380K->1380K(8192K)], 0.0423111 secs]
218.345: [Full GC 218.345: [Tenured: 23531K->11812K(29184K), 0.1227916 secs] 23669K->11812K(32704K), [Perm : 1380K->1380K(8192K)], 0.1231121 secs]
218.549: [Full GC 218.549: [Tenured: 23531K->23531K(29184K), 0.0431581 secs] 23600K->23531K(32704K), [Perm : 1380K->1380K(8192K)], 0.0435138 secs]
218.596: [Full GC 218.596: [Tenured: 23531K->11812K(29184K), 0.1204924 secs] 23669K->11812K(32704K), [Perm : 1380K->1380K(8192K)], 0.1208199 secs]
218.798: [Full GC 218.798: [Tenured: 23531K->23531K(29184K), 0.0433888 secs] 23600K->23531K(32704K), [Perm : 1380K->1380K(8192K)], 0.0437427 secs]
218.845: [Full GC 218.845: [Tenured: 23531K->11812K(29184K), 0.1218777 secs] 23669K->11812K(32704K), [Perm : 1380K->1380K(8192K)], 0.1222009 secs]
219.049: [Full GC 219.049: [Tenured: 23531K->23531K(29184K), 0.0425062 secs] 23600K->23531K(32704K), [Perm : 1380K->1380K(8192K)], 0.0428638 secs]
219.095: [Full GC 219.095: [Tenured: 23531K->11812K(29184K), 0.1215189 secs] 23669K->11812K(32704K), [Perm : 1380K->1380K(8192K)], 0.1218437 secs]
219.298: [Full GC 219.298: [Tenured: 23531K->23531K(29184K), 0.0446407 secs] 23600K->23531K(32704K), [Perm : 1380K->1380K(8192K)], 0.0449968 secs]
219.346: [Full GC 219.346: [Tenured: 23531K->11812K(29184K), 0.1204735 secs] 23669K->11812K(32704K), [Perm : 1380K->1380K(8192K)], 0.1207990 secs]
219.547: [Full GC 219.547: [Tenured: 23531K->23531K(29184K), 0.0444935 secs] 23600K->23531K(32704K), [Perm : 1380K->1380K(8192K)], 0.0448444 secs]
219.595: [Full GC 219.596: [Tenured: 23531K->11812K(29184K), 0.1179917 secs] 23669K->11812K(32704K), [Perm : 1380K->1380K(8192K)], 0.1183140 secs]
219.796: [Full GC 219.797: [Tenured: 23531K->23531K(29184K), 0.0442271 secs] 23600K->23531K(32704K), [Perm : 1380K->1380K(8192K)], 0.0445764 secs]
219.844: [Full GC 219.845: [Tenured: 23531K->11812K(29184K), 0.1193016 secs] 23669K->11812K(32704K), [Perm : 1380K->1380K(8192K)], 0.1196332 secs]
220.047: [Full GC 220.048: [Tenured: 23531K->23531K(29184K), 0.0421856 secs] 23600K->23531K(32704K), [Perm : 1380K->1380K(8192K)], 0.0425302 secs]
220.093: [Full GC 220.093: [Tenured: 23531K->11812K(29184K), 0.1214407 secs] 23669K->11812K(32704K), [Perm : 1380K->1380K(8192K)], 0.1217651 secs]
220.296: [Full GC 220.297: [Tenured: 23531K->23531K(29184K), 0.0444001 secs] 23600K->23531K(32704K), [Perm : 1380K->1380K(8192K)], 0.0449287 secs]
220.345: [Full GC 220.345: [Tenured: 23531K->11812K(29184K), 0.1222874 secs] 23669K->11812K(32704K), [Perm : 1380K->1380K(8192K)], 0.1226172 secs]
220.551: [Full GC 220.551: [Tenured: 23531K->23531K(29184K), 0.0423727 secs] 23600K->23531K(32704K), [Perm : 1380K->1380K(8192K)], 0.0427270 secs]
220.597: [Full GC 220.597: [Tenured: 23531K->11812K(29184K), 0.1206216 secs] 23669K->11812K(32704K), [Perm : 1380K->1380K(8192K)], 0.1209527 secs]
220.798: [Full GC 220.799: [Tenured: 23531K->23531K(29184K), 0.0439534 secs] 23600K->23531K(32704K), [Perm : 1380K->1380K(8192K)], 0.0443131 secs]
220.846: [Full GC 220.846: [Tenured: 23531K->11812K(29184K), 0.1204596 secs] 23669K->11812K(32704K), [Perm : 1380K->1380K(8192K)], 0.1207921 secs]
221.049: [Full GC 221.049: [Tenured: 23531K->23531K(29184K), 0.0441660 secs] 23600K->23531K(32704K), [Perm : 1380K->1380K(8192K)], 0.0445149 secs]
221.097: [Full GC 221.097: [Tenured: 23531K->11812K(29184K), 0.1192679 secs] 23669K->11812K(32704K), [Perm : 1380K->1380K(8192K)], 0.1195921 secs]
221.296: [Full GC 221.297: [Tenured: 23531K->23531K(29184K), 0.0448730 secs] 23600K->23531K(32704K), [Perm : 1380K->1380K(8192K)], 0.0452261 secs]
221.345: [Full GC 221.345: [Tenured: 23531K->11812K(29184K), 0.5424978 secs] 23669K->11812K(32704K), [Perm : 1380K->1380K(8192K)], 0.5428521 secs]
222.013: [Full GC 222.013: [Tenured: 23531K->23531K(29184K), 0.0416113 secs] 23600K->23531K(32704K), [Perm : 1380K->1380K(8192K)], 0.0419715 secs]
222.058: [Full GC 222.059: [Tenured: 23531K->11812K(29184K), 0.2442758 secs] 23669K->11812K(32704K), [Perm : 1380K->1380K(8192K)], 0.2446157 secs]
222.385: [Full GC 222.385: [Tenured: 23531K->23531K(29184K), 0.0441197 secs] 23600K->23531K(32704K), [Perm : 1380K->1380K(8192K)], 0.0449244 secs]
222.433: [Full GC 222.433: [Tenured: 23531K->11812K(29184K), 0.2424437 secs] 23669K->11812K(32704K), [Perm : 1380K->1380K(8192K)], 0.2427731 secs]
222.755: [Full GC 222.756: [Tenured: 23531K->23531K(29184K), 0.0440927 secs] 23600K->23531K(32704K), [Perm : 1380K->1380K(8192K)], 0.0444380 secs]
222.803: [Full GC 222.803: [Tenured: 23531K->11812K(29184K), 0.2903220 secs] 23669K->11812K(32704K), [Perm : 1380K->1380K(8192K)], 0.2906551 secs]
223.176: [Full GC 223.176: [Tenured: 23531K->23531K(29184K), 0.0968001 secs] 23600K->23531K(32704K), [Perm : 1380K->1380K(8192K)], 0.0971598 secs]
223.277: [Full GC 223.277: [Tenured: 23531K->11812K(29184K), 0.1212497 secs] 23669K->11812K(32704K), [Perm : 1380K->1380K(8192K)], 0.1215806 secs]
223.481: [Full GC 223.481: [Tenured: 23531K->23531K(29184K), 0.0435263 secs] 23600K->23531K(32704K), [Perm : 1380K->1380K(8192K)], 0.0438825 secs]
223.528: [Full GC 223.528: [Tenured: 23531K->11812K(29184K), 0.1193735 secs] 23669K->11812K(32704K), [Perm : 1380K->1380K(8192K)], 0.1196964 secs]
223.731: [Full GC 223.731: [Tenured: 23531K->23531K(29184K), 0.0428809 secs] 23600K->23531K(32704K), [Perm : 1380K->1380K(8192K)], 0.0432440 secs]
223.777: [Full GC 223.777: [Tenured: 23531K->11812K(29184K), 0.1195481 secs] 23669K->11812K(32704K), [Perm : 1380K->1380K(8192K)], 0.1198734 secs]
223.982: [Full GC 223.982: [Tenured: 23531K->23531K(29184K), 0.0424322 secs] 23600K->23531K(32704K), [Perm : 1380K->1380K(8192K)], 0.0427827 secs]
224.028: [Full GC 224.028: [Tenured: 23531K->11812K(29184K), 0.1192886 secs] 23669K->11812K(32704K), [Perm : 1380K->1380K(8192K)], 0.1197564 secs]
224.230: [Full GC 224.230: [Tenured: 23531K->23531K(29184K), 0.0443830 secs] 23600K->23531K(32704K), [Perm : 1380K->1380K(8192K)], 0.0447386 secs]
224.278: [Full GC 224.279: [Tenured: 23531K->11812K(29184K), 0.1213331 secs] 23669K->11812K(32704K), [Perm : 1380K->1380K(8192K)], 0.1216492 secs]
224.484: [Full GC 224.484: [Tenured: 23531K->23531K(29184K), 0.0420115 secs] 23600K->23531K(32704K), [Perm : 1380K->1380K(8192K)], 0.0423658 secs]
224.530: [Full GC 224.530: [Tenured: 23531K->11812K(29184K), 0.1210980 secs] 23669K->11812K(32704K), [Perm : 1380K->1380K(8192K)], 0.1214306 secs]
224.732: [Full GC 224.732: [Tenured: 23531K->23531K(29184K), 0.0444095 secs] 23600K->23531K(32704K), [Perm : 1380K->1380K(8192K)], 0.0447689 secs]
224.781: [Full GC 224.781: [Tenured: 23531K->11812K(29184K), 0.1186984 secs] 23669K->11812K(32704K), [Perm : 1380K->1380K(8192K)], 0.1190148 secs]
224.984: [Full GC 224.984: [Tenured: 23531K->23531K(29184K), 0.0459759 secs] 23600K->23531K(32704K), [Perm : 1380K->1380K(8192K)], 0.0463187 secs]
225.033: [Full GC 225.033: [Tenured: 23531K->11812K(29184K), 0.1201498 secs] 23669K->11812K(32704K), [Perm : 1380K->1380K(8192K)], 0.1204659 secs]
225.233: [Full GC 225.234: [Tenured: 23531K->23531K(29184K), 0.0449393 secs] 23600K->23531K(32704K), [Perm : 1380K->1380K(8192K)], 0.0453034 secs]
225.282: [Full GC 225.283: [Tenured: 23531K->11812K(29184K), 0.1219291 secs] 23669K->11812K(32704K), [Perm : 1380K->1380K(8192K)], 0.1222476 secs]
225.486: [Full GC 225.486: [Tenured: 23531K->23531K(29184K), 0.0437011 secs] 23600K->23531K(32704K), [Perm : 1380K->1380K(8192K)], 0.0440525 secs]
225.533: [Full GC 225.533: [Tenured: 23531K->11812K(29184K), 0.1208195 secs] 23669K->11812K(32704K), [Perm : 1380K->1380K(8192K)], 0.1211462 secs]
225.736: [Full GC 225.736: [Tenured: 23531K->23531K(29184K), 0.0428759 secs] 23600K->23531K(32704K), [Perm : 1380K->1380K(8192K)], 0.0436654 secs]
225.783: [Full GC 225.783: [Tenured: 23531K->11812K(29184K), 0.1213522 secs] 23669K->11812K(32704K), [Perm : 1380K->1380K(8192K)], 0.1216817 secs]
225.985: [Full GC 225.986: [Tenured: 23531K->23531K(29184K), 0.0447593 secs] 23600K->23531K(32704K), [Perm : 1380K->1380K(8192K)], 0.0451138 secs]
226.034: [Full GC 226.034: [Tenured: 23531K->11812K(29184K), 0.1210114 secs] 23669K->11812K(32704K), [Perm : 1380K->1380K(8192K)], 0.1213355 secs]
226.238: [Full GC 226.238: [Tenured: 23531K->23531K(29184K), 0.0430317 secs] 23600K->23531K(32704K), [Perm : 1380K->1380K(8192K)], 0.0433702 secs]
226.284: [Full GC 226.285: [Tenured: 23531K->11812K(29184K), 0.1227046 secs] 23669K->11812K(32704K), [Perm : 1380K->1380K(8192K)], 0.1230252 secs]
226.488: [Full GC 226.488: [Tenured: 23531K->23531K(29184K), 0.0444072 secs] 23600K->23531K(32704K), [Perm : 1380K->1380K(8192K)], 0.0447647 secs]
226.536: [Full GC 226.536: [Tenured: 23531K->11812K(29184K), 0.1205256 secs] 23669K->11812K(32704K), [Perm : 1380K->1380K(8192K)], 0.1208487 secs]
226.738: [Full GC 226.738: [Tenured: 23531K->23531K(29184K), 0.0442105 secs] 23600K->23531K(32704K), [Perm : 1380K->1380K(8192K)], 0.0445607 secs]
226.786: [Full GC 226.786: [Tenured: 23531K->11812K(29184K), 0.1192324 secs] 23669K->11812K(32704K), [Perm : 1380K->1380K(8192K)], 0.1195758 secs]
226.985: [Full GC 226.985: [Tenured: 23531K->23531K(29184K), 0.0464822 secs] 23600K->23531K(32704K), [Perm : 1380K->1380K(8192K)], 0.0468336 secs]
227.035: [Full GC 227.035: [Tenured: 23531K->11812K(29184K), 0.1202217 secs] 23669K->11812K(32704K), [Perm : 1380K->1380K(8192K)], 0.1205438 secs]
227.238: [Full GC 227.238: [Tenured: 23531K->23531K(29184K), 0.0431720 secs] 23600K->23531K(32704K), [Perm : 1380K->1380K(8192K)], 0.0435207 secs]
227.285: [Full GC 227.285: [Tenured: 23531K->11812K(29184K), 0.1217219 secs] 23669K->11812K(32704K), [Perm : 1380K->1380K(8192K)], 0.1220531 secs]
227.488: [Full GC 227.489: [Tenured: 23531K->23531K(29184K), 0.0437103 secs] 23600K->23531K(32704K), [Perm : 1380K->1380K(8192K)], 0.0440698 secs]
227.536: [Full GC 227.536: [Tenured: 23531K->11812K(29184K), 0.1206074 secs] 23669K->11812K(32704K), [Perm : 1380K->1380K(8192K)], 0.1209350 secs]
227.739: [Full GC 227.739: [Tenured: 23531K->23531K(29184K), 0.0438986 secs] 23600K->23531K(32704K), [Perm : 1380K->1380K(8192K)], 0.0442644 secs]
227.786: [Full GC 227.787: [Tenured: 23531K->11812K(29184K), 0.1192965 secs] 23669K->11812K(32704K), [Perm : 1380K->1380K(8192K)], 0.1196182 secs]
227.989: [Full GC 227.989: [Tenured: 23531K->23531K(29184K), 0.0433460 secs] 23600K->23531K(32704K), [Perm : 1380K->1380K(8192K)], 0.0437054 secs]
228.036: [Full GC 228.036: [Tenured: 23531K->11812K(29184K), 0.1212237 secs] 23669K->11812K(32704K), [Perm : 1380K->1380K(8192K)], 0.1215481 secs]
228.239: [Full GC 228.240: [Tenured: 23531K->23531K(29184K), 0.0428011 secs] 23600K->23531K(32704K), [Perm : 1380K->1380K(8192K)], 0.0431871 secs]
228.286: [Full GC 228.286: [Tenured: 23531K->11812K(29184K), 0.1234027 secs] 23669K->11812K(32704K), [Perm : 1380K->1380K(8192K)], 0.1237145 secs]
228.491: [Full GC 228.491: [Tenured: 23531K->23531K(29184K), 0.0414574 secs] 23600K->23531K(32704K), [Perm : 1380K->1380K(8192K)], 0.0418074 secs]
228.537: [Full GC 228.537: [Tenured: 23531K->11812K(29184K), 0.1222798 secs] 23669K->11812K(32704K), [Perm : 1380K->1380K(8192K)], 0.1226017 secs]
228.741: [Full GC 228.741: [Tenured: 23531K->23531K(29184K), 0.0435980 secs] 23600K->23531K(32704K), [Perm : 1380K->1380K(8192K)], 0.0439606 secs]
228.788: [Full GC 228.788: [Tenured: 23531K->11812K(29184K), 0.1198692 secs] 23669K->11812K(32704K), [Perm : 1380K->1380K(8192K)], 0.1201862 secs]
228.991: [Full GC 228.991: [Tenured: 23531K->23531K(29184K), 0.0423579 secs] 23600K->23531K(32704K), [Perm : 1380K->1380K(8192K)], 0.0427162 secs]
229.037: [Full GC 229.037: [Tenured: 23531K->11812K(29184K), 0.1210711 secs] 23669K->11812K(32704K), [Perm : 1380K->1380K(8192K)], 0.1213968 secs]
229.240: [Full GC 229.240: [Tenured: 23531K->23531K(29184K), 0.0433731 secs] 23600K->23531K(32704K), [Perm : 1380K->1380K(8192K)], 0.0437276 secs]
229.287: [Full GC 229.287: [Tenured: 23531K->11812K(29184K), 0.1208821 secs] 23669K->11812K(32704K), [Perm : 1380K->1380K(8192K)], 0.1212032 secs]
229.490: [Full GC 229.490: [Tenured: 23531K->23531K(29184K), 0.0461407 secs] 23600K->23531K(32704K), [Perm : 1380K->1380K(8192K)], 0.0464966 secs]
229.540: [Full GC 229.540: [Tenured: 23531K->11812K(29184K), 0.1200289 secs] 23669K->11812K(32704K), [Perm : 1380K->1380K(8192K)], 0.1203574 secs]
229.741: [Full GC 229.741: [Tenured: 23531K->23531K(29184K), 0.0437611 secs] 23600K->23531K(32704K), [Perm : 1380K->1380K(8192K)], 0.0441165 secs]
229.788: [Full GC 229.788: [Tenured: 23531K->11812K(29184K), 0.1230895 secs] 23669K->11812K(32704K), [Perm : 1380K->1380K(8192K)], 0.1234127 secs]
229.993: [Full GC 229.993: [Tenured: 23531K->23531K(29184K), 0.0432768 secs] 23600K->23531K(32704K), [Perm : 1380K->1380K(8192K)], 0.0436416 secs]
230.040: [Full GC 230.040: [Tenured: 23531K->11812K(29184K), 0.1215069 secs] 23669K->11812K(32704K), [Perm : 1380K->1380K(8192K)], 0.1218318 secs]
230.244: [Full GC 230.244: [Tenured: 23531K->23531K(29184K), 0.0418211 secs] 23600K->23531K(32704K), [Perm : 1380K->1380K(8192K)], 0.0421842 secs]
230.290: [Full GC 230.290: [Tenured: 23531K->11812K(29184K), 0.1281177 secs] 23669K->11812K(32704K), [Perm : 1380K->1380K(8192K)], 0.1284481 secs]
230.498: [Full GC 230.498: [Tenured: 23531K->23531K(29184K), 0.0448128 secs] 23600K->23531K(32704K), [Perm : 1380K->1380K(8192K)], 0.0451747 secs]
230.546: [Full GC 230.546: [Tenured: 23531K->11812K(29184K), 0.1208085 secs] 23669K->11812K(32704K), [Perm : 1380K->1380K(8192K)], 0.1211320 secs]
230.750: [Full GC 230.750: [Tenured: 23531K->23531K(29184K), 0.0417701 secs] 23600K->23531K(32704K), [Perm : 1380K->1380K(8192K)], 0.0421256 secs]
230.795: [Full GC 230.796: [Tenured: 23531K->11812K(29184K), 0.1212865 secs] 23669K->11812K(32704K), [Perm : 1380K->1380K(8192K)], 0.1216128 secs]
230.998: [Full GC 230.999: [Tenured: 23531K->23531K(29184K), 0.0439395 secs] 23600K->23531K(32704K), [Perm : 1380K->1380K(8192K)], 0.0442931 secs]
231.047: [Full GC 231.047: [Tenured: 23531K->11812K(29184K), 0.1201493 secs] 23669K->11812K(32704K), [Perm : 1380K->1380K(8192K)], 0.1204686 secs]
231.250: [Full GC 231.250: [Tenured: 23531K->23531K(29184K), 0.0426556 secs] 23600K->23531K(32704K), [Perm : 1380K->1380K(8192K)], 0.0430069 secs]
231.296: [Full GC 231.296: [Tenured: 23531K->11812K(29184K), 0.1241126 secs] 23669K->11812K(32704K), [Perm : 1380K->1380K(8192K)], 0.1252528 secs]
231.503: [Full GC 231.504: [Tenured: 23531K->23531K(29184K), 0.0433846 secs] 23600K->23531K(32704K), [Perm : 1380K->1380K(8192K)], 0.0437542 secs]
231.551: [Full GC 231.551: [Tenured: 23531K->11812K(29184K), 0.1217357 secs] 23669K->11812K(32704K), [Perm : 1380K->1380K(8192K)], 0.1220628 secs]
231.754: [Full GC 231.754: [Tenured: 23531K->23531K(29184K), 0.0422505 secs] 23600K->23531K(32704K), [Perm : 1380K->1380K(8192K)], 0.0426081 secs]
231.800: [Full GC 231.801: [Tenured: 23531K->11812K(29184K), 0.1210221 secs] 23669K->11812K(32704K), [Perm : 1380K->1380K(8192K)], 0.1213495 secs]
232.004: [Full GC 232.005: [Tenured: 23531K->23531K(29184K), 0.0427185 secs] 23600K->23531K(32704K), [Perm : 1380K->1380K(8192K)], 0.0430773 secs]
232.051: [Full GC 232.051: [Tenured: 23531K->11812K(29184K), 0.1213531 secs] 23669K->11812K(32704K), [Perm : 1380K->1380K(8192K)], 0.1216810 secs]
232.255: [Full GC 232.255: [Tenured: 23531K->23531K(29184K), 0.0428052 secs] 23600K->23531K(32704K), [Perm : 1380K->1380K(8192K)], 0.0431691 secs]
232.302: [Full GC 232.302: [Tenured: 23531K->11812K(29184K), 0.1795195 secs] 23669K->11812K(32704K), [Perm : 1380K->1380K(8192K)], 0.1798531 secs]
232.563: [Full GC 232.564: [Tenured: 23531K->23531K(29184K), 0.0425747 secs] 23600K->23531K(32704K), [Perm : 1380K->1380K(8192K)], 0.0429402 secs]
232.611: [Full GC 232.611: [Tenured: 23531K->11812K(29184K), 0.1205357 secs] 23669K->11812K(32704K), [Perm : 1380K->1380K(8192K)], 0.1208521 secs]
232.813: [Full GC 232.814: [Tenured: 23531K->23531K(29184K), 0.0442024 secs] 23600K->23531K(32704K), [Perm : 1380K->1380K(8192K)], 0.0445468 secs]
232.862: [Full GC 232.862: [Tenured: 23531K->11812K(29184K), 0.1202432 secs] 23669K->11812K(32704K), [Perm : 1380K->1380K(8192K)], 0.1205706 secs]
233.064: [Full GC 233.064: [Tenured: 23531K->23531K(29184K), 0.0428000 secs] 23600K->23531K(32704K), [Perm : 1380K->1380K(8192K)], 0.0431637 secs]
233.111: [Full GC 233.111: [Tenured: 23531K->11812K(29184K), 0.1212333 secs] 23669K->11812K(32704K), [Perm : 1380K->1380K(8192K)], 0.1215588 secs]
233.314: [Full GC 233.315: [Tenured: 23531K->23531K(29184K), 0.0426014 secs] 23600K->23531K(32704K), [Perm : 1380K->1380K(8192K)], 0.0429600 secs]
233.363: [Full GC 233.363: [Tenured: 23531K->11812K(29184K), 0.1198999 secs] 23669K->11812K(32704K), [Perm : 1380K->1380K(8192K)], 0.1202311 secs]
233.566: [Full GC 233.566: [Tenured: 23531K->23531K(29184K), 0.0425962 secs] 23600K->23531K(32704K), [Perm : 1380K->1380K(8192K)], 0.0434825 secs]
233.613: [Full GC 233.613: [Tenured: 23531K->11812K(29184K), 0.1218356 secs] 23669K->11812K(32704K), [Perm : 1380K->1380K(8192K)], 0.1221582 secs]
233.815: [Full GC 233.815: [Tenured: 23531K->23531K(29184K), 0.0445158 secs] 23600K->23531K(32704K), [Perm : 1380K->1380K(8192K)], 0.0448644 secs]
233.863: [Full GC 233.864: [Tenured: 23531K->11812K(29184K), 0.1201055 secs] 23669K->11812K(32704K), [Perm : 1380K->1380K(8192K)], 0.1204330 secs]
234.067: [Full GC 234.067: [Tenured: 23531K->23531K(29184K), 0.0418059 secs] 23600K->23531K(32704K), [Perm : 1380K->1380K(8192K)], 0.0421653 secs]
234.113: [Full GC 234.114: [Tenured: 23531K->11812K(29184K), 0.1214714 secs] 23669K->11812K(32704K), [Perm : 1380K->1380K(8192K)], 0.1217967 secs]
234.316: [Full GC 234.316: [Tenured: 23531K->23531K(29184K), 0.0456344 secs] 23600K->23531K(32704K), [Perm : 1380K->1380K(8192K)], 0.0459731 secs]
234.365: [Full GC 234.366: [Tenured: 23531K->11812K(29184K), 0.1193592 secs] 23669K->11812K(32704K), [Perm : 1380K->1380K(8192K)], 0.1196887 secs]
234.567: [Full GC 234.567: [Tenured: 23531K->23531K(29184K), 0.0438910 secs] 23600K->23531K(32704K), [Perm : 1380K->1380K(8192K)], 0.0442172 secs]
234.615: [Full GC 234.615: [Tenured: 23531K->11812K(29184K), 0.1215186 secs] 23669K->11812K(32704K), [Perm : 1380K->1380K(8192K)], 0.1218437 secs]
234.817: [Full GC 234.818: [Tenured: 23531K->23531K(29184K), 0.0433277 secs] 23600K->23531K(32704K), [Perm : 1380K->1380K(8192K)], 0.0436839 secs]
234.865: [Full GC 234.865: [Tenured: 23531K->11812K(29184K), 0.1208797 secs] 23669K->11812K(32704K), [Perm : 1380K->1380K(8192K)], 0.1212059 secs]
235.068: [Full GC 235.068: [Tenured: 23531K->23531K(29184K), 0.0427998 secs] 23600K->23531K(32704K), [Perm : 1380K->1380K(8192K)], 0.0431496 secs]
235.114: [Full GC 235.114: [Tenured: 23531K->11812K(29184K), 0.1208383 secs] 23669K->11812K(32704K), [Perm : 1380K->1380K(8192K)], 0.1211646 secs]
235.318: [Full GC 235.318: [Tenured: 23531K->23531K(29184K), 0.0450970 secs] 23600K->23531K(32704K), [Perm : 1380K->1380K(8192K)], 0.0454456 secs]
235.367: [Full GC 235.367: [Tenured: 23531K->11812K(29184K), 0.1201920 secs] 23669K->11812K(32704K), [Perm : 1380K->1380K(8192K)], 0.1205193 secs]
235.569: [Full GC 235.569: [Tenured: 23531K->23531K(29184K), 0.0439518 secs] 23600K->23531K(32704K), [Perm : 1380K->1380K(8192K)], 0.0447294 secs]
235.617: [Full GC 235.617: [Tenured: 23531K->11812K(29184K), 0.1216454 secs] 23669K->11812K(32704K), [Perm : 1380K->1380K(8192K)], 0.1219752 secs]
235.819: [Full GC 235.819: [Tenured: 23531K->23531K(29184K), 0.0441527 secs] 23600K->23531K(32704K), [Perm : 1380K->1380K(8192K)], 0.0445140 secs]
235.867: [Full GC 235.867: [Tenured: 23531K->11812K(29184K), 0.1215908 secs] 23669K->11812K(32704K), [Perm : 1380K->1380K(8192K)], 0.1219143 secs]
236.069: [Full GC 236.070: [Tenured: 23531K->23531K(29184K), 0.0423246 secs] 23600K->23531K(32704K), [Perm : 1380K->1380K(8192K)], 0.0426946 secs]
236.116: [Full GC 236.116: [Tenured: 23531K->11812K(29184K), 0.1219424 secs] 23669K->11812K(32704K), [Perm : 1380K->1380K(8192K)], 0.1222640 secs]
236.321: [Full GC 236.321: [Tenured: 23531K->23531K(29184K), 0.0442803 secs] 23600K->23531K(32704K), [Perm : 1380K->1380K(8192K)], 0.0446268 secs]
236.369: [Full GC 236.369: [Tenured: 23531K->11812K(29184K), 0.1219758 secs] 23669K->11812K(32704K), [Perm : 1380K->1380K(8192K)], 0.1222942 secs]
236.571: [Full GC 236.571: [Tenured: 23531K->23531K(29184K), 0.0442817 secs] 23600K->23531K(32704K), [Perm : 1380K->1380K(8192K)], 0.0446405 secs]
236.619: [Full GC 236.619: [Tenured: 23531K->11812K(29184K), 0.1202239 secs] 23669K->11812K(32704K), [Perm : 1380K->1380K(8192K)], 0.1215296 secs]
236.822: [Full GC 236.822: [Tenured: 23531K->23531K(29184K), 0.0424397 secs] 23600K->23531K(32704K), [Perm : 1380K->1380K(8192K)], 0.0427967 secs]
236.868: [Full GC 236.868: [Tenured: 23531K->11812K(29184K), 0.1219295 secs] 23669K->11812K(32704K), [Perm : 1380K->1380K(8192K)], 0.1222515 secs]
237.072: [Full GC 237.072: [Tenured: 23531K->23531K(29184K), 0.0422510 secs] 23600K->23531K(32704K), [Perm : 1380K->1380K(8192K)], 0.0426095 secs]
237.118: [Full GC 237.118: [Tenured: 23531K->11812K(29184K), 0.1230870 secs] 23669K->11812K(32704K), [Perm : 1380K->1380K(8192K)], 0.1234044 secs]
237.322: [Full GC 237.322: [Tenured: 23531K->23531K(29184K), 0.0459376 secs] 23600K->23531K(32704K), [Perm : 1380K->1380K(8192K)], 0.0462991 secs]
237.372: [Full GC 237.372: [Tenured: 23531K->11812K(29184K), 0.1202425 secs] 23669K->11812K(32704K), [Perm : 1380K->1380K(8192K)], 0.1205688 secs]
237.574: [Full GC 237.574: [Tenured: 23531K->23531K(29184K), 0.0430573 secs] 23600K->23531K(32704K), [Perm : 1380K->1380K(8192K)], 0.0434142 secs]
237.622: [Full GC 237.622: [Tenured: 23531K->11812K(29184K), 0.1202477 secs] 23669K->11812K(32704K), [Perm : 1380K->1380K(8192K)], 0.1205766 secs]
237.824: [Full GC 237.824: [Tenured: 23531K->23531K(29184K), 0.0424637 secs] 23600K->23531K(32704K), [Perm : 1380K->1380K(8192K)], 0.0428223 secs]
237.871: [Full GC 237.871: [Tenured: 23531K->11812K(29184K), 0.1211423 secs] 23669K->11812K(32704K), [Perm : 1380K->1380K(8192K)], 0.1214708 secs]
238.075: [Full GC 238.075: [Tenured: 23531K->23531K(29184K), 0.0437710 secs] 23600K->23531K(32704K), [Perm : 1380K->1380K(8192K)], 0.0441417 secs]
238.124: [Full GC 238.124: [Tenured: 23531K->11812K(29184K), 0.1196166 secs] 23669K->11812K(32704K), [Perm : 1380K->1380K(8192K)], 0.1199393 secs]
238.325: [Full GC 238.325: [Tenured: 23531K->23531K(29184K), 0.0473577 secs] 23600K->23531K(32704K), [Perm : 1380K->1380K(8192K)], 0.0485478 secs]
238.376: [Full GC 238.377: [Tenured: 23531K->11812K(29184K), 0.1204005 secs] 23669K->11812K(32704K), [Perm : 1380K->1380K(8192K)], 0.1207276 secs]
238.578: [Full GC 238.579: [Tenured: 23531K->23531K(29184K), 0.0441138 secs] 23600K->23531K(32704K), [Perm : 1380K->1380K(8192K)], 0.0444677 secs]
238.626: [Full GC 238.626: [Tenured: 23531K->11812K(29184K), 0.1208929 secs] 23669K->11812K(32704K), [Perm : 1380K->1380K(8192K)], 0.1212237 secs]
238.828: [Full GC 238.829: [Tenured: 23531K->23531K(29184K), 0.0440842 secs] 23600K->23531K(32704K), [Perm : 1380K->1380K(8192K)], 0.0444419 secs]
238.876: [Full GC 238.876: [Tenured: 23531K->11812K(29184K), 0.1202252 secs] 23669K->11812K(32704K), [Perm : 1380K->1380K(8192K)], 0.1205490 secs]
239.078: [Full GC 239.078: [Tenured: 23531K->23531K(29184K), 0.0449143 secs] 23600K->23531K(32704K), [Perm : 1380K->1380K(8192K)], 0.0452740 secs]
239.126: [Full GC 239.126: [Tenured: 23531K->11812K(29184K), 0.1211481 secs] 23669K->11812K(32704K), [Perm : 1380K->1380K(8192K)], 0.1214733 secs]
239.328: [Full GC 239.329: [Tenured: 23531K->23531K(29184K), 0.0450235 secs] 23600K->23531K(32704K), [Perm : 1380K->1380K(8192K)], 0.0453839 secs]
239.377: [Full GC 239.377: [Tenured: 23531K->11812K(29184K), 0.1227102 secs] 23669K->11812K(32704K), [Perm : 1380K->1380K(8192K)], 0.1230254 secs]
239.580: [Full GC 239.581: [Tenured: 23531K->23531K(29184K), 0.0431918 secs] 23600K->23531K(32704K), [Perm : 1380K->1380K(8192K)], 0.0435455 secs]
239.627: [Full GC 239.627: [Tenured: 23531K->11812K(29184K), 0.1215845 secs] 23669K->11812K(32704K), [Perm : 1380K->1380K(8192K)], 0.1226880 secs]
239.832: [Full GC 239.832: [Tenured: 23531K->23531K(29184K), 0.0410586 secs] 23600K->23531K(32704K), [Perm : 1380K->1380K(8192K)], 0.0415615 secs]
239.877: [Full GC 239.877: [Tenured: 23531K->11812K(29184K), 0.1232804 secs] 23669K->11812K(32704K), [Perm : 1380K->1380K(8192K)], 0.1235992 secs]
240.081: [Full GC 240.082: [Tenured: 23531K->23531K(29184K), 0.0439366 secs] 23600K->23531K(32704K), [Perm : 1380K->1380K(8192K)], 0.0442934 secs]
240.129: [Full GC 240.130: [Tenured: 23531K->11812K(29184K), 0.1214917 secs] 23669K->11812K(32704K), [Perm : 1380K->1380K(8192K)], 0.1221113 secs]
240.333: [Full GC 240.333: [Tenured: 23531K->23531K(29184K), 0.0445196 secs] 23600K->23531K(32704K), [Perm : 1380K->1380K(8192K)], 0.0448759 secs]
240.382: [Full GC 240.382: [Tenured: 23531K->11812K(29184K), 0.1208119 secs] 23669K->11812K(32704K), [Perm : 1380K->1380K(8192K)], 0.1211362 secs]
240.584: [Full GC 240.584: [Tenured: 23531K->23531K(29184K), 0.0425709 secs] 23600K->23531K(32704K), [Perm : 1380K->1380K(8192K)], 0.0429263 secs]
240.631: [Full GC 240.631: [Tenured: 23531K->11812K(29184K), 0.1217437 secs] 23669K->11812K(32704K), [Perm : 1380K->1380K(8192K)], 0.1220682 secs]
240.834: [Full GC 240.835: [Tenured: 23531K->23531K(29184K), 0.0437450 secs] 23600K->23531K(32704K), [Perm : 1380K->1380K(8192K)], 0.0441048 secs]
240.882: [Full GC 240.882: [Tenured: 23531K->11812K(29184K), 0.1197701 secs] 23669K->11812K(32704K), [Perm : 1380K->1380K(8192K)], 0.1200947 secs]
241.084: [Full GC 241.084: [Tenured: 23531K->23531K(29184K), 0.0434803 secs] 23600K->23531K(32704K), [Perm : 1380K->1380K(8192K)], 0.0438431 secs]
241.131: [Full GC 241.132: [Tenured: 23531K->11812K(29184K), 0.1211275 secs] 23669K->11812K(32704K), [Perm : 1380K->1380K(8192K)], 0.1214569 secs]
241.336: [Full GC 241.336: [Tenured: 23531K->23531K(29184K), 0.0446335 secs] 23600K->23531K(32704K), [Perm : 1380K->1380K(8192K)], 0.0449916 secs]
241.384: [Full GC 241.384: [Tenured: 23531K->11812K(29184K), 0.1206990 secs] 23669K->11812K(32704K), [Perm : 1380K->1380K(8192K)], 0.1210208 secs]
241.588: [Full GC 241.588: [Tenured: 23531K->23531K(29184K), 0.0430294 secs] 23600K->23531K(32704K), [Perm : 1380K->1380K(8192K)], 0.0433888 secs]
241.634: [Full GC 241.635: [Tenured: 23531K->11812K(29184K), 0.1204805 secs] 23669K->11812K(32704K), [Perm : 1380K->1380K(8192K)], 0.1208049 secs]
241.837: [Full GC 241.837: [Tenured: 23531K->23531K(29184K), 0.0439298 secs] 23600K->23531K(32704K), [Perm : 1380K->1380K(8192K)], 0.0442884 secs]
241.885: [Full GC 241.885: [Tenured: 23531K->11812K(29184K), 0.1201704 secs] 23669K->11812K(32704K), [Perm : 1380K->1380K(8192K)], 0.1204942 secs]
242.089: [Full GC 242.089: [Tenured: 23531K->23531K(29184K), 0.0425111 secs] 23600K->23531K(32704K), [Perm : 1380K->1380K(8192K)], 0.0428557 secs]
242.135: [Full GC 242.135: [Tenured: 23531K->11812K(29184K), 0.1204095 secs] 23669K->11812K(32704K), [Perm : 1380K->1380K(8192K)], 0.1208797 secs]
242.337: [Full GC 242.338: [Tenured: 23531K->23531K(29184K), 0.0453652 secs] 23600K->23531K(32704K), [Perm : 1380K->1380K(8192K)], 0.0457253 secs]
242.387: [Full GC 242.387: [Tenured: 23531K->11812K(29184K), 0.1206103 secs] 23669K->11812K(32704K), [Perm : 1380K->1380K(8192K)], 0.1209307 secs]
242.589: [Full GC 242.589: [Tenured: 23531K->23531K(29184K), 0.0449278 secs] 23600K->23531K(32704K), [Perm : 1380K->1380K(8192K)], 0.0452799 secs]
242.637: [Full GC 242.637: [Tenured: 23531K->11812K(29184K), 0.1196957 secs] 23669K->11812K(32704K), [Perm : 1380K->1380K(8192K)], 0.1200199 secs]
242.839: [Full GC 242.839: [Tenured: 23531K->23531K(29184K), 0.0438694 secs] 23600K->23531K(32704K), [Perm : 1380K->1380K(8192K)], 0.0442277 secs]
242.886: [Full GC 242.887: [Tenured: 23531K->11812K(29184K), 0.1216990 secs] 23669K->11812K(32704K), [Perm : 1380K->1380K(8192K)], 0.1220160 secs]
243.091: [Full GC 243.091: [Tenured: 23531K->23531K(29184K), 0.0424740 secs] 23600K->23531K(32704K), [Perm : 1380K->1380K(8192K)], 0.0428268 secs]
243.137: [Full GC 243.137: [Tenured: 23531K->11812K(29184K), 0.1193695 secs] 23669K->11812K(32704K), [Perm : 1380K->1380K(8192K)], 0.1196903 secs]
243.340: [Full GC 243.340: [Tenured: 23531K->23531K(29184K), 0.0431622 secs] 23600K->23531K(32704K), [Perm : 1380K->1380K(8192K)], 0.0435241 secs]
243.387: [Full GC 243.387: [Tenured: 23531K->11812K(29184K), 0.1225478 secs] 23669K->11812K(32704K), [Perm : 1380K->1380K(8192K)], 0.1228693 secs]
243.591: [Full GC 243.591: [Tenured: 23531K->23531K(29184K), 0.0437577 secs] 23600K->23531K(32704K), [Perm : 1380K->1380K(8192K)], 0.0441204 secs]
243.638: [Full GC 243.638: [Tenured: 23531K->11812K(29184K), 0.1206409 secs] 23669K->11812K(32704K), [Perm : 1380K->1380K(8192K)], 0.1215029 secs]
243.842: [Full GC 243.842: [Tenured: 23531K->23531K(29184K), 0.0425473 secs] 23600K->23531K(32704K), [Perm : 1380K->1380K(8192K)], 0.0429087 secs]
243.888: [Full GC 243.888: [Tenured: 23531K->11812K(29184K), 0.1217518 secs] 23669K->11812K(32704K), [Perm : 1380K->1380K(8192K)], 0.1220702 secs]
244.092: [Full GC 244.093: [Tenured: 23531K->23531K(29184K), 0.0426122 secs] 23600K->23531K(32704K), [Perm : 1380K->1380K(8192K)], 0.0429755 secs]
244.139: [Full GC 244.139: [Tenured: 23531K->11812K(29184K), 0.1221830 secs] 23669K->11812K(32704K), [Perm : 1380K->1380K(8192K)], 0.1224878 secs]
244.341: [Full GC 244.341: [Tenured: 23531K->23531K(29184K), 0.0465042 secs] 23600K->23531K(32704K), [Perm : 1380K->1380K(8192K)], 0.0468657 secs]
244.393: [Full GC 244.393: [Tenured: 23531K->11812K(29184K), 0.1206550 secs] 23669K->11812K(32704K), [Perm : 1380K->1380K(8192K)], 0.1209779 secs]
244.595: [Full GC 244.595: [Tenured: 23531K->23531K(29184K), 0.0430071 secs] 23600K->23531K(32704K), [Perm : 1380K->1380K(8192K)], 0.0433707 secs]
244.642: [Full GC 244.643: [Tenured: 23531K->11812K(29184K), 0.1214903 secs] 23669K->11812K(32704K), [Perm : 1380K->1380K(8192K)], 0.1218109 secs]
244.845: [Full GC 244.846: [Tenured: 23531K->23531K(29184K), 0.0431242 secs] 23600K->23531K(32704K), [Perm : 1380K->1380K(8192K)], 0.0434882 secs]
244.893: [Full GC 244.893: [Tenured: 23531K->11812K(29184K), 0.1215040 secs] 23669K->11812K(32704K), [Perm : 1380K->1380K(8192K)], 0.1218322 secs]
245.096: [Full GC 245.097: [Tenured: 23531K->23531K(29184K), 0.0433518 secs] 23600K->23531K(32704K), [Perm : 1380K->1380K(8192K)], 0.0436888 secs]
245.143: [Full GC 245.144: [Tenured: 23531K->11812K(29184K), 0.1197352 secs] 23669K->11812K(32704K), [Perm : 1380K->1380K(8192K)], 0.1200581 secs]
245.344: [Full GC 245.345: [Tenured: 23531K->23531K(29184K), 0.0467296 secs] 23600K->23531K(32704K), [Perm : 1380K->1380K(8192K)], 0.0470814 secs]
245.395: [Full GC 245.395: [Tenured: 23531K->11812K(29184K), 0.1202115 secs] 23669K->11812K(32704K), [Perm : 1380K->1380K(8192K)], 0.1205413 secs]
245.598: [Full GC 245.598: [Tenured: 23531K->23531K(29184K), 0.0427524 secs] 23600K->23531K(32704K), [Perm : 1380K->1380K(8192K)], 0.0431127 secs]
245.645: [Full GC 245.645: [Tenured: 23531K->11812K(29184K), 0.1212501 secs] 23669K->11812K(32704K), [Perm : 1380K->1380K(8192K)], 0.1215577 secs]
245.847: [Full GC 245.847: [Tenured: 23531K->23531K(29184K), 0.0441215 secs] 23600K->23531K(32704K), [Perm : 1380K->1380K(8192K)], 0.0444601 secs]
245.895: [Full GC 245.895: [Tenured: 23531K->11812K(29184K), 0.1215557 secs] 23669K->11812K(32704K), [Perm : 1380K->1380K(8192K)], 0.1224681 secs]
246.097: [Full GC 246.098: [Tenured: 23531K->23531K(29184K), 0.0439597 secs] 23600K->23531K(32704K), [Perm : 1380K->1380K(8192K)], 0.0443153 secs]
246.145: [Full GC 246.145: [Tenured: 23531K->11812K(29184K), 0.1201241 secs] 23669K->11812K(32704K), [Perm : 1380K->1380K(8192K)], 0.1204411 secs]
246.348: [Full GC 246.348: [Tenured: 23531K->23531K(29184K), 0.0454762 secs] 23600K->23531K(32704K), [Perm : 1380K->1380K(8192K)], 0.0458368 secs]
246.397: [Full GC 246.397: [Tenured: 23531K->11812K(29184K), 0.1193724 secs] 23669K->11812K(32704K), [Perm : 1380K->1380K(8192K)], 0.1196932 secs]
246.599: [Full GC 246.600: [Tenured: 23531K->23531K(29184K), 0.0423792 secs] 23600K->23531K(32704K), [Perm : 1380K->1380K(8192K)], 0.0435427 secs]
246.646: [Full GC 246.646: [Tenured: 23531K->11812K(29184K), 0.1208887 secs] 23669K->11812K(32704K), [Perm : 1380K->1380K(8192K)], 0.1212221 secs]
246.848: [Full GC 246.849: [Tenured: 23531K->23531K(29184K), 0.0460862 secs] 23600K->23531K(32704K), [Perm : 1380K->1380K(8192K)], 0.0464519 secs]
246.898: [Full GC 246.898: [Tenured: 23531K->11812K(29184K), 0.1192828 secs] 23669K->11812K(32704K), [Perm : 1380K->1380K(8192K)], 0.1196018 secs]
247.099: [Full GC 247.099: [Tenured: 23531K->23531K(29184K), 0.0439691 secs] 23600K->23531K(32704K), [Perm : 1380K->1380K(8192K)], 0.0443351 secs]
247.147: [Full GC 247.147: [Tenured: 23531K->11812K(29184K), 0.1205380 secs] 23669K->11812K(32704K), [Perm : 1380K->1380K(8192K)], 0.1208610 secs]
247.349: [Full GC 247.350: [Tenured: 23531K->23531K(29184K), 0.0462259 secs] 23600K->23531K(32704K), [Perm : 1380K->1380K(8192K)], 0.0470688 secs]
247.400: [Full GC 247.400: [Tenured: 23531K->11812K(29184K), 0.1199709 secs] 23669K->11812K(32704K), [Perm : 1380K->1380K(8192K)], 0.1202969 secs]
247.602: [Full GC 247.602: [Tenured: 23531K->23531K(29184K), 0.0418584 secs] 23600K->23531K(32704K), [Perm : 1380K->1380K(8192K)], 0.0422164 secs]
247.648: [Full GC 247.648: [Tenured: 23531K->11812K(29184K), 0.1237352 secs] 23669K->11812K(32704K), [Perm : 1380K->1380K(8192K)], 0.1240405 secs]
247.851: [Full GC 247.851: [Tenured: 23531K->23531K(29184K), 0.0449813 secs] 23600K->23531K(32704K), [Perm : 1380K->1380K(8192K)], 0.0453344 secs]
247.900: [Full GC 247.900: [Tenured: 23531K->11812K(29184K), 0.1199210 secs] 23669K->11812K(32704K), [Perm : 1380K->1380K(8192K)], 0.1202434 secs]
248.103: [Full GC 248.103: [Tenured: 23531K->23531K(29184K), 0.0409587 secs] 23600K->23531K(32704K), [Perm : 1380K->1380K(8192K)], 0.0413141 secs]
248.148: [Full GC 248.148: [Tenured: 23531K->11812K(29184K), 0.1228920 secs] 23669K->11812K(32704K), [Perm : 1380K->1380K(8192K)], 0.1232097 secs]
248.351: [Full GC 248.351: [Tenured: 23531K->23531K(29184K), 0.0467943 secs] 23600K->23531K(32704K), [Perm : 1380K->1380K(8192K)], 0.0471475 secs]
248.403: [Full GC 248.403: [Tenured: 23531K->11812K(29184K), 0.1194838 secs] 23669K->11812K(32704K), [Perm : 1380K->1380K(8192K)], 0.1198101 secs]
248.605: [Full GC 248.605: [Tenured: 23531K->23531K(29184K), 0.0420018 secs] 23600K->23531K(32704K), [Perm : 1380K->1380K(8192K)], 0.0423707 secs]
248.652: [Full GC 248.653: [Tenured: 23531K->11812K(29184K), 0.1202944 secs] 23669K->11812K(32704K), [Perm : 1380K->1380K(8192K)], 0.1206258 secs]
248.852: [Full GC 248.853: [Tenured: 23531K->23531K(29184K), 0.0445840 secs] 23600K->23531K(32704K), [Perm : 1380K->1380K(8192K)], 0.0449419 secs]
248.901: [Full GC 248.901: [Tenured: 23531K->11812K(29184K), 0.1214887 secs] 23669K->11812K(32704K), [Perm : 1380K->1380K(8192K)], 0.1218172 secs]
249.105: [Full GC 249.106: [Tenured: 23531K->23531K(29184K), 0.0418935 secs] 23600K->23531K(32704K), [Perm : 1380K->1380K(8192K)], 0.0422530 secs]
249.152: [Full GC 249.152: [Tenured: 23531K->11812K(29184K), 0.1210273 secs] 23669K->11812K(32704K), [Perm : 1380K->1380K(8192K)], 0.1214998 secs]
249.354: [Full GC 249.354: [Tenured: 23531K->23531K(29184K), 0.0465362 secs] 23600K->23531K(32704K), [Perm : 1380K->1380K(8192K)], 0.0468907 secs]
249.404: [Full GC 249.405: [Tenured: 23531K->11812K(29184K), 0.1199366 secs] 23669K->11812K(32704K), [Perm : 1380K->1380K(8192K)], 0.1202585 secs]
249.607: [Full GC 249.607: [Tenured: 23531K->23531K(29184K), 0.0440957 secs] 23600K->23531K(32704K), [Perm : 1380K->1380K(8192K)], 0.0444446 secs]
249.655: [Full GC 249.655: [Tenured: 23531K->11812K(29184K), 0.1199402 secs] 23669K->11812K(32704K), [Perm : 1380K->1380K(8192K)], 0.1202681 secs]
249.857: [Full GC 249.857: [Tenured: 23531K->23531K(29184K), 0.0438357 secs] 23600K->23531K(32704K), [Perm : 1380K->1380K(8192K)], 0.0441936 secs]
249.905: [Full GC 249.905: [Tenured: 23531K->11812K(29184K), 0.1219650 secs] 23669K->11812K(32704K), [Perm : 1380K->1380K(8192K)], 0.1222868 secs]
250.110: [Full GC 250.110: [Tenured: 23531K->23531K(29184K), 0.0424965 secs] 23600K->23531K(32704K), [Perm : 1380K->1380K(8192K)], 0.0428506 secs]
250.157: [Full GC 250.157: [Tenured: 23531K->11812K(29184K), 0.1196468 secs] 23669K->11812K(32704K), [Perm : 1380K->1380K(8192K)], 0.1199680 secs]
250.358: [Full GC 250.359: [Tenured: 23531K->23531K(29184K), 0.0456995 secs] 23600K->23531K(32704K), [Perm : 1380K->1380K(8192K)], 0.0460534 secs]
250.408: [Full GC 250.408: [Tenured: 23531K->11812K(29184K), 0.1205317 secs] 23669K->11812K(32704K), [Perm : 1380K->1380K(8192K)], 0.1208588 secs]
250.611: [Full GC 250.611: [Tenured: 23531K->23531K(29184K), 0.0435982 secs] 23600K->23531K(32704K), [Perm : 1380K->1380K(8192K)], 0.0439503 secs]
250.658: [Full GC 250.659: [Tenured: 23531K->11812K(29184K), 0.1189537 secs] 23669K->11812K(32704K), [Perm : 1380K->1380K(8192K)], 0.1192716 secs]
250.861: [Full GC 250.861: [Tenured: 23531K->23531K(29184K), 0.0430548 secs] 23600K->23531K(32704K), [Perm : 1380K->1380K(8192K)], 0.0433979 secs]
250.908: [Full GC 250.908: [Tenured: 23531K->11812K(29184K), 0.1206325 secs] 23669K->11812K(32704K), [Perm : 1380K->1380K(8192K)], 0.1209633 secs]
251.111: [Full GC 251.111: [Tenured: 23531K->23531K(29184K), 0.0439168 secs] 23600K->23531K(32704K), [Perm : 1380K->1380K(8192K)], 0.0442534 secs]
251.159: [Full GC 251.159: [Tenured: 23531K->11812K(29184K), 0.1192185 secs] 23669K->11812K(32704K), [Perm : 1380K->1380K(8192K)], 0.1195375 secs]
251.359: [Full GC 251.362: [Tenured: 23531K->23531K(29184K), 0.0453246 secs] 23600K->23531K(32704K), [Perm : 1380K->1380K(8192K)], 0.0456959 secs]
251.411: [Full GC 251.412: [Tenured: 23531K->11812K(29184K), 0.1194511 secs] 23669K->11812K(32704K), [Perm : 1380K->1380K(8192K)], 0.1197806 secs]
251.613: [Full GC 251.613: [Tenured: 23531K->23531K(29184K), 0.0440183 secs] 23600K->23531K(32704K), [Perm : 1380K->1380K(8192K)], 0.0443789 secs]
251.661: [Full GC 251.662: [Tenured: 23531K->11812K(29184K), 0.1210599 secs] 23669K->11812K(32704K), [Perm : 1380K->1380K(8192K)], 0.1213840 secs]
251.863: [Full GC 251.863: [Tenured: 23531K->23531K(29184K), 0.0441947 secs] 23600K->23531K(32704K), [Perm : 1380K->1380K(8192K)], 0.0445503 secs]
251.912: [Full GC 251.912: [Tenured: 23531K->11812K(29184K), 0.1210742 secs] 23669K->11812K(32704K), [Perm : 1380K->1380K(8192K)], 0.1213996 secs]
252.115: [Full GC 252.115: [Tenured: 23531K->23531K(29184K), 0.0429703 secs] 23600K->23531K(32704K), [Perm : 1380K->1380K(8192K)], 0.0433318 secs]
252.162: [Full GC 252.163: [Tenured: 23531K->11812K(29184K), 0.1211508 secs] 23669K->11812K(32704K), [Perm : 1380K->1380K(8192K)], 0.1214733 secs]
252.365: [Full GC 252.365: [Tenured: 23531K->23531K(29184K), 0.0456568 secs] 23600K->23531K(32704K), [Perm : 1380K->1380K(8192K)], 0.0460051 secs]
252.414: [Full GC 252.415: [Tenured: 23531K->11812K(29184K), 0.1211250 secs] 23669K->11812K(32704K), [Perm : 1380K->1380K(8192K)], 0.1214479 secs]
252.618: [Full GC 252.618: [Tenured: 23531K->23531K(29184K), 0.0424170 secs] 23600K->23531K(32704K), [Perm : 1380K->1380K(8192K)], 0.0427465 secs]
252.664: [Full GC 252.664: [Tenured: 23531K->11812K(29184K), 0.1217545 secs] 23669K->11812K(32704K), [Perm : 1380K->1380K(8192K)], 0.1220758 secs]
252.867: [Full GC 252.867: [Tenured: 23531K->23531K(29184K), 0.0432723 secs] 23600K->23531K(32704K), [Perm : 1380K->1380K(8192K)], 0.0436284 secs]
252.914: [Full GC 252.915: [Tenured: 23531K->11812K(29184K), 0.1220473 secs] 23669K->11812K(32704K), [Perm : 1380K->1380K(8192K)], 0.1223643 secs]
253.117: [Full GC 253.118: [Tenured: 23531K->23531K(29184K), 0.0438038 secs] 23600K->23531K(32704K), [Perm : 1380K->1380K(8192K)], 0.0441377 secs]
253.165: [Full GC 253.165: [Tenured: 23531K->11812K(29184K), 0.3993069 secs] 23669K->11812K(32704K), [Perm : 1380K->1380K(8192K)], 0.4004931 secs]
253.645: [Full GC 253.646: [Tenured: 23531K->23531K(29184K), 0.2029473 secs] 23600K->23531K(32704K), [Perm : 1380K->1380K(8192K)], 0.2033081 secs]
253.852: [Full GC 253.853: [Tenured: 23531K->11812K(29184K), 0.1607387 secs] 23669K->11812K(32704K), [Perm : 1380K->1380K(8192K)], 0.1610981 secs]
254.096: [Full GC 254.096: [Tenured: 23531K->23531K(29184K), 0.0817702 secs] 23600K->23531K(32704K), [Perm : 1380K->1380K(8192K)], 0.0821272 secs]
254.182: [Full GC 254.182: [Tenured: 23531K->11812K(29184K), 0.2026146 secs] 23669K->11812K(32704K), [Perm : 1380K->1380K(8192K)], 0.2029384 secs]
254.465: [Full GC 254.466: [Tenured: 23531K->23531K(29184K), 0.0441282 secs] 23600K->23531K(32704K), [Perm : 1380K->1380K(8192K)], 0.0444697 secs]
254.513: [Full GC 254.513: [Tenured: 23531K->11812K(29184K), 0.2397644 secs] 23669K->11812K(32704K), [Perm : 1380K->1380K(8192K)], 0.2400894 secs]
254.835: [Full GC 254.835: [Tenured: 23531K->23531K(29184K), 0.0427630 secs] 23600K->23531K(32704K), [Perm : 1380K->1380K(8192K)], 0.0431278 secs]
254.882: [Full GC 254.882: [Tenured: 23531K->11812K(29184K), 0.3278453 secs] 23669K->11812K(32704K), [Perm : 1380K->1380K(8192K)], 0.3281666 secs]
255.292: [Full GC 255.292: [Tenured: 23531K->23531K(29184K), 0.0431885 secs] 23600K->23531K(32704K), [Perm : 1380K->1380K(8192K)], 0.0435423 secs]
255.339: [Full GC 255.339: [Tenured: 23531K->11812K(29184K), 0.1225806 secs] 23669K->11812K(32704K), [Perm : 1380K->1380K(8192K)], 0.1235938 secs]
255.544: [Full GC 255.544: [Tenured: 23531K->23531K(29184K), 0.0436922 secs] 23600K->23531K(32704K), [Perm : 1380K->1380K(8192K)], 0.0440527 secs]
255.592: [Full GC 255.592: [Tenured: 23531K->11812K(29184K), 0.1199732 secs] 23669K->11812K(32704K), [Perm : 1380K->1380K(8192K)], 0.1202989 secs]
255.794: [Full GC 255.794: [Tenured: 23531K->23531K(29184K), 0.0410955 secs] 23600K->23531K(32704K), [Perm : 1380K->1380K(8192K)], 0.0414563 secs]
255.839: [Full GC 255.839: [Tenured: 23531K->11812K(29184K), 0.1220023 secs] 23669K->11812K(32704K), [Perm : 1380K->1380K(8192K)], 0.1223256 secs]
256.043: [Full GC 256.044: [Tenured: 23531K->23531K(29184K), 0.0423630 secs] 23600K->23531K(32704K), [Perm : 1380K->1380K(8192K)], 0.0427218 secs]
256.090: [Full GC 256.090: [Tenured: 23531K->11812K(29184K), 0.1220873 secs] 23669K->11812K(32704K), [Perm : 1380K->1380K(8192K)], 0.1224141 secs]
256.293: [Full GC 256.293: [Tenured: 23531K->23531K(29184K), 0.0424435 secs] 23600K->23531K(32704K), [Perm : 1380K->1380K(8192K)], 0.0428068 secs]
256.339: [Full GC 256.342: [Tenured: 23531K->11812K(29184K), 0.1220376 secs] 23669K->11812K(32704K), [Perm : 1380K->1380K(8192K)], 0.1223869 secs]
256.545: [Full GC 256.545: [Tenured: 23531K->23531K(29184K), 0.0430290 secs] 23600K->23531K(32704K), [Perm : 1380K->1380K(8192K)], 0.0433907 secs]
256.592: [Full GC 256.593: [Tenured: 23531K->11812K(29184K), 0.1205393 secs] 23669K->11812K(32704K), [Perm : 1380K->1380K(8192K)], 0.1208675 secs]
256.794: [Full GC 256.795: [Tenured: 23531K->23531K(29184K), 0.0424282 secs] 23600K->23531K(32704K), [Perm : 1380K->1380K(8192K)], 0.0427839 secs]
256.842: [Full GC 256.842: [Tenured: 23531K->11812K(29184K), 0.1213492 secs] 23669K->11812K(32704K), [Perm : 1380K->1380K(8192K)], 0.1216736 secs]
257.046: [Full GC 257.046: [Tenured: 23531K->23531K(29184K), 0.0426466 secs] 23600K->23531K(32704K), [Perm : 1380K->1380K(8192K)], 0.0430017 secs]
257.092: [Full GC 257.093: [Tenured: 23531K->11812K(29184K), 0.1208186 secs] 23669K->11812K(32704K), [Perm : 1380K->1380K(8192K)], 0.1211421 secs]
257.294: [Full GC 257.294: [Tenured: 23531K->23531K(29184K), 0.0434183 secs] 23600K->23531K(32704K), [Perm : 1380K->1380K(8192K)], 0.0437813 secs]
257.342: [Full GC 257.342: [Tenured: 23531K->11812K(29184K), 0.1222995 secs] 23669K->11812K(32704K), [Perm : 1380K->1380K(8192K)], 0.1226260 secs]
257.547: [Full GC 257.547: [Tenured: 23531K->23531K(29184K), 0.0436512 secs] 23600K->23531K(32704K), [Perm : 1380K->1380K(8192K)], 0.0439930 secs]
257.594: [Full GC 257.594: [Tenured: 23531K->11812K(29184K), 0.1212144 secs] 23669K->11812K(32704K), [Perm : 1380K->1380K(8192K)], 0.1215449 secs]
257.797: [Full GC 257.797: [Tenured: 23531K->23531K(29184K), 0.0421485 secs] 23600K->23531K(32704K), [Perm : 1380K->1380K(8192K)], 0.0439579 secs]
257.844: [Full GC 257.844: [Tenured: 23531K->11812K(29184K), 0.1205045 secs] 23669K->11812K(32704K), [Perm : 1380K->1380K(8192K)], 0.1208345 secs]
258.048: [Full GC 258.048: [Tenured: 23531K->23531K(29184K), 0.0447142 secs] 23600K->23531K(32704K), [Perm : 1380K->1380K(8192K)], 0.0450678 secs]
258.096: [Full GC 258.096: [Tenured: 23531K->11812K(29184K), 0.1202666 secs] 23669K->11812K(32704K), [Perm : 1380K->1380K(8192K)], 0.1205908 secs]
258.297: [Full GC 258.298: [Tenured: 23531K->23531K(29184K), 0.0431417 secs] 23600K->23531K(32704K), [Perm : 1380K->1380K(8192K)], 0.0434947 secs]
258.344: [Full GC 258.344: [Tenured: 23531K->11812K(29184K), 0.1223202 secs] 23669K->11812K(32704K), [Perm : 1380K->1380K(8192K)], 0.1226429 secs]
258.550: [Full GC 258.550: [Tenured: 23531K->23531K(29184K), 0.0428467 secs] 23600K->23531K(32704K), [Perm : 1380K->1380K(8192K)], 0.0432022 secs]
258.596: [Full GC 258.596: [Tenured: 23531K->11812K(29184K), 0.1208339 secs] 23669K->11812K(32704K), [Perm : 1380K->1380K(8192K)], 0.1211529 secs]
258.800: [Full GC 258.800: [Tenured: 23531K->23531K(29184K), 0.0422581 secs] 23600K->23531K(32704K), [Perm : 1380K->1380K(8192K)], 0.0426162 secs]
258.846: [Full GC 258.846: [Tenured: 23531K->11812K(29184K), 0.1217757 secs] 23669K->11812K(32704K), [Perm : 1380K->1380K(8192K)], 0.1220973 secs]
259.059: [Full GC 259.059: [Tenured: 23531K->23531K(29184K), 0.0432507 secs] 23600K->23531K(32704K), [Perm : 1380K->1380K(8192K)], 0.0440781 secs]
259.106: [Full GC 259.107: [Tenured: 23531K->11812K(29184K), 0.1202632 secs] 23669K->11812K(32704K), [Perm : 1380K->1380K(8192K)], 0.1205923 secs]
259.309: [Full GC 259.310: [Tenured: 23531K->23531K(29184K), 0.0426747 secs] 23600K->23531K(32704K), [Perm : 1380K->1380K(8192K)], 0.0430476 secs]
259.356: [Full GC 259.356: [Tenured: 23531K->11812K(29184K), 0.1214103 secs] 23669K->11812K(32704K), [Perm : 1380K->1380K(8192K)], 0.1217377 secs]
259.559: [Full GC 259.559: [Tenured: 23531K->23531K(29184K), 0.0454474 secs] 23600K->23531K(32704K), [Perm : 1380K->1380K(8192K)], 0.0458013 secs]
259.608: [Full GC 259.608: [Tenured: 23531K->11812K(29184K), 0.1198948 secs] 23669K->11812K(32704K), [Perm : 1380K->1380K(8192K)], 0.1202232 secs]
259.808: [Full GC 259.809: [Tenured: 23531K->23531K(29184K), 0.0465103 secs] 23600K->23531K(32704K), [Perm : 1380K->1380K(8192K)], 0.0468682 secs]
259.859: [Full GC 259.859: [Tenured: 23531K->11812K(29184K), 0.1194403 secs] 23669K->11812K(32704K), [Perm : 1380K->1380K(8192K)], 0.1197660 secs]
260.059: [Full GC 260.061: [Tenured: 23531K->23531K(29184K), 0.0426542 secs] 23600K->23531K(32704K), [Perm : 1380K->1380K(8192K)], 0.0451439 secs]
260.108: [Full GC 260.108: [Tenured: 23531K->11812K(29184K), 0.1223319 secs] 23669K->11812K(32704K), [Perm : 1380K->1380K(8192K)], 0.1226476 secs]
260.310: [Full GC 260.311: [Tenured: 23531K->23531K(29184K), 0.0433870 secs] 23600K->23531K(32704K), [Perm : 1380K->1380K(8192K)], 0.0437418 secs]
260.358: [Full GC 260.358: [Tenured: 23531K->11812K(29184K), 0.1235790 secs] 23669K->11812K(32704K), [Perm : 1380K->1380K(8192K)], 0.1239052 secs]
260.563: [Full GC 260.564: [Tenured: 23531K->23531K(29184K), 0.0422474 secs] 23600K->23531K(32704K), [Perm : 1380K->1380K(8192K)], 0.0426045 secs]
260.611: [Full GC 260.611: [Tenured: 23531K->11812K(29184K), 0.1213679 secs] 23669K->11812K(32704K), [Perm : 1380K->1380K(8192K)], 0.1217022 secs]
260.813: [Full GC 260.813: [Tenured: 23531K->23531K(29184K), 0.0441705 secs] 23600K->23531K(32704K), [Perm : 1380K->1380K(8192K)], 0.0445308 secs]
260.861: [Full GC 260.861: [Tenured: 23531K->11812K(29184K), 0.1214227 secs] 23669K->11812K(32704K), [Perm : 1380K->1380K(8192K)], 0.1217500 secs]
261.064: [Full GC 261.065: [Tenured: 23531K->23531K(29184K), 0.0427488 secs] 23600K->23531K(32704K), [Perm : 1380K->1380K(8192K)], 0.0431228 secs]
261.111: [Full GC 261.112: [Tenured: 23531K->11812K(29184K), 0.1213245 secs] 23669K->11812K(32704K), [Perm : 1380K->1380K(8192K)], 0.1216510 secs]
261.314: [Full GC 261.314: [Tenured: 23531K->23531K(29184K), 0.0425962 secs] 23600K->23531K(32704K), [Perm : 1380K->1380K(8192K)], 0.0429571 secs]
261.364: [Full GC 261.365: [Tenured: 23531K->11812K(29184K), 0.1211089 secs] 23669K->11812K(32704K), [Perm : 1380K->1380K(8192K)], 0.1214777 secs]
261.567: [Full GC 261.568: [Tenured: 23531K->23531K(29184K), 0.0451325 secs] 23600K->23531K(32704K), [Perm : 1380K->1380K(8192K)], 0.0454899 secs]
261.616: [Full GC 261.616: [Tenured: 23531K->11812K(29184K), 0.1207393 secs] 23669K->11812K(32704K), [Perm : 1380K->1380K(8192K)], 0.1210643 secs]
261.820: [Full GC 261.820: [Tenured: 23531K->23531K(29184K), 0.0420642 secs] 23600K->23531K(32704K), [Perm : 1380K->1380K(8192K)], 0.0424206 secs]
261.866: [Full GC 261.866: [Tenured: 23531K->11812K(29184K), 0.1217599 secs] 23669K->11812K(32704K), [Perm : 1380K->1380K(8192K)], 0.1220785 secs]
