0.002: [Full GC 11873K->11814K(32704K), 0.0451037 secs]
0.058: [Full GC 11883K->11814K(32704K), 0.0407315 secs]
0.280: [Full GC 23602K->23533K(32704K), 0.0408522 secs]
0.333: [Full GC 23671K->11814K(32704K), 0.1323755 secs]
0.550: [Full GC 23602K->23533K(32704K), 0.0439907 secs]
0.597: [Full GC 23671K->11814K(32704K), 0.1173958 secs]
0.796: [Full GC 23602K->23533K(32704K), 0.0413844 secs]
0.843: [Full GC 23671K->11814K(32704K), 0.1189719 secs]
1.045: [Full GC 23602K->23533K(32704K), 0.0423132 secs]
1.091: [Full GC 23671K->11814K(32704K), 0.1206546 secs]
1.291: [Full GC 23602K->23533K(32704K), 0.0439330 secs]
1.338: [Full GC 23671K->11814K(32704K), 0.1194448 secs]
1.541: [Full GC 23602K->23533K(32704K), 0.0421478 secs]
1.587: [Full GC 23671K->11814K(32704K), 0.1186694 secs]
1.786: [Full GC 23602K->23533K(32704K), 0.0420834 secs]
1.832: [Full GC 23671K->11814K(32704K), 0.1190822 secs]
2.034: [Full GC 23602K->23533K(32704K), 0.0422626 secs]
2.080: [Full GC 23671K->11814K(32704K), 0.1184704 secs]
2.278: [Full GC 23602K->23533K(32704K), 0.0421244 secs]
2.324: [Full GC 23671K->11814K(32704K), 0.1199986 secs]
2.528: [Full GC 23602K->23533K(32704K), 0.0416381 secs]
2.574: [Full GC 23671K->11814K(32704K), 0.1195418 secs]
2.774: [Full GC 23602K->23533K(32704K), 0.0424415 secs]
2.820: [Full GC 23671K->11814K(32704K), 0.1189591 secs]
3.023: [Full GC 23602K->23533K(32704K), 0.0420687 secs]
3.069: [Full GC 23671K->11814K(32704K), 0.1189891 secs]
3.267: [Full GC 23602K->23533K(32704K), 0.0430930 secs]
3.314: [Full GC 23671K->11814K(32704K), 0.1191186 secs]
3.516: [Full GC 23602K->23533K(32704K), 0.0427553 secs]
3.562: [Full GC 23671K->11814K(32704K), 0.1188406 secs]
3.764: [Full GC 23602K->23533K(32704K), 0.0410847 secs]
3.809: [Full GC 23671K->11814K(32704K), 0.1193452 secs]
4.009: [Full GC 23602K->23533K(32704K), 0.0448006 secs]
4.058: [Full GC 23671K->11814K(32704K), 0.1188838 secs]
4.256: [Full GC 23602K->23533K(32704K), 0.0431060 secs]
4.303: [Full GC 23671K->11814K(32704K), 0.1193468 secs]
4.504: [Full GC 23602K->23533K(32704K), 0.0447135 secs]
4.552: [Full GC 23671K->11814K(32704K), 0.1187791 secs]
4.752: [Full GC 23602K->23533K(32704K), 0.0426277 secs]
4.798: [Full GC 23671K->11814K(32704K), 0.1199981 secs]
4.999: [Full GC 23602K->23533K(32704K), 0.0445533 secs]
5.048: [Full GC 23671K->11814K(32704K), 0.5571350 secs]
5.685: [Full GC 23602K->23533K(32704K), 0.1991045 secs]
5.888: [Full GC 23671K->11814K(32704K), 0.1170822 secs]
6.087: [Full GC 23602K->23533K(32704K), 0.0407194 secs]
6.131: [Full GC 23671K->11814K(32704K), 0.1189653 secs]
6.332: [Full GC 23602K->23533K(32704K), 0.0429469 secs]
6.379: [Full GC 23671K->11814K(32704K), 0.1179793 secs]
6.580: [Full GC 23602K->23533K(32704K), 0.0437395 secs]
6.627: [Full GC 23671K->11814K(32704K), 0.1195209 secs]
6.828: [Full GC 23602K->23533K(32704K), 0.0408500 secs]
6.873: [Full GC 23671K->11814K(32704K), 0.1184873 secs]
7.074: [Full GC 23602K->23533K(32704K), 0.0419921 secs]
7.120: [Full GC 23671K->11814K(32704K), 0.1191795 secs]
7.321: [Full GC 23602K->23533K(32704K), 0.0430871 secs]
7.368: [Full GC 23671K->11814K(32704K), 0.1168975 secs]
7.568: [Full GC 23602K->23533K(32704K), 0.0440163 secs]
7.616: [Full GC 23671K->11814K(32704K), 0.1182294 secs]
7.817: [Full GC 23602K->23533K(32704K), 0.0418465 secs]
7.862: [Full GC 23671K->11812K(32704K), 0.1253817 secs]
8.069: [Full GC 23600K->23531K(32704K), 0.0421687 secs]
8.117: [Full GC 23669K->11812K(32704K), 0.1177603 secs]
8.316: [Full GC 23600K->23531K(32704K), 0.0420368 secs]
8.362: [Full GC 23669K->11812K(32704K), 0.1178636 secs]
8.564: [Full GC 23600K->23531K(32704K), 0.0418888 secs]
8.609: [Full GC 23669K->11812K(32704K), 0.1174842 secs]
8.808: [Full GC 23600K->23531K(32704K), 0.0427692 secs]
8.855: [Full GC 23669K->11812K(32704K), 0.1163923 secs]
9.054: [Full GC 23600K->23531K(32704K), 0.0413702 secs]
9.099: [Full GC 23669K->11812K(32704K), 0.1196773 secs]
9.300: [Full GC 23600K->23531K(32704K), 0.0432833 secs]
9.347: [Full GC 23669K->11812K(32704K), 0.1188123 secs]
9.549: [Full GC 23600K->23531K(32704K), 0.0403966 secs]
9.594: [Full GC 23669K->11812K(32704K), 0.1200640 secs]
9.795: [Full GC 23600K->23531K(32704K), 0.0415931 secs]
9.840: [Full GC 23669K->11812K(32704K), 0.1197980 secs]
10.041: [Full GC 23600K->23531K(32704K), 0.0404098 secs]
10.087: [Full GC 23669K->11812K(32704K), 0.1204083 secs]
10.287: [Full GC 23600K->23531K(32704K), 0.0432129 secs]
10.335: [Full GC 23669K->11812K(32704K), 0.1183412 secs]
10.536: [Full GC 23600K->23531K(32704K), 0.0420652 secs]
10.582: [Full GC 23669K->11812K(32704K), 0.1206694 secs]
10.783: [Full GC 23600K->23531K(32704K), 0.0424410 secs]
10.830: [Full GC 23669K->11812K(32704K), 0.1193353 secs]
11.030: [Full GC 23600K->23531K(32704K), 0.0418733 secs]
11.078: [Full GC 23669K->11812K(32704K), 0.1188454 secs]
11.277: [Full GC 23600K->23531K(32704K), 0.0428337 secs]
11.325: [Full GC 23669K->11812K(32704K), 0.1180251 secs]
11.525: [Full GC 23600K->23531K(32704K), 0.0404934 secs]
11.569: [Full GC 23669K->11812K(32704K), 0.1202763 secs]
11.770: [Full GC 23600K->23531K(32704K), 0.0405995 secs]
11.815: [Full GC 23669K->11812K(32704K), 0.1640834 secs]
12.062: [Full GC 23600K->23531K(32704K), 0.0450758 secs]
12.111: [Full GC 23669K->11812K(32704K), 0.1222712 secs]
12.315: [Full GC 23600K->23531K(32704K), 0.0409976 secs]
12.361: [Full GC 23669K->11812K(32704K), 0.1183507 secs]
12.561: [Full GC 23600K->23531K(32704K), 0.0433495 secs]
12.609: [Full GC 23669K->11812K(32704K), 0.1209956 secs]
12.814: [Full GC 23600K->23531K(32704K), 0.0429283 secs]
12.861: [Full GC 23669K->11812K(32704K), 0.1210316 secs]
13.064: [Full GC 23600K->23531K(32704K), 0.0447135 secs]
13.113: [Full GC 23669K->11812K(32704K), 0.1182089 secs]
13.315: [Full GC 23600K->23531K(32704K), 0.0423594 secs]
13.361: [Full GC 23669K->11812K(32704K), 0.1187076 secs]
13.564: [Full GC 23600K->23531K(32704K), 0.0432597 secs]
13.612: [Full GC 23669K->11812K(32704K), 0.1167027 secs]
13.820: [Full GC 23600K->23531K(32704K), 0.0448433 secs]
13.869: [Full GC 23669K->11812K(32704K), 0.1183985 secs]
14.068: [Full GC 23600K->23531K(32704K), 0.0434381 secs]
14.116: [Full GC 23669K->11812K(32704K), 0.1185892 secs]
14.317: [Full GC 23600K->23531K(32704K), 0.0419187 secs]
14.363: [Full GC 23669K->11812K(32704K), 0.1177540 secs]
14.566: [Full GC 23600K->23531K(32704K), 0.0430170 secs]
14.614: [Full GC 23669K->11812K(32704K), 0.1178468 secs]
14.815: [Full GC 23600K->23531K(32704K), 0.0411056 secs]
14.860: [Full GC 23669K->11812K(32704K), 0.1187980 secs]
15.060: [Full GC 23600K->23531K(32704K), 0.0430035 secs]
15.108: [Full GC 23669K->11812K(32704K), 0.1175805 secs]
15.308: [Full GC 23600K->23531K(32704K), 0.0416077 secs]
15.354: [Full GC 23669K->11812K(32704K), 0.1182682 secs]
15.555: [Full GC 23600K->23531K(32704K), 0.0443526 secs]
15.604: [Full GC 23669K->11812K(32704K), 0.1206496 secs]
15.806: [Full GC 23600K->23531K(32704K), 0.0405029 secs]
15.850: [Full GC 23669K->11812K(32704K), 0.1188370 secs]
16.050: [Full GC 23600K->23531K(32704K), 0.0429912 secs]
16.097: [Full GC 23669K->11812K(32704K), 0.1197456 secs]
16.298: [Full GC 23600K->23531K(32704K), 0.0411234 secs]
16.344: [Full GC 23669K->11812K(32704K), 0.1178348 secs]
16.546: [Full GC 23600K->23531K(32704K), 0.0430397 secs]
16.594: [Full GC 23669K->11812K(32704K), 0.1167774 secs]
16.792: [Full GC 23600K->23531K(32704K), 0.0428151 secs]
16.838: [Full GC 23669K->11812K(32704K), 0.1191424 secs]
17.038: [Full GC 23600K->23531K(32704K), 0.0428533 secs]
17.085: [Full GC 23669K->11812K(32704K), 0.1166275 secs]
17.285: [Full GC 23600K->23531K(32704K), 0.0418924 secs]
17.330: [Full GC 23669K->11812K(32704K), 0.1186883 secs]
17.530: [Full GC 23600K->23531K(32704K), 0.0432680 secs]
17.577: [Full GC 23669K->11812K(32704K), 0.1178919 secs]
17.776: [Full GC 23600K->23531K(32704K), 0.0431092 secs]
17.824: [Full GC 23669K->11812K(32704K), 0.1177479 secs]
18.023: [Full GC 23600K->23531K(32704K), 0.0430618 secs]
18.070: [Full GC 23669K->11812K(32704K), 0.1171600 secs]
18.270: [Full GC 23600K->23531K(32704K), 0.0409679 secs]
18.315: [Full GC 23669K->11812K(32704K), 0.1199563 secs]
18.514: [Full GC 23600K->23531K(32704K), 0.0453436 secs]
18.564: [Full GC 23669K->11812K(32704K), 0.1177627 secs]
18.764: [Full GC 23600K->23531K(32704K), 0.0420002 secs]
18.809: [Full GC 23669K->11812K(32704K), 0.1187627 secs]
19.008: [Full GC 23600K->23531K(32704K), 0.0425491 secs]
19.055: [Full GC 23669K->11812K(32704K), 0.1187085 secs]
19.256: [Full GC 23600K->23531K(32704K), 0.0419274 secs]
19.302: [Full GC 23669K->11812K(32704K), 0.1197040 secs]
19.501: [Full GC 23600K->23531K(32704K), 0.0449990 secs]
19.550: [Full GC 23669K->11812K(32704K), 0.1184071 secs]
19.750: [Full GC 23600K->23531K(32704K), 0.0411382 secs]
19.796: [Full GC 23669K->11812K(32704K), 0.1193664 secs]
19.997: [Full GC 23600K->23531K(32704K), 0.0428250 secs]
20.044: [Full GC 23669K->11812K(32704K), 0.1168187 secs]
20.244: [Full GC 23600K->23531K(32704K), 0.0410735 secs]
20.289: [Full GC 23669K->11812K(32704K), 0.1285820 secs]
20.498: [Full GC 23600K->23531K(32704K), 0.0466757 secs]
20.548: [Full GC 23669K->11812K(32704K), 0.1189892 secs]
20.750: [Full GC 23600K->23531K(32704K), 0.0405840 secs]
20.796: [Full GC 23669K->11812K(32704K), 0.1196121 secs]
20.996: [Full GC 23600K->23531K(32704K), 0.0424194 secs]
21.043: [Full GC 23669K->11812K(32704K), 0.1182610 secs]
21.244: [Full GC 23600K->23531K(32704K), 0.0430941 secs]
21.294: [Full GC 23669K->11812K(32704K), 0.1194964 secs]
21.492: [Full GC 23600K->23531K(32704K), 0.0468590 secs]
21.543: [Full GC 23669K->11812K(32704K), 0.1181483 secs]
21.742: [Full GC 23600K->23531K(32704K), 0.0427740 secs]
21.789: [Full GC 23669K->11812K(32704K), 0.1189734 secs]
21.988: [Full GC 23600K->23531K(32704K), 0.0429566 secs]
22.035: [Full GC 23669K->11812K(32704K), 0.1187294 secs]
22.236: [Full GC 23600K->23531K(32704K), 0.0421283 secs]
22.284: [Full GC 23669K->11812K(32704K), 0.1206507 secs]
22.484: [Full GC 23600K->23531K(32704K), 0.0459185 secs]
22.534: [Full GC 23669K->11812K(32704K), 0.1194032 secs]
22.734: [Full GC 23600K->23531K(32704K), 0.0407634 secs]
22.778: [Full GC 23669K->11812K(32704K), 0.1205614 secs]
22.979: [Full GC 23600K->23531K(32704K), 0.0433684 secs]
23.026: [Full GC 23669K->11812K(32704K), 0.1190051 secs]
23.227: [Full GC 23600K->23531K(32704K), 0.0419481 secs]
23.273: [Full GC 23669K->11812K(32704K), 0.1184088 secs]
23.471: [Full GC 23600K->23531K(32704K), 0.0431047 secs]
23.518: [Full GC 23669K->11812K(32704K), 0.1787119 secs]
23.778: [Full GC 23600K->23531K(32704K), 0.0440718 secs]
23.826: [Full GC 23669K->11812K(32704K), 0.1189303 secs]
24.025: [Full GC 23600K->23531K(32704K), 0.0430166 secs]
24.071: [Full GC 23669K->11812K(32704K), 0.1193482 secs]
24.273: [Full GC 23600K->23531K(32704K), 0.0430321 secs]
24.320: [Full GC 23669K->11812K(32704K), 0.1190494 secs]
24.521: [Full GC 23600K->23531K(32704K), 0.0446317 secs]
24.570: [Full GC 23669K->11812K(32704K), 0.3996336 secs]
25.050: [Full GC 23600K->23531K(32704K), 0.1218558 secs]
25.176: [Full GC 23669K->11812K(32704K), 0.2387875 secs]
25.496: [Full GC 23600K->23531K(32704K), 0.2034461 secs]
25.704: [Full GC 23669K->11812K(32704K), 0.1205787 secs]
25.947: [Full GC 23600K->23531K(32704K), 0.0403671 secs]
25.991: [Full GC 23669K->11812K(32704K), 0.2407601 secs]
26.315: [Full GC 23600K->23531K(32704K), 0.0409627 secs]
26.359: [Full GC 23669K->11812K(32704K), 0.2327416 secs]
26.674: [Full GC 23600K->23531K(32704K), 0.0423940 secs]
26.720: [Full GC 23669K->11812K(32704K), 0.1178476 secs]
26.920: [Full GC 23600K->23531K(32704K), 0.0418001 secs]
26.966: [Full GC 23669K->11812K(32704K), 0.1183574 secs]
27.167: [Full GC 23600K->23531K(32704K), 0.0407507 secs]
27.211: [Full GC 23669K->11812K(32704K), 0.1183833 secs]
27.413: [Full GC 23600K->23531K(32704K), 0.0407471 secs]
27.457: [Full GC 23669K->11812K(32704K), 0.1210073 secs]
27.662: [Full GC 23600K->23531K(32704K), 0.0400886 secs]
27.707: [Full GC 23669K->11812K(32704K), 0.1182154 secs]
27.906: [Full GC 23600K->23531K(32704K), 0.0429496 secs]
27.953: [Full GC 23669K->11812K(32704K), 0.1195074 secs]
28.154: [Full GC 23600K->23531K(32704K), 0.0409493 secs]
28.199: [Full GC 23669K->11812K(32704K), 0.1198399 secs]
28.401: [Full GC 23600K->23531K(32704K), 0.0426839 secs]
28.448: [Full GC 23669K->11812K(32704K), 0.1211603 secs]
28.650: [Full GC 23600K->23531K(32704K), 0.0422750 secs]
28.696: [Full GC 23669K->11812K(32704K), 0.1179725 secs]
28.896: [Full GC 23600K->23531K(32704K), 0.0426075 secs]
28.942: [Full GC 23669K->11812K(32704K), 0.1181069 secs]
29.144: [Full GC 23600K->23531K(32704K), 0.0412984 secs]
29.192: [Full GC 23669K->11812K(32704K), 0.1179144 secs]
29.392: [Full GC 23600K->23531K(32704K), 0.0411004 secs]
29.437: [Full GC 23669K->11812K(32704K), 0.1212674 secs]
29.640: [Full GC 23600K->23531K(32704K), 0.0428512 secs]
29.687: [Full GC 23669K->11812K(32704K), 0.1182842 secs]
29.891: [Full GC 23600K->23531K(32704K), 0.0462032 secs]
29.941: [Full GC 23669K->11812K(32704K), 0.1187014 secs]
30.143: [Full GC 23600K->23531K(32704K), 0.0413278 secs]
30.188: [Full GC 23669K->11812K(32704K), 0.1190062 secs]
30.389: [Full GC 23600K->23531K(32704K), 0.0423269 secs]
30.435: [Full GC 23669K->11812K(32704K), 0.1222712 secs]
30.639: [Full GC 23600K->23531K(32704K), 0.0427001 secs]
30.686: [Full GC 23669K->11812K(32704K), 0.1172078 secs]
30.886: [Full GC 23600K->23531K(32704K), 0.0421323 secs]
30.932: [Full GC 23669K->11812K(32704K), 0.1173482 secs]
31.132: [Full GC 23600K->23531K(32704K), 0.0432995 secs]
31.179: [Full GC 23669K->11812K(32704K), 0.1162535 secs]
31.378: [Full GC 23600K->23531K(32704K), 0.0418158 secs]
31.424: [Full GC 23669K->11812K(32704K), 0.1216289 secs]
31.625: [Full GC 23600K->23531K(32704K), 0.0428870 secs]
31.671: [Full GC 23669K->11812K(32704K), 0.1167268 secs]
31.870: [Full GC 23600K->23531K(32704K), 0.0434345 secs]
31.917: [Full GC 23669K->11812K(32704K), 0.1186670 secs]
32.118: [Full GC 23600K->23531K(32704K), 0.0426965 secs]
32.165: [Full GC 23669K->11812K(32704K), 0.1172109 secs]
32.365: [Full GC 23600K->23531K(32704K), 0.0413748 secs]
32.410: [Full GC 23669K->11812K(32704K), 0.1226455 secs]
32.612: [Full GC 23600K->23531K(32704K), 0.0444650 secs]
32.660: [Full GC 23669K->11812K(32704K), 0.1166652 secs]
32.860: [Full GC 23600K->23531K(32704K), 0.0404168 secs]
32.908: [Full GC 23669K->11812K(32704K), 0.1193713 secs]
33.108: [Full GC 23600K->23531K(32704K), 0.0426473 secs]
33.155: [Full GC 23669K->11812K(32704K), 0.1167713 secs]
33.354: [Full GC 23600K->23531K(32704K), 0.0416917 secs]
33.400: [Full GC 23669K->11812K(32704K), 0.1197526 secs]
33.602: [Full GC 23600K->23531K(32704K), 0.0444194 secs]
33.650: [Full GC 23669K->11812K(32704K), 0.1169148 secs]
33.849: [Full GC 23600K->23531K(32704K), 0.0415960 secs]
33.896: [Full GC 23669K->11812K(32704K), 0.1204443 secs]
34.098: [Full GC 23600K->23531K(32704K), 0.0429022 secs]
34.145: [Full GC 23669K->11812K(32704K), 0.1176537 secs]
34.346: [Full GC 23600K->23531K(32704K), 0.0417726 secs]
34.391: [Full GC 23669K->11812K(32704K), 0.1185418 secs]
34.593: [Full GC 23600K->23531K(32704K), 0.0427805 secs]
34.641: [Full GC 23669K->11812K(32704K), 0.1157999 secs]
34.840: [Full GC 23600K->23531K(32704K), 0.0415653 secs]
34.886: [Full GC 23669K->11812K(32704K), 0.1180957 secs]
35.087: [Full GC 23600K->23531K(32704K), 0.0426589 secs]
35.133: [Full GC 23669K->11812K(32704K), 0.1153674 secs]
35.334: [Full GC 23600K->23531K(32704K), 0.0405729 secs]
35.378: [Full GC 23669K->11812K(32704K), 0.1193699 secs]
35.581: [Full GC 23600K->23531K(32704K), 0.0446301 secs]
35.629: [Full GC 23669K->11812K(32704K), 0.1158506 secs]
35.828: [Full GC 23600K->23531K(32704K), 0.0418993 secs]
35.874: [Full GC 23669K->11812K(32704K), 0.1182716 secs]
36.075: [Full GC 23600K->23531K(32704K), 0.0429379 secs]
36.121: [Full GC 23669K->11812K(32704K), 0.1159194 secs]
36.319: [Full GC 23600K->23531K(32704K), 0.0426497 secs]
36.367: [Full GC 23669K->11812K(32704K), 0.1184396 secs]
36.568: [Full GC 23600K->23531K(32704K), 0.0455883 secs]
36.617: [Full GC 23669K->11812K(32704K), 0.1166041 secs]
36.817: [Full GC 23600K->23531K(32704K), 0.0407904 secs]
36.861: [Full GC 23669K->11812K(32704K), 0.1193947 secs]
37.061: [Full GC 23600K->23531K(32704K), 0.0427876 secs]
37.108: [Full GC 23669K->11812K(32704K), 0.1181647 secs]
37.309: [Full GC 23600K->23531K(32704K), 0.0407113 secs]
37.357: [Full GC 23669K->11812K(32704K), 0.1174671 secs]
37.556: [Full GC 23600K->23531K(32704K), 0.0430936 secs]
37.604: [Full GC 23669K->11812K(32704K), 0.1179045 secs]
37.804: [Full GC 23600K->23531K(32704K), 0.0410200 secs]
37.848: [Full GC 23669K->11812K(32704K), 0.1190026 secs]
38.049: [Full GC 23600K->23531K(32704K), 0.0412056 secs]
38.094: [Full GC 23669K->11812K(32704K), 0.1179326 secs]
38.294: [Full GC 23600K->23531K(32704K), 0.0420526 secs]
38.340: [Full GC 23669K->11812K(32704K), 0.1189094 secs]
38.540: [Full GC 23600K->23531K(32704K), 0.0448206 secs]
38.589: [Full GC 23669K->11812K(32704K), 0.1182448 secs]
38.789: [Full GC 23600K->23531K(32704K), 0.0414878 secs]
38.836: [Full GC 23739K->23531K(32704K), 0.0424558 secs]
38.940: [GC 27507K->27438K(32704K), 0.0018824 secs]
38.943: [Full GC 27438K->15719K(32704K), 0.1438148 secs]
39.143: [Full GC 23600K->23531K(32704K), 0.0408897 secs]
39.187: [Full GC 23669K->11812K(32704K), 0.1185176 secs]
39.387: [Full GC 23600K->23531K(32704K), 0.0419369 secs]
39.433: [Full GC 23669K->11812K(32704K), 0.1213993 secs]
39.635: [Full GC 23600K->23531K(32704K), 0.0432965 secs]
39.683: [Full GC 23669K->11812K(32704K), 0.1177135 secs]
39.881: [Full GC 23600K->23531K(32704K), 0.0431101 secs]
39.928: [Full GC 23669K->11812K(32704K), 0.1185479 secs]
40.128: [Full GC 23600K->23531K(32704K), 0.0416134 secs]
40.173: [Full GC 23669K->11812K(32704K), 0.1176300 secs]
40.374: [Full GC 23600K->23531K(32704K), 0.0425414 secs]
40.420: [Full GC 23669K->11812K(32704K), 0.1188460 secs]
40.621: [Full GC 23600K->23531K(32704K), 0.0441531 secs]
40.669: [Full GC 23669K->11812K(32704K), 0.1166070 secs]
40.867: [Full GC 23600K->23531K(32704K), 0.0440091 secs]
40.916: [Full GC 23669K->11812K(32704K), 0.1174453 secs]
41.115: [Full GC 23600K->23531K(32704K), 0.0420798 secs]
41.161: [Full GC 23669K->11812K(32704K), 0.1183486 secs]
41.360: [Full GC 23600K->23531K(32704K), 0.0421867 secs]
41.406: [Full GC 23669K->11812K(32704K), 0.1199572 secs]
41.608: [Full GC 23600K->23531K(32704K), 0.0421791 secs]
41.655: [Full GC 23669K->11812K(32704K), 0.1189891 secs]
41.856: [Full GC 23600K->23531K(32704K), 0.0424563 secs]
41.903: [Full GC 23669K->11812K(32704K), 0.1161404 secs]
42.101: [Full GC 23600K->23531K(32704K), 0.0423215 secs]
42.147: [Full GC 23669K->11812K(32704K), 0.1182579 secs]
42.347: [Full GC 23600K->23531K(32704K), 0.0430703 secs]
42.394: [Full GC 23669K->11812K(32704K), 0.1163880 secs]
42.596: [Full GC 23600K->23531K(32704K), 0.0423480 secs]
42.642: [Full GC 23669K->11812K(32704K), 0.1180460 secs]
42.840: [Full GC 23600K->23531K(32704K), 0.0444266 secs]
42.888: [Full GC 23669K->11812K(32704K), 0.1182594 secs]
43.088: [Full GC 23600K->23531K(32704K), 0.0419133 secs]
43.134: [Full GC 23669K->11812K(32704K), 0.1187946 secs]
43.335: [Full GC 23600K->23531K(32704K), 0.0409670 secs]
43.380: [Full GC 23669K->11812K(32704K), 0.1183579 secs]
43.582: [Full GC 23600K->23531K(32704K), 0.0425066 secs]
43.631: [Full GC 23669K->11812K(32704K), 0.1200053 secs]
43.831: [Full GC 23600K->23531K(32704K), 0.0428101 secs]
43.877: [Full GC 23669K->11812K(32704K), 0.1181694 secs]
44.077: [Full GC 23600K->23531K(32704K), 0.0421498 secs]
44.123: [Full GC 23669K->11812K(32704K), 0.1179979 secs]
44.323: [Full GC 23600K->23531K(32704K), 0.0418421 secs]
44.370: [Full GC 23669K->11812K(32704K), 0.1164801 secs]
44.573: [Full GC 23600K->23531K(32704K), 0.0421469 secs]
44.620: [Full GC 23669K->11812K(32704K), 0.1223481 secs]
44.826: [Full GC 23600K->23531K(32704K), 0.0406428 secs]
44.871: [Full GC 23669K->11812K(32704K), 0.1162289 secs]
45.070: [Full GC 23600K->23531K(32704K), 0.0420806 secs]
45.116: [Full GC 23669K->11812K(32704K), 0.1187065 secs]
45.315: [Full GC 23600K->23531K(32704K), 0.0426565 secs]
45.362: [Full GC 23669K->11812K(32704K), 0.1177167 secs]
45.564: [Full GC 23600K->23531K(32704K), 0.0428131 secs]
45.611: [Full GC 23669K->11812K(32704K), 0.1182222 secs]
45.810: [Full GC 23600K->23531K(32704K), 0.0438299 secs]
45.857: [Full GC 23669K->11812K(32704K), 0.1172368 secs]
46.057: [Full GC 23600K->23531K(32704K), 0.0428104 secs]
46.104: [Full GC 23669K->11812K(32704K), 0.1172568 secs]
46.302: [Full GC 23600K->23531K(32704K), 0.0435302 secs]
46.349: [Full GC 23669K->11812K(32704K), 0.1194666 secs]
46.550: [Full GC 23600K->23531K(32704K), 0.0418131 secs]
46.596: [Full GC 23669K->11812K(32704K), 0.1190790 secs]
46.797: [Full GC 23600K->23531K(32704K), 0.0421334 secs]
46.843: [Full GC 23669K->11812K(32704K), 0.1177611 secs]
47.042: [Full GC 23600K->23531K(32704K), 0.0406738 secs]
47.093: [Full GC 23669K->11812K(32704K), 0.1193255 secs]
47.296: [Full GC 23600K->23531K(32704K), 0.0407762 secs]
47.340: [Full GC 23669K->11812K(32704K), 0.1195153 secs]
47.541: [Full GC 23600K->23531K(32704K), 0.0430503 secs]
47.588: [Full GC 23669K->11812K(32704K), 0.1187366 secs]
47.790: [Full GC 23600K->23531K(32704K), 0.0409668 secs]
47.835: [Full GC 23669K->11812K(32704K), 0.1183505 secs]
48.035: [Full GC 23600K->23531K(32704K), 0.0409919 secs]
48.080: [Full GC 23669K->11812K(32704K), 0.1180613 secs]
48.281: [Full GC 23600K->23531K(32704K), 0.0415846 secs]
48.327: [Full GC 23669K->11812K(32704K), 0.1195158 secs]
48.529: [Full GC 23600K->23531K(32704K), 0.0436515 secs]
48.576: [Full GC 23669K->11812K(32704K), 0.1182877 secs]
48.777: [Full GC 23600K->23531K(32704K), 0.0418369 secs]
48.823: [Full GC 23669K->11812K(32704K), 0.1172328 secs]
49.021: [Full GC 23600K->23531K(32704K), 0.0432233 secs]
49.068: [Full GC 23669K->11812K(32704K), 0.1181323 secs]
49.267: [Full GC 23600K->23531K(32704K), 0.0443729 secs]
49.317: [Full GC 23669K->11812K(32704K), 0.1178007 secs]
49.514: [Full GC 23600K->23531K(32704K), 0.0447132 secs]
49.564: [Full GC 23669K->11812K(32704K), 0.1181977 secs]
49.762: [Full GC 23600K->23531K(32704K), 0.0437638 secs]
49.809: [Full GC 23669K->11812K(32704K), 0.1185564 secs]
50.008: [Full GC 23600K->23531K(32704K), 0.0417142 secs]
50.054: [Full GC 23669K->11812K(32704K), 0.1187285 secs]
50.254: [Full GC 23600K->23531K(32704K), 0.0442120 secs]
50.302: [Full GC 23669K->11812K(32704K), 0.1183001 secs]
50.500: [Full GC 23600K->23531K(32704K), 0.0456206 secs]
50.549: [Full GC 23669K->11812K(32704K), 0.1208849 secs]
50.750: [Full GC 23600K->23531K(32704K), 0.0415891 secs]
50.797: [Full GC 23669K->11812K(32704K), 0.1189862 secs]
50.997: [Full GC 23600K->23531K(32704K), 0.0422974 secs]
51.045: [Full GC 23669K->11812K(32704K), 0.1185196 secs]
51.245: [Full GC 23600K->23531K(32704K), 0.0428544 secs]
51.292: [Full GC 23669K->11812K(32704K), 0.1189236 secs]
51.491: [Full GC 23600K->23531K(32704K), 0.0444794 secs]
51.539: [Full GC 23669K->11812K(32704K), 0.1264343 secs]
51.747: [Full GC 23600K->23531K(32704K), 0.0417511 secs]
51.793: [Full GC 23669K->11812K(32704K), 0.1194068 secs]
51.994: [Full GC 23600K->23531K(32704K), 0.0420366 secs]
52.078: [Full GC 23669K->11812K(32704K), 0.1191426 secs]
52.278: [Full GC 23600K->23531K(32704K), 0.0441428 secs]
52.326: [Full GC 23669K->11812K(32704K), 0.1192264 secs]
52.530: [Full GC 23600K->23531K(32704K), 0.0413478 secs]
52.577: [Full GC 23669K->11812K(32704K), 0.1187005 secs]
52.776: [Full GC 23600K->23531K(32704K), 0.0437074 secs]
52.824: [Full GC 23669K->11812K(32704K), 0.1191188 secs]
53.026: [Full GC 23600K->23531K(32704K), 0.0424262 secs]
53.072: [Full GC 23669K->11812K(32704K), 0.1185571 secs]
53.271: [Full GC 23600K->23531K(32704K), 0.0439071 secs]
53.318: [Full GC 23669K->11812K(32704K), 0.1190675 secs]
53.518: [Full GC 23600K->23531K(32704K), 0.1028999 secs]
53.625: [Full GC 23669K->11812K(32704K), 0.1180555 secs]
53.824: [Full GC 23600K->23531K(32704K), 0.0433639 secs]
53.871: [Full GC 23669K->11812K(32704K), 0.1195668 secs]
54.073: [Full GC 23600K->23531K(32704K), 0.0440404 secs]
54.121: [Full GC 23669K->11812K(32704K), 0.1166516 secs]
54.318: [Full GC 23600K->23531K(32704K), 0.0432826 secs]
54.366: [Full GC 23669K->11812K(32704K), 0.1198968 secs]
54.570: [Full GC 23600K->23531K(32704K), 0.0441217 secs]
54.618: [Full GC 23669K->11812K(32704K), 0.1191952 secs]
54.818: [Full GC 23600K->23531K(32704K), 0.0426203 secs]
54.865: [Full GC 23669K->11812K(32704K), 0.1192430 secs]
55.065: [Full GC 23600K->23531K(32704K), 0.0423282 secs]
55.111: [Full GC 23669K->11812K(32704K), 0.1182538 secs]
55.311: [Full GC 23600K->23531K(32704K), 0.0427156 secs]
55.358: [Full GC 23669K->11812K(32704K), 0.1198784 secs]
55.561: [Full GC 23600K->23531K(32704K), 0.0455459 secs]
55.610: [Full GC 23669K->11812K(32704K), 0.1188170 secs]
55.810: [Full GC 23600K->23531K(32704K), 0.0433599 secs]
55.857: [Full GC 23669K->11812K(32704K), 0.1201943 secs]
56.058: [Full GC 23600K->23531K(32704K), 0.0422682 secs]
56.105: [Full GC 23669K->11812K(32704K), 0.1177211 secs]
56.305: [Full GC 23600K->23531K(32704K), 0.0411750 secs]
56.350: [Full GC 23669K->11812K(32704K), 0.1196337 secs]
56.853: [Full GC 23600K->23531K(32704K), 0.0828481 secs]
56.940: [Full GC 23669K->11812K(32704K), 0.3177137 secs]
57.338: [Full GC 23600K->23531K(32704K), 0.0434138 secs]
57.386: [Full GC 23669K->11812K(32704K), 0.2915073 secs]
57.757: [Full GC 23600K->23531K(32704K), 0.0430705 secs]
57.805: [Full GC 23669K->11812K(32704K), 0.2040405 secs]
58.090: [Full GC 23600K->23531K(32704K), 0.1645992 secs]
58.258: [Full GC 23669K->11812K(32704K), 0.1187681 secs]
58.459: [Full GC 23600K->23531K(32704K), 0.0418054 secs]
58.505: [Full GC 23669K->11812K(32704K), 0.1211645 secs]
58.706: [Full GC 23600K->23531K(32704K), 0.0428214 secs]
58.753: [Full GC 23669K->11812K(32704K), 0.1189451 secs]
58.954: [Full GC 23600K->23531K(32704K), 0.0434983 secs]
59.005: [Full GC 23669K->11812K(32704K), 0.1189856 secs]
59.204: [Full GC 23600K->23531K(32704K), 0.0443106 secs]
59.252: [Full GC 23669K->11812K(32704K), 0.1194632 secs]
59.454: [Full GC 23600K->23531K(32704K), 0.0430752 secs]
59.501: [Full GC 23669K->11812K(32704K), 0.1206051 secs]
59.703: [Full GC 23600K->23531K(32704K), 0.0422844 secs]
59.749: [Full GC 23669K->11812K(32704K), 0.1203387 secs]
59.951: [Full GC 23600K->23531K(32704K), 0.0438024 secs]
59.999: [Full GC 23669K->11812K(32704K), 0.1198415 secs]
60.198: [Full GC 23600K->23531K(32704K), 0.0429925 secs]
60.245: [Full GC 23669K->11812K(32704K), 0.1202731 secs]
60.447: [Full GC 23600K->23531K(32704K), 0.0442653 secs]
60.495: [Full GC 23669K->11812K(32704K), 0.1213472 secs]
60.697: [Full GC 23600K->23531K(32704K), 0.0420058 secs]
60.745: [Full GC 23669K->11812K(32704K), 0.1203050 secs]
60.944: [Full GC 23600K->23531K(32704K), 0.0437440 secs]
60.991: [Full GC 23669K->11812K(32704K), 0.1180519 secs]
61.191: [Full GC 23600K->23531K(32704K), 0.0413714 secs]
61.236: [Full GC 23669K->11812K(32704K), 0.1215393 secs]
61.438: [Full GC 23600K->23531K(32704K), 0.0412579 secs]
61.484: [Full GC 23669K->11812K(32704K), 0.1216283 secs]
61.687: [Full GC 23600K->23531K(32704K), 0.0424329 secs]
61.734: [Full GC 23669K->11812K(32704K), 0.1198186 secs]
61.935: [Full GC 23600K->23531K(32704K), 0.0440388 secs]
61.983: [Full GC 23669K->11812K(32704K), 0.1188049 secs]
62.183: [Full GC 23600K->23531K(32704K), 0.0412772 secs]
62.228: [Full GC 23669K->11812K(32704K), 0.1201190 secs]
62.428: [Full GC 23600K->23531K(32704K), 0.0417030 secs]
62.474: [Full GC 23669K->11812K(32704K), 0.1224800 secs]
62.679: [Full GC 23600K->23531K(32704K), 0.0410849 secs]
62.726: [Full GC 23669K->11812K(32704K), 0.1203524 secs]
62.926: [Full GC 23600K->23531K(32704K), 0.0425780 secs]
62.972: [Full GC 23669K->11812K(32704K), 0.1216431 secs]
63.176: [Full GC 23600K->23531K(32704K), 0.0412620 secs]
63.221: [Full GC 23669K->11812K(32704K), 0.1198242 secs]
63.423: [Full GC 23600K->23531K(32704K), 0.0412269 secs]
63.468: [Full GC 23669K->11812K(32704K), 0.1222894 secs]
63.674: [Full GC 23600K->23531K(32704K), 0.0427234 secs]
63.721: [Full GC 23669K->11812K(32704K), 0.1194073 secs]
63.920: [Full GC 23600K->23531K(32704K), 0.0431738 secs]
63.967: [Full GC 23669K->11812K(32704K), 0.1190885 secs]
64.168: [Full GC 23600K->23531K(32704K), 0.0416043 secs]
64.214: [Full GC 23669K->11812K(32704K), 0.1191850 secs]
64.416: [Full GC 23600K->23531K(32704K), 0.0417989 secs]
64.461: [Full GC 23669K->11812K(32704K), 0.1227459 secs]
64.667: [Full GC 23600K->23531K(32704K), 0.0443349 secs]
64.716: [Full GC 23669K->11812K(32704K), 0.1186391 secs]
64.915: [Full GC 23600K->23531K(32704K), 0.0428903 secs]
64.962: [Full GC 23669K->11812K(32704K), 0.1211832 secs]
65.165: [Full GC 23600K->23531K(32704K), 0.0420333 secs]
65.211: [Full GC 23669K->11812K(32704K), 0.1185646 secs]
65.410: [Full GC 23600K->23531K(32704K), 0.0428494 secs]
65.456: [Full GC 23669K->11812K(32704K), 0.1222820 secs]
65.661: [Full GC 23600K->23531K(32704K), 0.0439413 secs]
65.709: [Full GC 23669K->11812K(32704K), 0.1192372 secs]
65.908: [Full GC 23600K->23531K(32704K), 0.0424805 secs]
65.955: [Full GC 23669K->11812K(32704K), 0.1195495 secs]
66.156: [Full GC 23600K->23531K(32704K), 0.0415405 secs]
66.201: [Full GC 23669K->11812K(32704K), 0.1194814 secs]
66.402: [Full GC 23600K->23531K(32704K), 0.0418366 secs]
66.447: [Full GC 23669K->11812K(32704K), 0.1217013 secs]
66.651: [Full GC 23600K->23531K(32704K), 0.0431139 secs]
66.698: [Full GC 23669K->11812K(32704K), 0.1198635 secs]
66.897: [Full GC 23600K->23531K(32704K), 0.0425628 secs]
66.945: [Full GC 23669K->11812K(32704K), 0.1192700 secs]
67.146: [Full GC 23600K->23531K(32704K), 0.0427605 secs]
67.193: [Full GC 23669K->11812K(32704K), 0.1198880 secs]
67.394: [Full GC 23600K->23531K(32704K), 0.0412381 secs]
67.439: [Full GC 23669K->11812K(32704K), 0.1203099 secs]
67.643: [Full GC 23600K->23531K(32704K), 0.0423385 secs]
67.689: [Full GC 23669K->11812K(32704K), 0.1188296 secs]
67.889: [Full GC 23600K->23531K(32704K), 0.0425466 secs]
67.935: [Full GC 23669K->11812K(32704K), 0.1191887 secs]
68.138: [Full GC 23600K->23531K(32704K), 0.0410834 secs]
68.183: [Full GC 23669K->11812K(32704K), 0.1183028 secs]
68.384: [Full GC 23600K->23531K(32704K), 0.0413929 secs]
68.429: [Full GC 23669K->11812K(32704K), 0.1219812 secs]
68.634: [Full GC 23600K->23531K(32704K), 0.0436982 secs]
68.681: [Full GC 23669K->11812K(32704K), 0.1173464 secs]
68.881: [Full GC 23600K->23531K(32704K), 0.0421728 secs]
68.927: [Full GC 23669K->11812K(32704K), 0.1187915 secs]
69.129: [Full GC 23600K->23531K(32704K), 0.0440685 secs]
69.176: [Full GC 23669K->11812K(32704K), 0.1175628 secs]
69.376: [Full GC 23600K->23531K(32704K), 0.0426991 secs]
69.424: [Full GC 23669K->11812K(32704K), 0.1197290 secs]
69.625: [Full GC 23600K->23531K(32704K), 0.0431289 secs]
69.671: [Full GC 23669K->11812K(32704K), 0.1192048 secs]
69.873: [Full GC 23600K->23531K(32704K), 0.0423868 secs]
69.920: [Full GC 23669K->11812K(32704K), 0.1173648 secs]
70.120: [Full GC 23600K->23531K(32704K), 0.0429600 secs]
70.167: [Full GC 23669K->11812K(32704K), 0.1194688 secs]
70.368: [Full GC 23600K->23531K(32704K), 0.0453848 secs]
70.417: [Full GC 23669K->11812K(32704K), 0.1195063 secs]
70.619: [Full GC 23600K->23531K(32704K), 0.0422943 secs]
70.666: [Full GC 23669K->11812K(32704K), 0.1192990 secs]
70.866: [Full GC 23600K->23531K(32704K), 0.0441421 secs]
70.915: [Full GC 23669K->11812K(32704K), 0.1190276 secs]
71.115: [Full GC 23600K->23531K(32704K), 0.0428604 secs]
71.162: [Full GC 23669K->11812K(32704K), 0.1216260 secs]
71.364: [Full GC 23600K->23531K(32704K), 0.0440950 secs]
71.416: [Full GC 23669K->11812K(32704K), 0.1212109 secs]
71.698: [Full GC 23600K->23531K(32704K), 0.0433104 secs]
71.750: [Full GC 23669K->11812K(32704K), 0.1204598 secs]
71.951: [Full GC 23600K->23531K(32704K), 0.0420988 secs]
71.997: [Full GC 23669K->11812K(32704K), 0.1199664 secs]
72.198: [Full GC 23600K->23531K(32704K), 0.0424212 secs]
72.246: [Full GC 23669K->11812K(32704K), 0.1189579 secs]
72.446: [Full GC 23600K->23531K(32704K), 0.0432156 secs]
72.494: [Full GC 23669K->11812K(32704K), 0.1226082 secs]
72.696: [Full GC 23600K->23531K(32704K), 0.0439267 secs]
72.745: [Full GC 23669K->11812K(32704K), 0.1192906 secs]
72.944: [Full GC 23600K->23531K(32704K), 0.0432093 secs]
72.991: [Full GC 23669K->11812K(32704K), 0.1196735 secs]
73.194: [Full GC 23600K->23531K(32704K), 0.0418497 secs]
73.240: [Full GC 23669K->11812K(32704K), 0.1195814 secs]
73.441: [Full GC 23600K->23531K(32704K), 0.0440768 secs]
73.488: [Full GC 23669K->11812K(32704K), 0.1207678 secs]
73.689: [Full GC 23600K->23531K(32704K), 0.0448615 secs]
73.737: [Full GC 23669K->11812K(32704K), 0.1200401 secs]
73.939: [Full GC 23600K->23531K(32704K), 0.0415044 secs]
73.985: [Full GC 23669K->11812K(32704K), 0.1206883 secs]
74.187: [Full GC 23600K->23531K(32704K), 0.0430590 secs]
74.234: [Full GC 23669K->11812K(32704K), 0.1216811 secs]
74.435: [Full GC 23600K->23531K(32704K), 0.0427917 secs]
74.482: [Full GC 23669K->11812K(32704K), 0.1224950 secs]
74.685: [Full GC 23600K->23531K(32704K), 0.0431467 secs]
74.732: [Full GC 23669K->11812K(32704K), 0.1189314 secs]
74.934: [Full GC 23600K->23531K(32704K), 0.0421608 secs]
74.980: [Full GC 23669K->11812K(32704K), 0.1198272 secs]
75.179: [Full GC 23600K->23531K(32704K), 0.0421597 secs]
75.226: [Full GC 23669K->11812K(32704K), 0.1211034 secs]
75.428: [Full GC 23600K->23531K(32704K), 0.0425021 secs]
75.475: [Full GC 23669K->11812K(32704K), 0.1215330 secs]
75.678: [Full GC 23600K->23531K(32704K), 0.0414015 secs]
75.724: [Full GC 23669K->11812K(32704K), 0.1209761 secs]
75.926: [Full GC 23600K->23531K(32704K), 0.0414720 secs]
75.971: [Full GC 23669K->11812K(32704K), 0.1911371 secs]
76.245: [Full GC 23600K->23531K(32704K), 0.0428928 secs]
76.291: [Full GC 23669K->11812K(32704K), 0.1207698 secs]
76.494: [Full GC 23600K->23531K(32704K), 0.0432446 secs]
76.540: [Full GC 23669K->11812K(32704K), 0.1203508 secs]
76.742: [Full GC 23600K->23531K(32704K), 0.0451480 secs]
76.790: [Full GC 23669K->11812K(32704K), 0.1199839 secs]
76.990: [Full GC 23600K->23531K(32704K), 0.0453115 secs]
77.039: [Full GC 23669K->11812K(32704K), 0.1181042 secs]
77.238: [Full GC 23600K->23531K(32704K), 0.0435902 secs]
77.286: [Full GC 23669K->11812K(32704K), 0.1189096 secs]
77.487: [Full GC 23600K->23531K(32704K), 0.0439152 secs]
77.536: [Full GC 23669K->11812K(32704K), 0.1192423 secs]
77.736: [Full GC 23600K->23531K(32704K), 0.0449274 secs]
77.785: [Full GC 23669K->11812K(32704K), 0.1199777 secs]
77.986: [Full GC 23600K->23531K(32704K), 0.0430620 secs]
78.034: [Full GC 23669K->11812K(32704K), 0.1171092 secs]
78.233: [Full GC 23600K->23531K(32704K), 0.0427858 secs]
78.280: [Full GC 23669K->11812K(32704K), 0.1202221 secs]
78.480: [Full GC 23600K->23531K(32704K), 0.0478634 secs]
78.532: [Full GC 23669K->11812K(32704K), 0.1189573 secs]
78.732: [Full GC 23600K->23531K(32704K), 0.0440231 secs]
78.779: [Full GC 23669K->11812K(32704K), 0.1204602 secs]
78.980: [Full GC 23600K->23531K(32704K), 0.0431069 secs]
79.027: [Full GC 23669K->11812K(32704K), 0.1179451 secs]
79.227: [Full GC 23600K->23531K(32704K), 0.0419258 secs]
79.274: [Full GC 23669K->11812K(32704K), 0.1222050 secs]
79.476: [Full GC 23600K->23531K(32704K), 0.0441469 secs]
79.526: [Full GC 23669K->11812K(32704K), 0.1198281 secs]
79.727: [Full GC 23600K->23531K(32704K), 0.0430222 secs]
79.774: [Full GC 23669K->11812K(32704K), 0.1203088 secs]
79.975: [Full GC 23600K->23531K(32704K), 0.0440884 secs]
80.023: [Full GC 23669K->11812K(32704K), 0.1192534 secs]
80.222: [Full GC 23600K->23531K(32704K), 0.0424460 secs]
80.269: [Full GC 23669K->11812K(32704K), 0.1205151 secs]
80.470: [Full GC 23600K->23531K(32704K), 0.0441833 secs]
80.520: [Full GC 23669K->11812K(32704K), 0.1240915 secs]
80.724: [Full GC 23600K->23531K(32704K), 0.0413768 secs]
80.770: [Full GC 23669K->11812K(32704K), 0.1209349 secs]
80.971: [Full GC 23600K->23531K(32704K), 0.0426268 secs]
81.020: [Full GC 23669K->11812K(32704K), 0.1191864 secs]
81.220: [Full GC 23600K->23531K(32704K), 0.0412957 secs]
81.265: [Full GC 23669K->11812K(32704K), 0.1213865 secs]
81.466: [Full GC 23600K->23531K(32704K), 0.0453140 secs]
81.516: [Full GC 23669K->11812K(32704K), 0.1211423 secs]
81.718: [Full GC 23600K->23531K(32704K), 0.0412750 secs]
81.764: [Full GC 23669K->11812K(32704K), 0.1203362 secs]
81.966: [Full GC 23600K->23531K(32704K), 0.0428687 secs]
82.013: [Full GC 23669K->11812K(32704K), 0.1177351 secs]
82.211: [Full GC 23600K->23531K(32704K), 0.0426600 secs]
82.257: [Full GC 23669K->11812K(32704K), 0.1222405 secs]
82.459: [Full GC 23600K->23531K(32704K), 0.0444747 secs]
82.508: [Full GC 23669K->11812K(32704K), 0.1215380 secs]
82.710: [Full GC 23600K->23531K(32704K), 0.0426304 secs]
82.757: [Full GC 23669K->11812K(32704K), 0.1215303 secs]
82.958: [Full GC 23600K->23531K(32704K), 0.0428504 secs]
83.005: [Full GC 23669K->11812K(32704K), 0.1202021 secs]
83.206: [Full GC 23600K->23531K(32704K), 0.0420692 secs]
83.252: [Full GC 23669K->11812K(32704K), 0.1229740 secs]
83.455: [Full GC 23600K->23531K(32704K), 0.0428303 secs]
83.502: [Full GC 23669K->11812K(32704K), 0.1775353 secs]
83.760: [Full GC 23600K->23531K(32704K), 0.0454510 secs]
83.809: [Full GC 23669K->11812K(32704K), 0.1206779 secs]
84.010: [Full GC 23600K->23531K(32704K), 0.0429173 secs]
84.057: [Full GC 23669K->11812K(32704K), 0.1195530 secs]
84.259: [Full GC 23600K->23531K(32704K), 0.0422660 secs]
84.305: [Full GC 23669K->11812K(32704K), 0.1209990 secs]
84.507: [Full GC 23600K->23531K(32704K), 0.0448505 secs]
84.556: [Full GC 23669K->11812K(32704K), 0.1219790 secs]
84.757: [Full GC 23600K->23531K(32704K), 0.0446213 secs]
84.805: [Full GC 23669K->11812K(32704K), 0.1200574 secs]
85.007: [Full GC 23600K->23531K(32704K), 0.0420252 secs]
85.052: [Full GC 23669K->11812K(32704K), 0.1182057 secs]
85.253: [Full GC 23600K->23531K(32704K), 0.0423419 secs]
85.299: [Full GC 23669K->11812K(32704K), 0.1208471 secs]
85.503: [Full GC 23600K->23531K(32704K), 0.0439078 secs]
85.551: [Full GC 23669K->11812K(32704K), 0.1192214 secs]
85.751: [Full GC 23600K->23531K(32704K), 0.0438481 secs]
85.799: [Full GC 23669K->11812K(32704K), 0.1204796 secs]
86.001: [Full GC 23600K->23531K(32704K), 0.0420402 secs]
86.046: [Full GC 23669K->11812K(32704K), 0.1195811 secs]
86.248: [Full GC 23600K->23531K(32704K), 0.0420355 secs]
86.294: [Full GC 23669K->11812K(32704K), 0.1191321 secs]
86.496: [Full GC 23600K->23531K(32704K), 0.0450102 secs]
86.545: [Full GC 23669K->11812K(32704K), 0.1185209 secs]
86.744: [Full GC 23600K->23531K(32704K), 0.0446494 secs]
86.792: [Full GC 23669K->11812K(32704K), 0.1179566 secs]
86.992: [Full GC 23600K->23531K(32704K), 0.0449595 secs]
87.040: [Full GC 23669K->11812K(32704K), 0.1189564 secs]
87.239: [Full GC 23600K->23531K(32704K), 0.0448350 secs]
87.287: [Full GC 23669K->11812K(32704K), 0.1181292 secs]
87.487: [Full GC 23600K->23531K(32704K), 0.0465692 secs]
87.538: [Full GC 23669K->11812K(32704K), 0.1176692 secs]
87.735: [Full GC 23600K->23531K(32704K), 0.0455018 secs]
87.784: [Full GC 23669K->11812K(32704K), 0.1193244 secs]
87.985: [Full GC 23600K->23531K(32704K), 0.0432579 secs]
88.032: [Full GC 23669K->11812K(32704K), 0.1191179 secs]
88.232: [Full GC 23600K->23531K(32704K), 0.4536189 secs]
88.689: [Full GC 23669K->11812K(32704K), 0.1181786 secs]
88.930: [Full GC 23600K->23531K(32704K), 0.0450693 secs]
88.979: [Full GC 23669K->11812K(32704K), 0.2401586 secs]
89.300: [Full GC 23600K->23531K(32704K), 0.0434632 secs]
89.347: [Full GC 23669K->11812K(32704K), 0.2416945 secs]
89.671: [Full GC 23600K->23531K(32704K), 0.0422238 secs]
89.717: [Full GC 23669K->11812K(32704K), 0.2520076 secs]
90.049: [Full GC 23600K->23531K(32704K), 0.1314712 secs]
90.185: [Full GC 23669K->11812K(32704K), 0.1185803 secs]
90.385: [Full GC 23600K->23531K(32704K), 0.0419818 secs]
90.431: [Full GC 23669K->11812K(32704K), 0.1214908 secs]
90.634: [Full GC 23600K->23531K(32704K), 0.0419939 secs]
90.680: [Full GC 23669K->11812K(32704K), 0.1192055 secs]
90.882: [Full GC 23600K->23531K(32704K), 0.0433399 secs]
90.929: [Full GC 23669K->11812K(32704K), 0.1199491 secs]
91.128: [Full GC 23600K->23531K(32704K), 0.0429088 secs]
91.175: [Full GC 23669K->11812K(32704K), 0.1194605 secs]
91.376: [Full GC 23600K->23531K(32704K), 0.0425648 secs]
91.422: [Full GC 23669K->11812K(32704K), 0.1210026 secs]
91.625: [Full GC 23600K->23531K(32704K), 0.0419784 secs]
91.671: [Full GC 23669K->11812K(32704K), 0.1196766 secs]
91.873: [Full GC 23600K->23531K(32704K), 0.0442102 secs]
91.921: [Full GC 23669K->11812K(32704K), 0.1195991 secs]
92.120: [Full GC 23600K->23531K(32704K), 0.0432927 secs]
92.167: [Full GC 23669K->11812K(32704K), 0.1197377 secs]
92.369: [Full GC 23600K->23531K(32704K), 0.0412836 secs]
92.415: [Full GC 23669K->11812K(32704K), 0.1213398 secs]
92.617: [Full GC 23600K->23531K(32704K), 0.0429391 secs]
92.664: [Full GC 23669K->11812K(32704K), 0.1180453 secs]
92.866: [Full GC 23600K->23531K(32704K), 0.0429375 secs]
92.913: [Full GC 23669K->11812K(32704K), 0.1192381 secs]
93.113: [Full GC 23600K->23531K(32704K), 0.0441381 secs]
93.161: [Full GC 23669K->11812K(32704K), 0.1179474 secs]
93.361: [Full GC 23600K->23531K(32704K), 0.0429449 secs]
93.408: [Full GC 23669K->11812K(32704K), 0.1207833 secs]
93.610: [Full GC 23600K->23531K(32704K), 0.0416607 secs]
93.656: [Full GC 23669K->11812K(32704K), 0.1172383 secs]
93.856: [Full GC 23600K->23531K(32704K), 0.0447717 secs]
93.905: [Full GC 23669K->11812K(32704K), 0.1189892 secs]
94.104: [Full GC 23600K->23531K(32704K), 0.0447546 secs]
94.152: [Full GC 23669K->11812K(32704K), 0.1185434 secs]
94.354: [Full GC 23600K->23531K(32704K), 0.0419968 secs]
94.399: [Full GC 23669K->11812K(32704K), 0.1188597 secs]
94.601: [Full GC 23600K->23531K(32704K), 0.0430184 secs]
94.647: [Full GC 23669K->11812K(32704K), 0.1204247 secs]
94.849: [Full GC 23600K->23531K(32704K), 0.0426845 secs]
94.897: [Full GC 23669K->11812K(32704K), 0.1184109 secs]
95.098: [Full GC 23600K->23531K(32704K), 0.0413979 secs]
95.143: [Full GC 23669K->11812K(32704K), 0.1194430 secs]
95.344: [Full GC 23600K->23531K(32704K), 0.0424482 secs]
95.390: [Full GC 23669K->11812K(32704K), 0.1177411 secs]
95.594: [Full GC 23600K->23531K(32704K), 0.0431590 secs]
95.641: [Full GC 23669K->11812K(32704K), 0.1186728 secs]
95.839: [Full GC 23600K->23531K(32704K), 0.0445805 secs]
95.888: [Full GC 23669K->11812K(32704K), 0.1180608 secs]
96.088: [Full GC 23600K->23531K(32704K), 0.0428229 secs]
96.136: [Full GC 23669K->11812K(32704K), 0.1176333 secs]
96.336: [Full GC 23600K->23531K(32704K), 0.0431923 secs]
96.383: [Full GC 23669K->11812K(32704K), 0.1184870 secs]
96.587: [Full GC 23600K->23531K(32704K), 0.0427668 secs]
96.634: [Full GC 23669K->11812K(32704K), 0.1190296 secs]
96.835: [Full GC 23600K->23531K(32704K), 0.0432567 secs]
96.881: [Full GC 23669K->11812K(32704K), 0.1184736 secs]
97.083: [Full GC 23600K->23531K(32704K), 0.0429698 secs]
97.130: [Full GC 23669K->11812K(32704K), 0.1196126 secs]
97.331: [Full GC 23600K->23531K(32704K), 0.0436311 secs]
97.378: [Full GC 23669K->11812K(32704K), 0.1188420 secs]
97.579: [Full GC 23600K->23531K(32704K), 0.0456854 secs]
97.629: [Full GC 23669K->11812K(32704K), 0.1183852 secs]
97.828: [Full GC 23600K->23531K(32704K), 0.0436531 secs]
97.876: [Full GC 23669K->11812K(32704K), 0.1202266 secs]
98.076: [Full GC 23600K->23531K(32704K), 0.0447528 secs]
98.125: [Full GC 23669K->11812K(32704K), 0.1186767 secs]
98.326: [Full GC 23600K->23531K(32704K), 0.0425872 secs]
98.372: [Full GC 23669K->11812K(32704K), 0.1190999 secs]
98.574: [Full GC 23600K->23531K(32704K), 0.0453174 secs]
98.624: [Full GC 23669K->11812K(32704K), 0.1190278 secs]
98.825: [Full GC 23600K->23531K(32704K), 0.0423743 secs]
98.871: [Full GC 23669K->11812K(32704K), 0.1184316 secs]
99.071: [Full GC 23600K->23531K(32704K), 0.0430065 secs]
99.118: [Full GC 23669K->11812K(32704K), 0.1189642 secs]
99.319: [Full GC 23600K->23531K(32704K), 0.0424644 secs]
99.366: [Full GC 23669K->11812K(32704K), 0.1203877 secs]
99.566: [Full GC 23600K->23531K(32704K), 0.0442940 secs]
99.614: [Full GC 23669K->11812K(32704K), 0.1185115 secs]
99.816: [Full GC 23600K->23531K(32704K), 0.0420103 secs]
99.862: [Full GC 23669K->11812K(32704K), 0.1180898 secs]
100.061: [Full GC 23600K->23531K(32704K), 0.0437748 secs]
100.109: [Full GC 23669K->11812K(32704K), 0.1178232 secs]
100.310: [Full GC 23600K->23531K(32704K), 0.0424408 secs]
100.356: [Full GC 23669K->11812K(32704K), 0.1196708 secs]
100.559: [Full GC 23600K->23531K(32704K), 0.0439500 secs]
100.608: [Full GC 23669K->11812K(32704K), 0.1194940 secs]
100.810: [Full GC 23600K->23531K(32704K), 0.0412564 secs]
100.857: [Full GC 23669K->11812K(32704K), 0.1174028 secs]
101.056: [Full GC 23600K->23531K(32704K), 0.0425340 secs]
101.103: [Full GC 23669K->11812K(32704K), 0.1183185 secs]
101.305: [Full GC 23600K->23531K(32704K), 0.0410649 secs]
101.357: [Full GC 23669K->11812K(32704K), 0.1172076 secs]
101.556: [Full GC 23600K->23531K(32704K), 0.0440804 secs]
101.605: [Full GC 23669K->11812K(32704K), 0.1188054 secs]
101.807: [Full GC 23600K->23531K(32704K), 0.0423572 secs]
101.854: [Full GC 23669K->11812K(32704K), 0.1173406 secs]
102.053: [Full GC 23600K->23531K(32704K), 0.0428741 secs]
102.100: [Full GC 23669K->11812K(32704K), 0.1190233 secs]
102.301: [Full GC 23600K->23531K(32704K), 0.0442078 secs]
102.349: [Full GC 23669K->11812K(32704K), 0.1185309 secs]
102.549: [Full GC 23600K->23531K(32704K), 0.0447988 secs]
102.597: [Full GC 23669K->11812K(32704K), 0.1190020 secs]
102.798: [Full GC 23600K->23531K(32704K), 0.0419124 secs]
102.853: [Full GC 23669K->23531K(32704K), 0.0456982 secs]
102.926: [GC 27507K->27438K(32704K), 0.0016209 secs]
102.928: [Full GC 27438K->15719K(32704K), 0.1447029 secs]
103.128: [Full GC 23600K->23531K(32704K), 0.0416275 secs]
103.175: [Full GC 23669K->11812K(32704K), 0.1175008 secs]
103.375: [Full GC 23600K->23531K(32704K), 0.0432480 secs]
103.422: [Full GC 23669K->11812K(32704K), 0.1193709 secs]
103.624: [Full GC 23600K->23531K(32704K), 0.0435163 secs]
103.671: [Full GC 23669K->11812K(32704K), 0.1195016 secs]
103.871: [Full GC 23600K->23531K(32704K), 0.0449476 secs]
103.920: [Full GC 23669K->11812K(32704K), 0.1174886 secs]
104.120: [Full GC 23600K->23531K(32704K), 0.0451832 secs]
104.169: [Full GC 23669K->11812K(32704K), 0.1194328 secs]
104.369: [Full GC 23600K->23531K(32704K), 0.0435609 secs]
104.416: [Full GC 23669K->11812K(32704K), 0.1207267 secs]
104.619: [Full GC 23600K->23531K(32704K), 0.0430687 secs]
104.666: [Full GC 23669K->11812K(32704K), 0.1202289 secs]
104.867: [Full GC 23600K->23531K(32704K), 0.0451830 secs]
104.916: [Full GC 23669K->11812K(32704K), 0.1190109 secs]
105.117: [Full GC 23600K->23531K(32704K), 0.0416572 secs]
105.162: [Full GC 23669K->11812K(32704K), 0.1199592 secs]
105.362: [Full GC 23600K->23531K(32704K), 0.0439662 secs]
105.409: [Full GC 23669K->11812K(32704K), 0.1182886 secs]
105.611: [Full GC 23600K->23531K(32704K), 0.0438717 secs]
105.658: [Full GC 23669K->11812K(32704K), 0.1194441 secs]
105.858: [Full GC 23600K->23531K(32704K), 0.0435672 secs]
105.906: [Full GC 23669K->11812K(32704K), 0.1179507 secs]
106.105: [Full GC 23600K->23531K(32704K), 0.0429377 secs]
106.152: [Full GC 23669K->11812K(32704K), 0.1186672 secs]
106.353: [Full GC 23600K->23531K(32704K), 0.0424208 secs]
106.400: [Full GC 23669K->11812K(32704K), 0.1183423 secs]
106.601: [Full GC 23600K->23531K(32704K), 0.0442084 secs]
106.649: [Full GC 23669K->11812K(32704K), 0.1185562 secs]
106.848: [Full GC 23600K->23531K(32704K), 0.0450431 secs]
106.897: [Full GC 23669K->11812K(32704K), 0.1173545 secs]
107.097: [Full GC 23600K->23531K(32704K), 0.0429346 secs]
107.144: [Full GC 23669K->11812K(32704K), 0.1193848 secs]
107.345: [Full GC 23600K->23531K(32704K), 0.0423657 secs]
107.391: [Full GC 23669K->11812K(32704K), 0.1179998 secs]
107.594: [Full GC 23600K->23531K(32704K), 0.0427755 secs]
107.640: [Full GC 23669K->11812K(32704K), 0.1187211 secs]
107.840: [Full GC 23600K->23531K(32704K), 0.0443489 secs]
107.888: [Full GC 23669K->11812K(32704K), 0.1183273 secs]
108.088: [Full GC 23600K->23531K(32704K), 0.0433188 secs]
108.136: [Full GC 23669K->11812K(32704K), 0.1177214 secs]
108.335: [Full GC 23600K->23531K(32704K), 0.0438696 secs]
108.384: [Full GC 23669K->11812K(32704K), 0.1166538 secs]
108.584: [Full GC 23600K->23531K(32704K), 0.0441698 secs]
108.633: [Full GC 23669K->11812K(32704K), 0.1179912 secs]
108.834: [Full GC 23600K->23531K(32704K), 0.0435764 secs]
108.881: [Full GC 23669K->11812K(32704K), 0.1185243 secs]
109.081: [Full GC 23600K->23531K(32704K), 0.0425190 secs]
109.127: [Full GC 23669K->11812K(32704K), 0.1193808 secs]
109.328: [Full GC 23600K->23531K(32704K), 0.0454162 secs]
109.377: [Full GC 23669K->11812K(32704K), 0.1185976 secs]
109.579: [Full GC 23600K->23531K(32704K), 0.0432368 secs]
109.627: [Full GC 23669K->11812K(32704K), 0.1182590 secs]
109.827: [Full GC 23600K->23531K(32704K), 0.0429562 secs]
109.874: [Full GC 23669K->11812K(32704K), 0.1175189 secs]
110.075: [Full GC 23600K->23531K(32704K), 0.0429788 secs]
110.121: [Full GC 23669K->11812K(32704K), 0.1176509 secs]
110.323: [Full GC 23600K->23531K(32704K), 0.0437973 secs]
110.371: [Full GC 23669K->11812K(32704K), 0.1177346 secs]
110.571: [Full GC 23600K->23531K(32704K), 0.0446622 secs]
110.620: [Full GC 23669K->11812K(32704K), 0.1197465 secs]
110.823: [Full GC 23600K->23531K(32704K), 0.0425726 secs]
110.869: [Full GC 23669K->11812K(32704K), 0.1262642 secs]
111.078: [Full GC 23600K->23531K(32704K), 0.0430135 secs]
111.125: [Full GC 23669K->11812K(32704K), 0.1194659 secs]
111.328: [Full GC 23600K->23531K(32704K), 0.0417311 secs]
111.374: [Full GC 23669K->11812K(32704K), 0.1163903 secs]
111.574: [Full GC 23600K->23531K(32704K), 0.0425945 secs]
111.620: [Full GC 23669K->11812K(32704K), 0.1192985 secs]
111.821: [Full GC 23600K->23531K(32704K), 0.0441064 secs]
111.869: [Full GC 23669K->11812K(32704K), 0.1201799 secs]
112.069: [Full GC 23600K->23531K(32704K), 0.0438166 secs]
112.116: [Full GC 23669K->11812K(32704K), 0.1191289 secs]
112.326: [Full GC 23600K->23531K(32704K), 0.0428164 secs]
112.373: [Full GC 23669K->11812K(32704K), 0.1187429 secs]
112.575: [Full GC 23600K->23531K(32704K), 0.0427394 secs]
112.622: [Full GC 23669K->11812K(32704K), 0.1187892 secs]
112.823: [Full GC 23600K->23531K(32704K), 0.0443360 secs]
112.871: [Full GC 23669K->11812K(32704K), 0.1202158 secs]
113.071: [Full GC 23600K->23531K(32704K), 0.0443437 secs]
113.119: [Full GC 23669K->11812K(32704K), 0.1200401 secs]
113.320: [Full GC 23600K->23531K(32704K), 0.0412822 secs]
113.367: [Full GC 23669K->11812K(32704K), 0.1202666 secs]
113.627: [Full GC 23600K->23531K(32704K), 0.0429043 secs]
113.674: [Full GC 23669K->11812K(32704K), 0.1185374 secs]
113.875: [Full GC 23600K->23531K(32704K), 0.0425718 secs]
113.922: [Full GC 23669K->11812K(32704K), 0.1199851 secs]
114.124: [Full GC 23600K->23531K(32704K), 0.0411130 secs]
114.168: [Full GC 23669K->11812K(32704K), 0.1212266 secs]
114.369: [Full GC 23600K->23531K(32704K), 0.0449837 secs]
114.418: [Full GC 23669K->11812K(32704K), 0.1215195 secs]
114.621: [Full GC 23600K->23531K(32704K), 0.0432509 secs]
114.668: [Full GC 23669K->11812K(32704K), 0.1179952 secs]
114.868: [Full GC 23600K->23531K(32704K), 0.0432979 secs]
114.916: [Full GC 23669K->11812K(32704K), 0.1193043 secs]
115.117: [Full GC 23600K->23531K(32704K), 0.0440752 secs]
115.165: [Full GC 23669K->11812K(32704K), 0.1180900 secs]
115.365: [Full GC 23600K->23531K(32704K), 0.0435409 secs]
115.412: [Full GC 23669K->11812K(32704K), 0.1194064 secs]
115.614: [Full GC 23600K->23531K(32704K), 0.0428279 secs]
115.661: [Full GC 23669K->11812K(32704K), 0.1174906 secs]
115.861: [Full GC 23600K->23531K(32704K), 0.0430487 secs]
115.908: [Full GC 23669K->11812K(32704K), 0.1212838 secs]
116.110: [Full GC 23600K->23531K(32704K), 0.0431491 secs]
116.157: [Full GC 23669K->11812K(32704K), 0.1186940 secs]
116.359: [Full GC 23600K->23531K(32704K), 0.0415035 secs]
116.405: [Full GC 23669K->11812K(32704K), 0.1210915 secs]
116.608: [Full GC 23600K->23531K(32704K), 0.0438049 secs]
116.655: [Full GC 23669K->11812K(32704K), 0.1186672 secs]
116.857: [Full GC 23600K->23531K(32704K), 0.0424583 secs]
116.905: [Full GC 23669K->11812K(32704K), 0.1183159 secs]
117.105: [Full GC 23600K->23531K(32704K), 0.0432444 secs]
117.152: [Full GC 23669K->11812K(32704K), 0.1188321 secs]
117.354: [Full GC 23600K->23531K(32704K), 0.0436077 secs]
117.401: [Full GC 23669K->11812K(32704K), 0.1194834 secs]
117.604: [Full GC 23600K->23531K(32704K), 0.0432808 secs]
117.650: [Full GC 23669K->11812K(32704K), 0.1179649 secs]
117.850: [Full GC 23600K->23531K(32704K), 0.0441567 secs]
117.898: [Full GC 23669K->11812K(32704K), 0.1193437 secs]
118.099: [Full GC 23600K->23531K(32704K), 0.0444299 secs]
118.147: [Full GC 23669K->11812K(32704K), 0.1184863 secs]
118.348: [Full GC 23600K->23531K(32704K), 0.0414170 secs]
118.395: [Full GC 23669K->11812K(32704K), 0.1209048 secs]
118.598: [Full GC 23600K->23531K(32704K), 0.0431817 secs]
118.645: [Full GC 23669K->11812K(32704K), 0.1182071 secs]
118.845: [Full GC 23600K->23531K(32704K), 0.0444394 secs]
118.894: [Full GC 23669K->11812K(32704K), 0.1194275 secs]
119.094: [Full GC 23600K->23531K(32704K), 0.0444679 secs]
119.142: [Full GC 23669K->11812K(32704K), 0.1180211 secs]
119.342: [Full GC 23600K->23531K(32704K), 0.0434432 secs]
119.389: [Full GC 23669K->11812K(32704K), 0.1200666 secs]
119.592: [Full GC 23600K->23531K(32704K), 0.0427346 secs]
119.639: [Full GC 23669K->11812K(32704K), 0.1187665 secs]
119.840: [Full GC 23600K->23531K(32704K), 0.0448608 secs]
119.889: [Full GC 23669K->11812K(32704K), 0.1224150 secs]
120.094: [Full GC 23600K->23531K(32704K), 0.0422941 secs]
120.140: [Full GC 23669K->11812K(32704K), 0.5773125 secs]
120.799: [Full GC 23600K->23531K(32704K), 0.0418510 secs]
120.885: [Full GC 23739K->23531K(32704K), 0.0416035 secs]
120.954: [GC 27507K->27438K(32704K), 0.0016075 secs]
120.956: [Full GC 27438K->15719K(32704K), 0.2675306 secs]
121.277: [Full GC 23600K->23531K(32704K), 0.0441457 secs]
121.325: [Full GC 23669K->11812K(32704K), 0.2522044 secs]
121.658: [Full GC 23600K->23531K(32704K), 0.0437641 secs]
121.706: [Full GC 23669K->11812K(32704K), 0.2903537 secs]
122.079: [Full GC 23600K->23531K(32704K), 0.0433873 secs]
122.126: [Full GC 23669K->11812K(32704K), 0.1187984 secs]
122.325: [Full GC 23600K->23531K(32704K), 0.0438234 secs]
122.374: [Full GC 23669K->11812K(32704K), 0.1205566 secs]
122.577: [Full GC 23600K->23531K(32704K), 0.0440624 secs]
122.625: [Full GC 23669K->11812K(32704K), 0.1198280 secs]
122.826: [Full GC 23600K->23531K(32704K), 0.0433116 secs]
122.874: [Full GC 23669K->11812K(32704K), 0.1178209 secs]
123.075: [Full GC 23600K->23531K(32704K), 0.0417576 secs]
123.122: [Full GC 23669K->11812K(32704K), 0.1183733 secs]
123.321: [Full GC 23600K->23531K(32704K), 0.0457231 secs]
123.371: [Full GC 23669K->11812K(32704K), 0.1189501 secs]
123.572: [Full GC 23600K->23531K(32704K), 0.0443780 secs]
123.620: [Full GC 23669K->11812K(32704K), 0.1188153 secs]
123.821: [Full GC 23600K->23531K(32704K), 0.0433956 secs]
123.868: [Full GC 23669K->11812K(32704K), 0.1169213 secs]
124.069: [Full GC 23600K->23531K(32704K), 0.0416581 secs]
124.114: [Full GC 23669K->11812K(32704K), 0.1191493 secs]
124.316: [Full GC 23600K->23531K(32704K), 0.0437551 secs]
124.363: [Full GC 23669K->11812K(32704K), 0.1178459 secs]
124.565: [Full GC 23600K->23531K(32704K), 0.0446267 secs]
124.614: [Full GC 23669K->11812K(32704K), 0.1187771 secs]
124.814: [Full GC 23600K->23531K(32704K), 0.0441094 secs]
124.862: [Full GC 23669K->11812K(32704K), 0.1185468 secs]
125.064: [Full GC 23600K->23531K(32704K), 0.0424170 secs]
125.110: [Full GC 23669K->11812K(32704K), 0.1201100 secs]
125.311: [Full GC 23600K->23531K(32704K), 0.0437070 secs]
125.358: [Full GC 23669K->11812K(32704K), 0.1200513 secs]
125.561: [Full GC 23600K->23531K(32704K), 0.0441403 secs]
125.608: [Full GC 23669K->11812K(32704K), 0.1186465 secs]
125.810: [Full GC 23600K->23531K(32704K), 0.0435140 secs]
125.857: [Full GC 23669K->11812K(32704K), 0.1201367 secs]
126.059: [Full GC 23600K->23531K(32704K), 0.0441296 secs]
126.106: [Full GC 23669K->11812K(32704K), 0.1209262 secs]
126.308: [Full GC 23600K->23531K(32704K), 0.0442855 secs]
126.356: [Full GC 23669K->11812K(32704K), 0.1186344 secs]
126.557: [Full GC 23600K->23531K(32704K), 0.0427612 secs]
126.604: [Full GC 23669K->11812K(32704K), 0.1196445 secs]
126.805: [Full GC 23600K->23531K(32704K), 0.0434828 secs]
126.852: [Full GC 23669K->11812K(32704K), 0.1187139 secs]
127.053: [Full GC 23600K->23531K(32704K), 0.0410036 secs]
127.098: [Full GC 23669K->11812K(32704K), 0.1195787 secs]
127.297: [Full GC 23600K->23531K(32704K), 0.0457220 secs]
127.346: [Full GC 23669K->11812K(32704K), 0.1167877 secs]
127.548: [Full GC 23600K->23531K(32704K), 0.0413354 secs]
127.595: [Full GC 23669K->11812K(32704K), 0.1198804 secs]
127.796: [Full GC 23600K->23531K(32704K), 0.0435055 secs]
127.844: [Full GC 23669K->11812K(32704K), 0.1180274 secs]
128.044: [Full GC 23600K->23531K(32704K), 0.0434841 secs]
128.091: [Full GC 23669K->11812K(32704K), 0.1206999 secs]
128.292: [Full GC 23600K->23531K(32704K), 0.0458878 secs]
128.341: [Full GC 23669K->11812K(32704K), 0.1177984 secs]
128.544: [Full GC 23600K->23531K(32704K), 0.0428095 secs]
128.590: [Full GC 23669K->11812K(32704K), 0.1200819 secs]
128.792: [Full GC 23600K->23531K(32704K), 0.0432869 secs]
128.839: [Full GC 23669K->11812K(32704K), 0.1202834 secs]
129.041: [Full GC 23600K->23531K(32704K), 0.0432956 secs]
129.089: [Full GC 23669K->11812K(32704K), 0.1202799 secs]
129.289: [Full GC 23600K->23531K(32704K), 0.0443857 secs]
129.337: [Full GC 23669K->11812K(32704K), 0.1190702 secs]
129.539: [Full GC 23600K->23531K(32704K), 0.0419101 secs]
129.585: [Full GC 23669K->11812K(32704K), 0.1200788 secs]
129.786: [Full GC 23600K->23531K(32704K), 0.0427904 secs]
129.833: [Full GC 23669K->11812K(32704K), 0.1187894 secs]
130.034: [Full GC 23600K->23531K(32704K), 0.0431116 secs]
130.081: [Full GC 23669K->11812K(32704K), 0.1210172 secs]
130.282: [Full GC 23600K->23531K(32704K), 0.0443243 secs]
130.330: [Full GC 23669K->11812K(32704K), 0.1204710 secs]
130.534: [Full GC 23600K->23531K(32704K), 0.0430274 secs]
130.650: [Full GC 23669K->11812K(32704K), 0.1195769 secs]
130.852: [Full GC 23600K->23531K(32704K), 0.0428843 secs]
130.899: [Full GC 23669K->11812K(32704K), 0.1187768 secs]
131.100: [Full GC 23600K->23531K(32704K), 0.0438352 secs]
131.147: [Full GC 23669K->11812K(32704K), 0.1195147 secs]
131.348: [Full GC 23600K->23531K(32704K), 0.0443234 secs]
131.396: [Full GC 23669K->11812K(32704K), 0.1181511 secs]
131.596: [Full GC 23600K->23531K(32704K), 0.0443499 secs]
131.645: [Full GC 23669K->11812K(32704K), 0.1203073 secs]
131.848: [Full GC 23600K->23531K(32704K), 0.0432273 secs]
131.895: [Full GC 23669K->11812K(32704K), 0.1179561 secs]
132.095: [Full GC 23600K->23531K(32704K), 0.0430260 secs]
132.142: [Full GC 23669K->11812K(32704K), 0.1182233 secs]
132.343: [Full GC 23600K->23531K(32704K), 0.0437609 secs]
132.390: [Full GC 23669K->11812K(32704K), 0.1190604 secs]
132.592: [Full GC 23600K->23531K(32704K), 0.0450374 secs]
132.640: [Full GC 23669K->11812K(32704K), 0.1190538 secs]
132.843: [Full GC 23600K->23531K(32704K), 0.0418982 secs]
132.888: [Full GC 23669K->11812K(32704K), 0.1190183 secs]
133.089: [Full GC 23600K->23531K(32704K), 0.0439197 secs]
133.137: [Full GC 23669K->11812K(32704K), 0.1207476 secs]
133.339: [Full GC 23600K->23531K(32704K), 0.0432006 secs]
133.386: [Full GC 23669K->11812K(32704K), 0.1200711 secs]
133.589: [Full GC 23600K->23531K(32704K), 0.0439595 secs]
133.637: [Full GC 23669K->11812K(32704K), 0.1186648 secs]
133.837: [Full GC 23600K->23531K(32704K), 0.0427528 secs]
133.884: [Full GC 23669K->11812K(32704K), 0.1195612 secs]
134.086: [Full GC 23600K->23531K(32704K), 0.0437505 secs]
134.136: [Full GC 23669K->11812K(32704K), 0.1193335 secs]
134.336: [Full GC 23600K->23531K(32704K), 0.0430348 secs]
134.384: [Full GC 23669K->11812K(32704K), 0.1200031 secs]
134.587: [Full GC 23600K->23531K(32704K), 0.0427958 secs]
134.634: [Full GC 23669K->11812K(32704K), 0.1193073 secs]
134.835: [Full GC 23600K->23531K(32704K), 0.0418823 secs]
134.881: [Full GC 23669K->11812K(32704K), 0.1210547 secs]
135.083: [Full GC 23600K->23531K(32704K), 0.0437020 secs]
135.131: [Full GC 23669K->11812K(32704K), 0.1191718 secs]
135.331: [Full GC 23600K->23531K(32704K), 0.0441199 secs]
135.378: [Full GC 23669K->11812K(32704K), 0.1194337 secs]
135.580: [Full GC 23600K->23531K(32704K), 0.0435392 secs]
135.627: [Full GC 23669K->11812K(32704K), 0.1189105 secs]
135.828: [Full GC 23600K->23531K(32704K), 0.0410508 secs]
135.874: [Full GC 23669K->11812K(32704K), 0.1193890 secs]
136.076: [Full GC 23600K->23531K(32704K), 0.0427205 secs]
136.123: [Full GC 23669K->11812K(32704K), 0.1169117 secs]
136.321: [Full GC 23600K->23531K(32704K), 0.0448047 secs]
136.370: [Full GC 23669K->11812K(32704K), 0.1183560 secs]
136.573: [Full GC 23600K->23531K(32704K), 0.0429043 secs]
136.620: [Full GC 23669K->11812K(32704K), 0.1197600 secs]
136.821: [Full GC 23600K->23531K(32704K), 0.0423275 secs]
136.867: [Full GC 23669K->11812K(32704K), 0.1192828 secs]
137.069: [Full GC 23600K->23531K(32704K), 0.0433913 secs]
137.116: [Full GC 23669K->11812K(32704K), 0.1183875 secs]
137.316: [Full GC 23600K->23531K(32704K), 0.0427274 secs]
137.363: [Full GC 23669K->11812K(32704K), 0.1188274 secs]
137.566: [Full GC 23600K->23531K(32704K), 0.0436238 secs]
137.614: [Full GC 23669K->11812K(32704K), 0.1186039 secs]
137.815: [Full GC 23600K->23531K(32704K), 0.0424170 secs]
137.861: [Full GC 23669K->11812K(32704K), 0.1195308 secs]
138.062: [Full GC 23600K->23531K(32704K), 0.0453980 secs]
138.111: [Full GC 23669K->11812K(32704K), 0.1189939 secs]
138.309: [Full GC 23600K->23531K(32704K), 0.0453920 secs]
138.359: [Full GC 23669K->11812K(32704K), 0.1198570 secs]
138.562: [Full GC 23600K->23531K(32704K), 0.0432222 secs]
138.609: [Full GC 23669K->11812K(32704K), 0.1182727 secs]
138.808: [Full GC 23600K->23531K(32704K), 0.0436216 secs]
138.857: [Full GC 23669K->11812K(32704K), 0.1208626 secs]
139.059: [Full GC 23600K->23531K(32704K), 0.0444547 secs]
139.107: [Full GC 23669K->11812K(32704K), 0.1201565 secs]
139.308: [Full GC 23600K->23531K(32704K), 0.0426353 secs]
139.355: [Full GC 23669K->11812K(32704K), 0.1209851 secs]
139.559: [Full GC 23600K->23531K(32704K), 0.0424032 secs]
139.606: [Full GC 23669K->11812K(32704K), 0.1188337 secs]
139.806: [Full GC 23600K->23531K(32704K), 0.0445594 secs]
139.854: [Full GC 23669K->11812K(32704K), 0.1174039 secs]
140.053: [Full GC 23600K->23531K(32704K), 0.0425990 secs]
140.100: [Full GC 23669K->11812K(32704K), 0.1193556 secs]
140.300: [Full GC 23600K->23531K(32704K), 0.0414284 secs]
140.347: [Full GC 23669K->11812K(32704K), 0.1185535 secs]
140.549: [Full GC 23600K->23531K(32704K), 0.0424648 secs]
140.596: [Full GC 23669K->11812K(32704K), 0.1198945 secs]
140.796: [Full GC 23600K->23531K(32704K), 0.0446429 secs]
140.846: [Full GC 23669K->11812K(32704K), 0.1190938 secs]
141.045: [Full GC 23600K->23531K(32704K), 0.0429469 secs]
141.092: [Full GC 23669K->11812K(32704K), 0.1188110 secs]
141.291: [Full GC 23600K->23531K(32704K), 0.0440307 secs]
141.339: [Full GC 23669K->11812K(32704K), 0.1190790 secs]
141.541: [Full GC 23600K->23531K(32704K), 0.0432278 secs]
141.588: [Full GC 23669K->11812K(32704K), 0.1188305 secs]
141.788: [Full GC 23600K->23531K(32704K), 0.0463888 secs]
141.838: [Full GC 23669K->11812K(32704K), 0.1191003 secs]
142.037: [Full GC 23600K->23531K(32704K), 0.0455674 secs]
142.086: [Full GC 23669K->11812K(32704K), 0.1173976 secs]
142.285: [Full GC 23600K->23531K(32704K), 0.0421660 secs]
142.331: [Full GC 23669K->11812K(32704K), 0.1196577 secs]
142.533: [Full GC 23600K->23531K(32704K), 0.0416313 secs]
142.579: [Full GC 23669K->11812K(32704K), 0.1184929 secs]
142.778: [Full GC 23600K->23531K(32704K), 0.0436445 secs]
142.826: [Full GC 23669K->11812K(32704K), 0.1211280 secs]
143.027: [Full GC 23600K->23531K(32704K), 0.0438555 secs]
143.074: [Full GC 23600K->23531K(32704K), 0.0420989 secs]
143.147: [GC 27507K->27438K(32704K), 0.0013075 secs]
143.149: [Full GC 27438K->27438K(32704K), 0.0420546 secs]
143.194: [Full GC 27438K->27438K(32704K), 0.0414909 secs]
