0.000: [Full GC 0.000: [Tenured: 0K->117K(1408K), 0.0108748 secs] 174K->117K(1984K), [Perm : 1329K->1329K(8192K)], 0.0111210 secs]
0.029: [Full GC 0.029: [Tenured: 117K->118K(1408K), 0.0047869 secs] 128K->118K(1984K), [Perm : 1337K->1337K(8192K)], 0.0049439 secs]
0.034: [Full GC 0.034: [Tenured: 118K->130K(1408K), 0.0046296 secs] 132K->130K(1984K), [Perm : 1337K->1337K(8192K)], 0.0047601 secs]
0.040: [Full GC 0.040: [Tenured: 130K->118K(1408K), 0.0056499 secs] 150K->118K(1984K), [Perm : 1337K->1336K(8192K)], 0.0057935 secs]
0.046: [Full GC 0.046: [Tenured: 118K->130K(1408K), 0.0042796 secs] 132K->130K(1984K), [Perm : 1336K->1336K(8192K)], 0.0044131 secs]
0.051: [Full GC 0.051: [Tenured: 130K->130K(1408K), 0.0047827 secs] 140K->130K(1984K), [Perm : 1336K->1336K(8192K)], 0.0049185 secs]
0.056: [Full GC 0.056: [Tenured: 130K->142K(1408K), 0.0042972 secs] 144K->142K(1984K), [Perm : 1336K->1336K(8192K)], 0.0043595 secs]
0.061: [Full GC 0.061: [Tenured: 142K->118K(1408K), 0.0043997 secs] 152K->118K(1984K), [Perm : 1336K->1336K(8192K)], 0.0044643 secs]
0.066: [Full GC 0.066: [Tenured: 118K->130K(1408K), 0.0044684 secs] 132K->130K(1984K), [Perm : 1336K->1336K(8192K)], 0.0045302 secs]
0.071: [Full GC 0.071: [Tenured: 130K->130K(1408K), 0.0044779 secs] 140K->130K(1984K), [Perm : 1336K->1336K(8192K)], 0.0045433 secs]
0.076: [Full GC 0.076: [Tenured: 130K->142K(1408K), 0.0041896 secs] 144K->142K(1984K), [Perm : 1336K->1336K(8192K)], 0.0042497 secs]
0.080: [Full GC 0.080: [Tenured: 142K->118K(1408K), 0.0047257 secs] 152K->118K(1984K), [Perm : 1336K->1336K(8192K)], 0.0047911 secs]
0.085: [Full GC 0.085: [Tenured: 118K->130K(1408K), 0.0042366 secs] 132K->130K(1984K), [Perm : 1336K->1336K(8192K)], 0.0042972 secs]
0.090: [Full GC 0.090: [Tenured: 130K->130K(1408K), 0.0043939 secs] 140K->130K(1984K), [Perm : 1336K->1336K(8192K)], 0.0044575 secs]
0.095: [Full GC 0.095: [Tenured: 130K->142K(1408K), 0.0041821 secs] 144K->142K(1984K), [Perm : 1336K->1336K(8192K)], 0.0042408 secs]
0.100: [Full GC 0.100: [Tenured: 142K->118K(1408K), 0.0044003 secs] 152K->118K(1984K), [Perm : 1336K->1336K(8192K)], 0.0044640 secs]
0.105: [Full GC 0.105: [Tenured: 118K->130K(1408K), 0.0041891 secs] 132K->130K(1984K), [Perm : 1336K->1336K(8192K)], 0.0042494 secs]
0.109: [Full GC 0.109: [Tenured: 130K->130K(1408K), 0.0043782 secs] 140K->130K(1984K), [Perm : 1336K->1336K(8192K)], 0.0044422 secs]
0.114: [Full GC 0.114: [Tenured: 130K->142K(1408K), 0.0045014 secs] 144K->142K(1984K), [Perm : 1336K->1336K(8192K)], 0.0045612 secs]
0.119: [Full GC 0.119: [Tenured: 142K->118K(1408K), 0.0043729 secs] 152K->118K(1984K), [Perm : 1336K->1336K(8192K)], 0.0044358 secs]
0.124: [Full GC 0.124: [Tenured: 118K->130K(1408K), 0.0041916 secs] 132K->130K(1984K), [Perm : 1336K->1336K(8192K)], 0.0042503 secs]
0.128: [Full GC 0.128: [Tenured: 130K->130K(1408K), 0.0046992 secs] 140K->130K(1984K), [Perm : 1336K->1336K(8192K)], 0.0047651 secs]
0.133: [Full GC 0.133: [Tenured: 130K->142K(1408K), 0.0041933 secs] 144K->142K(1984K), [Perm : 1336K->1336K(8192K)], 0.0042522 secs]
0.138: [Full GC 0.138: [Tenured: 142K->118K(1408K), 0.0044042 secs] 152K->118K(1984K), [Perm : 1336K->1336K(8192K)], 0.0044679 secs]
0.143: [Full GC 0.143: [Tenured: 118K->130K(1408K), 0.0044927 secs] 132K->130K(1984K), [Perm : 1336K->1336K(8192K)], 0.0045539 secs]
0.148: [Full GC 0.148: [Tenured: 130K->130K(1408K), 0.0043855 secs] 140K->130K(1984K), [Perm : 1336K->1336K(8192K)], 0.0044483 secs]
0.153: [Full GC 0.153: [Tenured: 130K->142K(1408K), 0.0041732 secs] 144K->142K(1984K), [Perm : 1336K->1336K(8192K)], 0.0042318 secs]
0.157: [Full GC 0.157: [Tenured: 142K->118K(1408K), 0.0043656 secs] 152K->118K(1984K), [Perm : 1336K->1336K(8192K)], 0.0044288 secs]
0.162: [Full GC 0.162: [Tenured: 118K->130K(1408K), 0.0044704 secs] 132K->130K(1984K), [Perm : 1336K->1336K(8192K)], 0.0045313 secs]
0.167: [Full GC 0.167: [Tenured: 130K->130K(1408K), 0.0043807 secs] 140K->130K(1984K), [Perm : 1336K->1336K(8192K)], 0.0044444 secs]
0.172: [Full GC 0.172: [Tenured: 130K->142K(1408K), 0.0041782 secs] 144K->142K(1984K), [Perm : 1336K->1336K(8192K)], 0.0042374 secs]
0.176: [Full GC 0.176: [Tenured: 142K->118K(1408K), 0.0046889 secs] 152K->118K(1984K), [Perm : 1336K->1336K(8192K)], 0.0047537 secs]
0.181: [Full GC 0.181: [Tenured: 118K->130K(1408K), 0.0041958 secs] 132K->130K(1984K), [Perm : 1336K->1336K(8192K)], 0.0042547 secs]
0.186: [Full GC 0.186: [Tenured: 130K->130K(1408K), 0.0045028 secs] 140K->130K(1984K), [Perm : 1336K->1336K(8192K)], 0.0045676 secs]
0.191: [Full GC 0.191: [Tenured: 130K->142K(1408K), 0.0046165 secs] 144K->142K(1984K), [Perm : 1336K->1336K(8192K)], 0.0046780 secs]
0.196: [Full GC 0.196: [Tenured: 142K->118K(1408K), 0.0044115 secs] 152K->118K(1984K), [Perm : 1336K->1336K(8192K)], 0.0044763 secs]
0.201: [Full GC 0.201: [Tenured: 118K->130K(1408K), 0.0041949 secs] 132K->130K(1984K), [Perm : 1336K->1336K(8192K)], 0.0042547 secs]
0.206: [Full GC 0.206: [Tenured: 130K->130K(1408K), 0.0046257 secs] 140K->130K(1984K), [Perm : 1336K->1336K(8192K)], 0.0046900 secs]
0.211: [Full GC 0.211: [Tenured: 130K->142K(1408K), 0.0041896 secs] 144K->142K(1984K), [Perm : 1336K->1336K(8192K)], 0.0042491 secs]
0.215: [Full GC 0.215: [Tenured: 142K->118K(1408K), 0.0043737 secs] 152K->118K(1984K), [Perm : 1336K->1336K(8192K)], 0.0044377 secs]
0.220: [Full GC 0.220: [Tenured: 118K->130K(1408K), 0.0041902 secs] 132K->130K(1984K), [Perm : 1336K->1336K(8192K)], 0.0042494 secs]
0.225: [Full GC 0.225: [Tenured: 130K->130K(1408K), 0.0044123 secs] 140K->130K(1984K), [Perm : 1336K->1336K(8192K)], 0.0044782 secs]
0.230: [Full GC 0.230: [Tenured: 130K->142K(1408K), 0.0041799 secs] 144K->142K(1984K), [Perm : 1336K->1336K(8192K)], 0.0042402 secs]
0.235: [Full GC 0.235: [Tenured: 142K->118K(1408K), 0.0043838 secs] 152K->118K(1984K), [Perm : 1336K->1336K(8192K)], 0.0044478 secs]
0.239: [Full GC 0.239: [Tenured: 118K->130K(1408K), 0.0045838 secs] 132K->130K(1984K), [Perm : 1336K->1336K(8192K)], 0.0046467 secs]
0.244: [Full GC 0.244: [Tenured: 130K->130K(1408K), 0.0044087 secs] 140K->130K(1984K), [Perm : 1336K->1336K(8192K)], 0.0044724 secs]
0.249: [Full GC 0.249: [Tenured: 130K->142K(1408K), 0.0041860 secs] 144K->142K(1984K), [Perm : 1336K->1336K(8192K)], 0.0042441 secs]
0.254: [Full GC 0.254: [Tenured: 142K->118K(1408K), 0.0046266 secs] 152K->118K(1984K), [Perm : 1336K->1336K(8192K)], 0.0046911 secs]
0.259: [Full GC 0.259: [Tenured: 118K->130K(1408K), 0.0041991 secs] 132K->130K(1984K), [Perm : 1336K->1336K(8192K)], 0.0042586 secs]
0.263: [Full GC 0.263: [Tenured: 130K->130K(1408K), 0.0043771 secs] 140K->130K(1984K), [Perm : 1336K->1336K(8192K)], 0.0044402 secs]
0.268: [Full GC 0.268: [Tenured: 130K->142K(1408K), 0.0044274 secs] 144K->142K(1984K), [Perm : 1336K->1336K(8192K)], 0.0044872 secs]
0.273: [Full GC 0.273: [Tenured: 142K->118K(1408K), 0.0044556 secs] 152K->118K(1984K), [Perm : 1336K->1336K(8192K)], 0.0045212 secs]
0.278: [Full GC 0.278: [Tenured: 118K->130K(1408K), 0.0041969 secs] 132K->130K(1984K), [Perm : 1336K->1336K(8192K)], 0.0042561 secs]
0.282: [Full GC 0.283: [Tenured: 130K->130K(1408K), 0.0043701 secs] 140K->130K(1984K), [Perm : 1336K->1336K(8192K)], 0.0044335 secs]
0.287: [Full GC 0.287: [Tenured: 130K->142K(1408K), 0.0045000 secs] 144K->142K(1984K), [Perm : 1336K->1336K(8192K)], 0.0045604 secs]
0.292: [Full GC 0.292: [Tenured: 142K->118K(1408K), 0.0044056 secs] 152K->118K(1984K), [Perm : 1336K->1336K(8192K)], 0.0044693 secs]
0.297: [Full GC 0.297: [Tenured: 118K->130K(1408K), 0.0041891 secs] 132K->130K(1984K), [Perm : 1336K->1336K(8192K)], 0.0042477 secs]
0.302: [Full GC 0.302: [Tenured: 130K->130K(1408K), 0.0047207 secs] 140K->130K(1984K), [Perm : 1336K->1336K(8192K)], 0.0047844 secs]
0.307: [Full GC 0.307: [Tenured: 130K->142K(1408K), 0.0042028 secs] 144K->142K(1984K), [Perm : 1336K->1336K(8192K)], 0.0042606 secs]
0.311: [Full GC 0.311: [Tenured: 142K->118K(1408K), 0.0043768 secs] 152K->118K(1984K), [Perm : 1336K->1336K(8192K)], 0.0044399 secs]
0.316: [Full GC 0.316: [Tenured: 118K->130K(1408K), 0.0044397 secs] 132K->130K(1984K), [Perm : 1336K->1336K(8192K)], 0.0045000 secs]
0.321: [Full GC 0.321: [Tenured: 130K->130K(1408K), 0.0044302 secs] 140K->130K(1984K), [Perm : 1336K->1336K(8192K)], 0.0046039 secs]
0.326: [Full GC 0.326: [Tenured: 130K->142K(1408K), 0.0041782 secs] 144K->142K(1984K), [Perm : 1336K->1336K(8192K)], 0.0042369 secs]
0.331: [Full GC 0.331: [Tenured: 142K->118K(1408K), 0.0046816 secs] 152K->118K(1984K), [Perm : 1336K->1336K(8192K)], 0.0047459 secs]
0.335: [Full GC 0.335: [Tenured: 118K->130K(1408K), 0.0042030 secs] 132K->130K(1984K), [Perm : 1336K->1336K(8192K)], 0.0042642 secs]
0.340: [Full GC 0.340: [Tenured: 130K->130K(1408K), 0.0043668 secs] 140K->130K(1984K), [Perm : 1336K->1336K(8192K)], 0.0044296 secs]
0.345: [Full GC 0.345: [Tenured: 130K->142K(1408K), 0.0041804 secs] 144K->142K(1984K), [Perm : 1336K->1336K(8192K)], 0.0042391 secs]
0.350: [Full GC 0.350: [Tenured: 142K->118K(1408K), 0.0044413 secs] 152K->118K(1984K), [Perm : 1336K->1336K(8192K)], 0.0047967 secs]
0.354: [Full GC 0.355: [Tenured: 118K->130K(1408K), 0.0042058 secs] 132K->130K(1984K), [Perm : 1336K->1336K(8192K)], 0.0042648 secs]
0.360: [Full GC 0.360: [Tenured: 130K->130K(1408K), 0.0044008 secs] 140K->130K(1984K), [Perm : 1336K->1336K(8192K)], 0.0044648 secs]
0.364: [Full GC 0.364: [Tenured: 130K->142K(1408K), 0.0044757 secs] 144K->142K(1984K), [Perm : 1336K->1336K(8192K)], 0.0045358 secs]
0.369: [Full GC 0.369: [Tenured: 142K->118K(1408K), 0.0043790 secs] 152K->118K(1984K), [Perm : 1336K->1336K(8192K)], 0.0044416 secs]
0.374: [Full GC 0.374: [Tenured: 118K->130K(1408K), 0.0041913 secs] 132K->130K(1984K), [Perm : 1336K->1336K(8192K)], 0.0042511 secs]
0.379: [Full GC 0.379: [Tenured: 130K->130K(1408K), 0.0047227 secs] 140K->130K(1984K), [Perm : 1336K->1336K(8192K)], 0.0047869 secs]
0.383: [Full GC 0.383: [Tenured: 130K->142K(1408K), 0.0041863 secs] 144K->142K(1984K), [Perm : 1336K->1336K(8192K)], 0.0042450 secs]
0.389: [Full GC 0.389: [Tenured: 142K->118K(1408K), 0.0045629 secs] 152K->118K(1984K), [Perm : 1336K->1336K(8192K)], 0.0046302 secs]
0.393: [Full GC 0.393: [Tenured: 118K->130K(1408K), 0.0044774 secs] 132K->130K(1984K), [Perm : 1336K->1336K(8192K)], 0.0045383 secs]
0.399: [Full GC 0.399: [Tenured: 130K->130K(1408K), 0.0045757 secs] 140K->130K(1984K), [Perm : 1336K->1336K(8192K)], 0.0046428 secs]
0.404: [Full GC 0.404: [Tenured: 130K->142K(1408K), 0.0042017 secs] 144K->142K(1984K), [Perm : 1336K->1336K(8192K)], 0.0042606 secs]
0.409: [Full GC 0.409: [Tenured: 142K->118K(1408K), 0.0047813 secs] 152K->118K(1984K), [Perm : 1336K->1336K(8192K)], 0.0048459 secs]
0.414: [Full GC 0.414: [Tenured: 118K->130K(1408K), 0.0042360 secs] 132K->130K(1984K), [Perm : 1336K->1336K(8192K)], 0.0042964 secs]
0.419: [Full GC 0.419: [Tenured: 130K->130K(1408K), 0.0043874 secs] 140K->130K(1984K), [Perm : 1336K->1336K(8192K)], 0.0044511 secs]
0.423: [Full GC 0.423: [Tenured: 130K->142K(1408K), 0.0041779 secs] 144K->142K(1984K), [Perm : 1336K->1336K(8192K)], 0.0042374 secs]
0.429: [Full GC 0.429: [Tenured: 142K->118K(1408K), 0.0044282 secs] 152K->118K(1984K), [Perm : 1336K->1336K(8192K)], 0.0044908 secs]
0.433: [Full GC 0.433: [Tenured: 118K->130K(1408K), 0.0041963 secs] 132K->130K(1984K), [Perm : 1336K->1336K(8192K)], 0.0042561 secs]
0.438: [Full GC 0.438: [Tenured: 130K->130K(1408K), 0.0043858 secs] 140K->130K(1984K), [Perm : 1336K->1336K(8192K)], 0.0044486 secs]
0.443: [Full GC 0.443: [Tenured: 130K->142K(1408K), 0.0044654 secs] 144K->142K(1984K), [Perm : 1336K->1336K(8192K)], 0.0045257 secs]
0.448: [Full GC 0.448: [Tenured: 142K->118K(1408K), 0.0043841 secs] 152K->118K(1984K), [Perm : 1336K->1336K(8192K)], 0.0044478 secs]
0.452: [Full GC 0.452: [Tenured: 118K->130K(1408K), 0.0041860 secs] 132K->130K(1984K), [Perm : 1336K->1336K(8192K)], 0.0042450 secs]
0.458: [Full GC 0.458: [Tenured: 130K->130K(1408K), 0.0048799 secs] 140K->130K(1984K), [Perm : 1336K->1336K(8192K)], 0.0049487 secs]
0.463: [Full GC 0.463: [Tenured: 130K->142K(1408K), 0.0042315 secs] 144K->142K(1984K), [Perm : 1336K->1336K(8192K)], 0.0042930 secs]
0.468: [Full GC 0.468: [Tenured: 142K->118K(1408K), 0.0044050 secs] 152K->118K(1984K), [Perm : 1336K->1336K(8192K)], 0.0044696 secs]
0.472: [Full GC 0.472: [Tenured: 118K->130K(1408K), 0.0045444 secs] 132K->130K(1984K), [Perm : 1336K->1336K(8192K)], 0.0046053 secs]
0.477: [Full GC 0.477: [Tenured: 130K->130K(1408K), 0.0043916 secs] 140K->130K(1984K), [Perm : 1336K->1336K(8192K)], 0.0044550 secs]
0.482: [Full GC 0.482: [Tenured: 130K->142K(1408K), 0.0041807 secs] 144K->142K(1984K), [Perm : 1336K->1336K(8192K)], 0.0042402 secs]
0.487: [Full GC 0.487: [Tenured: 142K->118K(1408K), 0.0046802 secs] 152K->118K(1984K), [Perm : 1336K->1336K(8192K)], 0.0047436 secs]
0.492: [Full GC 0.492: [Tenured: 118K->130K(1408K), 0.0042067 secs] 132K->130K(1984K), [Perm : 1336K->1336K(8192K)], 0.0042653 secs]
0.497: [Full GC 0.497: [Tenured: 130K->130K(1408K), 0.0044067 secs] 140K->130K(1984K), [Perm : 1336K->1336K(8192K)], 0.0044707 secs]
0.501: [Full GC 0.501: [Tenured: 130K->142K(1408K), 0.0041824 secs] 144K->142K(1984K), [Perm : 1336K->1336K(8192K)], 0.0042419 secs]
0.506: [Full GC 0.506: [Tenured: 142K->118K(1408K), 0.0044036 secs] 152K->118K(1984K), [Perm : 1336K->1336K(8192K)], 0.0044679 secs]
0.511: [Full GC 0.511: [Tenured: 118K->130K(1408K), 0.0041868 secs] 132K->130K(1984K), [Perm : 1336K->1336K(8192K)], 0.0042447 secs]
0.517: [Full GC 0.517: [Tenured: 130K->130K(1408K), 0.0051333 secs] 140K->130K(1984K), [Perm : 1336K->1336K(8192K)], 0.0052076 secs]
0.522: [Full GC 0.522: [Tenured: 130K->142K(1408K), 0.0042626 secs] 144K->142K(1984K), [Perm : 1336K->1336K(8192K)], 0.0043232 secs]
0.527: [Full GC 0.527: [Tenured: 142K->118K(1408K), 0.0044050 secs] 152K->118K(1984K), [Perm : 1336K->1336K(8192K)], 0.0044707 secs]
0.532: [Full GC 0.532: [Tenured: 118K->130K(1408K), 0.0041902 secs] 132K->130K(1984K), [Perm : 1336K->1336K(8192K)], 0.0042489 secs]
0.537: [Full GC 0.537: [Tenured: 130K->130K(1408K), 0.0046752 secs] 140K->130K(1984K), [Perm : 1336K->1336K(8192K)], 0.0047397 secs]
0.542: [Full GC 0.542: [Tenured: 130K->142K(1408K), 0.0041924 secs] 144K->142K(1984K), [Perm : 1336K->1336K(8192K)], 0.0042517 secs]
0.546: [Full GC 0.546: [Tenured: 142K->118K(1408K), 0.0043916 secs] 152K->118K(1984K), [Perm : 1336K->1336K(8192K)], 0.0044564 secs]
0.551: [Full GC 0.551: [Tenured: 118K->130K(1408K), 0.0045218 secs] 132K->130K(1984K), [Perm : 1336K->1336K(8192K)], 0.0045816 secs]
0.557: [Full GC 0.557: [Tenured: 130K->130K(1408K), 0.0045821 secs] 140K->130K(1984K), [Perm : 1336K->1336K(8192K)], 0.0046481 secs]
0.562: [Full GC 0.562: [Tenured: 130K->142K(1408K), 0.0041910 secs] 144K->142K(1984K), [Perm : 1336K->1336K(8192K)], 0.0042494 secs]
0.566: [Full GC 0.566: [Tenured: 142K->118K(1408K), 0.0047123 secs] 152K->118K(1984K), [Perm : 1336K->1336K(8192K)], 0.0047771 secs]
0.571: [Full GC 0.571: [Tenured: 118K->130K(1408K), 0.0042796 secs] 132K->130K(1984K), [Perm : 1336K->1336K(8192K)], 0.0043413 secs]
0.576: [Full GC 0.576: [Tenured: 130K->130K(1408K), 0.0044176 secs] 140K->130K(1984K), [Perm : 1336K->1336K(8192K)], 0.0044816 secs]
0.581: [Full GC 0.581: [Tenured: 130K->142K(1408K), 0.0045048 secs] 144K->142K(1984K), [Perm : 1336K->1336K(8192K)], 0.0045654 secs]
0.586: [Full GC 0.586: [Tenured: 142K->118K(1408K), 0.0043846 secs] 152K->118K(1984K), [Perm : 1336K->1336K(8192K)], 0.0044492 secs]
0.591: [Full GC 0.591: [Tenured: 118K->130K(1408K), 0.0041933 secs] 132K->130K(1984K), [Perm : 1336K->1336K(8192K)], 0.0042517 secs]
0.595: [Full GC 0.595: [Tenured: 130K->130K(1408K), 0.0046229 secs] 140K->130K(1984K), [Perm : 1336K->1336K(8192K)], 0.0046875 secs]
0.600: [Full GC 0.600: [Tenured: 130K->142K(1408K), 0.0042125 secs] 144K->142K(1984K), [Perm : 1336K->1336K(8192K)], 0.0042712 secs]
0.605: [Full GC 0.605: [Tenured: 142K->118K(1408K), 0.0044000 secs] 152K->118K(1984K), [Perm : 1336K->1336K(8192K)], 0.0044631 secs]
0.610: [Full GC 0.610: [Tenured: 118K->130K(1408K), 0.0041910 secs] 132K->130K(1984K), [Perm : 1336K->1336K(8192K)], 0.0042491 secs]
0.614: [Full GC 0.614: [Tenured: 130K->130K(1408K), 0.0046662 secs] 140K->130K(1984K), [Perm : 1336K->1336K(8192K)], 0.0047297 secs]
0.619: [Full GC 0.619: [Tenured: 130K->142K(1408K), 0.0041787 secs] 144K->142K(1984K), [Perm : 1336K->1336K(8192K)], 0.0043553 secs]
0.624: [Full GC 0.624: [Tenured: 142K->118K(1408K), 0.0045274 secs] 152K->118K(1984K), [Perm : 1336K->1336K(8192K)], 0.0045930 secs]
0.629: [Full GC 0.629: [Tenured: 118K->130K(1408K), 0.0046690 secs] 132K->130K(1984K), [Perm : 1336K->1336K(8192K)], 0.0047319 secs]
0.634: [Full GC 0.635: [Tenured: 130K->130K(1408K), 0.0043994 secs] 140K->130K(1984K), [Perm : 1336K->1336K(8192K)], 0.0044637 secs]
0.639: [Full GC 0.639: [Tenured: 130K->142K(1408K), 0.0041779 secs] 144K->142K(1984K), [Perm : 1336K->1336K(8192K)], 0.0042369 secs]
0.644: [Full GC 0.644: [Tenured: 142K->118K(1408K), 0.0046651 secs] 152K->118K(1984K), [Perm : 1336K->1336K(8192K)], 0.0047302 secs]
0.649: [Full GC 0.649: [Tenured: 118K->130K(1408K), 0.0041994 secs] 132K->130K(1984K), [Perm : 1336K->1336K(8192K)], 0.0042592 secs]
0.654: [Full GC 0.654: [Tenured: 130K->130K(1408K), 0.0043682 secs] 140K->130K(1984K), [Perm : 1336K->1336K(8192K)], 0.0044299 secs]
0.658: [Full GC 0.658: [Tenured: 130K->142K(1408K), 0.0044372 secs] 144K->142K(1984K), [Perm : 1336K->1336K(8192K)], 0.0044981 secs]
0.664: [Full GC 0.664: [Tenured: 142K->118K(1408K), 0.0045944 secs] 152K->118K(1984K), [Perm : 1336K->1336K(8192K)], 0.0046623 secs]
0.668: [Full GC 0.668: [Tenured: 118K->130K(1408K), 0.0042740 secs] 132K->130K(1984K), [Perm : 1336K->1336K(8192K)], 0.0043341 secs]
0.673: [Full GC 0.673: [Tenured: 130K->130K(1408K), 0.0046933 secs] 140K->130K(1984K), [Perm : 1336K->1336K(8192K)], 0.0047598 secs]
0.678: [Full GC 0.678: [Tenured: 130K->142K(1408K), 0.0042651 secs] 144K->142K(1984K), [Perm : 1336K->1336K(8192K)], 0.0043257 secs]
0.683: [Full GC 0.683: [Tenured: 142K->118K(1408K), 0.0045249 secs] 152K->118K(1984K), [Perm : 1336K->1336K(8192K)], 0.0045911 secs]
0.688: [Full GC 0.688: [Tenured: 118K->130K(1408K), 0.0042098 secs] 132K->130K(1984K), [Perm : 1336K->1336K(8192K)], 0.0042693 secs]
0.693: [Full GC 0.693: [Tenured: 130K->130K(1408K), 0.0046967 secs] 140K->130K(1984K), [Perm : 1336K->1336K(8192K)], 0.0047607 secs]
0.698: [Full GC 0.698: [Tenured: 130K->142K(1408K), 0.0041804 secs] 144K->142K(1984K), [Perm : 1336K->1336K(8192K)], 0.0042396 secs]
0.703: [Full GC 0.703: [Tenured: 142K->118K(1408K), 0.0043824 secs] 152K->118K(1984K), [Perm : 1336K->1336K(8192K)], 0.0044464 secs]
0.707: [Full GC 0.707: [Tenured: 118K->130K(1408K), 0.0045891 secs] 132K->130K(1984K), [Perm : 1336K->1336K(8192K)], 0.0046511 secs]
0.712: [Full GC 0.712: [Tenured: 130K->130K(1408K), 0.0043777 secs] 140K->130K(1984K), [Perm : 1336K->1336K(8192K)], 0.0044416 secs]
0.717: [Full GC 0.717: [Tenured: 130K->142K(1408K), 0.0041787 secs] 144K->142K(1984K), [Perm : 1336K->1336K(8192K)], 0.0042377 secs]
0.722: [Full GC 0.722: [Tenured: 142K->118K(1408K), 0.0046517 secs] 152K->118K(1984K), [Perm : 1336K->1336K(8192K)], 0.0047160 secs]
0.727: [Full GC 0.727: [Tenured: 118K->130K(1408K), 0.0041910 secs] 132K->130K(1984K), [Perm : 1336K->1336K(8192K)], 0.0042497 secs]
0.731: [Full GC 0.731: [Tenured: 130K->130K(1408K), 0.0043701 secs] 140K->130K(1984K), [Perm : 1336K->1336K(8192K)], 0.0044335 secs]
0.736: [Full GC 0.736: [Tenured: 130K->142K(1408K), 0.0041804 secs] 144K->142K(1984K), [Perm : 1336K->1336K(8192K)], 0.0042396 secs]
0.741: [Full GC 0.741: [Tenured: 142K->118K(1408K), 0.0044643 secs] 152K->118K(1984K), [Perm : 1336K->1336K(8192K)], 0.0045299 secs]
0.746: [Full GC 0.746: [Tenured: 118K->130K(1408K), 0.0042419 secs] 132K->130K(1984K), [Perm : 1336K->1336K(8192K)], 0.0043011 secs]
0.751: [Full GC 0.751: [Tenured: 130K->130K(1408K), 0.0043402 secs] 140K->130K(1984K), [Perm : 1336K->1336K(8192K)], 0.0044028 secs]
0.755: [Full GC 0.755: [Tenured: 130K->142K(1408K), 0.0044478 secs] 144K->142K(1984K), [Perm : 1336K->1336K(8192K)], 0.0045078 secs]
0.760: [Full GC 0.760: [Tenured: 142K->118K(1408K), 0.0043687 secs] 152K->118K(1984K), [Perm : 1336K->1336K(8192K)], 0.0044316 secs]
0.765: [Full GC 0.765: [Tenured: 118K->130K(1408K), 0.0041818 secs] 132K->130K(1984K), [Perm : 1336K->1336K(8192K)], 0.0042405 secs]
0.770: [Full GC 0.770: [Tenured: 130K->130K(1408K), 0.0047095 secs] 140K->130K(1984K), [Perm : 1336K->1336K(8192K)], 0.0047746 secs]
0.775: [Full GC 0.775: [Tenured: 130K->142K(1408K), 0.0041841 secs] 144K->142K(1984K), [Perm : 1336K->1336K(8192K)], 0.0042422 secs]
0.779: [Full GC 0.779: [Tenured: 142K->118K(1408K), 0.0043757 secs] 152K->118K(1984K), [Perm : 1336K->1336K(8192K)], 0.0044394 secs]
0.784: [Full GC 0.784: [Tenured: 118K->130K(1408K), 0.0044497 secs] 132K->130K(1984K), [Perm : 1336K->1336K(8192K)], 0.0045106 secs]
0.789: [Full GC 0.789: [Tenured: 130K->130K(1408K), 0.0044168 secs] 140K->130K(1984K), [Perm : 1336K->1336K(8192K)], 0.0044805 secs]
0.794: [Full GC 0.794: [Tenured: 130K->142K(1408K), 0.0041729 secs] 144K->142K(1984K), [Perm : 1336K->1336K(8192K)], 0.0042324 secs]
0.798: [Full GC 0.799: [Tenured: 142K->118K(1408K), 0.0046732 secs] 152K->118K(1984K), [Perm : 1336K->1336K(8192K)], 0.0047389 secs]
0.803: [Full GC 0.803: [Tenured: 118K->130K(1408K), 0.0042212 secs] 132K->130K(1984K), [Perm : 1336K->1336K(8192K)], 0.0042818 secs]
0.808: [Full GC 0.808: [Tenured: 130K->130K(1408K), 0.0043927 secs] 140K->130K(1984K), [Perm : 1336K->1336K(8192K)], 0.0044545 secs]
0.813: [Full GC 0.813: [Tenured: 130K->142K(1408K), 0.0041824 secs] 144K->142K(1984K), [Perm : 1336K->1336K(8192K)], 0.0042405 secs]
0.818: [Full GC 0.818: [Tenured: 142K->118K(1408K), 0.0046196 secs] 152K->118K(1984K), [Perm : 1336K->1336K(8192K)], 0.0046836 secs]
0.822: [Full GC 0.823: [Tenured: 118K->130K(1408K), 0.0041888 secs] 132K->130K(1984K), [Perm : 1336K->1336K(8192K)], 0.0042480 secs]
0.827: [Full GC 0.827: [Tenured: 130K->130K(1408K), 0.0043709 secs] 140K->130K(1984K), [Perm : 1336K->1336K(8192K)], 0.0044338 secs]
0.832: [Full GC 0.832: [Tenured: 130K->142K(1408K), 0.0044408 secs] 144K->142K(1984K), [Perm : 1336K->1336K(8192K)], 0.0045017 secs]
0.837: [Full GC 0.837: [Tenured: 142K->118K(1408K), 0.0043802 secs] 152K->118K(1984K), [Perm : 1336K->1336K(8192K)], 0.0044450 secs]
0.842: [Full GC 0.842: [Tenured: 118K->130K(1408K), 0.0041908 secs] 132K->130K(1984K), [Perm : 1336K->1336K(8192K)], 0.0042494 secs]
0.846: [Full GC 0.846: [Tenured: 130K->130K(1408K), 0.0048199 secs] 140K->130K(1984K), [Perm : 1336K->1336K(8192K)], 0.0048836 secs]
0.851: [Full GC 0.851: [Tenured: 130K->142K(1408K), 0.0042025 secs] 144K->142K(1984K), [Perm : 1336K->1336K(8192K)], 0.0042620 secs]
0.856: [Full GC 0.856: [Tenured: 142K->118K(1408K), 0.0044332 secs] 152K->118K(1984K), [Perm : 1336K->1336K(8192K)], 0.0044969 secs]
0.861: [Full GC 0.861: [Tenured: 118K->130K(1408K), 0.0041852 secs] 132K->130K(1984K), [Perm : 1336K->1336K(8192K)], 0.0042441 secs]
0.866: [Full GC 0.866: [Tenured: 130K->130K(1408K), 0.0044218 secs] 140K->130K(1984K), [Perm : 1336K->1336K(8192K)], 0.0044863 secs]
0.871: [Full GC 0.871: [Tenured: 130K->142K(1408K), 0.0041748 secs] 144K->142K(1984K), [Perm : 1336K->1336K(8192K)], 0.0042327 secs]
0.875: [Full GC 0.875: [Tenured: 142K->118K(1408K), 0.0043718 secs] 152K->118K(1984K), [Perm : 1336K->1336K(8192K)], 0.0044355 secs]
0.880: [Full GC 0.880: [Tenured: 118K->130K(1408K), 0.0044983 secs] 132K->130K(1984K), [Perm : 1336K->1336K(8192K)], 0.0045595 secs]
0.886: [Full GC 0.886: [Tenured: 130K->130K(1408K), 0.0046450 secs] 140K->130K(1984K), [Perm : 1336K->1336K(8192K)], 0.0047140 secs]
0.891: [Full GC 0.891: [Tenured: 130K->142K(1408K), 0.0041972 secs] 144K->142K(1984K), [Perm : 1336K->1336K(8192K)], 0.0042567 secs]
0.896: [Full GC 0.896: [Tenured: 142K->118K(1408K), 0.0050093 secs] 152K->118K(1984K), [Perm : 1336K->1336K(8192K)], 0.0050761 secs]
0.901: [Full GC 0.901: [Tenured: 118K->130K(1408K), 0.0042584 secs] 132K->130K(1984K), [Perm : 1336K->1336K(8192K)], 0.0043190 secs]
0.906: [Full GC 0.906: [Tenured: 130K->130K(1408K), 0.0044109 secs] 140K->130K(1984K), [Perm : 1336K->1336K(8192K)], 0.0044743 secs]
0.910: [Full GC 0.910: [Tenured: 130K->142K(1408K), 0.0045031 secs] 144K->142K(1984K), [Perm : 1336K->1336K(8192K)], 0.0045637 secs]
0.916: [Full GC 0.916: [Tenured: 142K->118K(1408K), 0.0044039 secs] 152K->118K(1984K), [Perm : 1336K->1336K(8192K)], 0.0044821 secs]
0.920: [Full GC 0.920: [Tenured: 118K->130K(1408K), 0.0042053 secs] 132K->130K(1984K), [Perm : 1336K->1336K(8192K)], 0.0042653 secs]
0.925: [Full GC 0.925: [Tenured: 130K->130K(1408K), 0.0046889 secs] 140K->130K(1984K), [Perm : 1336K->1336K(8192K)], 0.0047531 secs]
0.930: [Full GC 0.930: [Tenured: 130K->142K(1408K), 0.0041740 secs] 144K->142K(1984K), [Perm : 1336K->1336K(8192K)], 0.0042332 secs]
0.935: [Full GC 0.935: [Tenured: 142K->116K(1408K), 0.0052389 secs] 152K->116K(1984K), [Perm : 1336K->1336K(8192K)], 0.0053079 secs]
0.940: [Full GC 0.940: [Tenured: 116K->128K(1408K), 0.0045210 secs] 131K->128K(1984K), [Perm : 1336K->1336K(8192K)], 0.0045841 secs]
0.946: [Full GC 0.946: [Tenured: 128K->128K(1408K), 0.0045020 secs] 139K->128K(1984K), [Perm : 1336K->1336K(8192K)], 0.0045685 secs]
0.950: [Full GC 0.950: [Tenured: 128K->140K(1408K), 0.0041793 secs] 143K->140K(1984K), [Perm : 1336K->1336K(8192K)], 0.0042385 secs]
0.955: [Full GC 0.955: [Tenured: 140K->116K(1408K), 0.0047710 secs] 151K->116K(1984K), [Perm : 1336K->1336K(8192K)], 0.0048366 secs]
0.960: [Full GC 0.960: [Tenured: 116K->128K(1408K), 0.0043447 secs] 131K->128K(1984K), [Perm : 1336K->1336K(8192K)], 0.0044078 secs]
0.965: [Full GC 0.965: [Tenured: 128K->128K(1408K), 0.0043966 secs] 139K->128K(1984K), [Perm : 1336K->1336K(8192K)], 0.0044612 secs]
0.970: [Full GC 0.970: [Tenured: 128K->140K(1408K), 0.0041698 secs] 143K->140K(1984K), [Perm : 1336K->1336K(8192K)], 0.0042287 secs]
0.975: [Full GC 0.975: [Tenured: 140K->116K(1408K), 0.0043925 secs] 151K->116K(1984K), [Perm : 1336K->1336K(8192K)], 0.0044570 secs]
0.980: [Full GC 0.980: [Tenured: 116K->128K(1408K), 0.0041804 secs] 131K->128K(1984K), [Perm : 1336K->1336K(8192K)], 0.0042402 secs]
0.984: [Full GC 0.984: [Tenured: 128K->128K(1408K), 0.0043807 secs] 139K->128K(1984K), [Perm : 1336K->1336K(8192K)], 0.0044447 secs]
0.989: [Full GC 0.989: [Tenured: 128K->140K(1408K), 0.0044964 secs] 143K->140K(1984K), [Perm : 1336K->1336K(8192K)], 0.0045576 secs]
0.994: [Full GC 0.994: [Tenured: 140K->116K(1408K), 0.0043782 secs] 151K->116K(1984K), [Perm : 1336K->1336K(8192K)], 0.0044422 secs]
0.999: [Full GC 0.999: [Tenured: 116K->128K(1408K), 0.0041776 secs] 131K->128K(1984K), [Perm : 1336K->1336K(8192K)], 0.0042371 secs]
1.003: [Full GC 1.003: [Tenured: 128K->128K(1408K), 0.0046400 secs] 139K->128K(1984K), [Perm : 1336K->1336K(8192K)], 0.0047051 secs]
1.008: [Full GC 1.008: [Tenured: 128K->140K(1408K), 0.0042170 secs] 143K->140K(1984K), [Perm : 1336K->1336K(8192K)], 0.0042782 secs]
1.014: [Full GC 1.014: [Tenured: 140K->116K(1408K), 0.0046534 secs] 151K->116K(1984K), [Perm : 1336K->1336K(8192K)], 0.0047229 secs]
1.019: [Full GC 1.019: [Tenured: 116K->128K(1408K), 0.0045428 secs] 131K->128K(1984K), [Perm : 1336K->1336K(8192K)], 0.0046048 secs]
1.024: [Full GC 1.024: [Tenured: 128K->128K(1408K), 0.0043980 secs] 139K->128K(1984K), [Perm : 1336K->1336K(8192K)], 0.0044634 secs]
1.029: [Full GC 1.029: [Tenured: 128K->140K(1408K), 0.0041684 secs] 143K->140K(1984K), [Perm : 1336K->1336K(8192K)], 0.0042282 secs]
1.033: [Full GC 1.033: [Tenured: 140K->116K(1408K), 0.0046252 secs] 151K->116K(1984K), [Perm : 1336K->1336K(8192K)], 0.0046908 secs]
1.038: [Full GC 1.038: [Tenured: 116K->128K(1408K), 0.0042070 secs] 131K->128K(1984K), [Perm : 1336K->1336K(8192K)], 0.0042684 secs]
1.043: [Full GC 1.043: [Tenured: 128K->128K(1408K), 0.0043961 secs] 139K->128K(1984K), [Perm : 1336K->1336K(8192K)], 0.0044592 secs]
1.048: [Full GC 1.048: [Tenured: 128K->140K(1408K), 0.0041746 secs] 143K->140K(1984K), [Perm : 1336K->1336K(8192K)], 0.0042341 secs]
1.052: [Full GC 1.052: [Tenured: 140K->116K(1408K), 0.0046294 secs] 151K->116K(1984K), [Perm : 1336K->1336K(8192K)], 0.0046953 secs]
1.057: [Full GC 1.057: [Tenured: 116K->128K(1408K), 0.0041796 secs] 131K->128K(1984K), [Perm : 1336K->1336K(8192K)], 0.0042413 secs]
1.062: [Full GC 1.062: [Tenured: 128K->128K(1408K), 0.0043575 secs] 139K->128K(1984K), [Perm : 1336K->1336K(8192K)], 0.0044221 secs]
1.067: [Full GC 1.067: [Tenured: 128K->140K(1408K), 0.0045961 secs] 143K->140K(1984K), [Perm : 1336K->1336K(8192K)], 0.0046584 secs]
1.072: [Full GC 1.072: [Tenured: 140K->116K(1408K), 0.0045942 secs] 151K->116K(1984K), [Perm : 1336K->1336K(8192K)], 0.0046629 secs]
1.077: [Full GC 1.077: [Tenured: 116K->128K(1408K), 0.0042014 secs] 131K->128K(1984K), [Perm : 1336K->1336K(8192K)], 0.0042614 secs]
1.082: [Full GC 1.082: [Tenured: 128K->128K(1408K), 0.0046626 secs] 139K->128K(1984K), [Perm : 1336K->1336K(8192K)], 0.0047294 secs]
1.087: [Full GC 1.087: [Tenured: 128K->140K(1408K), 0.0041743 secs] 143K->140K(1984K), [Perm : 1336K->1336K(8192K)], 0.0042335 secs]
1.092: [Full GC 1.092: [Tenured: 140K->116K(1408K), 0.0043871 secs] 151K->116K(1984K), [Perm : 1336K->1336K(8192K)], 0.0044536 secs]
1.096: [Full GC 1.096: [Tenured: 116K->128K(1408K), 0.0044860 secs] 131K->128K(1984K), [Perm : 1336K->1336K(8192K)], 0.0045475 secs]
1.102: [Full GC 1.102: [Tenured: 128K->128K(1408K), 0.0043846 secs] 139K->128K(1984K), [Perm : 1336K->1336K(8192K)], 0.0044494 secs]
1.106: [Full GC 1.106: [Tenured: 128K->140K(1408K), 0.0041737 secs] 143K->140K(1984K), [Perm : 1336K->1336K(8192K)], 0.0042321 secs]
1.111: [Full GC 1.111: [Tenured: 140K->116K(1408K), 0.0046204 secs] 151K->116K(1984K), [Perm : 1336K->1336K(8192K)], 0.0046852 secs]
1.116: [Full GC 1.116: [Tenured: 116K->128K(1408K), 0.0042623 secs] 131K->128K(1984K), [Perm : 1336K->1336K(8192K)], 0.0043243 secs]
1.121: [Full GC 1.121: [Tenured: 128K->128K(1408K), 0.0043715 secs] 139K->128K(1984K), [Perm : 1336K->1336K(8192K)], 0.0044358 secs]
1.125: [Full GC 1.125: [Tenured: 128K->140K(1408K), 0.0041737 secs] 143K->140K(1984K), [Perm : 1336K->1336K(8192K)], 0.0042324 secs]
1.130: [Full GC 1.130: [Tenured: 140K->116K(1408K), 0.0046785 secs] 151K->116K(1984K), [Perm : 1336K->1336K(8192K)], 0.0047422 secs]
1.135: [Full GC 1.135: [Tenured: 116K->128K(1408K), 0.0041866 secs] 131K->128K(1984K), [Perm : 1336K->1336K(8192K)], 0.0042463 secs]
1.140: [Full GC 1.140: [Tenured: 128K->128K(1408K), 0.0044989 secs] 139K->128K(1984K), [Perm : 1336K->1336K(8192K)], 0.0045654 secs]
1.145: [Full GC 1.145: [Tenured: 128K->140K(1408K), 0.0044841 secs] 143K->140K(1984K), [Perm : 1336K->1336K(8192K)], 0.0045467 secs]
1.150: [Full GC 1.150: [Tenured: 140K->116K(1408K), 0.0043941 secs] 151K->116K(1984K), [Perm : 1336K->1336K(8192K)], 0.0044592 secs]
1.155: [Full GC 1.155: [Tenured: 116K->128K(1408K), 0.0041810 secs] 131K->128K(1984K), [Perm : 1336K->1336K(8192K)], 0.0042405 secs]
1.159: [Full GC 1.159: [Tenured: 128K->128K(1408K), 0.0046816 secs] 139K->128K(1984K), [Perm : 1336K->1336K(8192K)], 0.0047467 secs]
1.164: [Full GC 1.164: [Tenured: 128K->140K(1408K), 0.0041712 secs] 143K->140K(1984K), [Perm : 1336K->1336K(8192K)], 0.0042310 secs]
1.169: [Full GC 1.169: [Tenured: 140K->116K(1408K), 0.0043662 secs] 151K->116K(1984K), [Perm : 1336K->1336K(8192K)], 0.0044307 secs]
1.174: [Full GC 1.174: [Tenured: 116K->128K(1408K), 0.0045031 secs] 131K->128K(1984K), [Perm : 1336K->1336K(8192K)], 0.0045659 secs]
1.179: [Full GC 1.179: [Tenured: 128K->128K(1408K), 0.0044816 secs] 139K->128K(1984K), [Perm : 1336K->1336K(8192K)], 0.0045475 secs]
1.184: [Full GC 1.184: [Tenured: 128K->140K(1408K), 0.0041690 secs] 143K->140K(1984K), [Perm : 1336K->1336K(8192K)], 0.0042279 secs]
1.189: [Full GC 1.189: [Tenured: 140K->116K(1408K), 0.0044039 secs] 151K->116K(1984K), [Perm : 1336K->1336K(8192K)], 0.0044693 secs]
1.193: [Full GC 1.193: [Tenured: 116K->128K(1408K), 0.0044648 secs] 131K->128K(1984K), [Perm : 1336K->1336K(8192K)], 0.0045268 secs]
1.199: [Full GC 1.199: [Tenured: 128K->128K(1408K), 0.0044874 secs] 139K->128K(1984K), [Perm : 1336K->1336K(8192K)], 0.0045534 secs]
1.203: [Full GC 1.203: [Tenured: 128K->140K(1408K), 0.0041759 secs] 143K->140K(1984K), [Perm : 1336K->1336K(8192K)], 0.0042352 secs]
1.208: [Full GC 1.208: [Tenured: 140K->116K(1408K), 0.0046520 secs] 151K->116K(1984K), [Perm : 1336K->1336K(8192K)], 0.0047171 secs]
1.213: [Full GC 1.213: [Tenured: 116K->128K(1408K), 0.0041779 secs] 131K->128K(1984K), [Perm : 1336K->1336K(8192K)], 0.0042377 secs]
1.218: [Full GC 1.218: [Tenured: 128K->128K(1408K), 0.0044419 secs] 139K->128K(1984K), [Perm : 1336K->1336K(8192K)], 0.0045062 secs]
1.223: [Full GC 1.223: [Tenured: 128K->140K(1408K), 0.0045263 secs] 143K->140K(1984K), [Perm : 1336K->1336K(8192K)], 0.0045889 secs]
1.228: [Full GC 1.228: [Tenured: 140K->116K(1408K), 0.0044249 secs] 151K->116K(1984K), [Perm : 1336K->1336K(8192K)], 0.0044908 secs]
1.232: [Full GC 1.232: [Tenured: 116K->128K(1408K), 0.0041852 secs] 131K->128K(1984K), [Perm : 1336K->1336K(8192K)], 0.0042441 secs]
1.237: [Full GC 1.237: [Tenured: 128K->128K(1408K), 0.0046766 secs] 139K->128K(1984K), [Perm : 1336K->1336K(8192K)], 0.0047419 secs]
1.242: [Full GC 1.242: [Tenured: 128K->140K(1408K), 0.0041743 secs] 143K->140K(1984K), [Perm : 1336K->1336K(8192K)], 0.0042360 secs]
1.247: [Full GC 1.247: [Tenured: 140K->116K(1408K), 0.0045176 secs] 151K->116K(1984K), [Perm : 1336K->1336K(8192K)], 0.0045847 secs]
1.252: [Full GC 1.252: [Tenured: 116K->128K(1408K), 0.0044559 secs] 131K->128K(1984K), [Perm : 1336K->1336K(8192K)], 0.0045179 secs]
1.257: [Full GC 1.257: [Tenured: 128K->128K(1408K), 0.0045218 secs] 139K->128K(1984K), [Perm : 1336K->1336K(8192K)], 0.0045880 secs]
1.262: [Full GC 1.262: [Tenured: 128K->140K(1408K), 0.0041815 secs] 143K->140K(1984K), [Perm : 1336K->1336K(8192K)], 0.0042413 secs]
1.267: [Full GC 1.267: [Tenured: 140K->116K(1408K), 0.0044279 secs] 151K->116K(1984K), [Perm : 1336K->1336K(8192K)], 0.0044930 secs]
1.272: [Full GC 1.272: [Tenured: 116K->128K(1408K), 0.0042181 secs] 131K->128K(1984K), [Perm : 1336K->1336K(8192K)], 0.0042788 secs]
1.277: [Full GC 1.277: [Tenured: 128K->128K(1408K), 0.0043922 secs] 139K->128K(1984K), [Perm : 1336K->1336K(8192K)], 0.0044564 secs]
1.281: [Full GC 1.281: [Tenured: 128K->140K(1408K), 0.0041807 secs] 143K->140K(1984K), [Perm : 1336K->1336K(8192K)], 0.0042399 secs]
1.286: [Full GC 1.286: [Tenured: 140K->116K(1408K), 0.0047369 secs] 151K->116K(1984K), [Perm : 1336K->1336K(8192K)], 0.0048023 secs]
1.291: [Full GC 1.291: [Tenured: 116K->128K(1408K), 0.0042399 secs] 131K->128K(1984K), [Perm : 1336K->1336K(8192K)], 0.0043000 secs]
1.296: [Full GC 1.296: [Tenured: 128K->128K(1408K), 0.0043751 secs] 139K->128K(1984K), [Perm : 1336K->1336K(8192K)], 0.0044416 secs]
1.301: [Full GC 1.301: [Tenured: 128K->140K(1408K), 0.0044461 secs] 143K->140K(1984K), [Perm : 1336K->1336K(8192K)], 0.0045062 secs]
1.306: [Full GC 1.306: [Tenured: 140K->116K(1408K), 0.0044366 secs] 151K->116K(1984K), [Perm : 1336K->1336K(8192K)], 0.0045025 secs]
1.310: [Full GC 1.310: [Tenured: 116K->128K(1408K), 0.0041866 secs] 131K->128K(1984K), [Perm : 1336K->1336K(8192K)], 0.0042458 secs]
1.315: [Full GC 1.315: [Tenured: 128K->128K(1408K), 0.0046277 secs] 139K->128K(1984K), [Perm : 1336K->1336K(8192K)], 0.0046919 secs]
1.320: [Full GC 1.320: [Tenured: 128K->140K(1408K), 0.0041821 secs] 143K->140K(1984K), [Perm : 1336K->1336K(8192K)], 0.0042419 secs]
1.325: [Full GC 1.325: [Tenured: 140K->116K(1408K), 0.0043804 secs] 151K->116K(1984K), [Perm : 1336K->1336K(8192K)], 0.0044450 secs]
1.329: [Full GC 1.329: [Tenured: 116K->128K(1408K), 0.0041768 secs] 131K->128K(1984K), [Perm : 1336K->1336K(8192K)], 0.0042355 secs]
1.335: [Full GC 1.335: [Tenured: 128K->128K(1408K), 0.0044483 secs] 139K->128K(1984K), [Perm : 1336K->1336K(8192K)], 0.0045145 secs]
1.339: [Full GC 1.339: [Tenured: 128K->140K(1408K), 0.0041765 secs] 143K->140K(1984K), [Perm : 1336K->1336K(8192K)], 0.0042357 secs]
1.344: [Full GC 1.344: [Tenured: 140K->116K(1408K), 0.0044388 secs] 151K->116K(1984K), [Perm : 1336K->1336K(8192K)], 0.0045039 secs]
1.349: [Full GC 1.349: [Tenured: 116K->128K(1408K), 0.0044595 secs] 131K->128K(1984K), [Perm : 1336K->1336K(8192K)], 0.0045204 secs]
1.354: [Full GC 1.354: [Tenured: 128K->128K(1408K), 0.0043813 secs] 139K->128K(1984K), [Perm : 1336K->1336K(8192K)], 0.0044453 secs]
1.358: [Full GC 1.358: [Tenured: 128K->140K(1408K), 0.0041723 secs] 143K->140K(1984K), [Perm : 1336K->1336K(8192K)], 0.0042307 secs]
1.363: [Full GC 1.363: [Tenured: 140K->116K(1408K), 0.0046439 secs] 151K->116K(1984K), [Perm : 1336K->1336K(8192K)], 0.0047196 secs]
1.368: [Full GC 1.368: [Tenured: 116K->128K(1408K), 0.0041947 secs] 131K->128K(1984K), [Perm : 1336K->1336K(8192K)], 0.0042542 secs]
1.373: [Full GC 1.373: [Tenured: 128K->128K(1408K), 0.0043732 secs] 139K->128K(1984K), [Perm : 1336K->1336K(8192K)], 0.0044372 secs]
1.377: [Full GC 1.377: [Tenured: 128K->140K(1408K), 0.0044738 secs] 143K->140K(1984K), [Perm : 1336K->1336K(8192K)], 0.0045347 secs]
1.383: [Full GC 1.383: [Tenured: 140K->116K(1408K), 0.0045673 secs] 151K->116K(1984K), [Perm : 1336K->1336K(8192K)], 0.0046358 secs]
1.388: [Full GC 1.388: [Tenured: 116K->128K(1408K), 0.0041961 secs] 131K->128K(1984K), [Perm : 1336K->1336K(8192K)], 0.0042567 secs]
1.393: [Full GC 1.393: [Tenured: 128K->128K(1408K), 0.0047615 secs] 139K->128K(1984K), [Perm : 1336K->1336K(8192K)], 0.0048263 secs]
1.398: [Full GC 1.398: [Tenured: 128K->140K(1408K), 0.0042215 secs] 143K->140K(1984K), [Perm : 1336K->1336K(8192K)], 0.0042818 secs]
1.402: [Full GC 1.402: [Tenured: 140K->116K(1408K), 0.0043919 secs] 151K->116K(1984K), [Perm : 1336K->1336K(8192K)], 0.0044573 secs]
1.407: [Full GC 1.407: [Tenured: 116K->128K(1408K), 0.0041910 secs] 131K->128K(1984K), [Perm : 1336K->1336K(8192K)], 0.0042511 secs]
1.412: [Full GC 1.412: [Tenured: 128K->128K(1408K), 0.0046729 secs] 139K->128K(1984K), [Perm : 1336K->1336K(8192K)], 0.0047380 secs]
1.417: [Full GC 1.417: [Tenured: 128K->140K(1408K), 0.0041799 secs] 143K->140K(1984K), [Perm : 1336K->1336K(8192K)], 0.0042380 secs]
1.422: [Full GC 1.422: [Tenured: 140K->116K(1408K), 0.0045109 secs] 151K->116K(1984K), [Perm : 1336K->1336K(8192K)], 0.0045788 secs]
1.427: [Full GC 1.427: [Tenured: 116K->128K(1408K), 0.0045282 secs] 131K->128K(1984K), [Perm : 1336K->1336K(8192K)], 0.0045908 secs]
1.432: [Full GC 1.432: [Tenured: 128K->128K(1408K), 0.0043883 secs] 139K->128K(1984K), [Perm : 1336K->1336K(8192K)], 0.0044539 secs]
1.436: [Full GC 1.436: [Tenured: 128K->140K(1408K), 0.0041726 secs] 143K->140K(1984K), [Perm : 1336K->1336K(8192K)], 0.0042318 secs]
1.441: [Full GC 1.441: [Tenured: 140K->116K(1408K), 0.0047657 secs] 151K->116K(1984K), [Perm : 1336K->1336K(8192K)], 0.0048313 secs]
1.446: [Full GC 1.446: [Tenured: 116K->128K(1408K), 0.0043089 secs] 131K->128K(1984K), [Perm : 1336K->1336K(8192K)], 0.0043715 secs]
1.451: [Full GC 1.451: [Tenured: 128K->128K(1408K), 0.0044168 secs] 139K->128K(1984K), [Perm : 1336K->1336K(8192K)], 0.0044824 secs]
1.456: [Full GC 1.456: [Tenured: 128K->140K(1408K), 0.0045011 secs] 143K->140K(1984K), [Perm : 1336K->1336K(8192K)], 0.0045620 secs]
1.461: [Full GC 1.461: [Tenured: 140K->116K(1408K), 0.0044156 secs] 151K->116K(1984K), [Perm : 1336K->1336K(8192K)], 0.0044821 secs]
1.466: [Full GC 1.466: [Tenured: 116K->128K(1408K), 0.0041916 secs] 131K->128K(1984K), [Perm : 1336K->1336K(8192K)], 0.0042511 secs]
1.471: [Full GC 1.471: [Tenured: 128K->128K(1408K), 0.0048582 secs] 139K->128K(1984K), [Perm : 1336K->1336K(8192K)], 0.0049266 secs]
1.476: [Full GC 1.476: [Tenured: 128K->140K(1408K), 0.0041994 secs] 143K->140K(1984K), [Perm : 1336K->1336K(8192K)], 0.0042598 secs]
1.481: [Full GC 1.481: [Tenured: 140K->116K(1408K), 0.0044131 secs] 151K->116K(1984K), [Perm : 1336K->1336K(8192K)], 0.0044782 secs]
1.486: [Full GC 1.486: [Tenured: 116K->128K(1408K), 0.0041927 secs] 131K->128K(1984K), [Perm : 1336K->1336K(8192K)], 0.0042533 secs]
1.491: [Full GC 1.491: [Tenured: 128K->128K(1408K), 0.0044246 secs] 139K->128K(1984K), [Perm : 1336K->1336K(8192K)], 0.0044894 secs]
1.495: [Full GC 1.495: [Tenured: 128K->140K(1408K), 0.0041793 secs] 143K->140K(1984K), [Perm : 1336K->1336K(8192K)], 0.0042391 secs]
1.500: [Full GC 1.500: [Tenured: 140K->116K(1408K), 0.0043953 secs] 151K->116K(1984K), [Perm : 1336K->1336K(8192K)], 0.0044603 secs]
1.505: [Full GC 1.505: [Tenured: 116K->128K(1408K), 0.0045659 secs] 131K->128K(1984K), [Perm : 1336K->1336K(8192K)], 0.0046271 secs]
1.510: [Full GC 1.510: [Tenured: 128K->128K(1408K), 0.0043919 secs] 139K->128K(1984K), [Perm : 1336K->1336K(8192K)], 0.0044578 secs]
1.515: [Full GC 1.515: [Tenured: 128K->140K(1408K), 0.0041922 secs] 143K->140K(1984K), [Perm : 1336K->1336K(8192K)], 0.0042517 secs]
1.519: [Full GC 1.519: [Tenured: 140K->116K(1408K), 0.0046886 secs] 151K->116K(1984K), [Perm : 1336K->1336K(8192K)], 0.0047542 secs]
1.524: [Full GC 1.524: [Tenured: 116K->128K(1408K), 0.0041896 secs] 131K->128K(1984K), [Perm : 1336K->1336K(8192K)], 0.0042500 secs]
1.529: [Full GC 1.529: [Tenured: 128K->128K(1408K), 0.0044858 secs] 139K->128K(1984K), [Perm : 1336K->1336K(8192K)], 0.0045528 secs]
1.534: [Full GC 1.534: [Tenured: 128K->140K(1408K), 0.0044587 secs] 143K->140K(1984K), [Perm : 1336K->1336K(8192K)], 0.0045201 secs]
1.539: [Full GC 1.539: [Tenured: 140K->116K(1408K), 0.0044098 secs] 151K->116K(1984K), [Perm : 1336K->1336K(8192K)], 0.0044757 secs]
1.544: [Full GC 1.544: [Tenured: 116K->128K(1408K), 0.0041877 secs] 131K->128K(1984K), [Perm : 1336K->1336K(8192K)], 0.0042486 secs]
1.549: [Full GC 1.549: [Tenured: 128K->128K(1408K), 0.0046682 secs] 139K->128K(1984K), [Perm : 1336K->1336K(8192K)], 0.0047338 secs]
1.554: [Full GC 1.554: [Tenured: 128K->140K(1408K), 0.0045925 secs] 143K->140K(1984K), [Perm : 1336K->1336K(8192K)], 0.0046665 secs]
1.561: [Full GC 1.561: [Tenured: 140K->116K(1408K), 0.0046950 secs] 151K->116K(1984K), [Perm : 1336K->1336K(8192K)], 0.0047679 secs]
1.565: [Full GC 1.566: [Tenured: 116K->128K(1408K), 0.0044908 secs] 131K->128K(1984K), [Perm : 1336K->1336K(8192K)], 0.0045542 secs]
1.571: [Full GC 1.571: [Tenured: 128K->128K(1408K), 0.0044461 secs] 139K->128K(1984K), [Perm : 1336K->1336K(8192K)], 0.0045120 secs]
1.575: [Full GC 1.575: [Tenured: 128K->140K(1408K), 0.0041846 secs] 143K->140K(1984K), [Perm : 1336K->1336K(8192K)], 0.0042447 secs]
1.580: [Full GC 1.580: [Tenured: 140K->116K(1408K), 0.0046391 secs] 151K->116K(1984K), [Perm : 1336K->1336K(8192K)], 0.0047053 secs]
1.585: [Full GC 1.585: [Tenured: 116K->128K(1408K), 0.0042139 secs] 131K->128K(1984K), [Perm : 1336K->1336K(8192K)], 0.0042760 secs]
1.590: [Full GC 1.590: [Tenured: 128K->128K(1408K), 0.0044070 secs] 139K->128K(1984K), [Perm : 1336K->1336K(8192K)], 0.0044726 secs]
1.594: [Full GC 1.595: [Tenured: 128K->140K(1408K), 0.0041779 secs] 142K->140K(1984K), [Perm : 1336K->1336K(8192K)], 0.0042377 secs]
1.599: [Full GC 1.599: [Tenured: 140K->116K(1408K), 0.0048059 secs] 151K->116K(1984K), [Perm : 1336K->1336K(8192K)], 0.0048735 secs]
1.604: [Full GC 1.604: [Tenured: 116K->128K(1408K), 0.0042086 secs] 131K->128K(1984K), [Perm : 1336K->1336K(8192K)], 0.0042693 secs]
1.609: [Full GC 1.610: [Tenured: 128K->128K(1408K), 0.0043950 secs] 139K->128K(1984K), [Perm : 1336K->1336K(8192K)], 0.0044606 secs]
1.614: [Full GC 1.614: [Tenured: 128K->140K(1408K), 0.0049302 secs] 143K->140K(1984K), [Perm : 1336K->1336K(8192K)], 0.0049950 secs]
1.620: [Full GC 1.620: [Tenured: 140K->116K(1408K), 0.0044349 secs] 151K->116K(1984K), [Perm : 1336K->1336K(8192K)], 0.0045017 secs]
1.624: [Full GC 1.624: [Tenured: 116K->128K(1408K), 0.0041933 secs] 131K->128K(1984K), [Perm : 1336K->1336K(8192K)], 0.0042539 secs]
1.629: [Full GC 1.629: [Tenured: 128K->128K(1408K), 0.0046380 secs] 139K->128K(1984K), [Perm : 1336K->1336K(8192K)], 0.0047042 secs]
1.634: [Full GC 1.634: [Tenured: 128K->140K(1408K), 0.0041868 secs] 143K->140K(1984K), [Perm : 1336K->1336K(8192K)], 0.0042475 secs]
1.639: [Full GC 1.639: [Tenured: 140K->116K(1408K), 0.0044061 secs] 151K->116K(1984K), [Perm : 1336K->1336K(8192K)], 0.0044707 secs]
1.643: [Full GC 1.643: [Tenured: 116K->128K(1408K), 0.0044575 secs] 131K->128K(1984K), [Perm : 1336K->1336K(8192K)], 0.0045187 secs]
1.649: [Full GC 1.649: [Tenured: 128K->128K(1408K), 0.0045344 secs] 139K->128K(1984K), [Perm : 1336K->1336K(8192K)], 0.0046003 secs]
1.654: [Full GC 1.654: [Tenured: 128K->140K(1408K), 0.0041947 secs] 143K->140K(1984K), [Perm : 1336K->1336K(8192K)], 0.0042550 secs]
1.659: [Full GC 1.659: [Tenured: 140K->116K(1408K), 0.0048408 secs] 151K->116K(1984K), [Perm : 1336K->1336K(8192K)], 0.0049093 secs]
1.664: [Full GC 1.664: [Tenured: 116K->128K(1408K), 0.0042712 secs] 131K->128K(1984K), [Perm : 1336K->1336K(8192K)], 0.0043486 secs]
1.670: [Full GC 1.670: [Tenured: 128K->128K(1408K), 0.0047439 secs] 139K->128K(1984K), [Perm : 1336K->1336K(8192K)], 0.0048185 secs]
1.675: [Full GC 1.675: [Tenured: 128K->140K(1408K), 0.0045718 secs] 143K->140K(1984K), [Perm : 1336K->1336K(8192K)], 0.0046344 secs]
1.680: [Full GC 1.680: [Tenured: 140K->116K(1408K), 0.0046154 secs] 151K->116K(1984K), [Perm : 1336K->1336K(8192K)], 0.0046844 secs]
1.685: [Full GC 1.685: [Tenured: 116K->128K(1408K), 0.0042220 secs] 131K->128K(1984K), [Perm : 1336K->1336K(8192K)], 0.0042827 secs]
1.690: [Full GC 1.690: [Tenured: 128K->128K(1408K), 0.0048266 secs] 139K->128K(1984K), [Perm : 1336K->1336K(8192K)], 0.0048956 secs]
1.695: [Full GC 1.695: [Tenured: 128K->140K(1408K), 0.0042100 secs] 143K->140K(1984K), [Perm : 1336K->1336K(8192K)], 0.0042715 secs]
1.701: [Full GC 1.701: [Tenured: 140K->116K(1408K), 0.0047581 secs] 151K->116K(1984K), [Perm : 1336K->1336K(8192K)], 0.0048285 secs]
1.706: [Full GC 1.706: [Tenured: 116K->128K(1408K), 0.0045335 secs] 131K->128K(1984K), [Perm : 1336K->1336K(8192K)], 0.0045975 secs]
1.712: [Full GC 1.712: [Tenured: 128K->128K(1408K), 0.0044760 secs] 139K->128K(1984K), [Perm : 1336K->1336K(8192K)], 0.0045428 secs]
1.716: [Full GC 1.716: [Tenured: 128K->140K(1408K), 0.0041955 secs] 143K->140K(1984K), [Perm : 1336K->1336K(8192K)], 0.0042553 secs]
1.721: [Full GC 1.721: [Tenured: 140K->116K(1408K), 0.0047746 secs] 151K->116K(1984K), [Perm : 1336K->1336K(8192K)], 0.0048411 secs]
1.726: [Full GC 1.726: [Tenured: 116K->128K(1408K), 0.0042536 secs] 131K->128K(1984K), [Perm : 1336K->1336K(8192K)], 0.0043145 secs]
1.731: [Full GC 1.731: [Tenured: 128K->128K(1408K), 0.0044562 secs] 139K->128K(1984K), [Perm : 1336K->1336K(8192K)], 0.0045210 secs]
1.736: [Full GC 1.736: [Tenured: 128K->140K(1408K), 0.0041952 secs] 143K->140K(1984K), [Perm : 1336K->1336K(8192K)], 0.0042550 secs]
1.741: [Full GC 1.741: [Tenured: 140K->116K(1408K), 0.0044981 secs] 151K->116K(1984K), [Perm : 1336K->1336K(8192K)], 0.0045643 secs]
1.746: [Full GC 1.746: [Tenured: 116K->128K(1408K), 0.0042123 secs] 131K->128K(1984K), [Perm : 1336K->1336K(8192K)], 0.0042729 secs]
1.751: [Full GC 1.751: [Tenured: 128K->128K(1408K), 0.0043813 secs] 139K->128K(1984K), [Perm : 1336K->1336K(8192K)], 0.0044461 secs]
1.755: [Full GC 1.755: [Tenured: 128K->140K(1408K), 0.0045145 secs] 143K->140K(1984K), [Perm : 1336K->1336K(8192K)], 0.0045760 secs]
1.761: [Full GC 1.761: [Tenured: 140K->116K(1408K), 0.0044995 secs] 151K->116K(1984K), [Perm : 1336K->1336K(8192K)], 0.0045659 secs]
1.765: [Full GC 1.765: [Tenured: 116K->128K(1408K), 0.0042156 secs] 131K->128K(1984K), [Perm : 1336K->1336K(8192K)], 0.0042762 secs]
1.770: [Full GC 1.770: [Tenured: 128K->128K(1408K), 0.0046978 secs] 139K->128K(1984K), [Perm : 1336K->1336K(8192K)], 0.0047632 secs]
1.775: [Full GC 1.775: [Tenured: 128K->140K(1408K), 0.0042257 secs] 143K->140K(1984K), [Perm : 1336K->1336K(8192K)], 0.0042871 secs]
1.780: [Full GC 1.780: [Tenured: 140K->116K(1408K), 0.0043966 secs] 151K->116K(1984K), [Perm : 1336K->1336K(8192K)], 0.0044606 secs]
1.785: [Full GC 1.785: [Tenured: 116K->128K(1408K), 0.0045137 secs] 131K->128K(1984K), [Perm : 1336K->1336K(8192K)], 0.0045766 secs]
1.790: [Full GC 1.790: [Tenured: 128K->128K(1408K), 0.0045296 secs] 139K->128K(1984K), [Perm : 1336K->1336K(8192K)], 0.0045972 secs]
1.795: [Full GC 1.795: [Tenured: 128K->140K(1408K), 0.0041924 secs] 143K->140K(1984K), [Perm : 1336K->1336K(8192K)], 0.0042525 secs]
1.800: [Full GC 1.800: [Tenured: 140K->116K(1408K), 0.0046671 secs] 151K->116K(1984K), [Perm : 1336K->1336K(8192K)], 0.0047327 secs]
1.804: [Full GC 1.804: [Tenured: 116K->128K(1408K), 0.0042251 secs] 131K->128K(1984K), [Perm : 1336K->1336K(8192K)], 0.0042860 secs]
1.809: [Full GC 1.809: [Tenured: 128K->128K(1408K), 0.0043922 secs] 139K->128K(1984K), [Perm : 1336K->1336K(8192K)], 0.0044570 secs]
1.814: [Full GC 1.814: [Tenured: 128K->140K(1408K), 0.0041863 secs] 143K->140K(1984K), [Perm : 1336K->1336K(8192K)], 0.0042466 secs]
1.819: [Full GC 1.819: [Tenured: 140K->116K(1408K), 0.0044324 secs] 151K->116K(1984K), [Perm : 1336K->1336K(8192K)], 0.0044969 secs]
1.824: [Full GC 1.824: [Tenured: 116K->128K(1408K), 0.0042053 secs] 131K->128K(1984K), [Perm : 1336K->1336K(8192K)], 0.0042651 secs]
1.829: [Full GC 1.829: [Tenured: 128K->128K(1408K), 0.0043832 secs] 139K->128K(1984K), [Perm : 1336K->1336K(8192K)], 0.0044475 secs]
1.833: [Full GC 1.833: [Tenured: 128K->140K(1408K), 0.0045799 secs] 143K->140K(1984K), [Perm : 1336K->1336K(8192K)], 0.0046405 secs]
1.838: [Full GC 1.839: [Tenured: 140K->116K(1408K), 0.0044481 secs] 151K->116K(1984K), [Perm : 1336K->1336K(8192K)], 0.0045154 secs]
1.843: [Full GC 1.843: [Tenured: 116K->128K(1408K), 0.0042005 secs] 131K->128K(1984K), [Perm : 1336K->1336K(8192K)], 0.0042614 secs]
1.848: [Full GC 1.848: [Tenured: 128K->128K(1408K), 0.0047975 secs] 139K->128K(1984K), [Perm : 1336K->1336K(8192K)], 0.0048688 secs]
1.853: [Full GC 1.853: [Tenured: 128K->140K(1408K), 0.0042039 secs] 143K->140K(1984K), [Perm : 1336K->1336K(8192K)], 0.0042648 secs]
1.858: [Full GC 1.858: [Tenured: 140K->116K(1408K), 0.0044408 secs] 151K->116K(1984K), [Perm : 1336K->1336K(8192K)], 0.0045067 secs]
1.863: [Full GC 1.863: [Tenured: 116K->128K(1408K), 0.0044768 secs] 131K->128K(1984K), [Perm : 1336K->1336K(8192K)], 0.0045391 secs]
1.868: [Full GC 1.868: [Tenured: 128K->128K(1408K), 0.0043877 secs] 139K->128K(1984K), [Perm : 1336K->1336K(8192K)], 0.0044536 secs]
1.873: [Full GC 1.873: [Tenured: 128K->140K(1408K), 0.0041866 secs] 143K->140K(1984K), [Perm : 1336K->1336K(8192K)], 0.0042463 secs]
1.877: [Full GC 1.877: [Tenured: 140K->116K(1408K), 0.0046506 secs] 151K->116K(1984K), [Perm : 1336K->1336K(8192K)], 0.0047154 secs]
1.882: [Full GC 1.882: [Tenured: 116K->128K(1408K), 0.0042609 secs] 131K->128K(1984K), [Perm : 1336K->1336K(8192K)], 0.0043232 secs]
1.887: [Full GC 1.887: [Tenured: 128K->128K(1408K), 0.0043958 secs] 139K->128K(1984K), [Perm : 1336K->1336K(8192K)], 0.0044617 secs]
1.892: [Full GC 1.892: [Tenured: 128K->140K(1408K), 0.0041804 secs] 143K->140K(1984K), [Perm : 1336K->1336K(8192K)], 0.0042410 secs]
1.897: [Full GC 1.897: [Tenured: 140K->116K(1408K), 0.0047090 secs] 151K->116K(1984K), [Perm : 1336K->1336K(8192K)], 0.0047741 secs]
1.902: [Full GC 1.902: [Tenured: 116K->128K(1408K), 0.0042017 secs] 131K->128K(1984K), [Perm : 1336K->1336K(8192K)], 0.0042614 secs]
1.907: [Full GC 1.907: [Tenured: 128K->128K(1408K), 0.0043796 secs] 139K->128K(1984K), [Perm : 1336K->1336K(8192K)], 0.0044447 secs]
1.911: [Full GC 1.911: [Tenured: 128K->140K(1408K), 0.0044584 secs] 143K->140K(1984K), [Perm : 1336K->1336K(8192K)], 0.0045204 secs]
1.917: [Full GC 1.917: [Tenured: 140K->116K(1408K), 0.0045942 secs] 151K->116K(1984K), [Perm : 1336K->1336K(8192K)], 0.0046623 secs]
1.922: [Full GC 1.922: [Tenured: 116K->128K(1408K), 0.0042106 secs] 131K->128K(1984K), [Perm : 1336K->1336K(8192K)], 0.0042715 secs]
1.927: [Full GC 1.927: [Tenured: 128K->128K(1408K), 0.0046472 secs] 139K->128K(1984K), [Perm : 1336K->1336K(8192K)], 0.0047121 secs]
1.931: [Full GC 1.931: [Tenured: 128K->140K(1408K), 0.0041935 secs] 143K->140K(1984K), [Perm : 1336K->1336K(8192K)], 0.0042533 secs]
1.936: [Full GC 1.936: [Tenured: 140K->116K(1408K), 0.0044022 secs] 151K->116K(1984K), [Perm : 1336K->1336K(8192K)], 0.0044673 secs]
1.941: [Full GC 1.941: [Tenured: 116K->128K(1408K), 0.0046324 secs] 131K->128K(1984K), [Perm : 1336K->1336K(8192K)], 0.0046950 secs]
1.946: [Full GC 1.946: [Tenured: 128K->128K(1408K), 0.0044243 secs] 139K->128K(1984K), [Perm : 1336K->1336K(8192K)], 0.0044902 secs]
1.951: [Full GC 1.951: [Tenured: 128K->140K(1408K), 0.0041910 secs] 143K->140K(1984K), [Perm : 1336K->1336K(8192K)], 0.0042514 secs]
1.956: [Full GC 1.956: [Tenured: 140K->116K(1408K), 0.0047165 secs] 151K->116K(1984K), [Perm : 1336K->1336K(8192K)], 0.0047825 secs]
1.961: [Full GC 1.961: [Tenured: 116K->128K(1408K), 0.0043405 secs] 131K->128K(1984K), [Perm : 1336K->1336K(8192K)], 0.0044042 secs]
1.966: [Full GC 1.966: [Tenured: 128K->128K(1408K), 0.0044156 secs] 139K->128K(1984K), [Perm : 1336K->1336K(8192K)], 0.0044944 secs]
1.971: [Full GC 1.971: [Tenured: 128K->140K(1408K), 0.0044721 secs] 143K->140K(1984K), [Perm : 1336K->1336K(8192K)], 0.0045352 secs]
1.976: [Full GC 1.976: [Tenured: 140K->116K(1408K), 0.0046076 secs] 151K->116K(1984K), [Perm : 1336K->1336K(8192K)], 0.0046777 secs]
1.981: [Full GC 1.981: [Tenured: 116K->128K(1408K), 0.0042089 secs] 131K->128K(1984K), [Perm : 1336K->1336K(8192K)], 0.0042695 secs]
1.986: [Full GC 1.986: [Tenured: 128K->128K(1408K), 0.0047858 secs] 139K->128K(1984K), [Perm : 1336K->1336K(8192K)], 0.0048526 secs]
1.991: [Full GC 1.991: [Tenured: 128K->140K(1408K), 0.0042802 secs] 143K->140K(1984K), [Perm : 1336K->1336K(8192K)], 0.0043419 secs]
1.996: [Full GC 1.996: [Tenured: 140K->116K(1408K), 0.0047366 secs] 151K->116K(1984K), [Perm : 1336K->1336K(8192K)], 0.0048056 secs]
2.001: [Full GC 2.001: [Tenured: 116K->128K(1408K), 0.0042556 secs] 131K->128K(1984K), [Perm : 1336K->1336K(8192K)], 0.0043282 secs]
2.008: [Full GC 2.008: [Tenured: 128K->128K(1408K), 0.0049604 secs] 139K->128K(1984K), [Perm : 1336K->1336K(8192K)], 0.0050347 secs]
2.014: [Full GC 2.014: [Tenured: 128K->140K(1408K), 0.0043933 secs] 143K->140K(1984K), [Perm : 1336K->1336K(8192K)], 0.0044570 secs]
2.019: [Full GC 2.019: [Tenured: 140K->116K(1408K), 0.0049501 secs] 151K->116K(1984K), [Perm : 1336K->1336K(8192K)], 0.0050185 secs]
2.024: [Full GC 2.024: [Tenured: 116K->128K(1408K), 0.0043028 secs] 131K->128K(1984K), [Perm : 1336K->1336K(8192K)], 0.0043668 secs]
2.029: [Full GC 2.029: [Tenured: 128K->128K(1408K), 0.0045048 secs] 139K->128K(1984K), [Perm : 1336K->1336K(8192K)], 0.0045721 secs]
2.034: [Full GC 2.034: [Tenured: 128K->140K(1408K), 0.0048361 secs] 143K->140K(1984K), [Perm : 1336K->1336K(8192K)], 0.0049012 secs]
2.040: [Full GC 2.040: [Tenured: 140K->116K(1408K), 0.0046252 secs] 151K->116K(1984K), [Perm : 1336K->1336K(8192K)], 0.0046933 secs]
2.044: [Full GC 2.044: [Tenured: 116K->128K(1408K), 0.0044536 secs] 131K->128K(1984K), [Perm : 1336K->1336K(8192K)], 0.0045176 secs]
2.050: [Full GC 2.050: [Tenured: 128K->128K(1408K), 0.0050308 secs] 139K->128K(1984K), [Perm : 1336K->1336K(8192K)], 0.0051015 secs]
2.055: [Full GC 2.055: [Tenured: 128K->140K(1408K), 0.0044489 secs] 143K->140K(1984K), [Perm : 1336K->1336K(8192K)], 0.0045143 secs]
2.060: [Full GC 2.060: [Tenured: 140K->116K(1408K), 0.0045179 secs] 151K->116K(1984K), [Perm : 1336K->1336K(8192K)], 0.0045925 secs]
2.065: [Full GC 2.065: [Tenured: 116K->128K(1408K), 0.0046363 secs] 131K->128K(1984K), [Perm : 1336K->1336K(8192K)], 0.0047014 secs]
2.072: [Full GC 2.072: [Tenured: 128K->128K(1408K), 0.0049403 secs] 139K->128K(1984K), [Perm : 1336K->1336K(8192K)], 0.0050174 secs]
2.077: [Full GC 2.077: [Tenured: 128K->140K(1408K), 0.0044151 secs] 143K->140K(1984K), [Perm : 1336K->1336K(8192K)], 0.0044793 secs]
2.085: [Full GC 2.085: [Tenured: 140K->116K(1408K), 0.0049604 secs] 151K->116K(1984K), [Perm : 1336K->1336K(8192K)], 0.0050353 secs]
2.090: [Full GC 2.090: [Tenured: 116K->128K(1408K), 0.0044059 secs] 131K->128K(1984K), [Perm : 1336K->1336K(8192K)], 0.0044707 secs]
2.097: [Full GC 2.097: [Tenured: 128K->128K(1408K), 0.0052931 secs] 139K->128K(1984K), [Perm : 1336K->1336K(8192K)], 0.0053711 secs]
2.102: [Full GC 2.102: [Tenured: 128K->140K(1408K), 0.0043313 secs] 143K->140K(1984K), [Perm : 1336K->1336K(8192K)], 0.0043953 secs]
2.109: [Full GC 2.109: [Tenured: 140K->116K(1408K), 0.0050735 secs] 151K->116K(1984K), [Perm : 1336K->1336K(8192K)], 0.0051501 secs]
2.114: [Full GC 2.114: [Tenured: 116K->128K(1408K), 0.0045894 secs] 131K->128K(1984K), [Perm : 1336K->1336K(8192K)], 0.0046623 secs]
2.122: [Full GC 2.122: [Tenured: 128K->128K(1408K), 0.0050174 secs] 139K->128K(1984K), [Perm : 1336K->1336K(8192K)], 0.0050951 secs]
2.128: [Full GC 2.128: [Tenured: 128K->140K(1408K), 0.0052688 secs] 143K->140K(1984K), [Perm : 1336K->1336K(8192K)], 0.0053465 secs]
2.136: [Full GC 2.136: [Tenured: 140K->116K(1408K), 0.0049498 secs] 151K->116K(1984K), [Perm : 1336K->1336K(8192K)], 0.0050266 secs]
2.141: [Full GC 2.141: [Tenured: 116K->128K(1408K), 0.0044469 secs] 131K->128K(1984K), [Perm : 1336K->1336K(8192K)], 0.0045115 secs]
2.148: [Full GC 2.148: [Tenured: 128K->128K(1408K), 0.0049397 secs] 139K->128K(1984K), [Perm : 1336K->1336K(8192K)], 0.0050157 secs]
2.154: [Full GC 2.154: [Tenured: 128K->140K(1408K), 0.0044101 secs] 143K->140K(1984K), [Perm : 1336K->1336K(8192K)], 0.0044749 secs]
2.160: [Full GC 2.160: [Tenured: 140K->116K(1408K), 0.0053158 secs] 151K->116K(1984K), [Perm : 1336K->1336K(8192K)], 0.0053934 secs]
2.166: [Full GC 2.166: [Tenured: 116K->128K(1408K), 0.0044550 secs] 131K->128K(1984K), [Perm : 1336K->1336K(8192K)], 0.0045207 secs]
2.173: [Full GC 2.173: [Tenured: 128K->128K(1408K), 0.0049403 secs] 139K->128K(1984K), [Perm : 1336K->1336K(8192K)], 0.0050171 secs]
2.178: [Full GC 2.178: [Tenured: 128K->140K(1408K), 0.0046598 secs] 143K->140K(1984K), [Perm : 1336K->1336K(8192K)], 0.0047243 secs]
2.185: [Full GC 2.185: [Tenured: 140K->116K(1408K), 0.0050627 secs] 151K->116K(1984K), [Perm : 1336K->1336K(8192K)], 0.0051398 secs]
2.190: [Full GC 2.190: [Tenured: 116K->128K(1408K), 0.0046291 secs] 131K->128K(1984K), [Perm : 1336K->1336K(8192K)], 0.0046936 secs]
2.197: [Full GC 2.197: [Tenured: 128K->128K(1408K), 0.0050571 secs] 139K->128K(1984K), [Perm : 1336K->1336K(8192K)], 0.0051342 secs]
2.204: [Full GC 2.204: [Tenured: 128K->140K(1408K), 0.0048702 secs] 143K->140K(1984K), [Perm : 1336K->1336K(8192K)], 0.0049464 secs]
2.210: [Full GC 2.210: [Tenured: 140K->116K(1408K), 0.0047056 secs] 151K->116K(1984K), [Perm : 1336K->1336K(8192K)], 0.0047746 secs]
2.215: [Full GC 2.215: [Tenured: 116K->128K(1408K), 0.0042505 secs] 131K->128K(1984K), [Perm : 1336K->1336K(8192K)], 0.0043126 secs]
2.222: [Full GC 2.222: [Tenured: 128K->128K(1408K), 0.0051029 secs] 139K->128K(1984K), [Perm : 1336K->1336K(8192K)], 0.0051766 secs]
2.227: [Full GC 2.227: [Tenured: 128K->140K(1408K), 0.0042170 secs] 143K->140K(1984K), [Perm : 1336K->1336K(8192K)], 0.0042790 secs]
2.232: [Full GC 2.232: [Tenured: 140K->116K(1408K), 0.0044573 secs] 151K->116K(1984K), [Perm : 1336K->1336K(8192K)], 0.0045226 secs]
2.237: [Full GC 2.237: [Tenured: 116K->128K(1408K), 0.0044735 secs] 131K->128K(1984K), [Perm : 1336K->1336K(8192K)], 0.0045358 secs]
2.242: [Full GC 2.242: [Tenured: 128K->128K(1408K), 0.0044251 secs] 139K->128K(1984K), [Perm : 1336K->1336K(8192K)], 0.0044916 secs]
2.247: [Full GC 2.247: [Tenured: 128K->140K(1408K), 0.0041961 secs] 143K->140K(1984K), [Perm : 1336K->1336K(8192K)], 0.0042564 secs]
2.254: [Full GC 2.254: [Tenured: 140K->116K(1408K), 0.0051579 secs] 151K->116K(1984K), [Perm : 1336K->1336K(8192K)], 0.0052331 secs]
2.259: [Full GC 2.259: [Tenured: 116K->128K(1408K), 0.0042377 secs] 131K->128K(1984K), [Perm : 1336K->1336K(8192K)], 0.0043000 secs]
2.264: [Full GC 2.264: [Tenured: 128K->128K(1408K), 0.0044606 secs] 139K->128K(1984K), [Perm : 1336K->1336K(8192K)], 0.0045274 secs]
2.269: [Full GC 2.269: [Tenured: 128K->140K(1408K), 0.0046039 secs] 143K->140K(1984K), [Perm : 1336K->1336K(8192K)], 0.0046665 secs]
2.274: [Full GC 2.274: [Tenured: 140K->116K(1408K), 0.0045279 secs] 151K->116K(1984K), [Perm : 1336K->1336K(8192K)], 0.0045958 secs]
2.279: [Full GC 2.279: [Tenured: 116K->128K(1408K), 0.0042148 secs] 131K->128K(1984K), [Perm : 1336K->1336K(8192K)], 0.0042760 secs]
2.284: [Full GC 2.284: [Tenured: 128K->128K(1408K), 0.0047067 secs] 139K->128K(1984K), [Perm : 1336K->1336K(8192K)], 0.0047727 secs]
2.289: [Full GC 2.289: [Tenured: 128K->140K(1408K), 0.0042145 secs] 143K->140K(1984K), [Perm : 1336K->1336K(8192K)], 0.0042762 secs]
2.294: [Full GC 2.294: [Tenured: 140K->116K(1408K), 0.0044193 secs] 151K->116K(1984K), [Perm : 1336K->1336K(8192K)], 0.0044846 secs]
2.298: [Full GC 2.298: [Tenured: 116K->128K(1408K), 0.0042061 secs] 131K->128K(1984K), [Perm : 1336K->1336K(8192K)], 0.0042667 secs]
2.303: [Full GC 2.303: [Tenured: 128K->128K(1408K), 0.0044034 secs] 139K->128K(1984K), [Perm : 1336K->1336K(8192K)], 0.0044690 secs]
2.308: [Full GC 2.308: [Tenured: 128K->140K(1408K), 0.0041849 secs] 143K->140K(1984K), [Perm : 1336K->1336K(8192K)], 0.0042450 secs]
2.313: [Full GC 2.313: [Tenured: 140K->116K(1408K), 0.0045212 secs] 151K->116K(1984K), [Perm : 1336K->1336K(8192K)], 0.0045880 secs]
2.318: [Full GC 2.318: [Tenured: 116K->128K(1408K), 0.0045168 secs] 131K->128K(1984K), [Perm : 1336K->1336K(8192K)], 0.0045802 secs]
2.323: [Full GC 2.323: [Tenured: 128K->128K(1408K), 0.0044366 secs] 139K->128K(1984K), [Perm : 1336K->1336K(8192K)], 0.0045036 secs]
2.327: [Full GC 2.327: [Tenured: 128K->140K(1408K), 0.0041938 secs] 143K->140K(1984K), [Perm : 1336K->1336K(8192K)], 0.0042536 secs]
2.332: [Full GC 2.332: [Tenured: 140K->116K(1408K), 0.0047031 secs] 151K->116K(1984K), [Perm : 1336K->1336K(8192K)], 0.0047682 secs]
2.337: [Full GC 2.337: [Tenured: 116K->128K(1408K), 0.0042092 secs] 131K->128K(1984K), [Perm : 1336K->1336K(8192K)], 0.0042701 secs]
2.342: [Full GC 2.342: [Tenured: 128K->128K(1408K), 0.0044042 secs] 139K->128K(1984K), [Perm : 1336K->1336K(8192K)], 0.0044690 secs]
2.347: [Full GC 2.347: [Tenured: 128K->140K(1408K), 0.0044640 secs] 143K->140K(1984K), [Perm : 1336K->1336K(8192K)], 0.0045263 secs]
2.352: [Full GC 2.352: [Tenured: 140K->116K(1408K), 0.0044218 secs] 151K->116K(1984K), [Perm : 1336K->1336K(8192K)], 0.0044880 secs]
2.356: [Full GC 2.356: [Tenured: 116K->128K(1408K), 0.0042003 secs] 131K->128K(1984K), [Perm : 1336K->1336K(8192K)], 0.0042623 secs]
2.361: [Full GC 2.361: [Tenured: 128K->128K(1408K), 0.0046813 secs] 139K->128K(1984K), [Perm : 1336K->1336K(8192K)], 0.0047473 secs]
2.366: [Full GC 2.366: [Tenured: 128K->140K(1408K), 0.0042522 secs] 143K->140K(1984K), [Perm : 1336K->1336K(8192K)], 0.0043140 secs]
2.371: [Full GC 2.371: [Tenured: 140K->116K(1408K), 0.0044908 secs] 151K->116K(1984K), [Perm : 1336K->1336K(8192K)], 0.0045587 secs]
2.376: [Full GC 2.376: [Tenured: 116K->128K(1408K), 0.0042123 secs] 131K->128K(1984K), [Perm : 1336K->1336K(8192K)], 0.0042734 secs]
2.381: [Full GC 2.381: [Tenured: 128K->128K(1408K), 0.0049660 secs] 139K->128K(1984K), [Perm : 1336K->1336K(8192K)], 0.0050350 secs]
2.386: [Full GC 2.386: [Tenured: 128K->140K(1408K), 0.0042081 secs] 143K->140K(1984K), [Perm : 1336K->1336K(8192K)], 0.0042690 secs]
2.391: [Full GC 2.391: [Tenured: 140K->116K(1408K), 0.0046425 secs] 151K->116K(1984K), [Perm : 1336K->1336K(8192K)], 0.0047104 secs]
2.396: [Full GC 2.396: [Tenured: 116K->128K(1408K), 0.0046724 secs] 131K->128K(1984K), [Perm : 1336K->1336K(8192K)], 0.0047369 secs]
2.403: [Full GC 2.403: [Tenured: 128K->128K(1408K), 0.0048210 secs] 139K->128K(1984K), [Perm : 1336K->1336K(8192K)], 0.0048936 secs]
2.408: [Full GC 2.408: [Tenured: 128K->140K(1408K), 0.0047090 secs] 143K->140K(1984K), [Perm : 1336K->1336K(8192K)], 0.0047735 secs]
2.415: [Full GC 2.415: [Tenured: 140K->116K(1408K), 0.0050621 secs] 151K->116K(1984K), [Perm : 1336K->1336K(8192K)], 0.0051386 secs]
2.421: [Full GC 2.421: [Tenured: 116K->128K(1408K), 0.0042910 secs] 131K->128K(1984K), [Perm : 1336K->1336K(8192K)], 0.0043533 secs]
2.427: [Full GC 2.427: [Tenured: 128K->128K(1408K), 0.0053543 secs] 139K->128K(1984K), [Perm : 1336K->1336K(8192K)], 0.0054339 secs]
2.434: [Full GC 2.434: [Tenured: 128K->140K(1408K), 0.0048920 secs] 143K->140K(1984K), [Perm : 1336K->1336K(8192K)], 0.0049685 secs]
2.440: [Full GC 2.440: [Tenured: 140K->116K(1408K), 0.0049970 secs] 151K->116K(1984K), [Perm : 1336K->1336K(8192K)], 0.0050671 secs]
2.445: [Full GC 2.445: [Tenured: 116K->128K(1408K), 0.0043003 secs] 131K->128K(1984K), [Perm : 1336K->1336K(8192K)], 0.0043617 secs]
2.452: [Full GC 2.452: [Tenured: 128K->128K(1408K), 0.0050099 secs] 139K->128K(1984K), [Perm : 1336K->1336K(8192K)], 0.0050867 secs]
2.457: [Full GC 2.457: [Tenured: 128K->140K(1408K), 0.0045545 secs] 143K->140K(1984K), [Perm : 1336K->1336K(8192K)], 0.0046182 secs]
2.465: [Full GC 2.465: [Tenured: 140K->116K(1408K), 0.0049425 secs] 151K->116K(1984K), [Perm : 1336K->1336K(8192K)], 0.0050182 secs]
2.470: [Full GC 2.470: [Tenured: 116K->128K(1408K), 0.0044148 secs] 131K->128K(1984K), [Perm : 1336K->1336K(8192K)], 0.0047799 secs]
2.477: [Full GC 2.478: [Tenured: 128K->128K(1408K), 0.0049587 secs] 139K->128K(1984K), [Perm : 1336K->1336K(8192K)], 0.0050370 secs]
2.483: [Full GC 2.483: [Tenured: 128K->140K(1408K), 0.0043899 secs] 143K->140K(1984K), [Perm : 1336K->1336K(8192K)], 0.0044553 secs]
2.489: [Full GC 2.489: [Tenured: 140K->116K(1408K), 0.0053579 secs] 151K->116K(1984K), [Perm : 1336K->1336K(8192K)], 0.0054345 secs]
2.495: [Full GC 2.495: [Tenured: 116K->128K(1408K), 0.0044299 secs] 131K->128K(1984K), [Perm : 1336K->1336K(8192K)], 0.0044958 secs]
2.502: [Full GC 2.502: [Tenured: 128K->128K(1408K), 0.0053677 secs] 139K->128K(1984K), [Perm : 1336K->1336K(8192K)], 0.0054459 secs]
2.507: [Full GC 2.507: [Tenured: 128K->140K(1408K), 0.0043019 secs] 143K->140K(1984K), [Perm : 1336K->1336K(8192K)], 0.0043651 secs]
2.513: [Full GC 2.514: [Tenured: 140K->116K(1408K), 0.0050501 secs] 151K->116K(1984K), [Perm : 1336K->1336K(8192K)], 0.0051269 secs]
2.519: [Full GC 2.519: [Tenured: 116K->128K(1408K), 0.0046123 secs] 131K->128K(1984K), [Perm : 1336K->1336K(8192K)], 0.0046769 secs]
2.526: [Full GC 2.526: [Tenured: 128K->128K(1408K), 0.0050328 secs] 139K->128K(1984K), [Perm : 1336K->1336K(8192K)], 0.0051110 secs]
2.531: [Full GC 2.531: [Tenured: 128K->140K(1408K), 0.0042642 secs] 143K->140K(1984K), [Perm : 1336K->1336K(8192K)], 0.0043279 secs]
2.540: [Full GC 2.540: [Tenured: 140K->116K(1408K), 0.0049811 secs] 151K->116K(1984K), [Perm : 1336K->1336K(8192K)], 0.0050596 secs]
2.546: [Full GC 2.546: [Tenured: 116K->128K(1408K), 0.0042905 secs] 131K->128K(1984K), [Perm : 1336K->1336K(8192K)], 0.0044595 secs]
2.552: [Full GC 2.552: [Tenured: 128K->128K(1408K), 0.0051163 secs] 139K->128K(1984K), [Perm : 1336K->1336K(8192K)], 0.0051878 secs]
2.558: [Full GC 2.558: [Tenured: 128K->140K(1408K), 0.0047783 secs] 143K->140K(1984K), [Perm : 1336K->1336K(8192K)], 0.0049316 secs]
2.571: [Full GC 2.571: [Tenured: 140K->116K(1408K), 0.0052289 secs] 151K->116K(1984K), [Perm : 1336K->1336K(8192K)], 0.0053077 secs]
2.576: [Full GC 2.576: [Tenured: 116K->128K(1408K), 0.0044349 secs] 131K->128K(1984K), [Perm : 1336K->1336K(8192K)], 0.0044972 secs]
2.582: [Full GC 2.582: [Tenured: 128K->128K(1408K), 0.0052604 secs] 139K->128K(1984K), [Perm : 1336K->1336K(8192K)], 0.0053334 secs]
2.588: [Full GC 2.588: [Tenured: 128K->140K(1408K), 0.0045972 secs] 143K->140K(1984K), [Perm : 1336K->1336K(8192K)], 0.0046749 secs]
2.594: [Full GC 2.594: [Tenured: 140K->116K(1408K), 0.0047718 secs] 151K->116K(1984K), [Perm : 1336K->1336K(8192K)], 0.0048406 secs]
2.599: [Full GC 2.599: [Tenured: 116K->128K(1408K), 0.0048470 secs] 130K->128K(1984K), [Perm : 1336K->1336K(8192K)], 0.0049115 secs]
2.605: [Full GC 2.605: [Tenured: 128K->128K(1408K), 0.0047182 secs] 139K->128K(1984K), [Perm : 1336K->1336K(8192K)], 0.0047878 secs]
2.610: [Full GC 2.610: [Tenured: 128K->140K(1408K), 0.0043735 secs] 142K->140K(1984K), [Perm : 1336K->1336K(8192K)], 0.0044346 secs]
2.615: [Full GC 2.615: [Tenured: 140K->116K(1408K), 0.0050154 secs] 151K->116K(1984K), [Perm : 1336K->1336K(8192K)], 0.0050844 secs]
2.620: [Full GC 2.620: [Tenured: 116K->128K(1408K), 0.0043877 secs] 131K->128K(1984K), [Perm : 1336K->1336K(8192K)], 0.0044497 secs]
2.626: [Full GC 2.626: [Tenured: 128K->128K(1408K), 0.0048372 secs] 139K->128K(1984K), [Perm : 1336K->1336K(8192K)], 0.0049062 secs]
2.631: [Full GC 2.631: [Tenured: 128K->140K(1408K), 0.0046852 secs] 143K->140K(1984K), [Perm : 1336K->1336K(8192K)], 0.0047492 secs]
2.636: [Full GC 2.637: [Tenured: 140K->116K(1408K), 0.0048568 secs] 151K->116K(1984K), [Perm : 1336K->1336K(8192K)], 0.0049258 secs]
2.642: [Full GC 2.642: [Tenured: 116K->128K(1408K), 0.0044799 secs] 131K->128K(1984K), [Perm : 1336K->1336K(8192K)], 0.0045439 secs]
2.647: [Full GC 2.647: [Tenured: 128K->128K(1408K), 0.0046218 secs] 139K->128K(1984K), [Perm : 1336K->1336K(8192K)], 0.0046889 secs]
2.652: [Full GC 2.652: [Tenured: 128K->140K(1408K), 0.0043117 secs] 143K->140K(1984K), [Perm : 1336K->1336K(8192K)], 0.0043737 secs]
2.657: [Full GC 2.657: [Tenured: 140K->116K(1408K), 0.0045162 secs] 151K->116K(1984K), [Perm : 1336K->1336K(8192K)], 0.0045824 secs]
2.662: [Full GC 2.662: [Tenured: 116K->128K(1408K), 0.0046615 secs] 131K->128K(1984K), [Perm : 1336K->1336K(8192K)], 0.0047243 secs]
2.667: [Full GC 2.667: [Tenured: 128K->128K(1408K), 0.0045198 secs] 139K->128K(1984K), [Perm : 1336K->1336K(8192K)], 0.0045849 secs]
2.672: [Full GC 2.672: [Tenured: 128K->140K(1408K), 0.0043369 secs] 143K->140K(1984K), [Perm : 1336K->1336K(8192K)], 0.0043983 secs]
2.677: [Full GC 2.677: [Tenured: 140K->116K(1408K), 0.0049230 secs] 151K->116K(1984K), [Perm : 1336K->1336K(8192K)], 0.0049906 secs]
2.682: [Full GC 2.682: [Tenured: 116K->128K(1408K), 0.0043673 secs] 131K->128K(1984K), [Perm : 1336K->1336K(8192K)], 0.0044293 secs]
2.687: [Full GC 2.688: [Tenured: 128K->128K(1408K), 0.0049886 secs] 139K->128K(1984K), [Perm : 1336K->1336K(8192K)], 0.0050613 secs]
2.693: [Full GC 2.693: [Tenured: 128K->140K(1408K), 0.0048070 secs] 143K->140K(1984K), [Perm : 1336K->1336K(8192K)], 0.0048718 secs]
2.699: [Full GC 2.699: [Tenured: 140K->116K(1408K), 0.0047788 secs] 151K->116K(1984K), [Perm : 1336K->1336K(8192K)], 0.0048467 secs]
2.704: [Full GC 2.704: [Tenured: 116K->128K(1408K), 0.0044081 secs] 131K->128K(1984K), [Perm : 1336K->1336K(8192K)], 0.0044696 secs]
2.709: [Full GC 2.709: [Tenured: 128K->128K(1408K), 0.0051286 secs] 139K->128K(1984K), [Perm : 1336K->1336K(8192K)], 0.0051951 secs]
2.715: [Full GC 2.715: [Tenured: 128K->140K(1408K), 0.0047358 secs] 143K->140K(1984K), [Perm : 1336K->1336K(8192K)], 0.0048037 secs]
2.720: [Full GC 2.720: [Tenured: 140K->116K(1408K), 0.0050523 secs] 151K->116K(1984K), [Perm : 1336K->1336K(8192K)], 0.0051208 secs]
2.726: [Full GC 2.726: [Tenured: 116K->128K(1408K), 0.0043832 secs] 131K->128K(1984K), [Perm : 1336K->1336K(8192K)], 0.0044453 secs]
2.731: [Full GC 2.731: [Tenured: 128K->128K(1408K), 0.0048238 secs] 139K->128K(1984K), [Perm : 1336K->1336K(8192K)], 0.0048925 secs]
2.736: [Full GC 2.736: [Tenured: 128K->140K(1408K), 0.0046484 secs] 143K->140K(1984K), [Perm : 1336K->1336K(8192K)], 0.0047112 secs]
2.742: [Full GC 2.742: [Tenured: 140K->116K(1408K), 0.0048495 secs] 151K->116K(1984K), [Perm : 1336K->1336K(8192K)], 0.0049182 secs]
2.747: [Full GC 2.747: [Tenured: 116K->128K(1408K), 0.0044411 secs] 131K->128K(1984K), [Perm : 1336K->1336K(8192K)], 0.0045145 secs]
2.754: [Full GC 2.754: [Tenured: 128K->128K(1408K), 0.0053409 secs] 139K->128K(1984K), [Perm : 1336K->1336K(8192K)], 0.0054225 secs]
2.759: [Full GC 2.759: [Tenured: 128K->140K(1408K), 0.0044534 secs] 143K->140K(1984K), [Perm : 1336K->1336K(8192K)], 0.0045176 secs]
2.765: [Full GC 2.765: [Tenured: 140K->116K(1408K), 0.0048945 secs] 151K->116K(1984K), [Perm : 1336K->1336K(8192K)], 0.0049727 secs]
2.770: [Full GC 2.770: [Tenured: 116K->128K(1408K), 0.0046827 secs] 131K->128K(1984K), [Perm : 1336K->1336K(8192K)], 0.0047456 secs]
2.775: [Full GC 2.775: [Tenured: 128K->128K(1408K), 0.0045729 secs] 139K->128K(1984K), [Perm : 1336K->1336K(8192K)], 0.0046380 secs]
2.780: [Full GC 2.780: [Tenured: 128K->140K(1408K), 0.0043059 secs] 143K->140K(1984K), [Perm : 1336K->1336K(8192K)], 0.0043656 secs]
2.785: [Full GC 2.785: [Tenured: 140K->116K(1408K), 0.0048822 secs] 151K->116K(1984K), [Perm : 1336K->1336K(8192K)], 0.0049476 secs]
2.790: [Full GC 2.790: [Tenured: 116K->128K(1408K), 0.0044531 secs] 131K->128K(1984K), [Perm : 1336K->1336K(8192K)], 0.0045151 secs]
2.795: [Full GC 2.796: [Tenured: 128K->128K(1408K), 0.0046173 secs] 139K->128K(1984K), [Perm : 1336K->1336K(8192K)], 0.0046850 secs]
2.800: [Full GC 2.800: [Tenured: 128K->140K(1408K), 0.0047299 secs] 143K->140K(1984K), [Perm : 1336K->1336K(8192K)], 0.0047936 secs]
2.806: [Full GC 2.806: [Tenured: 140K->116K(1408K), 0.0046587 secs] 151K->116K(1984K), [Perm : 1336K->1336K(8192K)], 0.0047269 secs]
2.811: [Full GC 2.811: [Tenured: 116K->128K(1408K), 0.0043254 secs] 131K->128K(1984K), [Perm : 1336K->1336K(8192K)], 0.0043874 secs]
2.816: [Full GC 2.816: [Tenured: 128K->128K(1408K), 0.0049182 secs] 139K->128K(1984K), [Perm : 1336K->1336K(8192K)], 0.0049847 secs]
2.821: [Full GC 2.821: [Tenured: 128K->140K(1408K), 0.0044958 secs] 143K->140K(1984K), [Perm : 1336K->1336K(8192K)], 0.0045724 secs]
2.826: [Full GC 2.826: [Tenured: 140K->116K(1408K), 0.0046886 secs] 151K->116K(1984K), [Perm : 1336K->1336K(8192K)], 0.0047567 secs]
2.831: [Full GC 2.831: [Tenured: 116K->128K(1408K), 0.0047676 secs] 131K->128K(1984K), [Perm : 1336K->1336K(8192K)], 0.0048333 secs]
2.837: [Full GC 2.837: [Tenured: 128K->128K(1408K), 0.0046844 secs] 139K->128K(1984K), [Perm : 1336K->1336K(8192K)], 0.0047523 secs]
2.842: [Full GC 2.842: [Tenured: 128K->140K(1408K), 0.0044872 secs] 143K->140K(1984K), [Perm : 1336K->1336K(8192K)], 0.0045503 secs]
2.847: [Full GC 2.847: [Tenured: 140K->116K(1408K), 0.0049738 secs] 151K->116K(1984K), [Perm : 1336K->1336K(8192K)], 0.0050423 secs]
2.852: [Full GC 2.852: [Tenured: 116K->128K(1408K), 0.0046886 secs] 131K->128K(1984K), [Perm : 1336K->1336K(8192K)], 0.0047548 secs]
2.858: [Full GC 2.858: [Tenured: 128K->128K(1408K), 0.0047196 secs] 139K->128K(1984K), [Perm : 1336K->1336K(8192K)], 0.0047889 secs]
2.863: [Full GC 2.863: [Tenured: 128K->140K(1408K), 0.0048621 secs] 143K->140K(1984K), [Perm : 1336K->1336K(8192K)], 0.0049286 secs]
2.868: [Full GC 2.868: [Tenured: 140K->116K(1408K), 0.0046629 secs] 151K->116K(1984K), [Perm : 1336K->1336K(8192K)], 0.0047297 secs]
2.873: [Full GC 2.873: [Tenured: 116K->128K(1408K), 0.0044782 secs] 131K->128K(1984K), [Perm : 1336K->1336K(8192K)], 0.0045425 secs]
2.878: [Full GC 2.879: [Tenured: 128K->128K(1408K), 0.0049224 secs] 139K->128K(1984K), [Perm : 1336K->1336K(8192K)], 0.0049897 secs]
2.884: [Full GC 2.884: [Tenured: 128K->140K(1408K), 0.0048889 secs] 143K->140K(1984K), [Perm : 1336K->1336K(8192K)], 0.0049707 secs]
2.890: [Full GC 2.890: [Tenured: 140K->116K(1408K), 0.0047048 secs] 151K->116K(1984K), [Perm : 1336K->1336K(8192K)], 0.0047735 secs]
2.895: [Full GC 2.895: [Tenured: 116K->128K(1408K), 0.0051937 secs] 131K->128K(1984K), [Perm : 1336K->1336K(8192K)], 0.0052599 secs]
2.901: [Full GC 2.901: [Tenured: 128K->128K(1408K), 0.0048098 secs] 139K->128K(1984K), [Perm : 1336K->1336K(8192K)], 0.0048791 secs]
2.906: [Full GC 2.906: [Tenured: 128K->140K(1408K), 0.0044774 secs] 143K->140K(1984K), [Perm : 1336K->1336K(8192K)], 0.0045414 secs]
2.911: [Full GC 2.911: [Tenured: 140K->116K(1408K), 0.0048962 secs] 151K->116K(1984K), [Perm : 1336K->1336K(8192K)], 0.0049649 secs]
2.916: [Full GC 2.916: [Tenured: 116K->128K(1408K), 0.0043492 secs] 131K->128K(1984K), [Perm : 1336K->1336K(8192K)], 0.0044101 secs]
2.921: [Full GC 2.921: [Tenured: 128K->128K(1408K), 0.0045514 secs] 139K->128K(1984K), [Perm : 1336K->1336K(8192K)], 0.0046168 secs]
2.926: [Full GC 2.926: [Tenured: 128K->140K(1408K), 0.0046894 secs] 143K->140K(1984K), [Perm : 1336K->1336K(8192K)], 0.0047514 secs]
2.932: [Full GC 2.932: [Tenured: 140K->116K(1408K), 0.0045503 secs] 151K->116K(1984K), [Perm : 1336K->1336K(8192K)], 0.0046165 secs]
2.936: [Full GC 2.936: [Tenured: 116K->128K(1408K), 0.0043288 secs] 131K->128K(1984K), [Perm : 1336K->1336K(8192K)], 0.0043897 secs]
2.941: [Full GC 2.941: [Tenured: 128K->128K(1408K), 0.0048084 secs] 139K->128K(1984K), [Perm : 1336K->1336K(8192K)], 0.0048741 secs]
2.946: [Full GC 2.946: [Tenured: 128K->140K(1408K), 0.0044835 secs] 143K->140K(1984K), [Perm : 1336K->1336K(8192K)], 0.0045475 secs]
2.952: [Full GC 2.952: [Tenured: 140K->116K(1408K), 0.0046992 secs] 151K->116K(1984K), [Perm : 1336K->1336K(8192K)], 0.0047649 secs]
2.956: [Full GC 2.956: [Tenured: 116K->128K(1408K), 0.0047442 secs] 131K->128K(1984K), [Perm : 1336K->1336K(8192K)], 0.0048079 secs]
2.962: [Full GC 2.962: [Tenured: 128K->128K(1408K), 0.0046917 secs] 139K->128K(1984K), [Perm : 1336K->1336K(8192K)], 0.0047601 secs]
2.967: [Full GC 2.967: [Tenured: 128K->140K(1408K), 0.0043330 secs] 143K->140K(1984K), [Perm : 1336K->1336K(8192K)], 0.0043950 secs]
2.972: [Full GC 2.972: [Tenured: 140K->116K(1408K), 0.0048344 secs] 151K->116K(1984K), [Perm : 1336K->1336K(8192K)], 0.0049020 secs]
2.977: [Full GC 2.977: [Tenured: 116K->128K(1408K), 0.0044366 secs] 131K->128K(1984K), [Perm : 1336K->1336K(8192K)], 0.0045014 secs]
2.983: [Full GC 2.983: [Tenured: 128K->128K(1408K), 0.0046735 secs] 139K->128K(1984K), [Perm : 1336K->1336K(8192K)], 0.0047414 secs]
2.987: [Full GC 2.987: [Tenured: 128K->140K(1408K), 0.0047081 secs] 143K->140K(1984K), [Perm : 1336K->1336K(8192K)], 0.0047721 secs]
2.993: [Full GC 2.993: [Tenured: 140K->116K(1408K), 0.0047257 secs] 151K->116K(1984K), [Perm : 1336K->1336K(8192K)], 0.0047945 secs]
2.998: [Full GC 2.998: [Tenured: 116K->128K(1408K), 0.0044830 secs] 131K->128K(1984K), [Perm : 1336K->1336K(8192K)], 0.0045461 secs]
3.003: [Full GC 3.003: [Tenured: 128K->128K(1408K), 0.0049615 secs] 139K->128K(1984K), [Perm : 1336K->1336K(8192K)], 0.0050286 secs]
3.008: [Full GC 3.008: [Tenured: 128K->140K(1408K), 0.0044623 secs] 143K->140K(1984K), [Perm : 1336K->1336K(8192K)], 0.0045257 secs]
3.014: [Full GC 3.014: [Tenured: 140K->116K(1408K), 0.0047076 secs] 151K->116K(1984K), [Perm : 1336K->1336K(8192K)], 0.0047774 secs]
3.019: [Full GC 3.019: [Tenured: 116K->128K(1408K), 0.0047833 secs] 131K->128K(1984K), [Perm : 1336K->1336K(8192K)], 0.0048489 secs]
3.024: [Full GC 3.024: [Tenured: 128K->128K(1408K), 0.0046752 secs] 139K->128K(1984K), [Perm : 1336K->1336K(8192K)], 0.0047422 secs]
3.029: [Full GC 3.029: [Tenured: 128K->140K(1408K), 0.0043774 secs] 143K->140K(1984K), [Perm : 1336K->1336K(8192K)], 0.0044399 secs]
3.034: [Full GC 3.034: [Tenured: 140K->116K(1408K), 0.0050741 secs] 151K->116K(1984K), [Perm : 1336K->1336K(8192K)], 0.0051434 secs]
3.040: [Full GC 3.040: [Tenured: 116K->128K(1408K), 0.0044299 secs] 131K->128K(1984K), [Perm : 1336K->1336K(8192K)], 0.0044925 secs]
3.045: [Full GC 3.045: [Tenured: 128K->128K(1408K), 0.0046833 secs] 139K->128K(1984K), [Perm : 1336K->1336K(8192K)], 0.0047514 secs]
3.050: [Full GC 3.050: [Tenured: 128K->140K(1408K), 0.0047132 secs] 143K->140K(1984K), [Perm : 1336K->1336K(8192K)], 0.0047794 secs]
3.055: [Full GC 3.055: [Tenured: 140K->116K(1408K), 0.0046009 secs] 151K->116K(1984K), [Perm : 1336K->1336K(8192K)], 0.0046690 secs]
3.060: [Full GC 3.060: [Tenured: 116K->128K(1408K), 0.0043980 secs] 131K->128K(1984K), [Perm : 1336K->1336K(8192K)], 0.0044595 secs]
3.065: [Full GC 3.065: [Tenured: 128K->128K(1408K), 0.0050361 secs] 139K->128K(1984K), [Perm : 1336K->1336K(8192K)], 0.0051037 secs]
3.071: [Full GC 3.071: [Tenured: 128K->140K(1408K), 0.0044101 secs] 143K->140K(1984K), [Perm : 1336K->1336K(8192K)], 0.0044712 secs]
3.076: [Full GC 3.076: [Tenured: 140K->116K(1408K), 0.0046690 secs] 151K->116K(1984K), [Perm : 1336K->1336K(8192K)], 0.0047366 secs]
3.081: [Full GC 3.081: [Tenured: 116K->128K(1408K), 0.0046324 secs] 131K->128K(1984K), [Perm : 1336K->1336K(8192K)], 0.0046964 secs]
3.086: [Full GC 3.086: [Tenured: 128K->128K(1408K), 0.0045640 secs] 139K->128K(1984K), [Perm : 1336K->1336K(8192K)], 0.0046299 secs]
3.091: [Full GC 3.091: [Tenured: 128K->140K(1408K), 0.0043086 secs] 143K->140K(1984K), [Perm : 1336K->1336K(8192K)], 0.0043684 secs]
3.096: [Full GC 3.096: [Tenured: 140K->116K(1408K), 0.0048394 secs] 151K->116K(1984K), [Perm : 1336K->1336K(8192K)], 0.0049065 secs]
3.101: [Full GC 3.101: [Tenured: 116K->128K(1408K), 0.0043377 secs] 131K->128K(1984K), [Perm : 1336K->1336K(8192K)], 0.0043972 secs]
3.106: [Full GC 3.106: [Tenured: 128K->128K(1408K), 0.0045062 secs] 139K->128K(1984K), [Perm : 1336K->1336K(8192K)], 0.0045713 secs]
3.111: [Full GC 3.111: [Tenured: 128K->140K(1408K), 0.0043148 secs] 143K->140K(1984K), [Perm : 1336K->1336K(8192K)], 0.0043740 secs]
3.116: [Full GC 3.116: [Tenured: 140K->116K(1408K), 0.0046302 secs] 151K->116K(1984K), [Perm : 1336K->1336K(8192K)], 0.0046981 secs]
3.121: [Full GC 3.121: [Tenured: 116K->128K(1408K), 0.0043682 secs] 131K->128K(1984K), [Perm : 1336K->1336K(8192K)], 0.0044285 secs]
3.126: [Full GC 3.126: [Tenured: 128K->128K(1408K), 0.0046450 secs] 139K->128K(1984K), [Perm : 1336K->1336K(8192K)], 0.0047104 secs]
3.131: [Full GC 3.131: [Tenured: 128K->140K(1408K), 0.0047333 secs] 143K->140K(1984K), [Perm : 1336K->1336K(8192K)], 0.0047947 secs]
3.138: [Full GC 3.138: [Tenured: 140K->116K(1408K), 0.0048623 secs] 151K->116K(1984K), [Perm : 1336K->1336K(8192K)], 0.0049492 secs]
3.143: [Full GC 3.143: [Tenured: 116K->128K(1408K), 0.0047567 secs] 131K->128K(1984K), [Perm : 1336K->1336K(8192K)], 0.0048196 secs]
3.149: [Full GC 3.149: [Tenured: 128K->128K(1408K), 0.0045746 secs] 139K->128K(1984K), [Perm : 1336K->1336K(8192K)], 0.0046405 secs]
3.153: [Full GC 3.153: [Tenured: 128K->140K(1408K), 0.0043170 secs] 143K->140K(1984K), [Perm : 1336K->1336K(8192K)], 0.0043774 secs]
3.158: [Full GC 3.158: [Tenured: 140K->116K(1408K), 0.0048816 secs] 151K->116K(1984K), [Perm : 1336K->1336K(8192K)], 0.0049481 secs]
3.163: [Full GC 3.163: [Tenured: 116K->128K(1408K), 0.0043483 secs] 131K->128K(1984K), [Perm : 1336K->1336K(8192K)], 0.0044106 secs]
3.168: [Full GC 3.168: [Tenured: 128K->128K(1408K), 0.0045014 secs] 139K->128K(1984K), [Perm : 1336K->1336K(8192K)], 0.0045671 secs]
3.173: [Full GC 3.173: [Tenured: 128K->140K(1408K), 0.0043114 secs] 143K->140K(1984K), [Perm : 1336K->1336K(8192K)], 0.0043712 secs]
3.178: [Full GC 3.178: [Tenured: 140K->116K(1408K), 0.0045492 secs] 151K->116K(1984K), [Perm : 1336K->1336K(8192K)], 0.0046146 secs]
3.183: [Full GC 3.183: [Tenured: 116K->128K(1408K), 0.0043223 secs] 131K->128K(1984K), [Perm : 1336K->1336K(8192K)], 0.0043827 secs]
3.188: [Full GC 3.188: [Tenured: 128K->128K(1408K), 0.0046417 secs] 139K->128K(1984K), [Perm : 1336K->1336K(8192K)], 0.0047062 secs]
3.193: [Full GC 3.193: [Tenured: 128K->140K(1408K), 0.0047154 secs] 143K->140K(1984K), [Perm : 1336K->1336K(8192K)], 0.0047780 secs]
3.199: [Full GC 3.199: [Tenured: 140K->116K(1408K), 0.0045595 secs] 151K->116K(1984K), [Perm : 1336K->1336K(8192K)], 0.0046246 secs]
3.203: [Full GC 3.203: [Tenured: 116K->128K(1408K), 0.0043262 secs] 131K->128K(1984K), [Perm : 1336K->1336K(8192K)], 0.0043866 secs]
3.208: [Full GC 3.208: [Tenured: 128K->128K(1408K), 0.0047883 secs] 139K->128K(1984K), [Perm : 1336K->1336K(8192K)], 0.0048542 secs]
3.213: [Full GC 3.213: [Tenured: 128K->140K(1408K), 0.0043028 secs] 143K->140K(1984K), [Perm : 1336K->1336K(8192K)], 0.0043617 secs]
3.218: [Full GC 3.218: [Tenured: 140K->116K(1408K), 0.0045260 secs] 151K->116K(1984K), [Perm : 1336K->1336K(8192K)], 0.0045922 secs]
3.223: [Full GC 3.223: [Tenured: 116K->128K(1408K), 0.0055208 secs] 131K->128K(1984K), [Perm : 1336K->1336K(8192K)], 0.0055918 secs]
3.265: [Full GC 3.265: [Tenured: 128K->128K(1408K), 0.0051462 secs] 139K->128K(1984K), [Perm : 1336K->1336K(8192K)], 0.0052266 secs]
3.271: [Full GC 3.271: [Tenured: 128K->140K(1408K), 0.0049992 secs] 143K->140K(1984K), [Perm : 1336K->1336K(8192K)], 0.0050674 secs]
3.276: [Full GC 3.276: [Tenured: 140K->116K(1408K), 0.0046123 secs] 151K->116K(1984K), [Perm : 1336K->1336K(8192K)], 0.0046794 secs]
3.281: [Full GC 3.281: [Tenured: 116K->128K(1408K), 0.0046470 secs] 131K->128K(1984K), [Perm : 1336K->1336K(8192K)], 0.0047126 secs]
3.287: [Full GC 3.287: [Tenured: 128K->128K(1408K), 0.0048369 secs] 139K->128K(1984K), [Perm : 1336K->1336K(8192K)], 0.0049048 secs]
3.292: [Full GC 3.292: [Tenured: 128K->140K(1408K), 0.0046439 secs] 142K->140K(1984K), [Perm : 1336K->1336K(8192K)], 0.0047079 secs]
3.297: [Full GC 3.297: [Tenured: 140K->116K(1408K), 0.0045293 secs] 151K->116K(1984K), [Perm : 1336K->1336K(8192K)], 0.0045928 secs]
3.302: [Full GC 3.302: [Tenured: 116K->128K(1408K), 0.0052702 secs] 131K->128K(1984K), [Perm : 1336K->1336K(8192K)], 0.0053403 secs]
3.308: [Full GC 3.308: [Tenured: 128K->128K(1408K), 0.0047707 secs] 139K->128K(1984K), [Perm : 1336K->1336K(8192K)], 0.0048403 secs]
3.313: [Full GC 3.313: [Tenured: 128K->140K(1408K), 0.0044237 secs] 143K->140K(1984K), [Perm : 1336K->1336K(8192K)], 0.0044860 secs]
3.318: [Full GC 3.318: [Tenured: 140K->116K(1408K), 0.0049512 secs] 151K->116K(1984K), [Perm : 1336K->1336K(8192K)], 0.0050174 secs]
3.324: [Full GC 3.324: [Tenured: 116K->128K(1408K), 0.0044545 secs] 131K->128K(1984K), [Perm : 1336K->1336K(8192K)], 0.0045182 secs]
3.329: [Full GC 3.329: [Tenured: 128K->128K(1408K), 0.0045196 secs] 139K->128K(1984K), [Perm : 1336K->1336K(8192K)], 0.0045844 secs]
3.334: [Full GC 3.334: [Tenured: 128K->140K(1408K), 0.0046439 secs] 143K->140K(1984K), [Perm : 1336K->1336K(8192K)], 0.0047053 secs]
3.339: [Full GC 3.339: [Tenured: 140K->116K(1408K), 0.0045157 secs] 151K->116K(1984K), [Perm : 1336K->1336K(8192K)], 0.0045805 secs]
3.344: [Full GC 3.344: [Tenured: 116K->128K(1408K), 0.0044050 secs] 131K->128K(1984K), [Perm : 1336K->1336K(8192K)], 0.0044668 secs]
3.349: [Full GC 3.349: [Tenured: 128K->128K(1408K), 0.0047528 secs] 139K->128K(1984K), [Perm : 1336K->1336K(8192K)], 0.0048185 secs]
3.354: [Full GC 3.354: [Tenured: 128K->140K(1408K), 0.0043721 secs] 143K->140K(1984K), [Perm : 1336K->1336K(8192K)], 0.0044338 secs]
3.359: [Full GC 3.359: [Tenured: 140K->116K(1408K), 0.0044835 secs] 151K->116K(1984K), [Perm : 1336K->1336K(8192K)], 0.0045481 secs]
3.363: [Full GC 3.363: [Tenured: 116K->128K(1408K), 0.0047548 secs] 131K->128K(1984K), [Perm : 1336K->1336K(8192K)], 0.0048182 secs]
3.369: [Full GC 3.369: [Tenured: 128K->128K(1408K), 0.0045210 secs] 139K->128K(1984K), [Perm : 1336K->1336K(8192K)], 0.0045852 secs]
3.374: [Full GC 3.374: [Tenured: 128K->140K(1408K), 0.0043494 secs] 143K->140K(1984K), [Perm : 1336K->1336K(8192K)], 0.0044106 secs]
3.378: [Full GC 3.378: [Tenured: 140K->116K(1408K), 0.0047716 secs] 151K->116K(1984K), [Perm : 1336K->1336K(8192K)], 0.0048369 secs]
3.384: [Full GC 3.384: [Tenured: 116K->128K(1408K), 0.0045701 secs] 131K->128K(1984K), [Perm : 1336K->1336K(8192K)], 0.0046347 secs]
3.389: [Full GC 3.389: [Tenured: 128K->128K(1408K), 0.0045064 secs] 139K->128K(1984K), [Perm : 1336K->1336K(8192K)], 0.0045718 secs]
3.394: [Full GC 3.394: [Tenured: 128K->140K(1408K), 0.0047492 secs] 143K->140K(1984K), [Perm : 1336K->1336K(8192K)], 0.0048140 secs]
3.399: [Full GC 3.399: [Tenured: 140K->116K(1408K), 0.0046439 secs] 151K->116K(1984K), [Perm : 1336K->1336K(8192K)], 0.0047109 secs]
3.404: [Full GC 3.404: [Tenured: 116K->128K(1408K), 0.0044548 secs] 131K->128K(1984K), [Perm : 1336K->1336K(8192K)], 0.0045179 secs]
3.409: [Full GC 3.409: [Tenured: 128K->128K(1408K), 0.0048679 secs] 139K->128K(1984K), [Perm : 1336K->1336K(8192K)], 0.0049344 secs]
3.415: [Full GC 3.415: [Tenured: 128K->140K(1408K), 0.0044045 secs] 143K->140K(1984K), [Perm : 1336K->1336K(8192K)], 0.0044668 secs]
3.420: [Full GC 3.420: [Tenured: 140K->116K(1408K), 0.0044886 secs] 151K->116K(1984K), [Perm : 1336K->1336K(8192K)], 0.0045537 secs]
3.425: [Full GC 3.425: [Tenured: 116K->128K(1408K), 0.0048970 secs] 131K->128K(1984K), [Perm : 1336K->1336K(8192K)], 0.0049632 secs]
3.430: [Full GC 3.430: [Tenured: 128K->128K(1408K), 0.0045285 secs] 139K->128K(1984K), [Perm : 1336K->1336K(8192K)], 0.0045944 secs]
3.435: [Full GC 3.435: [Tenured: 128K->140K(1408K), 0.0044089 secs] 143K->140K(1984K), [Perm : 1336K->1336K(8192K)], 0.0044710 secs]
3.440: [Full GC 3.440: [Tenured: 140K->116K(1408K), 0.0050627 secs] 151K->116K(1984K), [Perm : 1336K->1336K(8192K)], 0.0051311 secs]
3.446: [Full GC 3.446: [Tenured: 116K->128K(1408K), 0.0044626 secs] 131K->128K(1984K), [Perm : 1336K->1336K(8192K)], 0.0045252 secs]
3.451: [Full GC 3.451: [Tenured: 128K->128K(1408K), 0.0044950 secs] 139K->128K(1984K), [Perm : 1336K->1336K(8192K)], 0.0045604 secs]
3.455: [Full GC 3.455: [Tenured: 128K->140K(1408K), 0.0046743 secs] 143K->140K(1984K), [Perm : 1336K->1336K(8192K)], 0.0047366 secs]
3.461: [Full GC 3.461: [Tenured: 140K->116K(1408K), 0.0045307 secs] 151K->116K(1984K), [Perm : 1336K->1336K(8192K)], 0.0045953 secs]
3.467: [Full GC 3.467: [Tenured: 116K->128K(1408K), 0.0049677 secs] 131K->128K(1984K), [Perm : 1336K->1336K(8192K)], 0.0050386 secs]
3.473: [Full GC 3.473: [Tenured: 128K->128K(1408K), 0.0050015 secs] 139K->128K(1984K), [Perm : 1336K->1336K(8192K)], 0.0050688 secs]
3.478: [Full GC 3.478: [Tenured: 128K->140K(1408K), 0.0043913 secs] 143K->140K(1984K), [Perm : 1336K->1336K(8192K)], 0.0044542 secs]
3.483: [Full GC 3.483: [Tenured: 140K->116K(1408K), 0.0044930 secs] 151K->116K(1984K), [Perm : 1336K->1336K(8192K)], 0.0045581 secs]
3.488: [Full GC 3.488: [Tenured: 116K->128K(1408K), 0.0066726 secs] 131K->128K(1984K), [Perm : 1336K->1336K(8192K)], 0.0067587 secs]
3.495: [Full GC 3.495: [Tenured: 128K->128K(1408K), 0.0047408 secs] 139K->128K(1984K), [Perm : 1336K->1336K(8192K)], 0.0048177 secs]
3.500: [Full GC 3.500: [Tenured: 128K->140K(1408K), 0.0045190 secs] 143K->140K(1984K), [Perm : 1336K->1336K(8192K)], 0.0045835 secs]
3.506: [Full GC 3.506: [Tenured: 140K->116K(1408K), 0.0048721 secs] 151K->116K(1984K), [Perm : 1336K->1336K(8192K)], 0.0049397 secs]
3.511: [Full GC 3.511: [Tenured: 116K->128K(1408K), 0.0043933 secs] 131K->128K(1984K), [Perm : 1336K->1336K(8192K)], 0.0044553 secs]
3.516: [Full GC 3.516: [Tenured: 128K->128K(1408K), 0.0045291 secs] 139K->128K(1984K), [Perm : 1336K->1336K(8192K)], 0.0045936 secs]
3.521: [Full GC 3.521: [Tenured: 128K->140K(1408K), 0.0048193 secs] 143K->140K(1984K), [Perm : 1336K->1336K(8192K)], 0.0048825 secs]
3.526: [Full GC 3.526: [Tenured: 140K->116K(1408K), 0.0046310 secs] 151K->116K(1984K), [Perm : 1336K->1336K(8192K)], 0.0046978 secs]
3.531: [Full GC 3.531: [Tenured: 116K->128K(1408K), 0.0046034 secs] 131K->128K(1984K), [Perm : 1336K->1336K(8192K)], 0.0046685 secs]
3.536: [Full GC 3.536: [Tenured: 128K->128K(1408K), 0.0048621 secs] 139K->128K(1984K), [Perm : 1336K->1336K(8192K)], 0.0049294 secs]
3.542: [Full GC 3.542: [Tenured: 128K->140K(1408K), 0.0045229 secs] 143K->140K(1984K), [Perm : 1336K->1336K(8192K)], 0.0045863 secs]
3.547: [Full GC 3.547: [Tenured: 140K->116K(1408K), 0.0045914 secs] 151K->116K(1984K), [Perm : 1336K->1336K(8192K)], 0.0046567 secs]
3.552: [Full GC 3.552: [Tenured: 116K->128K(1408K), 0.0052225 secs] 131K->128K(1984K), [Perm : 1336K->1336K(8192K)], 0.0052929 secs]
3.558: [Full GC 3.558: [Tenured: 128K->128K(1408K), 0.0046296 secs] 139K->128K(1984K), [Perm : 1336K->1336K(8192K)], 0.0046956 secs]
3.562: [Full GC 3.562: [Tenured: 128K->140K(1408K), 0.0045883 secs] 143K->140K(1984K), [Perm : 1336K->1336K(8192K)], 0.0046528 secs]
3.568: [Full GC 3.568: [Tenured: 140K->116K(1408K), 0.0049151 secs] 151K->116K(1984K), [Perm : 1336K->1336K(8192K)], 0.0049900 secs]
3.573: [Full GC 3.573: [Tenured: 116K->128K(1408K), 0.0045436 secs] 131K->128K(1984K), [Perm : 1336K->1336K(8192K)], 0.0046073 secs]
3.579: [Full GC 3.579: [Tenured: 128K->128K(1408K), 0.0047540 secs] 139K->128K(1984K), [Perm : 1336K->1336K(8192K)], 0.0048224 secs]
3.584: [Full GC 3.584: [Tenured: 128K->140K(1408K), 0.0050998 secs] 143K->140K(1984K), [Perm : 1336K->1336K(8192K)], 0.0051669 secs]
3.590: [Full GC 3.590: [Tenured: 140K->116K(1408K), 0.0046782 secs] 151K->116K(1984K), [Perm : 1336K->1336K(8192K)], 0.0047450 secs]
3.595: [Full GC 3.595: [Tenured: 116K->128K(1408K), 0.0045210 secs] 131K->128K(1984K), [Perm : 1336K->1336K(8192K)], 0.0045858 secs]
3.600: [Full GC 3.600: [Tenured: 128K->128K(1408K), 0.0046330 secs] 139K->128K(1984K), [Perm : 1336K->1336K(8192K)], 0.0049395 secs]
3.605: [Full GC 3.605: [Tenured: 128K->140K(1408K), 0.0045179 secs] 143K->140K(1984K), [Perm : 1336K->1336K(8192K)], 0.0045827 secs]
3.610: [Full GC 3.610: [Tenured: 140K->116K(1408K), 0.0046394 secs] 151K->116K(1984K), [Perm : 1336K->1336K(8192K)], 0.0047059 secs]
3.615: [Full GC 3.615: [Tenured: 116K->128K(1408K), 0.0049308 secs] 131K->128K(1984K), [Perm : 1336K->1336K(8192K)], 0.0049976 secs]
3.621: [Full GC 3.621: [Tenured: 128K->128K(1408K), 0.0046232 secs] 139K->128K(1984K), [Perm : 1336K->1336K(8192K)], 0.0046908 secs]
3.626: [Full GC 3.626: [Tenured: 128K->140K(1408K), 0.0045120 secs] 143K->140K(1984K), [Perm : 1336K->1336K(8192K)], 0.0045754 secs]
3.631: [Full GC 3.631: [Tenured: 140K->116K(1408K), 0.0048922 secs] 151K->116K(1984K), [Perm : 1336K->1336K(8192K)], 0.0049601 secs]
3.636: [Full GC 3.636: [Tenured: 116K->128K(1408K), 0.0044235 secs] 131K->128K(1984K), [Perm : 1336K->1336K(8192K)], 0.0044869 secs]
3.641: [Full GC 3.641: [Tenured: 128K->128K(1408K), 0.0045500 secs] 139K->128K(1984K), [Perm : 1336K->1336K(8192K)], 0.0046154 secs]
3.646: [Full GC 3.646: [Tenured: 128K->140K(1408K), 0.0048255 secs] 143K->140K(1984K), [Perm : 1336K->1336K(8192K)], 0.0048903 secs]
3.651: [Full GC 3.651: [Tenured: 140K->116K(1408K), 0.0045791 secs] 151K->116K(1984K), [Perm : 1336K->1336K(8192K)], 0.0046458 secs]
3.656: [Full GC 3.656: [Tenured: 116K->128K(1408K), 0.0043992 secs] 131K->128K(1984K), [Perm : 1336K->1336K(8192K)], 0.0044615 secs]
3.661: [Full GC 3.661: [Tenured: 128K->128K(1408K), 0.0048643 secs] 139K->128K(1984K), [Perm : 1336K->1336K(8192K)], 0.0049302 secs]
3.666: [Full GC 3.666: [Tenured: 128K->140K(1408K), 0.0046115 secs] 143K->140K(1984K), [Perm : 1336K->1336K(8192K)], 0.0046766 secs]
3.672: [Full GC 3.672: [Tenured: 140K->116K(1408K), 0.0045701 secs] 151K->116K(1984K), [Perm : 1336K->1336K(8192K)], 0.0046358 secs]
3.676: [Full GC 3.676: [Tenured: 116K->128K(1408K), 0.0047235 secs] 131K->128K(1984K), [Perm : 1336K->1336K(8192K)], 0.0047875 secs]
3.682: [Full GC 3.682: [Tenured: 128K->128K(1408K), 0.0048942 secs] 139K->128K(1984K), [Perm : 1336K->1336K(8192K)], 0.0049666 secs]
3.688: [Full GC 3.688: [Tenured: 128K->140K(1408K), 0.0046065 secs] 143K->140K(1984K), [Perm : 1336K->1336K(8192K)], 0.0046718 secs]
3.693: [Full GC 3.693: [Tenured: 140K->116K(1408K), 0.0051546 secs] 151K->116K(1984K), [Perm : 1336K->1336K(8192K)], 0.0052236 secs]
3.699: [Full GC 3.699: [Tenured: 116K->128K(1408K), 0.0044679 secs] 131K->128K(1984K), [Perm : 1336K->1336K(8192K)], 0.0045313 secs]
3.704: [Full GC 3.704: [Tenured: 128K->128K(1408K), 0.0045676 secs] 139K->128K(1984K), [Perm : 1336K->1336K(8192K)], 0.0046338 secs]
3.709: [Full GC 3.709: [Tenured: 128K->140K(1408K), 0.0046883 secs] 143K->140K(1984K), [Perm : 1336K->1336K(8192K)], 0.0047512 secs]
3.714: [Full GC 3.714: [Tenured: 140K->116K(1408K), 0.0045696 secs] 151K->116K(1984K), [Perm : 1336K->1336K(8192K)], 0.0046349 secs]
3.719: [Full GC 3.719: [Tenured: 116K->128K(1408K), 0.0046062 secs] 131K->128K(1984K), [Perm : 1336K->1336K(8192K)], 0.0046701 secs]
3.724: [Full GC 3.724: [Tenured: 128K->128K(1408K), 0.0048671 secs] 139K->128K(1984K), [Perm : 1336K->1336K(8192K)], 0.0049344 secs]
3.729: [Full GC 3.729: [Tenured: 128K->140K(1408K), 0.0043930 secs] 143K->140K(1984K), [Perm : 1336K->1336K(8192K)], 0.0044548 secs]
3.734: [Full GC 3.734: [Tenured: 140K->116K(1408K), 0.0045553 secs] 151K->116K(1984K), [Perm : 1336K->1336K(8192K)], 0.0046190 secs]
3.739: [Full GC 3.739: [Tenured: 116K->128K(1408K), 0.0050652 secs] 131K->128K(1984K), [Perm : 1336K->1336K(8192K)], 0.0051333 secs]
3.745: [Full GC 3.745: [Tenured: 128K->128K(1408K), 0.0046433 secs] 139K->128K(1984K), [Perm : 1336K->1336K(8192K)], 0.0047098 secs]
3.750: [Full GC 3.750: [Tenured: 128K->140K(1408K), 0.0044335 secs] 143K->140K(1984K), [Perm : 1336K->1336K(8192K)], 0.0044958 secs]
3.755: [Full GC 3.755: [Tenured: 140K->116K(1408K), 0.0048325 secs] 151K->116K(1984K), [Perm : 1336K->1336K(8192K)], 0.0048998 secs]
3.760: [Full GC 3.760: [Tenured: 116K->128K(1408K), 0.0044034 secs] 131K->128K(1984K), [Perm : 1336K->1336K(8192K)], 0.0044648 secs]
3.765: [Full GC 3.765: [Tenured: 128K->128K(1408K), 0.0045525 secs] 139K->128K(1984K), [Perm : 1336K->1336K(8192K)], 0.0046173 secs]
3.770: [Full GC 3.770: [Tenured: 128K->140K(1408K), 0.0049615 secs] 143K->140K(1984K), [Perm : 1336K->1336K(8192K)], 0.0050395 secs]
3.775: [Full GC 3.775: [Tenured: 140K->116K(1408K), 0.0046271 secs] 151K->116K(1984K), [Perm : 1336K->1336K(8192K)], 0.0046945 secs]
3.781: [Full GC 3.781: [Tenured: 116K->128K(1408K), 0.0044433 secs] 131K->128K(1984K), [Perm : 1336K->1336K(8192K)], 0.0045059 secs]
3.786: [Full GC 3.786: [Tenured: 128K->128K(1408K), 0.0049084 secs] 139K->128K(1984K), [Perm : 1336K->1336K(8192K)], 0.0049752 secs]
3.791: [Full GC 3.791: [Tenured: 128K->140K(1408K), 0.0046858 secs] 143K->140K(1984K), [Perm : 1336K->1336K(8192K)], 0.0047531 secs]
3.796: [Full GC 3.796: [Tenured: 140K->116K(1408K), 0.0046224 secs] 151K->116K(1984K), [Perm : 1336K->1336K(8192K)], 0.0046886 secs]
3.801: [Full GC 3.801: [Tenured: 116K->128K(1408K), 0.0049322 secs] 131K->128K(1984K), [Perm : 1336K->1336K(8192K)], 0.0049967 secs]
3.807: [Full GC 3.807: [Tenured: 128K->128K(1408K), 0.0046908 secs] 139K->128K(1984K), [Perm : 1336K->1336K(8192K)], 0.0047576 secs]
3.812: [Full GC 3.812: [Tenured: 128K->140K(1408K), 0.0046897 secs] 143K->140K(1984K), [Perm : 1336K->1336K(8192K)], 0.0047562 secs]
3.817: [Full GC 3.817: [Tenured: 140K->116K(1408K), 0.0049598 secs] 151K->116K(1984K), [Perm : 1336K->1336K(8192K)], 0.0050286 secs]
3.822: [Full GC 3.822: [Tenured: 116K->128K(1408K), 0.0047210 secs] 131K->128K(1984K), [Perm : 1336K->1336K(8192K)], 0.0047872 secs]
3.829: [Full GC 3.829: [Tenured: 128K->128K(1408K), 0.0052730 secs] 139K->128K(1984K), [Perm : 1336K->1336K(8192K)], 0.0053462 secs]
3.835: [Full GC 3.835: [Tenured: 128K->140K(1408K), 0.0045509 secs] 143K->140K(1984K), [Perm : 1336K->1336K(8192K)], 0.0046165 secs]
3.840: [Full GC 3.840: [Tenured: 140K->116K(1408K), 0.0047869 secs] 151K->116K(1984K), [Perm : 1336K->1336K(8192K)], 0.0048556 secs]
3.845: [Full GC 3.845: [Tenured: 116K->128K(1408K), 0.0049076 secs] 131K->128K(1984K), [Perm : 1336K->1336K(8192K)], 0.0049819 secs]
3.852: [Full GC 3.852: [Tenured: 128K->128K(1408K), 0.0051593 secs] 139K->128K(1984K), [Perm : 1336K->1336K(8192K)], 0.0052328 secs]
3.858: [Full GC 3.858: [Tenured: 128K->140K(1408K), 0.0045062 secs] 143K->140K(1984K), [Perm : 1336K->1336K(8192K)], 0.0045696 secs]
3.863: [Full GC 3.863: [Tenured: 140K->116K(1408K), 0.0050937 secs] 151K->116K(1984K), [Perm : 1336K->1336K(8192K)], 0.0051641 secs]
3.868: [Full GC 3.868: [Tenured: 116K->128K(1408K), 0.0045307 secs] 131K->128K(1984K), [Perm : 1336K->1336K(8192K)], 0.0045942 secs]
3.873: [Full GC 3.873: [Tenured: 128K->128K(1408K), 0.0048012 secs] 139K->128K(1984K), [Perm : 1336K->1336K(8192K)], 0.0048699 secs]
3.878: [Full GC 3.878: [Tenured: 128K->140K(1408K), 0.0047584 secs] 143K->140K(1984K), [Perm : 1336K->1336K(8192K)], 0.0048235 secs]
3.884: [Full GC 3.884: [Tenured: 140K->116K(1408K), 0.0048140 secs] 151K->116K(1984K), [Perm : 1336K->1336K(8192K)], 0.0048839 secs]
3.889: [Full GC 3.889: [Tenured: 116K->128K(1408K), 0.0045034 secs] 131K->128K(1984K), [Perm : 1336K->1336K(8192K)], 0.0045673 secs]
3.894: [Full GC 3.894: [Tenured: 128K->128K(1408K), 0.0054359 secs] 139K->128K(1984K), [Perm : 1336K->1336K(8192K)], 0.0055060 secs]
3.900: [Full GC 3.900: [Tenured: 128K->140K(1408K), 0.0045229 secs] 143K->140K(1984K), [Perm : 1336K->1336K(8192K)], 0.0045863 secs]
3.906: [Full GC 3.906: [Tenured: 140K->116K(1408K), 0.0050562 secs] 151K->116K(1984K), [Perm : 1336K->1336K(8192K)], 0.0051269 secs]
3.911: [Full GC 3.911: [Tenured: 116K->128K(1408K), 0.0049585 secs] 131K->128K(1984K), [Perm : 1336K->1336K(8192K)], 0.0050227 secs]
3.917: [Full GC 3.917: [Tenured: 128K->128K(1408K), 0.0048369 secs] 139K->128K(1984K), [Perm : 1336K->1336K(8192K)], 0.0049051 secs]
3.922: [Full GC 3.922: [Tenured: 128K->140K(1408K), 0.0045028 secs] 143K->140K(1984K), [Perm : 1336K->1336K(8192K)], 0.0045662 secs]
3.927: [Full GC 3.927: [Tenured: 140K->116K(1408K), 0.0051202 secs] 151K->116K(1984K), [Perm : 1336K->1336K(8192K)], 0.0051889 secs]
3.933: [Full GC 3.933: [Tenured: 116K->128K(1408K), 0.0045316 secs] 131K->128K(1984K), [Perm : 1336K->1336K(8192K)], 0.0045953 secs]
3.938: [Full GC 3.938: [Tenured: 128K->128K(1408K), 0.0048218 secs] 139K->128K(1984K), [Perm : 1336K->1336K(8192K)], 0.0048992 secs]
3.943: [Full GC 3.943: [Tenured: 128K->140K(1408K), 0.0048464 secs] 143K->140K(1984K), [Perm : 1336K->1336K(8192K)], 0.0049107 secs]
3.949: [Full GC 3.949: [Tenured: 140K->116K(1408K), 0.0047006 secs] 151K->116K(1984K), [Perm : 1336K->1336K(8192K)], 0.0047674 secs]
3.954: [Full GC 3.954: [Tenured: 116K->128K(1408K), 0.0045738 secs] 131K->128K(1984K), [Perm : 1336K->1336K(8192K)], 0.0046377 secs]
3.959: [Full GC 3.959: [Tenured: 128K->128K(1408K), 0.0050453 secs] 139K->128K(1984K), [Perm : 1336K->1336K(8192K)], 0.0051135 secs]
3.965: [Full GC 3.965: [Tenured: 128K->140K(1408K), 0.0044947 secs] 143K->140K(1984K), [Perm : 1336K->1336K(8192K)], 0.0045587 secs]
3.970: [Full GC 3.970: [Tenured: 140K->116K(1408K), 0.0045154 secs] 151K->116K(1984K), [Perm : 1336K->1336K(8192K)], 0.0045796 secs]
3.974: [Full GC 3.974: [Tenured: 116K->128K(1408K), 0.0047341 secs] 131K->128K(1984K), [Perm : 1336K->1336K(8192K)], 0.0048101 secs]
3.980: [Full GC 3.980: [Tenured: 128K->128K(1408K), 0.0045204 secs] 139K->128K(1984K), [Perm : 1336K->1336K(8192K)], 0.0045866 secs]
3.984: [Full GC 3.984: [Tenured: 128K->140K(1408K), 0.0043718 secs] 143K->140K(1984K), [Perm : 1336K->1336K(8192K)], 0.0044327 secs]
3.989: [Full GC 3.989: [Tenured: 140K->116K(1408K), 0.0047950 secs] 151K->116K(1984K), [Perm : 1336K->1336K(8192K)], 0.0048598 secs]
3.995: [Full GC 3.995: [Tenured: 116K->128K(1408K), 0.0044824 secs] 131K->128K(1984K), [Perm : 1336K->1336K(8192K)], 0.0045444 secs]
4.000: [Full GC 4.000: [Tenured: 128K->128K(1408K), 0.0045039 secs] 139K->128K(1984K), [Perm : 1336K->1336K(8192K)], 0.0045673 secs]
4.004: [Full GC 4.004: [Tenured: 128K->140K(1408K), 0.0046626 secs] 143K->140K(1984K), [Perm : 1336K->1336K(8192K)], 0.0047235 secs]
4.010: [Full GC 4.010: [Tenured: 140K->116K(1408K), 0.0045070 secs] 151K->116K(1984K), [Perm : 1336K->1336K(8192K)], 0.0045710 secs]
4.014: [Full GC 4.014: [Tenured: 116K->128K(1408K), 0.0043830 secs] 131K->128K(1984K), [Perm : 1336K->1336K(8192K)], 0.0044436 secs]
4.019: [Full GC 4.019: [Tenured: 128K->128K(1408K), 0.0049121 secs] 139K->128K(1984K), [Perm : 1336K->1336K(8192K)], 0.0049788 secs]
4.024: [Full GC 4.025: [Tenured: 128K->140K(1408K), 0.0043989 secs] 143K->140K(1984K), [Perm : 1336K->1336K(8192K)], 0.0044609 secs]
4.030: [Full GC 4.030: [Tenured: 140K->116K(1408K), 0.0045131 secs] 151K->116K(1984K), [Perm : 1336K->1336K(8192K)], 0.0045774 secs]
4.034: [Full GC 4.034: [Tenured: 116K->128K(1408K), 0.0046942 secs] 131K->128K(1984K), [Perm : 1336K->1336K(8192K)], 0.0047565 secs]
4.040: [Full GC 4.040: [Tenured: 128K->128K(1408K), 0.0045165 secs] 139K->128K(1984K), [Perm : 1336K->1336K(8192K)], 0.0045799 secs]
4.044: [Full GC 4.044: [Tenured: 128K->140K(1408K), 0.0043668 secs] 143K->140K(1984K), [Perm : 1336K->1336K(8192K)], 0.0044277 secs]
4.049: [Full GC 4.049: [Tenured: 140K->116K(1408K), 0.0048506 secs] 151K->116K(1984K), [Perm : 1336K->1336K(8192K)], 0.0049165 secs]
4.054: [Full GC 4.054: [Tenured: 116K->128K(1408K), 0.0044411 secs] 131K->128K(1984K), [Perm : 1336K->1336K(8192K)], 0.0045028 secs]
4.059: [Full GC 4.059: [Tenured: 128K->128K(1408K), 0.0044981 secs] 139K->128K(1984K), [Perm : 1336K->1336K(8192K)], 0.0045612 secs]
4.064: [Full GC 4.064: [Tenured: 128K->140K(1408K), 0.0043695 secs] 143K->140K(1984K), [Perm : 1336K->1336K(8192K)], 0.0047635 secs]
4.070: [Full GC 4.070: [Tenured: 140K->116K(1408K), 0.0047188 secs] 151K->116K(1984K), [Perm : 1336K->1336K(8192K)], 0.0047878 secs]
4.075: [Full GC 4.075: [Tenured: 116K->128K(1408K), 0.0044020 secs] 131K->128K(1984K), [Perm : 1336K->1336K(8192K)], 0.0044648 secs]
4.080: [Full GC 4.080: [Tenured: 128K->128K(1408K), 0.0045042 secs] 139K->128K(1984K), [Perm : 1336K->1336K(8192K)], 0.0048165 secs]
4.085: [Full GC 4.085: [Tenured: 128K->140K(1408K), 0.0044274 secs] 143K->140K(1984K), [Perm : 1336K->1336K(8192K)], 0.0044891 secs]
4.090: [Full GC 4.090: [Tenured: 140K->116K(1408K), 0.0045064 secs] 151K->116K(1984K), [Perm : 1336K->1336K(8192K)], 0.0045701 secs]
4.095: [Full GC 4.095: [Tenured: 116K->128K(1408K), 0.0043740 secs] 131K->128K(1984K), [Perm : 1336K->1336K(8192K)], 0.0044360 secs]
4.099: [Full GC 4.099: [Tenured: 128K->128K(1408K), 0.0047749 secs] 139K->128K(1984K), [Perm : 1336K->1336K(8192K)], 0.0048400 secs]
4.105: [Full GC 4.105: [Tenured: 128K->140K(1408K), 0.0043846 secs] 143K->140K(1984K), [Perm : 1336K->1336K(8192K)], 0.0044469 secs]
4.109: [Full GC 4.110: [Tenured: 140K->116K(1408K), 0.0045017 secs] 151K->116K(1984K), [Perm : 1336K->1336K(8192K)], 0.0045662 secs]
4.114: [Full GC 4.114: [Tenured: 116K->128K(1408K), 0.0046961 secs] 131K->128K(1984K), [Perm : 1336K->1336K(8192K)], 0.0047576 secs]
4.120: [Full GC 4.120: [Tenured: 128K->128K(1408K), 0.0045109 secs] 139K->128K(1984K), [Perm : 1336K->1336K(8192K)], 0.0045749 secs]
4.124: [Full GC 4.124: [Tenured: 128K->140K(1408K), 0.0043796 secs] 143K->140K(1984K), [Perm : 1336K->1336K(8192K)], 0.0044411 secs]
4.129: [Full GC 4.129: [Tenured: 140K->116K(1408K), 0.0049811 secs] 151K->116K(1984K), [Perm : 1336K->1336K(8192K)], 0.0050473 secs]
4.134: [Full GC 4.135: [Tenured: 116K->128K(1408K), 0.0044126 secs] 131K->128K(1984K), [Perm : 1336K->1336K(8192K)], 0.0044743 secs]
4.139: [Full GC 4.139: [Tenured: 128K->128K(1408K), 0.0044947 secs] 139K->128K(1984K), [Perm : 1336K->1336K(8192K)], 0.0045584 secs]
4.144: [Full GC 4.144: [Tenured: 128K->140K(1408K), 0.0046671 secs] 143K->140K(1984K), [Perm : 1336K->1336K(8192K)], 0.0047291 secs]
4.149: [Full GC 4.149: [Tenured: 140K->116K(1408K), 0.0046696 secs] 151K->116K(1984K), [Perm : 1336K->1336K(8192K)], 0.0047358 secs]
4.155: [Full GC 4.155: [Tenured: 116K->128K(1408K), 0.0044707 secs] 131K->128K(1984K), [Perm : 1336K->1336K(8192K)], 0.0045330 secs]
4.160: [Full GC 4.160: [Tenured: 128K->128K(1408K), 0.0049769 secs] 139K->128K(1984K), [Perm : 1336K->1336K(8192K)], 0.0050476 secs]
4.165: [Full GC 4.165: [Tenured: 128K->140K(1408K), 0.0044087 secs] 143K->140K(1984K), [Perm : 1336K->1336K(8192K)], 0.0044704 secs]
4.170: [Full GC 4.170: [Tenured: 140K->116K(1408K), 0.0045215 secs] 151K->116K(1984K), [Perm : 1336K->1336K(8192K)], 0.0045866 secs]
4.175: [Full GC 4.175: [Tenured: 116K->128K(1408K), 0.0047665 secs] 131K->128K(1984K), [Perm : 1336K->1336K(8192K)], 0.0048319 secs]
4.181: [Full GC 4.181: [Tenured: 128K->128K(1408K), 0.0046031 secs] 139K->128K(1984K), [Perm : 1336K->1336K(8192K)], 0.0046690 secs]
4.186: [Full GC 4.186: [Tenured: 128K->140K(1408K), 0.0043777 secs] 143K->140K(1984K), [Perm : 1336K->1336K(8192K)], 0.0044399 secs]
4.190: [Full GC 4.190: [Tenured: 140K->116K(1408K), 0.0047757 secs] 151K->116K(1984K), [Perm : 1336K->1336K(8192K)], 0.0048417 secs]
4.196: [Full GC 4.196: [Tenured: 116K->128K(1408K), 0.0043997 secs] 131K->128K(1984K), [Perm : 1336K->1336K(8192K)], 0.0044631 secs]
4.200: [Full GC 4.200: [Tenured: 128K->128K(1408K), 0.0045076 secs] 139K->128K(1984K), [Perm : 1336K->1336K(8192K)], 0.0045738 secs]
4.205: [Full GC 4.205: [Tenured: 128K->140K(1408K), 0.0046274 secs] 143K->140K(1984K), [Perm : 1336K->1336K(8192K)], 0.0046908 secs]
4.211: [Full GC 4.211: [Tenured: 140K->116K(1408K), 0.0045299 secs] 151K->116K(1984K), [Perm : 1336K->1336K(8192K)], 0.0045970 secs]
4.215: [Full GC 4.215: [Tenured: 116K->128K(1408K), 0.0043871 secs] 131K->128K(1984K), [Perm : 1336K->1336K(8192K)], 0.0044497 secs]
4.220: [Full GC 4.220: [Tenured: 128K->128K(1408K), 0.0044905 secs] 139K->128K(1984K), [Perm : 1336K->1336K(8192K)], 0.0045542 secs]
4.225: [Full GC 4.225: [Tenured: 128K->140K(1408K), 0.0044232 secs] 143K->140K(1984K), [Perm : 1336K->1336K(8192K)], 0.0044860 secs]
4.230: [Full GC 4.230: [Tenured: 140K->116K(1408K), 0.0045143 secs] 151K->116K(1984K), [Perm : 1336K->1336K(8192K)], 0.0045782 secs]
4.235: [Full GC 4.235: [Tenured: 116K->128K(1408K), 0.0043880 secs] 131K->128K(1984K), [Perm : 1336K->1336K(8192K)], 0.0044500 secs]
4.240: [Full GC 4.240: [Tenured: 128K->128K(1408K), 0.0049149 secs] 139K->128K(1984K), [Perm : 1336K->1336K(8192K)], 0.0049811 secs]
4.245: [Full GC 4.245: [Tenured: 128K->140K(1408K), 0.0043969 secs] 143K->140K(1984K), [Perm : 1336K->1336K(8192K)], 0.0044587 secs]
4.250: [Full GC 4.250: [Tenured: 140K->116K(1408K), 0.0045022 secs] 151K->116K(1984K), [Perm : 1336K->1336K(8192K)], 0.0045673 secs]
4.255: [Full GC 4.255: [Tenured: 116K->128K(1408K), 0.0050758 secs] 131K->128K(1984K), [Perm : 1336K->1336K(8192K)], 0.0051417 secs]
4.261: [Full GC 4.261: [Tenured: 128K->128K(1408K), 0.0045363 secs] 139K->128K(1984K), [Perm : 1336K->1336K(8192K)], 0.0046023 secs]
4.265: [Full GC 4.265: [Tenured: 128K->140K(1408K), 0.0043749 secs] 143K->140K(1984K), [Perm : 1336K->1336K(8192K)], 0.0044355 secs]
4.270: [Full GC 4.270: [Tenured: 140K->116K(1408K), 0.0048095 secs] 151K->116K(1984K), [Perm : 1336K->1336K(8192K)], 0.0048755 secs]
4.275: [Full GC 4.275: [Tenured: 116K->128K(1408K), 0.0044061 secs] 131K->128K(1984K), [Perm : 1336K->1336K(8192K)], 0.0044682 secs]
4.280: [Full GC 4.280: [Tenured: 128K->128K(1408K), 0.0045034 secs] 139K->128K(1984K), [Perm : 1336K->1336K(8192K)], 0.0045824 secs]
4.285: [Full GC 4.285: [Tenured: 128K->140K(1408K), 0.0047436 secs] 143K->140K(1984K), [Perm : 1336K->1336K(8192K)], 0.0048090 secs]
4.291: [Full GC 4.291: [Tenured: 140K->116K(1408K), 0.0045665 secs] 151K->116K(1984K), [Perm : 1336K->1336K(8192K)], 0.0046322 secs]
4.295: [Full GC 4.295: [Tenured: 116K->128K(1408K), 0.0044372 secs] 131K->128K(1984K), [Perm : 1336K->1336K(8192K)], 0.0044989 secs]
4.300: [Full GC 4.300: [Tenured: 128K->128K(1408K), 0.0059276 secs] 139K->128K(1984K), [Perm : 1336K->1336K(8192K)], 0.0059935 secs]
4.307: [Full GC 4.307: [Tenured: 128K->140K(1408K), 0.0044846 secs] 143K->140K(1984K), [Perm : 1336K->1336K(8192K)], 0.0045478 secs]
4.312: [Full GC 4.312: [Tenured: 140K->116K(1408K), 0.0045168 secs] 151K->116K(1984K), [Perm : 1336K->1336K(8192K)], 0.0045813 secs]
4.317: [Full GC 4.317: [Tenured: 116K->128K(1408K), 0.0047473 secs] 131K->128K(1984K), [Perm : 1336K->1336K(8192K)], 0.0048109 secs]
4.322: [Full GC 4.322: [Tenured: 128K->128K(1408K), 0.0048336 secs] 139K->128K(1984K), [Perm : 1336K->1336K(8192K)], 0.0049023 secs]
4.327: [Full GC 4.327: [Tenured: 128K->140K(1408K), 0.0045014 secs] 143K->140K(1984K), [Perm : 1336K->1336K(8192K)], 0.0045659 secs]
4.332: [Full GC 4.332: [Tenured: 140K->116K(1408K), 0.0049305 secs] 151K->116K(1984K), [Perm : 1336K->1336K(8192K)], 0.0049987 secs]
4.338: [Full GC 4.338: [Tenured: 116K->128K(1408K), 0.0045215 secs] 131K->128K(1984K), [Perm : 1336K->1336K(8192K)], 0.0045858 secs]
4.343: [Full GC 4.343: [Tenured: 128K->128K(1408K), 0.0048308 secs] 139K->128K(1984K), [Perm : 1336K->1336K(8192K)], 0.0049001 secs]
4.348: [Full GC 4.348: [Tenured: 128K->140K(1408K), 0.0048582 secs] 143K->140K(1984K), [Perm : 1336K->1336K(8192K)], 0.0049244 secs]
4.353: [Full GC 4.353: [Tenured: 140K->116K(1408K), 0.0045509 secs] 151K->116K(1984K), [Perm : 1336K->1336K(8192K)], 0.0046173 secs]
4.358: [Full GC 4.358: [Tenured: 116K->128K(1408K), 0.0044338 secs] 131K->128K(1984K), [Perm : 1336K->1336K(8192K)], 0.0044964 secs]
4.363: [Full GC 4.363: [Tenured: 128K->128K(1408K), 0.0051199 secs] 139K->128K(1984K), [Perm : 1336K->1336K(8192K)], 0.0051889 secs]
4.369: [Full GC 4.369: [Tenured: 128K->140K(1408K), 0.0045106 secs] 143K->140K(1984K), [Perm : 1336K->1336K(8192K)], 0.0045740 secs]
4.374: [Full GC 4.374: [Tenured: 140K->116K(1408K), 0.0048691 secs] 151K->116K(1984K), [Perm : 1336K->1336K(8192K)], 0.0049383 secs]
4.379: [Full GC 4.379: [Tenured: 116K->128K(1408K), 0.0050224 secs] 131K->128K(1984K), [Perm : 1336K->1336K(8192K)], 0.0050900 secs]
4.385: [Full GC 4.385: [Tenured: 128K->128K(1408K), 0.0049252 secs] 139K->128K(1984K), [Perm : 1336K->1336K(8192K)], 0.0049950 secs]
4.390: [Full GC 4.390: [Tenured: 128K->140K(1408K), 0.0045338 secs] 143K->140K(1984K), [Perm : 1336K->1336K(8192K)], 0.0045981 secs]
4.395: [Full GC 4.395: [Tenured: 140K->116K(1408K), 0.0051805 secs] 151K->116K(1984K), [Perm : 1336K->1336K(8192K)], 0.0052512 secs]
4.401: [Full GC 4.401: [Tenured: 116K->128K(1408K), 0.0045671 secs] 131K->128K(1984K), [Perm : 1336K->1336K(8192K)], 0.0046322 secs]
4.406: [Full GC 4.406: [Tenured: 128K->128K(1408K), 0.0048235 secs] 139K->128K(1984K), [Perm : 1336K->1336K(8192K)], 0.0048922 secs]
4.412: [Full GC 4.412: [Tenured: 128K->140K(1408K), 0.0048369 secs] 143K->140K(1984K), [Perm : 1336K->1336K(8192K)], 0.0049031 secs]
4.417: [Full GC 4.417: [Tenured: 140K->116K(1408K), 0.0047978 secs] 151K->116K(1984K), [Perm : 1336K->1336K(8192K)], 0.0048671 secs]
4.423: [Full GC 4.423: [Tenured: 116K->128K(1408K), 0.0046939 secs] 131K->128K(1984K), [Perm : 1336K->1336K(8192K)], 0.0047604 secs]
4.428: [Full GC 4.428: [Tenured: 128K->128K(1408K), 0.0056057 secs] 139K->128K(1984K), [Perm : 1336K->1336K(8192K)], 0.0056789 secs]
4.444: [Full GC 4.444: [Tenured: 128K->140K(1408K), 0.0052736 secs] 143K->140K(1984K), [Perm : 1336K->1336K(8192K)], 0.0053577 secs]
4.450: [Full GC 4.450: [Tenured: 140K->116K(1408K), 0.0047635 secs] 151K->116K(1984K), [Perm : 1336K->1336K(8192K)], 0.0050099 secs]
4.455: [Full GC 4.455: [Tenured: 116K->128K(1408K), 0.0052029 secs] 131K->128K(1984K), [Perm : 1336K->1336K(8192K)], 0.0052725 secs]
4.461: [Full GC 4.461: [Tenured: 128K->128K(1408K), 0.0047327 secs] 139K->128K(1984K), [Perm : 1336K->1336K(8192K)], 0.0048009 secs]
4.466: [Full GC 4.466: [Tenured: 128K->140K(1408K), 0.0044514 secs] 143K->140K(1984K), [Perm : 1336K->1336K(8192K)], 0.0045143 secs]
4.472: [Full GC 4.472: [Tenured: 140K->116K(1408K), 0.0050124 secs] 151K->116K(1984K), [Perm : 1336K->1336K(8192K)], 0.0050800 secs]
4.477: [Full GC 4.477: [Tenured: 116K->128K(1408K), 0.0045509 secs] 131K->128K(1984K), [Perm : 1336K->1336K(8192K)], 0.0046154 secs]
4.482: [Full GC 4.482: [Tenured: 128K->128K(1408K), 0.0046073 secs] 139K->128K(1984K), [Perm : 1336K->1336K(8192K)], 0.0046738 secs]
4.487: [Full GC 4.487: [Tenured: 128K->140K(1408K), 0.0048967 secs] 143K->140K(1984K), [Perm : 1336K->1336K(8192K)], 0.0049624 secs]
4.493: [Full GC 4.493: [Tenured: 140K->116K(1408K), 0.0046757 secs] 151K->116K(1984K), [Perm : 1336K->1336K(8192K)], 0.0047439 secs]
4.498: [Full GC 4.498: [Tenured: 116K->128K(1408K), 0.0047084 secs] 131K->128K(1984K), [Perm : 1336K->1336K(8192K)], 0.0047755 secs]
4.503: [Full GC 4.503: [Tenured: 128K->128K(1408K), 0.0050358 secs] 139K->128K(1984K), [Perm : 1336K->1336K(8192K)], 0.0051048 secs]
4.508: [Full GC 4.508: [Tenured: 128K->140K(1408K), 0.0045729 secs] 143K->140K(1984K), [Perm : 1336K->1336K(8192K)], 0.0046363 secs]
4.514: [Full GC 4.514: [Tenured: 140K->116K(1408K), 0.0046182 secs] 151K->116K(1984K), [Perm : 1336K->1336K(8192K)], 0.0046833 secs]
4.518: [Full GC 4.518: [Tenured: 116K->128K(1408K), 0.0049981 secs] 131K->128K(1984K), [Perm : 1336K->1336K(8192K)], 0.0050652 secs]
4.524: [Full GC 4.524: [Tenured: 128K->128K(1408K), 0.0046777 secs] 139K->128K(1984K), [Perm : 1336K->1336K(8192K)], 0.0047436 secs]
4.529: [Full GC 4.529: [Tenured: 128K->140K(1408K), 0.0047000 secs] 143K->140K(1984K), [Perm : 1336K->1336K(8192K)], 0.0047671 secs]
4.535: [Full GC 4.535: [Tenured: 140K->116K(1408K), 0.0049657 secs] 151K->116K(1984K), [Perm : 1336K->1336K(8192K)], 0.0050336 secs]
4.540: [Full GC 4.540: [Tenured: 116K->128K(1408K), 0.0047305 secs] 131K->128K(1984K), [Perm : 1336K->1336K(8192K)], 0.0047961 secs]
4.545: [Full GC 4.545: [Tenured: 128K->128K(1408K), 0.0046417 secs] 139K->128K(1984K), [Perm : 1336K->1336K(8192K)], 0.0047087 secs]
4.550: [Full GC 4.550: [Tenured: 128K->140K(1408K), 0.0052769 secs] 143K->140K(1984K), [Perm : 1336K->1336K(8192K)], 0.0053473 secs]
4.556: [Full GC 4.556: [Tenured: 140K->116K(1408K), 0.0046791 secs] 151K->116K(1984K), [Perm : 1336K->1336K(8192K)], 0.0047461 secs]
4.561: [Full GC 4.561: [Tenured: 116K->128K(1408K), 0.0047280 secs] 131K->128K(1984K), [Perm : 1336K->1336K(8192K)], 0.0047942 secs]
4.566: [Full GC 4.567: [Tenured: 128K->128K(1408K), 0.0050828 secs] 139K->128K(1984K), [Perm : 1336K->1336K(8192K)], 0.0051515 secs]
4.572: [Full GC 4.572: [Tenured: 128K->140K(1408K), 0.0047763 secs] 143K->140K(1984K), [Perm : 1336K->1336K(8192K)], 0.0048436 secs]
4.577: [Full GC 4.577: [Tenured: 140K->116K(1408K), 0.0046285 secs] 151K->116K(1984K), [Perm : 1336K->1336K(8192K)], 0.0046958 secs]
4.582: [Full GC 4.582: [Tenured: 116K->128K(1408K), 0.0048794 secs] 131K->128K(1984K), [Perm : 1336K->1336K(8192K)], 0.0049436 secs]
4.588: [Full GC 4.588: [Tenured: 128K->128K(1408K), 0.0046199 secs] 139K->128K(1984K), [Perm : 1336K->1336K(8192K)], 0.0046855 secs]
4.593: [Full GC 4.593: [Tenured: 128K->140K(1408K), 0.0046894 secs] 143K->140K(1984K), [Perm : 1336K->1336K(8192K)], 0.0047545 secs]
4.598: [Full GC 4.598: [Tenured: 140K->116K(1408K), 0.0049294 secs] 151K->116K(1984K), [Perm : 1336K->1336K(8192K)], 0.0049978 secs]
4.603: [Full GC 4.603: [Tenured: 116K->128K(1408K), 0.0047059 secs] 131K->128K(1984K), [Perm : 1336K->1336K(8192K)], 0.0047721 secs]
4.609: [Full GC 4.609: [Tenured: 128K->128K(1408K), 0.0046495 secs] 139K->128K(1984K), [Perm : 1336K->1336K(8192K)], 0.0047162 secs]
4.614: [Full GC 4.614: [Tenured: 128K->140K(1408K), 0.0048643 secs] 143K->140K(1984K), [Perm : 1336K->1336K(8192K)], 0.0049445 secs]
4.619: [Full GC 4.619: [Tenured: 140K->116K(1408K), 0.0046517 secs] 151K->116K(1984K), [Perm : 1336K->1336K(8192K)], 0.0047202 secs]
4.624: [Full GC 4.624: [Tenured: 116K->128K(1408K), 0.0044427 secs] 131K->128K(1984K), [Perm : 1336K->1336K(8192K)], 0.0045053 secs]
4.629: [Full GC 4.629: [Tenured: 128K->128K(1408K), 0.0048523 secs] 139K->128K(1984K), [Perm : 1336K->1336K(8192K)], 0.0049191 secs]
4.634: [Full GC 4.634: [Tenured: 128K->140K(1408K), 0.0046908 secs] 143K->140K(1984K), [Perm : 1336K->1336K(8192K)], 0.0047579 secs]
4.640: [Full GC 4.640: [Tenured: 140K->116K(1408K), 0.0046352 secs] 151K->116K(1984K), [Perm : 1336K->1336K(8192K)], 0.0047014 secs]
4.645: [Full GC 4.645: [Tenured: 116K->128K(1408K), 0.0046763 secs] 131K->128K(1984K), [Perm : 1336K->1336K(8192K)], 0.0047405 secs]
4.650: [Full GC 4.650: [Tenured: 128K->128K(1408K), 0.0045221 secs] 139K->128K(1984K), [Perm : 1336K->1336K(8192K)], 0.0045877 secs]
4.655: [Full GC 4.655: [Tenured: 128K->140K(1408K), 0.0043858 secs] 143K->140K(1984K), [Perm : 1336K->1336K(8192K)], 0.0044483 secs]
4.660: [Full GC 4.660: [Tenured: 140K->116K(1408K), 0.0047866 secs] 151K->116K(1984K), [Perm : 1336K->1336K(8192K)], 0.0048526 secs]
4.665: [Full GC 4.665: [Tenured: 116K->128K(1408K), 0.0044039 secs] 131K->128K(1984K), [Perm : 1336K->1336K(8192K)], 0.0044676 secs]
4.670: [Full GC 4.670: [Tenured: 128K->128K(1408K), 0.0044986 secs] 139K->128K(1984K), [Perm : 1336K->1336K(8192K)], 0.0045637 secs]
4.675: [Full GC 4.675: [Tenured: 128K->140K(1408K), 0.0047743 secs] 143K->140K(1984K), [Perm : 1336K->1336K(8192K)], 0.0048386 secs]
4.680: [Full GC 4.680: [Tenured: 140K->116K(1408K), 0.0046106 secs] 151K->116K(1984K), [Perm : 1336K->1336K(8192K)], 0.0046774 secs]
4.685: [Full GC 4.685: [Tenured: 116K->128K(1408K), 0.0045500 secs] 131K->128K(1984K), [Perm : 1336K->1336K(8192K)], 0.0046146 secs]
4.690: [Full GC 4.690: [Tenured: 128K->128K(1408K), 0.0048020 secs] 139K->128K(1984K), [Perm : 1336K->1336K(8192K)], 0.0048688 secs]
4.695: [Full GC 4.695: [Tenured: 128K->140K(1408K), 0.0044061 secs] 143K->140K(1984K), [Perm : 1336K->1336K(8192K)], 0.0044693 secs]
4.700: [Full GC 4.700: [Tenured: 140K->116K(1408K), 0.0045143 secs] 151K->116K(1984K), [Perm : 1336K->1336K(8192K)], 0.0045780 secs]
4.705: [Full GC 4.705: [Tenured: 116K->128K(1408K), 0.0046391 secs] 131K->128K(1984K), [Perm : 1336K->1336K(8192K)], 0.0047014 secs]
4.710: [Full GC 4.710: [Tenured: 128K->128K(1408K), 0.0045428 secs] 139K->128K(1984K), [Perm : 1336K->1336K(8192K)], 0.0046073 secs]
4.715: [Full GC 4.715: [Tenured: 128K->140K(1408K), 0.0043777 secs] 143K->140K(1984K), [Perm : 1336K->1336K(8192K)], 0.0044399 secs]
4.720: [Full GC 4.720: [Tenured: 140K->116K(1408K), 0.0045036 secs] 151K->116K(1984K), [Perm : 1336K->1336K(8192K)], 0.0045682 secs]
4.725: [Full GC 4.725: [Tenured: 116K->128K(1408K), 0.0047288 secs] 131K->128K(1984K), [Perm : 1336K->1336K(8192K)], 0.0047931 secs]
4.730: [Full GC 4.730: [Tenured: 128K->128K(1408K), 0.0045615 secs] 139K->128K(1984K), [Perm : 1336K->1336K(8192K)], 0.0046266 secs]
4.735: [Full GC 4.735: [Tenured: 128K->140K(1408K), 0.0043735 secs] 143K->140K(1984K), [Perm : 1336K->1336K(8192K)], 0.0044349 secs]
4.740: [Full GC 4.740: [Tenured: 140K->116K(1408K), 0.0047757 secs] 151K->116K(1984K), [Perm : 1336K->1336K(8192K)], 0.0048420 secs]
4.745: [Full GC 4.745: [Tenured: 116K->128K(1408K), 0.0044098 secs] 131K->128K(1984K), [Perm : 1336K->1336K(8192K)], 0.0044726 secs]
4.750: [Full GC 4.750: [Tenured: 128K->128K(1408K), 0.0044967 secs] 139K->128K(1984K), [Perm : 1336K->1336K(8192K)], 0.0045609 secs]
4.755: [Full GC 4.755: [Tenured: 128K->140K(1408K), 0.0046358 secs] 143K->140K(1984K), [Perm : 1336K->1336K(8192K)], 0.0046989 secs]
4.760: [Full GC 4.760: [Tenured: 140K->116K(1408K), 0.0045064 secs] 151K->116K(1984K), [Perm : 1336K->1336K(8192K)], 0.0045713 secs]
4.765: [Full GC 4.765: [Tenured: 116K->128K(1408K), 0.0043877 secs] 131K->128K(1984K), [Perm : 1336K->1336K(8192K)], 0.0044500 secs]
4.769: [Full GC 4.769: [Tenured: 128K->128K(1408K), 0.0047735 secs] 139K->128K(1984K), [Perm : 1336K->1336K(8192K)], 0.0048408 secs]
4.775: [Full GC 4.775: [Tenured: 128K->140K(1408K), 0.0043939 secs] 143K->140K(1984K), [Perm : 1336K->1336K(8192K)], 0.0044562 secs]
4.780: [Full GC 4.780: [Tenured: 140K->116K(1408K), 0.0045129 secs] 151K->116K(1984K), [Perm : 1336K->1336K(8192K)], 0.0045766 secs]
4.784: [Full GC 4.784: [Tenured: 116K->128K(1408K), 0.0048132 secs] 131K->128K(1984K), [Perm : 1336K->1336K(8192K)], 0.0048774 secs]
4.790: [Full GC 4.790: [Tenured: 128K->128K(1408K), 0.0045313 secs] 139K->128K(1984K), [Perm : 1336K->1336K(8192K)], 0.0045961 secs]
4.795: [Full GC 4.795: [Tenured: 128K->140K(1408K), 0.0043816 secs] 143K->140K(1984K), [Perm : 1336K->1336K(8192K)], 0.0044441 secs]
4.799: [Full GC 4.799: [Tenured: 140K->116K(1408K), 0.0048425 secs] 151K->116K(1984K), [Perm : 1336K->1336K(8192K)], 0.0049087 secs]
4.805: [Full GC 4.805: [Tenured: 116K->128K(1408K), 0.0045377 secs] 131K->128K(1984K), [Perm : 1336K->1336K(8192K)], 0.0046014 secs]
4.810: [Full GC 4.810: [Tenured: 128K->128K(1408K), 0.0045863 secs] 139K->128K(1984K), [Perm : 1336K->1336K(8192K)], 0.0046514 secs]
4.815: [Full GC 4.815: [Tenured: 128K->140K(1408K), 0.0046746 secs] 143K->140K(1984K), [Perm : 1336K->1336K(8192K)], 0.0047391 secs]
4.820: [Full GC 4.820: [Tenured: 140K->116K(1408K), 0.0045391 secs] 151K->116K(1984K), [Perm : 1336K->1336K(8192K)], 0.0046045 secs]
4.825: [Full GC 4.825: [Tenured: 116K->128K(1408K), 0.0043897 secs] 131K->128K(1984K), [Perm : 1336K->1336K(8192K)], 0.0044508 secs]
4.830: [Full GC 4.830: [Tenured: 128K->128K(1408K), 0.0045036 secs] 139K->128K(1984K), [Perm : 1336K->1336K(8192K)], 0.0045685 secs]
4.835: [Full GC 4.835: [Tenured: 128K->140K(1408K), 0.0048467 secs] 143K->140K(1984K), [Perm : 1336K->1336K(8192K)], 0.0049171 secs]
4.841: [Full GC 4.841: [Tenured: 140K->116K(1408K), 0.0045844 secs] 151K->116K(1984K), [Perm : 1336K->1336K(8192K)], 0.0046514 secs]
4.845: [Full GC 4.846: [Tenured: 116K->128K(1408K), 0.0050465 secs] 131K->128K(1984K), [Perm : 1336K->1336K(8192K)], 0.0051149 secs]
4.851: [Full GC 4.851: [Tenured: 128K->128K(1408K), 0.0046646 secs] 139K->128K(1984K), [Perm : 1336K->1336K(8192K)], 0.0047308 secs]
4.856: [Full GC 4.856: [Tenured: 128K->140K(1408K), 0.0047439 secs] 143K->140K(1984K), [Perm : 1336K->1336K(8192K)], 0.0048095 secs]
4.862: [Full GC 4.862: [Tenured: 140K->116K(1408K), 0.0049073 secs] 151K->116K(1984K), [Perm : 1336K->1336K(8192K)], 0.0049741 secs]
4.867: [Full GC 4.867: [Tenured: 116K->128K(1408K), 0.0047749 secs] 131K->128K(1984K), [Perm : 1336K->1336K(8192K)], 0.0048431 secs]
4.872: [Full GC 4.872: [Tenured: 128K->128K(1408K), 0.0046299 secs] 139K->128K(1984K), [Perm : 1336K->1336K(8192K)], 0.0046958 secs]
4.877: [Full GC 4.877: [Tenured: 128K->140K(1408K), 0.0059133 secs] 143K->140K(1984K), [Perm : 1336K->1336K(8192K)], 0.0059871 secs]
4.884: [Full GC 4.884: [Tenured: 140K->116K(1408K), 0.0048238 secs] 151K->116K(1984K), [Perm : 1336K->1336K(8192K)], 0.0048936 secs]
4.889: [Full GC 4.889: [Tenured: 116K->128K(1408K), 0.0047562 secs] 131K->128K(1984K), [Perm : 1336K->1336K(8192K)], 0.0048241 secs]
4.895: [Full GC 4.895: [Tenured: 128K->128K(1408K), 0.0053909 secs] 139K->128K(1984K), [Perm : 1336K->1336K(8192K)], 0.0054602 secs]
4.900: [Full GC 4.900: [Tenured: 128K->140K(1408K), 0.0047442 secs] 143K->140K(1984K), [Perm : 1336K->1336K(8192K)], 0.0048109 secs]
4.906: [Full GC 4.906: [Tenured: 140K->116K(1408K), 0.0047473 secs] 151K->116K(1984K), [Perm : 1336K->1336K(8192K)], 0.0048154 secs]
4.911: [Full GC 4.911: [Tenured: 116K->128K(1408K), 0.0048403 secs] 131K->128K(1984K), [Perm : 1336K->1336K(8192K)], 0.0049054 secs]
4.917: [Full GC 4.917: [Tenured: 128K->128K(1408K), 0.0047059 secs] 139K->128K(1984K), [Perm : 1336K->1336K(8192K)], 0.0047741 secs]
4.922: [Full GC 4.922: [Tenured: 128K->140K(1408K), 0.0057890 secs] 143K->140K(1984K), [Perm : 1336K->1336K(8192K)], 0.0058611 secs]
4.929: [Full GC 4.929: [Tenured: 140K->116K(1408K), 0.0049531 secs] 151K->116K(1984K), [Perm : 1336K->1336K(8192K)], 0.0050235 secs]
4.934: [Full GC 4.934: [Tenured: 116K->128K(1408K), 0.0044846 secs] 131K->128K(1984K), [Perm : 1336K->1336K(8192K)], 0.0045483 secs]
4.939: [Full GC 4.939: [Tenured: 128K->128K(1408K), 0.0060178 secs] 139K->128K(1984K), [Perm : 1336K->1336K(8192K)], 0.0060938 secs]
4.946: [Full GC 4.946: [Tenured: 128K->140K(1408K), 0.0048235 secs] 143K->140K(1984K), [Perm : 1336K->1336K(8192K)], 0.0048911 secs]
4.951: [Full GC 4.951: [Tenured: 140K->116K(1408K), 0.0048325 secs] 151K->116K(1984K), [Perm : 1336K->1336K(8192K)], 0.0049017 secs]
4.959: [Full GC 4.959: [Tenured: 116K->128K(1408K), 0.0053630 secs] 131K->128K(1984K), [Perm : 1336K->1336K(8192K)], 0.0054384 secs]
4.965: [Full GC 4.965: [Tenured: 128K->128K(1408K), 0.0047774 secs] 139K->128K(1984K), [Perm : 1336K->1336K(8192K)], 0.0048461 secs]
4.971: [Full GC 4.971: [Tenured: 128K->140K(1408K), 0.0054987 secs] 143K->140K(1984K), [Perm : 1336K->1336K(8192K)], 0.0055742 secs]
4.979: [Full GC 4.979: [Tenured: 140K->116K(1408K), 0.0050610 secs] 151K->116K(1984K), [Perm : 1336K->1336K(8192K)], 0.0051358 secs]
4.984: [Full GC 4.984: [Tenured: 116K->128K(1408K), 0.0046425 secs] 131K->128K(1984K), [Perm : 1336K->1336K(8192K)], 0.0047073 secs]
4.992: [Full GC 4.992: [Tenured: 128K->128K(1408K), 0.0050719 secs] 139K->128K(1984K), [Perm : 1336K->1336K(8192K)], 0.0051470 secs]
4.997: [Full GC 4.997: [Tenured: 128K->140K(1408K), 0.0045900 secs] 143K->140K(1984K), [Perm : 1336K->1336K(8192K)], 0.0046548 secs]
5.004: [Full GC 5.004: [Tenured: 140K->116K(1408K), 0.0055714 secs] 151K->116K(1984K), [Perm : 1336K->1336K(8192K)], 0.0056474 secs]
5.011: [Full GC 5.011: [Tenured: 116K->128K(1408K), 0.0050568 secs] 131K->128K(1984K), [Perm : 1336K->1336K(8192K)], 0.0051311 secs]
5.017: [Full GC 5.017: [Tenured: 128K->128K(1408K), 0.0047780 secs] 139K->128K(1984K), [Perm : 1336K->1336K(8192K)], 0.0048475 secs]
5.023: [Full GC 5.024: [Tenured: 128K->140K(1408K), 0.0050654 secs] 143K->140K(1984K), [Perm : 1336K->1336K(8192K)], 0.0051389 secs]
5.029: [Full GC 5.029: [Tenured: 140K->116K(1408K), 0.0047623 secs] 151K->116K(1984K), [Perm : 1336K->1336K(8192K)], 0.0048313 secs]
5.036: [Full GC 5.036: [Tenured: 116K->128K(1408K), 0.0053281 secs] 131K->128K(1984K), [Perm : 1336K->1336K(8192K)], 0.0054024 secs]
5.042: [Full GC 5.042: [Tenured: 128K->128K(1408K), 0.0047213 secs] 139K->128K(1984K), [Perm : 1336K->1336K(8192K)], 0.0047900 secs]
5.049: [Full GC 5.049: [Tenured: 128K->140K(1408K), 0.0052275 secs] 143K->140K(1984K), [Perm : 1336K->1336K(8192K)], 0.0052979 secs]
5.055: [Full GC 5.055: [Tenured: 140K->116K(1408K), 0.0046042 secs] 151K->116K(1984K), [Perm : 1336K->1336K(8192K)], 0.0046715 secs]
5.060: [Full GC 5.060: [Tenured: 116K->128K(1408K), 0.0044123 secs] 131K->128K(1984K), [Perm : 1336K->1336K(8192K)], 0.0044743 secs]
5.065: [Full GC 5.065: [Tenured: 128K->128K(1408K), 0.0048436 secs] 139K->128K(1984K), [Perm : 1336K->1336K(8192K)], 0.0049096 secs]
5.070: [Full GC 5.070: [Tenured: 128K->140K(1408K), 0.0045363 secs] 143K->140K(1984K), [Perm : 1336K->1336K(8192K)], 0.0045997 secs]
5.075: [Full GC 5.075: [Tenured: 140K->116K(1408K), 0.0045455 secs] 151K->116K(1984K), [Perm : 1336K->1336K(8192K)], 0.0046092 secs]
5.080: [Full GC 5.080: [Tenured: 116K->128K(1408K), 0.0046422 secs] 131K->128K(1984K), [Perm : 1336K->1336K(8192K)], 0.0047051 secs]
5.086: [Full GC 5.086: [Tenured: 128K->128K(1408K), 0.0045595 secs] 139K->128K(1984K), [Perm : 1336K->1336K(8192K)], 0.0046241 secs]
5.090: [Full GC 5.090: [Tenured: 128K->140K(1408K), 0.0043827 secs] 143K->140K(1984K), [Perm : 1336K->1336K(8192K)], 0.0044450 secs]
5.095: [Full GC 5.095: [Tenured: 140K->116K(1408K), 0.0045187 secs] 151K->116K(1984K), [Perm : 1336K->1336K(8192K)], 0.0045835 secs]
5.100: [Full GC 5.100: [Tenured: 116K->128K(1408K), 0.0044279 secs] 131K->128K(1984K), [Perm : 1336K->1336K(8192K)], 0.0044886 secs]
5.105: [Full GC 5.105: [Tenured: 128K->128K(1408K), 0.0045397 secs] 139K->128K(1984K), [Perm : 1336K->1336K(8192K)], 0.0046042 secs]
5.110: [Full GC 5.110: [Tenured: 128K->140K(1408K), 0.0044553 secs] 143K->140K(1984K), [Perm : 1336K->1336K(8192K)], 0.0046400 secs]
5.115: [Full GC 5.115: [Tenured: 140K->116K(1408K), 0.0049439 secs] 151K->116K(1984K), [Perm : 1336K->1336K(8192K)], 0.0050093 secs]
5.121: [Full GC 5.121: [Tenured: 116K->128K(1408K), 0.0044508 secs] 131K->128K(1984K), [Perm : 1336K->1336K(8192K)], 0.0045126 secs]
5.126: [Full GC 5.126: [Tenured: 128K->128K(1408K), 0.0045120 secs] 139K->128K(1984K), [Perm : 1336K->1336K(8192K)], 0.0045774 secs]
5.130: [Full GC 5.130: [Tenured: 128K->140K(1408K), 0.0047389 secs] 143K->140K(1984K), [Perm : 1336K->1336K(8192K)], 0.0048009 secs]
5.136: [Full GC 5.136: [Tenured: 140K->116K(1408K), 0.0046425 secs] 151K->116K(1984K), [Perm : 1336K->1336K(8192K)], 0.0047081 secs]
5.141: [Full GC 5.141: [Tenured: 116K->128K(1408K), 0.0043969 secs] 131K->128K(1984K), [Perm : 1336K->1336K(8192K)], 0.0044575 secs]
5.146: [Full GC 5.146: [Tenured: 128K->128K(1408K), 0.0048232 secs] 139K->128K(1984K), [Perm : 1336K->1336K(8192K)], 0.0048892 secs]
5.151: [Full GC 5.151: [Tenured: 128K->140K(1408K), 0.0046104 secs] 143K->140K(1984K), [Perm : 1336K->1336K(8192K)], 0.0046763 secs]
5.157: [Full GC 5.157: [Tenured: 140K->116K(1408K), 0.0045425 secs] 151K->116K(1984K), [Perm : 1336K->1336K(8192K)], 0.0046073 secs]
5.161: [Full GC 5.161: [Tenured: 116K->128K(1408K), 0.0047917 secs] 131K->128K(1984K), [Perm : 1336K->1336K(8192K)], 0.0048556 secs]
5.167: [Full GC 5.167: [Tenured: 128K->128K(1408K), 0.0045500 secs] 139K->128K(1984K), [Perm : 1336K->1336K(8192K)], 0.0046143 secs]
5.172: [Full GC 5.172: [Tenured: 128K->140K(1408K), 0.0043908 secs] 143K->140K(1984K), [Perm : 1336K->1336K(8192K)], 0.0044517 secs]
5.176: [Full GC 5.176: [Tenured: 140K->116K(1408K), 0.0048319 secs] 151K->116K(1984K), [Perm : 1336K->1336K(8192K)], 0.0048984 secs]
5.182: [Full GC 5.183: [Tenured: 116K->128K(1408K), 0.0046808 secs] 131K->128K(1984K), [Perm : 1336K->1336K(8192K)], 0.0047467 secs]
5.188: [Full GC 5.188: [Tenured: 128K->128K(1408K), 0.0045383 secs] 139K->128K(1984K), [Perm : 1336K->1336K(8192K)], 0.0046037 secs]
5.193: [Full GC 5.193: [Tenured: 128K->140K(1408K), 0.0046816 secs] 143K->140K(1984K), [Perm : 1336K->1336K(8192K)], 0.0047453 secs]
5.198: [Full GC 5.198: [Tenured: 140K->116K(1408K), 0.0046394 secs] 151K->116K(1984K), [Perm : 1336K->1336K(8192K)], 0.0047048 secs]
5.203: [Full GC 5.203: [Tenured: 116K->128K(1408K), 0.0044237 secs] 131K->128K(1984K), [Perm : 1336K->1336K(8192K)], 0.0044844 secs]
5.209: [Full GC 5.209: [Tenured: 128K->128K(1408K), 0.0049769 secs] 139K->128K(1984K), [Perm : 1336K->1336K(8192K)], 0.0050451 secs]
5.214: [Full GC 5.214: [Tenured: 128K->140K(1408K), 0.0045718 secs] 143K->140K(1984K), [Perm : 1336K->1336K(8192K)], 0.0046358 secs]
5.220: [Full GC 5.220: [Tenured: 140K->116K(1408K), 0.0050571 secs] 151K->116K(1984K), [Perm : 1336K->1336K(8192K)], 0.0051244 secs]
5.226: [Full GC 5.226: [Tenured: 116K->128K(1408K), 0.0045277 secs] 131K->128K(1984K), [Perm : 1336K->1336K(8192K)], 0.0045908 secs]
5.239: [Full GC 5.239: [Tenured: 128K->128K(1408K), 0.0053328 secs] 149K->128K(1984K), [Perm : 1336K->1336K(8192K)], 0.0054040 secs]
5.245: [Full GC 5.245: [Tenured: 128K->140K(1408K), 0.0047517 secs] 143K->140K(1984K), [Perm : 1336K->1336K(8192K)], 0.0048171 secs]
5.252: [Full GC 5.252: [Tenured: 140K->116K(1408K), 0.0057384 secs] 161K->116K(1984K), [Perm : 1336K->1336K(8192K)], 0.0058153 secs]
5.258: [Full GC 5.258: [Tenured: 116K->128K(1408K), 0.0047936 secs] 131K->128K(1984K), [Perm : 1336K->1336K(8192K)], 0.0048601 secs]
5.265: [Full GC 5.265: [Tenured: 128K->128K(1408K), 0.0053842 secs] 149K->128K(1984K), [Perm : 1336K->1336K(8192K)], 0.0054627 secs]
5.273: [Full GC 5.273: [Tenured: 128K->140K(1408K), 0.0052322 secs] 143K->140K(1984K), [Perm : 1336K->1336K(8192K)], 0.0053071 secs]
5.278: [Full GC 5.278: [Tenured: 140K->116K(1408K), 0.0048936 secs] 161K->116K(1984K), [Perm : 1336K->1336K(8192K)], 0.0049618 secs]
5.285: [Full GC 5.285: [Tenured: 116K->128K(1408K), 0.0056817 secs] 131K->128K(1984K), [Perm : 1336K->1336K(8192K)], 0.0057583 secs]
5.293: [Full GC 5.293: [Tenured: 128K->128K(1408K), 0.0052325 secs] 149K->128K(1984K), [Perm : 1336K->1336K(8192K)], 0.0053077 secs]
5.299: [Full GC 5.299: [Tenured: 128K->140K(1408K), 0.0050224 secs] 143K->140K(1984K), [Perm : 1336K->1336K(8192K)], 0.0050895 secs]
5.307: [Full GC 5.307: [Tenured: 140K->116K(1408K), 0.0054026 secs] 161K->116K(1984K), [Perm : 1336K->1336K(8192K)], 0.0054806 secs]
5.314: [Full GC 5.314: [Tenured: 116K->128K(1408K), 0.0055448 secs] 131K->128K(1984K), [Perm : 1336K->1336K(8192K)], 0.0056205 secs]
5.320: [Full GC 5.320: [Tenured: 128K->128K(1408K), 0.0049104 secs] 149K->128K(1984K), [Perm : 1336K->1336K(8192K)], 0.0049802 secs]
5.326: [Full GC 5.326: [Tenured: 128K->140K(1408K), 0.0052026 secs] 143K->140K(1984K), [Perm : 1336K->1336K(8192K)], 0.0052769 secs]
5.332: [Full GC 5.332: [Tenured: 140K->116K(1408K), 0.0052359 secs] 161K->116K(1984K), [Perm : 1336K->1336K(8192K)], 0.0053197 secs]
5.339: [Full GC 5.339: [Tenured: 116K->128K(1408K), 0.0053443 secs] 131K->128K(1984K), [Perm : 1336K->1336K(8192K)], 0.0054194 secs]
5.348: [Full GC 5.348: [Tenured: 128K->128K(1408K), 0.0056091 secs] 149K->128K(1984K), [Perm : 1336K->1336K(8192K)], 0.0056865 secs]
5.356: [Full GC 5.356: [Tenured: 128K->140K(1408K), 0.0052233 secs] 143K->140K(1984K), [Perm : 1336K->1336K(8192K)], 0.0052996 secs]
5.362: [Full GC 5.362: [Tenured: 140K->116K(1408K), 0.0053124 secs] 161K->116K(1984K), [Perm : 1336K->1336K(8192K)], 0.0053831 secs]
5.369: [Full GC 5.369: [Tenured: 116K->128K(1408K), 0.0052306 secs] 131K->128K(1984K), [Perm : 1336K->1336K(8192K)], 0.0053057 secs]
5.375: [Full GC 5.375: [Tenured: 128K->128K(1408K), 0.0048948 secs] 149K->128K(1984K), [Perm : 1336K->1336K(8192K)], 0.0049638 secs]
5.382: [Full GC 5.382: [Tenured: 128K->140K(1408K), 0.0052635 secs] 143K->140K(1984K), [Perm : 1336K->1336K(8192K)], 0.0053395 secs]
5.389: [Full GC 5.390: [Tenured: 140K->116K(1408K), 0.0052423 secs] 161K->116K(1984K), [Perm : 1336K->1336K(8192K)], 0.0053199 secs]
5.395: [Full GC 5.395: [Tenured: 116K->128K(1408K), 0.0051523 secs] 131K->128K(1984K), [Perm : 1336K->1336K(8192K)], 0.0052194 secs]
5.402: [Full GC 5.402: [Tenured: 128K->128K(1408K), 0.0052264 secs] 149K->128K(1984K), [Perm : 1336K->1336K(8192K)], 0.0053029 secs]
5.408: [Full GC 5.408: [Tenured: 128K->140K(1408K), 0.0050523 secs] 143K->140K(1984K), [Perm : 1336K->1336K(8192K)], 0.0051188 secs]
5.415: [Full GC 5.415: [Tenured: 140K->116K(1408K), 0.0052250 secs] 161K->116K(1984K), [Perm : 1336K->1336K(8192K)], 0.0053007 secs]
5.422: [Full GC 5.422: [Tenured: 116K->128K(1408K), 0.0051778 secs] 131K->128K(1984K), [Perm : 1336K->1336K(8192K)], 0.0052537 secs]
5.428: [Full GC 5.428: [Tenured: 128K->128K(1408K), 0.0049531 secs] 149K->128K(1984K), [Perm : 1336K->1336K(8192K)], 0.0050233 secs]
5.444: [Full GC 5.444: [Tenured: 128K->140K(1408K), 0.0052736 secs] 143K->140K(1984K), [Perm : 1336K->1336K(8192K)], 0.0053538 secs]
5.450: [Full GC 5.450: [Tenured: 140K->116K(1408K), 0.0049615 secs] 161K->116K(1984K), [Perm : 1336K->1336K(8192K)], 0.0050300 secs]
5.457: [Full GC 5.457: [Tenured: 116K->128K(1408K), 0.0055289 secs] 131K->128K(1984K), [Perm : 1336K->1336K(8192K)], 0.0056038 secs]
5.463: [Full GC 5.463: [Tenured: 128K->128K(1408K), 0.0049763 secs] 149K->128K(1984K), [Perm : 1336K->1336K(8192K)], 0.0050465 secs]
5.470: [Full GC 5.470: [Tenured: 128K->140K(1408K), 0.0056155 secs] 143K->140K(1984K), [Perm : 1336K->1336K(8192K)], 0.0056909 secs]
5.476: [Full GC 5.476: [Tenured: 140K->116K(1408K), 0.0048556 secs] 161K->116K(1984K), [Perm : 1336K->1336K(8192K)], 0.0049246 secs]
5.482: [Full GC 5.482: [Tenured: 116K->128K(1408K), 0.0046171 secs] 131K->128K(1984K), [Perm : 1336K->1336K(8192K)], 0.0047579 secs]
5.487: [Full GC 5.487: [Tenured: 128K->128K(1408K), 0.0051174 secs] 149K->128K(1984K), [Perm : 1336K->1336K(8192K)], 0.0051861 secs]
5.492: [Full GC 5.492: [Tenured: 128K->140K(1408K), 0.0048151 secs] 143K->140K(1984K), [Perm : 1336K->1336K(8192K)], 0.0048819 secs]
5.499: [Full GC 5.499: [Tenured: 140K->116K(1408K), 0.0052183 secs] 161K->116K(1984K), [Perm : 1336K->1336K(8192K)], 0.0053177 secs]
5.505: [Full GC 5.505: [Tenured: 116K->128K(1408K), 0.0050529 secs] 131K->128K(1984K), [Perm : 1336K->1336K(8192K)], 0.0051196 secs]
5.511: [Full GC 5.511: [Tenured: 128K->128K(1408K), 0.0047646 secs] 149K->128K(1984K), [Perm : 1336K->1336K(8192K)], 0.0048327 secs]
5.516: [Full GC 5.516: [Tenured: 128K->140K(1408K), 0.0045601 secs] 143K->140K(1984K), [Perm : 1336K->1336K(8192K)], 0.0046221 secs]
5.521: [Full GC 5.521: [Tenured: 140K->116K(1408K), 0.0050423 secs] 161K->116K(1984K), [Perm : 1336K->1336K(8192K)], 0.0051099 secs]
5.526: [Full GC 5.526: [Tenured: 116K->128K(1408K), 0.0047389 secs] 131K->128K(1984K), [Perm : 1336K->1336K(8192K)], 0.0048031 secs]
5.531: [Full GC 5.531: [Tenured: 128K->128K(1408K), 0.0047397 secs] 149K->128K(1984K), [Perm : 1336K->1336K(8192K)], 0.0048079 secs]
5.537: [Full GC 5.537: [Tenured: 128K->140K(1408K), 0.0048889 secs] 143K->140K(1984K), [Perm : 1336K->1336K(8192K)], 0.0049545 secs]
5.542: [Full GC 5.542: [Tenured: 140K->116K(1408K), 0.0046978 secs] 161K->116K(1984K), [Perm : 1336K->1336K(8192K)], 0.0047643 secs]
5.547: [Full GC 5.547: [Tenured: 116K->128K(1408K), 0.0045693 secs] 131K->128K(1984K), [Perm : 1336K->1336K(8192K)], 0.0046322 secs]
5.552: [Full GC 5.552: [Tenured: 128K->128K(1408K), 0.0056298 secs] 149K->128K(1984K), [Perm : 1336K->1336K(8192K)], 0.0057018 secs]
5.558: [Full GC 5.558: [Tenured: 128K->140K(1408K), 0.0048121 secs] 143K->140K(1984K), [Perm : 1336K->1336K(8192K)], 0.0048783 secs]
5.565: [Full GC 5.565: [Tenured: 140K->116K(1408K), 0.0055250 secs] 161K->116K(1984K), [Perm : 1336K->1336K(8192K)], 0.0056027 secs]
5.571: [Full GC 5.571: [Tenured: 116K->128K(1408K), 0.0046556 secs] 131K->128K(1984K), [Perm : 1336K->1336K(8192K)], 0.0047218 secs]
5.576: [Full GC 5.576: [Tenured: 128K->128K(1408K), 0.0046950 secs] 149K->128K(1984K), [Perm : 1336K->1336K(8192K)], 0.0047612 secs]
5.581: [Full GC 5.581: [Tenured: 128K->140K(1408K), 0.0048794 secs] 143K->140K(1984K), [Perm : 1336K->1336K(8192K)], 0.0049445 secs]
5.587: [Full GC 5.587: [Tenured: 140K->116K(1408K), 0.0047112 secs] 161K->116K(1984K), [Perm : 1336K->1336K(8192K)], 0.0047799 secs]
5.592: [Full GC 5.592: [Tenured: 116K->128K(1408K), 0.0045584 secs] 131K->128K(1984K), [Perm : 1336K->1336K(8192K)], 0.0046224 secs]
5.597: [Full GC 5.597: [Tenured: 128K->128K(1408K), 0.0050045 secs] 149K->128K(1984K), [Perm : 1336K->1336K(8192K)], 0.0050727 secs]
5.602: [Full GC 5.602: [Tenured: 128K->140K(1408K), 0.0045964 secs] 143K->140K(1984K), [Perm : 1336K->1336K(8192K)], 0.0046601 secs]
5.607: [Full GC 5.607: [Tenured: 140K->116K(1408K), 0.0046869 secs] 161K->116K(1984K), [Perm : 1336K->1336K(8192K)], 0.0047548 secs]
5.612: [Full GC 5.612: [Tenured: 116K->128K(1408K), 0.0048112 secs] 131K->128K(1984K), [Perm : 1336K->1336K(8192K)], 0.0048766 secs]
5.618: [Full GC 5.618: [Tenured: 128K->128K(1408K), 0.0047707 secs] 149K->128K(1984K), [Perm : 1336K->1336K(8192K)], 0.0048392 secs]
5.623: [Full GC 5.623: [Tenured: 128K->140K(1408K), 0.0045531 secs] 143K->140K(1984K), [Perm : 1336K->1336K(8192K)], 0.0046159 secs]
5.628: [Full GC 5.628: [Tenured: 140K->116K(1408K), 0.0049990 secs] 161K->116K(1984K), [Perm : 1336K->1336K(8192K)], 0.0050682 secs]
5.633: [Full GC 5.633: [Tenured: 116K->128K(1408K), 0.0045833 secs] 131K->128K(1984K), [Perm : 1336K->1336K(8192K)], 0.0046475 secs]
5.638: [Full GC 5.638: [Tenured: 128K->128K(1408K), 0.0046657 secs] 149K->128K(1984K), [Perm : 1336K->1336K(8192K)], 0.0047308 secs]
5.643: [Full GC 5.643: [Tenured: 128K->140K(1408K), 0.0047956 secs] 143K->140K(1984K), [Perm : 1336K->1336K(8192K)], 0.0048593 secs]
5.648: [Full GC 5.649: [Tenured: 140K->116K(1408K), 0.0046970 secs] 161K->116K(1984K), [Perm : 1336K->1336K(8192K)], 0.0047640 secs]
5.654: [Full GC 5.654: [Tenured: 116K->128K(1408K), 0.0045592 secs] 131K->128K(1984K), [Perm : 1336K->1336K(8192K)], 0.0046227 secs]
5.659: [Full GC 5.659: [Tenured: 128K->128K(1408K), 0.0051361 secs] 149K->128K(1984K), [Perm : 1336K->1336K(8192K)], 0.0052046 secs]
5.664: [Full GC 5.664: [Tenured: 128K->140K(1408K), 0.0045902 secs] 143K->140K(1984K), [Perm : 1336K->1336K(8192K)], 0.0046539 secs]
5.669: [Full GC 5.669: [Tenured: 140K->116K(1408K), 0.0046788 secs] 161K->116K(1984K), [Perm : 1336K->1336K(8192K)], 0.0047450 secs]
5.674: [Full GC 5.674: [Tenured: 116K->128K(1408K), 0.0048755 secs] 131K->128K(1984K), [Perm : 1336K->1336K(8192K)], 0.0049406 secs]
5.680: [Full GC 5.680: [Tenured: 128K->128K(1408K), 0.0048794 secs] 149K->128K(1984K), [Perm : 1336K->1336K(8192K)], 0.0049492 secs]
5.685: [Full GC 5.685: [Tenured: 128K->140K(1408K), 0.0046106 secs] 143K->140K(1984K), [Perm : 1336K->1336K(8192K)], 0.0046752 secs]
5.690: [Full GC 5.690: [Tenured: 140K->116K(1408K), 0.0051311 secs] 161K->116K(1984K), [Perm : 1336K->1336K(8192K)], 0.0052007 secs]
5.696: [Full GC 5.696: [Tenured: 116K->128K(1408K), 0.0046551 secs] 131K->128K(1984K), [Perm : 1336K->1336K(8192K)], 0.0047202 secs]
5.701: [Full GC 5.701: [Tenured: 128K->128K(1408K), 0.0046794 secs] 149K->128K(1984K), [Perm : 1336K->1336K(8192K)], 0.0047459 secs]
5.706: [Full GC 5.706: [Tenured: 128K->140K(1408K), 0.0049216 secs] 143K->140K(1984K), [Perm : 1336K->1336K(8192K)], 0.0049869 secs]
5.711: [Full GC 5.711: [Tenured: 140K->116K(1408K), 0.0047324 secs] 161K->116K(1984K), [Perm : 1336K->1336K(8192K)], 0.0047987 secs]
5.716: [Full GC 5.716: [Tenured: 116K->128K(1408K), 0.0046070 secs] 131K->128K(1984K), [Perm : 1336K->1336K(8192K)], 0.0046718 secs]
5.722: [Full GC 5.722: [Tenured: 128K->128K(1408K), 0.0051495 secs] 149K->128K(1984K), [Perm : 1336K->1336K(8192K)], 0.0052191 secs]
5.727: [Full GC 5.727: [Tenured: 128K->140K(1408K), 0.0046285 secs] 143K->140K(1984K), [Perm : 1336K->1336K(8192K)], 0.0046947 secs]
5.732: [Full GC 5.732: [Tenured: 140K->116K(1408K), 0.0047249 secs] 161K->116K(1984K), [Perm : 1336K->1336K(8192K)], 0.0047914 secs]
5.737: [Full GC 5.737: [Tenured: 116K->128K(1408K), 0.0049110 secs] 131K->128K(1984K), [Perm : 1336K->1336K(8192K)], 0.0049766 secs]
5.743: [Full GC 5.743: [Tenured: 128K->128K(1408K), 0.0048811 secs] 149K->128K(1984K), [Perm : 1336K->1336K(8192K)], 0.0049503 secs]
5.749: [Full GC 5.749: [Tenured: 128K->140K(1408K), 0.0052177 secs] 143K->140K(1984K), [Perm : 1336K->1336K(8192K)], 0.0052915 secs]
5.755: [Full GC 5.755: [Tenured: 140K->116K(1408K), 0.0051750 secs] 161K->116K(1984K), [Perm : 1336K->1336K(8192K)], 0.0052468 secs]
5.763: [Full GC 5.763: [Tenured: 116K->128K(1408K), 0.0052448 secs] 131K->128K(1984K), [Perm : 1336K->1336K(8192K)], 0.0053197 secs]
5.770: [Full GC 5.770: [Tenured: 128K->128K(1408K), 0.0056150 secs] 149K->128K(1984K), [Perm : 1336K->1336K(8192K)], 0.0056918 secs]
5.776: [Full GC 5.776: [Tenured: 128K->140K(1408K), 0.0048358 secs] 143K->140K(1984K), [Perm : 1336K->1336K(8192K)], 0.0049034 secs]
5.783: [Full GC 5.783: [Tenured: 140K->116K(1408K), 0.0055057 secs] 161K->116K(1984K), [Perm : 1336K->1336K(8192K)], 0.0055834 secs]
5.789: [Full GC 5.789: [Tenured: 116K->128K(1408K), 0.0047897 secs] 131K->128K(1984K), [Perm : 1336K->1336K(8192K)], 0.0048559 secs]
5.796: [Full GC 5.796: [Tenured: 128K->128K(1408K), 0.0053649 secs] 149K->128K(1984K), [Perm : 1336K->1336K(8192K)], 0.0054406 secs]
5.802: [Full GC 5.802: [Tenured: 128K->140K(1408K), 0.0052266 secs] 143K->140K(1984K), [Perm : 1336K->1336K(8192K)], 0.0052968 secs]
5.808: [Full GC 5.808: [Tenured: 140K->116K(1408K), 0.0049456 secs] 161K->116K(1984K), [Perm : 1336K->1336K(8192K)], 0.0050163 secs]
5.814: [Full GC 5.814: [Tenured: 116K->128K(1408K), 0.0048084 secs] 131K->128K(1984K), [Perm : 1336K->1336K(8192K)], 0.0048744 secs]
5.819: [Full GC 5.819: [Tenured: 128K->128K(1408K), 0.0049213 secs] 149K->128K(1984K), [Perm : 1336K->1336K(8192K)], 0.0049909 secs]
5.825: [Full GC 5.825: [Tenured: 128K->140K(1408K), 0.0047989 secs] 143K->140K(1984K), [Perm : 1336K->1336K(8192K)], 0.0048635 secs]
5.830: [Full GC 5.830: [Tenured: 140K->116K(1408K), 0.0051789 secs] 161K->116K(1984K), [Perm : 1336K->1336K(8192K)], 0.0052484 secs]
5.836: [Full GC 5.836: [Tenured: 116K->128K(1408K), 0.0048288 secs] 131K->128K(1984K), [Perm : 1336K->1336K(8192K)], 0.0049070 secs]
5.842: [Full GC 5.842: [Tenured: 128K->128K(1408K), 0.0048794 secs] 149K->128K(1984K), [Perm : 1336K->1336K(8192K)], 0.0049487 secs]
5.847: [Full GC 5.847: [Tenured: 128K->140K(1408K), 0.0051322 secs] 143K->140K(1984K), [Perm : 1336K->1336K(8192K)], 0.0052004 secs]
5.853: [Full GC 5.853: [Tenured: 140K->116K(1408K), 0.0048738 secs] 161K->116K(1984K), [Perm : 1336K->1336K(8192K)], 0.0049411 secs]
5.858: [Full GC 5.858: [Tenured: 116K->128K(1408K), 0.0048143 secs] 131K->128K(1984K), [Perm : 1336K->1336K(8192K)], 0.0048805 secs]
5.864: [Full GC 5.864: [Tenured: 128K->128K(1408K), 0.0051417 secs] 149K->128K(1984K), [Perm : 1336K->1336K(8192K)], 0.0052102 secs]
5.870: [Full GC 5.870: [Tenured: 128K->140K(1408K), 0.0048596 secs] 143K->140K(1984K), [Perm : 1336K->1336K(8192K)], 0.0049269 secs]
5.875: [Full GC 5.875: [Tenured: 140K->116K(1408K), 0.0049973 secs] 161K->116K(1984K), [Perm : 1336K->1336K(8192K)], 0.0050671 secs]
5.880: [Full GC 5.881: [Tenured: 116K->128K(1408K), 0.0051182 secs] 131K->128K(1984K), [Perm : 1336K->1336K(8192K)], 0.0051856 secs]
5.886: [Full GC 5.886: [Tenured: 128K->128K(1408K), 0.0049473 secs] 149K->128K(1984K), [Perm : 1336K->1336K(8192K)], 0.0050168 secs]
5.892: [Full GC 5.892: [Tenured: 128K->140K(1408K), 0.0047140 secs] 143K->140K(1984K), [Perm : 1336K->1336K(8192K)], 0.0047791 secs]
5.897: [Full GC 5.897: [Tenured: 140K->116K(1408K), 0.0052367 secs] 161K->116K(1984K), [Perm : 1336K->1336K(8192K)], 0.0053177 secs]
5.903: [Full GC 5.903: [Tenured: 116K->128K(1408K), 0.0046998 secs] 131K->128K(1984K), [Perm : 1336K->1336K(8192K)], 0.0047665 secs]
5.908: [Full GC 5.908: [Tenured: 128K->128K(1408K), 0.0051853 secs] 149K->128K(1984K), [Perm : 1336K->1336K(8192K)], 0.0052549 secs]
5.915: [Full GC 5.915: [Tenured: 128K->140K(1408K), 0.0050520 secs] 143K->140K(1984K), [Perm : 1336K->1336K(8192K)], 0.0051241 secs]
5.921: [Full GC 5.921: [Tenured: 140K->116K(1408K), 0.0048051 secs] 161K->116K(1984K), [Perm : 1336K->1336K(8192K)], 0.0048746 secs]
5.926: [Full GC 5.926: [Tenured: 116K->128K(1408K), 0.0049967 secs] 131K->128K(1984K), [Perm : 1336K->1336K(8192K)], 0.0052194 secs]
5.932: [Full GC 5.932: [Tenured: 128K->128K(1408K), 0.0048311 secs] 149K->128K(1984K), [Perm : 1336K->1336K(8192K)], 0.0048987 secs]
5.937: [Full GC 5.937: [Tenured: 128K->140K(1408K), 0.0046168 secs] 143K->140K(1984K), [Perm : 1336K->1336K(8192K)], 0.0046796 secs]
5.942: [Full GC 5.942: [Tenured: 140K->116K(1408K), 0.0050495 secs] 161K->116K(1984K), [Perm : 1336K->1336K(8192K)], 0.0051177 secs]
5.948: [Full GC 5.948: [Tenured: 116K->128K(1408K), 0.0046380 secs] 131K->128K(1984K), [Perm : 1336K->1336K(8192K)], 0.0047020 secs]
5.953: [Full GC 5.953: [Tenured: 128K->128K(1408K), 0.0047749 secs] 149K->128K(1984K), [Perm : 1336K->1336K(8192K)], 0.0048420 secs]
5.958: [Full GC 5.958: [Tenured: 128K->140K(1408K), 0.0048632 secs] 143K->140K(1984K), [Perm : 1336K->1336K(8192K)], 0.0049266 secs]
5.964: [Full GC 5.964: [Tenured: 140K->116K(1408K), 0.0047922 secs] 161K->116K(1984K), [Perm : 1336K->1336K(8192K)], 0.0048596 secs]
5.969: [Full GC 5.969: [Tenured: 116K->128K(1408K), 0.0046964 secs] 131K->128K(1984K), [Perm : 1336K->1336K(8192K)], 0.0047609 secs]
5.974: [Full GC 5.974: [Tenured: 128K->128K(1408K), 0.0050635 secs] 149K->128K(1984K), [Perm : 1336K->1336K(8192K)], 0.0051314 secs]
5.980: [Full GC 5.980: [Tenured: 128K->140K(1408K), 0.0046159 secs] 143K->140K(1984K), [Perm : 1336K->1336K(8192K)], 0.0046810 secs]
5.985: [Full GC 5.985: [Tenured: 140K->116K(1408K), 0.0047123 secs] 161K->116K(1984K), [Perm : 1336K->1336K(8192K)], 0.0047788 secs]
5.990: [Full GC 5.990: [Tenured: 116K->128K(1408K), 0.0053423 secs] 131K->128K(1984K), [Perm : 1336K->1336K(8192K)], 0.0054093 secs]
5.996: [Full GC 5.996: [Tenured: 128K->128K(1408K), 0.0048380 secs] 149K->128K(1984K), [Perm : 1336K->1336K(8192K)], 0.0049076 secs]
6.001: [Full GC 6.001: [Tenured: 128K->140K(1408K), 0.0047688 secs] 143K->140K(1984K), [Perm : 1336K->1336K(8192K)], 0.0048347 secs]
6.007: [Full GC 6.007: [Tenured: 140K->116K(1408K), 0.0048241 secs] 161K->116K(1984K), [Perm : 1336K->1336K(8192K)], 0.0048917 secs]
6.012: [Full GC 6.012: [Tenured: 116K->128K(1408K), 0.0046696 secs] 131K->128K(1984K), [Perm : 1336K->1336K(8192K)], 0.0047336 secs]
6.017: [Full GC 6.017: [Tenured: 128K->128K(1408K), 0.0051255 secs] 149K->128K(1984K), [Perm : 1336K->1336K(8192K)], 0.0051945 secs]
6.023: [Full GC 6.023: [Tenured: 128K->140K(1408K), 0.0048908 secs] 143K->140K(1984K), [Perm : 1336K->1336K(8192K)], 0.0049573 secs]
6.028: [Full GC 6.028: [Tenured: 140K->116K(1408K), 0.0047685 secs] 161K->116K(1984K), [Perm : 1336K->1336K(8192K)], 0.0048364 secs]
6.033: [Full GC 6.033: [Tenured: 116K->128K(1408K), 0.0049355 secs] 131K->128K(1984K), [Perm : 1336K->1336K(8192K)], 0.0050023 secs]
6.039: [Full GC 6.039: [Tenured: 128K->128K(1408K), 0.0047383 secs] 149K->128K(1984K), [Perm : 1336K->1336K(8192K)], 0.0048042 secs]
6.044: [Full GC 6.044: [Tenured: 128K->140K(1408K), 0.0045503 secs] 143K->140K(1984K), [Perm : 1336K->1336K(8192K)], 0.0046129 secs]
6.049: [Full GC 6.049: [Tenured: 140K->116K(1408K), 0.0049883 secs] 161K->116K(1984K), [Perm : 1336K->1336K(8192K)], 0.0050554 secs]
6.054: [Full GC 6.054: [Tenured: 116K->128K(1408K), 0.0045869 secs] 131K->128K(1984K), [Perm : 1336K->1336K(8192K)], 0.0046503 secs]
6.059: [Full GC 6.059: [Tenured: 128K->128K(1408K), 0.0046735 secs] 149K->128K(1984K), [Perm : 1336K->1336K(8192K)], 0.0047380 secs]
6.064: [Full GC 6.064: [Tenured: 128K->140K(1408K), 0.0048003 secs] 143K->140K(1984K), [Perm : 1336K->1336K(8192K)], 0.0048632 secs]
6.070: [Full GC 6.070: [Tenured: 140K->116K(1408K), 0.0048218 secs] 161K->116K(1984K), [Perm : 1336K->1336K(8192K)], 0.0048900 secs]
6.075: [Full GC 6.075: [Tenured: 116K->128K(1408K), 0.0045648 secs] 131K->128K(1984K), [Perm : 1336K->1336K(8192K)], 0.0046288 secs]
6.080: [Full GC 6.080: [Tenured: 128K->128K(1408K), 0.0050283 secs] 149K->128K(1984K), [Perm : 1336K->1336K(8192K)], 0.0050956 secs]
6.086: [Full GC 6.086: [Tenured: 128K->140K(1408K), 0.0046084 secs] 143K->140K(1984K), [Perm : 1336K->1336K(8192K)], 0.0046715 secs]
6.091: [Full GC 6.091: [Tenured: 140K->116K(1408K), 0.0046950 secs] 161K->116K(1984K), [Perm : 1336K->1336K(8192K)], 0.0047607 secs]
6.096: [Full GC 6.096: [Tenured: 116K->128K(1408K), 0.0049501 secs] 131K->128K(1984K), [Perm : 1336K->1336K(8192K)], 0.0050143 secs]
6.101: [Full GC 6.101: [Tenured: 128K->128K(1408K), 0.0047797 secs] 149K->128K(1984K), [Perm : 1336K->1336K(8192K)], 0.0048475 secs]
6.106: [Full GC 6.106: [Tenured: 128K->140K(1408K), 0.0045562 secs] 143K->140K(1984K), [Perm : 1336K->1336K(8192K)], 0.0046176 secs]
6.112: [Full GC 6.112: [Tenured: 140K->116K(1408K), 0.0049769 secs] 161K->116K(1984K), [Perm : 1336K->1336K(8192K)], 0.0050437 secs]
6.117: [Full GC 6.117: [Tenured: 116K->128K(1408K), 0.0048844 secs] 131K->128K(1984K), [Perm : 1336K->1336K(8192K)], 0.0049506 secs]
6.122: [Full GC 6.122: [Tenured: 128K->128K(1408K), 0.0047489 secs] 149K->128K(1984K), [Perm : 1336K->1336K(8192K)], 0.0048149 secs]
6.127: [Full GC 6.127: [Tenured: 128K->140K(1408K), 0.0048526 secs] 143K->140K(1984K), [Perm : 1336K->1336K(8192K)], 0.0049157 secs]
6.133: [Full GC 6.133: [Tenured: 140K->116K(1408K), 0.0047919 secs] 161K->116K(1984K), [Perm : 1336K->1336K(8192K)], 0.0048596 secs]
6.138: [Full GC 6.138: [Tenured: 116K->128K(1408K), 0.0045774 secs] 131K->128K(1984K), [Perm : 1336K->1336K(8192K)], 0.0046411 secs]
6.143: [Full GC 6.143: [Tenured: 128K->128K(1408K), 0.0051149 secs] 149K->128K(1984K), [Perm : 1336K->1336K(8192K)], 0.0051819 secs]
6.149: [Full GC 6.149: [Tenured: 128K->140K(1408K), 0.0046104 secs] 143K->140K(1984K), [Perm : 1336K->1336K(8192K)], 0.0046729 secs]
6.154: [Full GC 6.154: [Tenured: 140K->116K(1408K), 0.0046984 secs] 161K->116K(1984K), [Perm : 1336K->1336K(8192K)], 0.0047640 secs]
6.159: [Full GC 6.159: [Tenured: 116K->128K(1408K), 0.0048325 secs] 131K->128K(1984K), [Perm : 1336K->1336K(8192K)], 0.0048962 secs]
6.164: [Full GC 6.164: [Tenured: 128K->128K(1408K), 0.0046891 secs] 149K->128K(1984K), [Perm : 1336K->1336K(8192K)], 0.0047556 secs]
6.169: [Full GC 6.169: [Tenured: 128K->140K(1408K), 0.0045687 secs] 143K->140K(1984K), [Perm : 1336K->1336K(8192K)], 0.0046294 secs]
6.174: [Full GC 6.174: [Tenured: 140K->116K(1408K), 0.0049911 secs] 161K->116K(1984K), [Perm : 1336K->1336K(8192K)], 0.0050571 secs]
6.180: [Full GC 6.180: [Tenured: 116K->128K(1408K), 0.0047864 secs] 131K->128K(1984K), [Perm : 1336K->1336K(8192K)], 0.0048509 secs]
6.185: [Full GC 6.185: [Tenured: 128K->128K(1408K), 0.0046928 secs] 149K->128K(1984K), [Perm : 1336K->1336K(8192K)], 0.0047581 secs]
6.190: [Full GC 6.190: [Tenured: 128K->140K(1408K), 0.0048325 secs] 143K->140K(1984K), [Perm : 1336K->1336K(8192K)], 0.0048964 secs]
6.196: [Full GC 6.196: [Tenured: 140K->116K(1408K), 0.0048473 secs] 161K->116K(1984K), [Perm : 1336K->1336K(8192K)], 0.0049157 secs]
6.201: [Full GC 6.201: [Tenured: 116K->128K(1408K), 0.0045900 secs] 131K->128K(1984K), [Perm : 1336K->1336K(8192K)], 0.0046525 secs]
6.206: [Full GC 6.206: [Tenured: 128K->128K(1408K), 0.0051697 secs] 149K->128K(1984K), [Perm : 1336K->1336K(8192K)], 0.0052373 secs]
6.212: [Full GC 6.212: [Tenured: 128K->140K(1408K), 0.0045922 secs] 143K->140K(1984K), [Perm : 1336K->1336K(8192K)], 0.0046542 secs]
6.217: [Full GC 6.217: [Tenured: 140K->116K(1408K), 0.0046956 secs] 161K->116K(1984K), [Perm : 1336K->1336K(8192K)], 0.0047607 secs]
6.222: [Full GC 6.222: [Tenured: 116K->128K(1408K), 0.0048755 secs] 131K->128K(1984K), [Perm : 1336K->1336K(8192K)], 0.0049397 secs]
6.227: [Full GC 6.227: [Tenured: 128K->128K(1408K), 0.0047450 secs] 149K->128K(1984K), [Perm : 1336K->1336K(8192K)], 0.0048109 secs]
6.232: [Full GC 6.232: [Tenured: 128K->140K(1408K), 0.0045604 secs] 143K->140K(1984K), [Perm : 1336K->1336K(8192K)], 0.0046227 secs]
6.238: [Full GC 6.238: [Tenured: 140K->116K(1408K), 0.0050646 secs] 161K->116K(1984K), [Perm : 1336K->1336K(8192K)], 0.0051322 secs]
6.243: [Full GC 6.243: [Tenured: 116K->128K(1408K), 0.0045819 secs] 131K->128K(1984K), [Perm : 1336K->1336K(8192K)], 0.0046447 secs]
6.248: [Full GC 6.248: [Tenured: 128K->128K(1408K), 0.0046796 secs] 149K->128K(1984K), [Perm : 1336K->1336K(8192K)], 0.0047436 secs]
6.253: [Full GC 6.253: [Tenured: 128K->140K(1408K), 0.0051786 secs] 143K->140K(1984K), [Perm : 1336K->1336K(8192K)], 0.0052456 secs]
6.259: [Full GC 6.259: [Tenured: 140K->116K(1408K), 0.0047425 secs] 161K->116K(1984K), [Perm : 1336K->1336K(8192K)], 0.0048101 secs]
6.264: [Full GC 6.264: [Tenured: 116K->128K(1408K), 0.0045746 secs] 131K->128K(1984K), [Perm : 1336K->1336K(8192K)], 0.0046372 secs]
6.269: [Full GC 6.269: [Tenured: 128K->128K(1408K), 0.0050040 secs] 149K->128K(1984K), [Perm : 1336K->1336K(8192K)], 0.0050716 secs]
6.274: [Full GC 6.274: [Tenured: 128K->140K(1408K), 0.0046140 secs] 143K->140K(1984K), [Perm : 1336K->1336K(8192K)], 0.0046769 secs]
6.279: [Full GC 6.280: [Tenured: 140K->116K(1408K), 0.0046931 secs] 161K->116K(1984K), [Perm : 1336K->1336K(8192K)], 0.0047587 secs]
6.284: [Full GC 6.284: [Tenured: 116K->128K(1408K), 0.0048447 secs] 131K->128K(1984K), [Perm : 1336K->1336K(8192K)], 0.0049090 secs]
6.290: [Full GC 6.290: [Tenured: 128K->128K(1408K), 0.0046869 secs] 149K->128K(1984K), [Perm : 1336K->1336K(8192K)], 0.0047534 secs]
6.295: [Full GC 6.295: [Tenured: 128K->140K(1408K), 0.0045483 secs] 143K->140K(1984K), [Perm : 1336K->1336K(8192K)], 0.0046098 secs]
6.300: [Full GC 6.300: [Tenured: 140K->116K(1408K), 0.0049632 secs] 161K->116K(1984K), [Perm : 1336K->1336K(8192K)], 0.0050297 secs]
6.305: [Full GC 6.305: [Tenured: 116K->128K(1408K), 0.0046137 secs] 131K->128K(1984K), [Perm : 1336K->1336K(8192K)], 0.0046760 secs]
6.310: [Full GC 6.310: [Tenured: 128K->128K(1408K), 0.0046919 secs] 149K->128K(1984K), [Perm : 1336K->1336K(8192K)], 0.0047567 secs]
6.315: [Full GC 6.315: [Tenured: 128K->140K(1408K), 0.0049593 secs] 143K->140K(1984K), [Perm : 1336K->1336K(8192K)], 0.0050221 secs]
6.321: [Full GC 6.321: [Tenured: 140K->116K(1408K), 0.0047403 secs] 161K->116K(1984K), [Perm : 1336K->1336K(8192K)], 0.0048070 secs]
6.326: [Full GC 6.326: [Tenured: 116K->128K(1408K), 0.0047246 secs] 131K->128K(1984K), [Perm : 1336K->1336K(8192K)], 0.0048014 secs]
6.331: [Full GC 6.331: [Tenured: 128K->128K(1408K), 0.0050230 secs] 149K->128K(1984K), [Perm : 1336K->1336K(8192K)], 0.0050914 secs]
6.337: [Full GC 6.337: [Tenured: 128K->140K(1408K), 0.0045847 secs] 143K->140K(1984K), [Perm : 1336K->1336K(8192K)], 0.0046470 secs]
6.342: [Full GC 6.342: [Tenured: 140K->116K(1408K), 0.0046925 secs] 161K->116K(1984K), [Perm : 1336K->1336K(8192K)], 0.0047576 secs]
6.347: [Full GC 6.347: [Tenured: 116K->128K(1408K), 0.0048833 secs] 131K->128K(1984K), [Perm : 1336K->1336K(8192K)], 0.0049478 secs]
6.352: [Full GC 6.352: [Tenured: 128K->128K(1408K), 0.0046844 secs] 149K->128K(1984K), [Perm : 1336K->1336K(8192K)], 0.0047495 secs]
6.357: [Full GC 6.357: [Tenured: 128K->140K(1408K), 0.0045550 secs] 143K->140K(1984K), [Perm : 1336K->1336K(8192K)], 0.0046165 secs]
6.362: [Full GC 6.362: [Tenured: 140K->116K(1408K), 0.0050057 secs] 161K->116K(1984K), [Perm : 1336K->1336K(8192K)], 0.0050727 secs]
6.368: [Full GC 6.368: [Tenured: 116K->128K(1408K), 0.0046042 secs] 131K->128K(1984K), [Perm : 1336K->1336K(8192K)], 0.0046676 secs]
6.373: [Full GC 6.373: [Tenured: 128K->128K(1408K), 0.0046822 secs] 149K->128K(1984K), [Perm : 1336K->1336K(8192K)], 0.0047473 secs]
6.378: [Full GC 6.378: [Tenured: 128K->140K(1408K), 0.0050101 secs] 143K->140K(1984K), [Perm : 1336K->1336K(8192K)], 0.0050775 secs]
6.383: [Full GC 6.383: [Tenured: 140K->116K(1408K), 0.0048540 secs] 161K->116K(1984K), [Perm : 1336K->1336K(8192K)], 0.0049219 secs]
6.389: [Full GC 6.389: [Tenured: 116K->128K(1408K), 0.0045961 secs] 131K->128K(1984K), [Perm : 1336K->1336K(8192K)], 0.0046590 secs]
6.394: [Full GC 6.394: [Tenured: 128K->128K(1408K), 0.0049604 secs] 149K->128K(1984K), [Perm : 1336K->1336K(8192K)], 0.0050272 secs]
6.399: [Full GC 6.399: [Tenured: 128K->140K(1408K), 0.0045777 secs] 143K->140K(1984K), [Perm : 1336K->1336K(8192K)], 0.0046391 secs]
6.406: [Full GC 6.406: [Tenured: 140K->116K(1408K), 0.0049663 secs] 161K->116K(1984K), [Perm : 1336K->1336K(8192K)], 0.0050364 secs]
6.411: [Full GC 6.411: [Tenured: 116K->128K(1408K), 0.0049121 secs] 131K->128K(1984K), [Perm : 1336K->1336K(8192K)], 0.0049777 secs]
6.416: [Full GC 6.416: [Tenured: 128K->128K(1408K), 0.0047679 secs] 149K->128K(1984K), [Perm : 1336K->1336K(8192K)], 0.0048333 secs]
6.422: [Full GC 6.422: [Tenured: 128K->140K(1408K), 0.0048151 secs] 143K->140K(1984K), [Perm : 1336K->1336K(8192K)], 0.0048811 secs]
6.427: [Full GC 6.427: [Tenured: 140K->116K(1408K), 0.0052088 secs] 161K->116K(1984K), [Perm : 1336K->1336K(8192K)], 0.0052758 secs]
6.433: [Full GC 6.433: [Tenured: 116K->128K(1408K), 0.0046428 secs] 131K->128K(1984K), [Perm : 1336K->1336K(8192K)], 0.0047062 secs]
6.438: [Full GC 6.438: [Tenured: 128K->128K(1408K), 0.0047313 secs] 149K->128K(1984K), [Perm : 1336K->1336K(8192K)], 0.0047973 secs]
6.443: [Full GC 6.443: [Tenured: 128K->140K(1408K), 0.0048833 secs] 143K->140K(1984K), [Perm : 1336K->1336K(8192K)], 0.0049476 secs]
6.449: [Full GC 6.449: [Tenured: 140K->116K(1408K), 0.0047492 secs] 161K->116K(1984K), [Perm : 1336K->1336K(8192K)], 0.0048171 secs]
6.454: [Full GC 6.454: [Tenured: 116K->128K(1408K), 0.0046154 secs] 131K->128K(1984K), [Perm : 1336K->1336K(8192K)], 0.0046782 secs]
6.459: [Full GC 6.459: [Tenured: 128K->128K(1408K), 0.0049948 secs] 149K->128K(1984K), [Perm : 1336K->1336K(8192K)], 0.0050613 secs]
6.466: [Full GC 6.466: [Tenured: 128K->140K(1408K), 0.0050794 secs] 143K->140K(1984K), [Perm : 1336K->1336K(8192K)], 0.0051512 secs]
6.471: [Full GC 6.471: [Tenured: 140K->116K(1408K), 0.0051526 secs] 161K->116K(1984K), [Perm : 1336K->1336K(8192K)], 0.0052211 secs]
6.477: [Full GC 6.477: [Tenured: 116K->128K(1408K), 0.0046877 secs] 131K->128K(1984K), [Perm : 1336K->1336K(8192K)], 0.0047531 secs]
6.482: [Full GC 6.482: [Tenured: 128K->128K(1408K), 0.0047355 secs] 149K->128K(1984K), [Perm : 1336K->1336K(8192K)], 0.0048017 secs]
6.487: [Full GC 6.487: [Tenured: 128K->140K(1408K), 0.0048744 secs] 143K->140K(1984K), [Perm : 1336K->1336K(8192K)], 0.0049400 secs]
6.492: [Full GC 6.492: [Tenured: 140K->116K(1408K), 0.0047864 secs] 161K->116K(1984K), [Perm : 1336K->1336K(8192K)], 0.0048542 secs]
6.497: [Full GC 6.497: [Tenured: 116K->128K(1408K), 0.0046134 secs] 131K->128K(1984K), [Perm : 1336K->1336K(8192K)], 0.0046760 secs]
6.503: [Full GC 6.503: [Tenured: 128K->128K(1408K), 0.0050166 secs] 149K->128K(1984K), [Perm : 1336K->1336K(8192K)], 0.0050839 secs]
6.508: [Full GC 6.508: [Tenured: 128K->140K(1408K), 0.0047615 secs] 143K->140K(1984K), [Perm : 1336K->1336K(8192K)], 0.0048271 secs]
6.513: [Full GC 6.513: [Tenured: 140K->116K(1408K), 0.0047959 secs] 161K->116K(1984K), [Perm : 1336K->1336K(8192K)], 0.0048629 secs]
6.518: [Full GC 6.518: [Tenured: 116K->128K(1408K), 0.0049638 secs] 131K->128K(1984K), [Perm : 1336K->1336K(8192K)], 0.0050289 secs]
6.524: [Full GC 6.524: [Tenured: 128K->128K(1408K), 0.0047590 secs] 149K->128K(1984K), [Perm : 1336K->1336K(8192K)], 0.0048271 secs]
6.529: [Full GC 6.529: [Tenured: 128K->140K(1408K), 0.0046000 secs] 143K->140K(1984K), [Perm : 1336K->1336K(8192K)], 0.0046629 secs]
6.534: [Full GC 6.534: [Tenured: 140K->116K(1408K), 0.0052688 secs] 161K->116K(1984K), [Perm : 1336K->1336K(8192K)], 0.0053364 secs]
6.540: [Full GC 6.540: [Tenured: 116K->128K(1408K), 0.0047643 secs] 131K->128K(1984K), [Perm : 1336K->1336K(8192K)], 0.0048297 secs]
6.547: [Full GC 6.547: [Tenured: 128K->128K(1408K), 0.0050769 secs] 149K->128K(1984K), [Perm : 1336K->1336K(8192K)], 0.0051509 secs]
6.552: [Full GC 6.552: [Tenured: 128K->140K(1408K), 0.0052945 secs] 143K->140K(1984K), [Perm : 1336K->1336K(8192K)], 0.0053641 secs]
6.558: [Full GC 6.558: [Tenured: 140K->116K(1408K), 0.0047794 secs] 161K->116K(1984K), [Perm : 1336K->1336K(8192K)], 0.0048461 secs]
6.563: [Full GC 6.563: [Tenured: 116K->128K(1408K), 0.0046115 secs] 131K->128K(1984K), [Perm : 1336K->1336K(8192K)], 0.0046749 secs]
6.568: [Full GC 6.568: [Tenured: 128K->128K(1408K), 0.0050146 secs] 149K->128K(1984K), [Perm : 1336K->1336K(8192K)], 0.0050828 secs]
6.574: [Full GC 6.574: [Tenured: 128K->140K(1408K), 0.0046453 secs] 143K->140K(1984K), [Perm : 1336K->1336K(8192K)], 0.0047076 secs]
6.579: [Full GC 6.579: [Tenured: 140K->116K(1408K), 0.0047724 secs] 161K->116K(1984K), [Perm : 1336K->1336K(8192K)], 0.0048389 secs]
6.584: [Full GC 6.584: [Tenured: 116K->128K(1408K), 0.0050104 secs] 131K->128K(1984K), [Perm : 1336K->1336K(8192K)], 0.0050755 secs]
6.590: [Full GC 6.590: [Tenured: 128K->128K(1408K), 0.0047651 secs] 149K->128K(1984K), [Perm : 1336K->1336K(8192K)], 0.0048325 secs]
6.595: [Full GC 6.595: [Tenured: 128K->140K(1408K), 0.0045928 secs] 143K->140K(1984K), [Perm : 1336K->1336K(8192K)], 0.0046553 secs]
6.600: [Full GC 6.600: [Tenured: 140K->116K(1408K), 0.0050383 secs] 161K->116K(1984K), [Perm : 1336K->1336K(8192K)], 0.0051040 secs]
6.605: [Full GC 6.605: [Tenured: 116K->128K(1408K), 0.0046322 secs] 131K->128K(1984K), [Perm : 1336K->1336K(8192K)], 0.0046950 secs]
6.610: [Full GC 6.610: [Tenured: 128K->128K(1408K), 0.0047154 secs] 149K->128K(1984K), [Perm : 1336K->1336K(8192K)], 0.0047799 secs]
6.615: [Full GC 6.615: [Tenured: 128K->140K(1408K), 0.0049143 secs] 143K->140K(1984K), [Perm : 1336K->1336K(8192K)], 0.0049772 secs]
6.621: [Full GC 6.621: [Tenured: 140K->116K(1408K), 0.0047190 secs] 161K->116K(1984K), [Perm : 1336K->1336K(8192K)], 0.0047847 secs]
6.626: [Full GC 6.626: [Tenured: 116K->128K(1408K), 0.0046020 secs] 131K->128K(1984K), [Perm : 1336K->1336K(8192K)], 0.0046646 secs]
6.631: [Full GC 6.631: [Tenured: 128K->128K(1408K), 0.0050034 secs] 149K->128K(1984K), [Perm : 1336K->1336K(8192K)], 0.0050685 secs]
6.636: [Full GC 6.636: [Tenured: 128K->140K(1408K), 0.0045950 secs] 143K->140K(1984K), [Perm : 1336K->1336K(8192K)], 0.0046573 secs]
6.641: [Full GC 6.641: [Tenured: 140K->116K(1408K), 0.0047185 secs] 161K->116K(1984K), [Perm : 1336K->1336K(8192K)], 0.0047844 secs]
6.646: [Full GC 6.646: [Tenured: 116K->128K(1408K), 0.0093277 secs] 131K->128K(1984K), [Perm : 1336K->1336K(8192K)], 0.0094034 secs]
6.659: [Full GC 6.659: [Tenured: 128K->128K(1408K), 0.0055499 secs] 149K->128K(1984K), [Perm : 1336K->1336K(8192K)], 0.0056398 secs]
6.665: [Full GC 6.665: [Tenured: 128K->140K(1408K), 0.0046782 secs] 143K->140K(1984K), [Perm : 1336K->1336K(8192K)], 0.0047436 secs]
6.670: [Full GC 6.670: [Tenured: 140K->116K(1408K), 0.0047486 secs] 161K->116K(1984K), [Perm : 1336K->1336K(8192K)], 0.0048154 secs]
6.675: [Full GC 6.675: [Tenured: 116K->128K(1408K), 0.0048936 secs] 131K->128K(1984K), [Perm : 1336K->1336K(8192K)], 0.0049587 secs]
6.681: [Full GC 6.681: [Tenured: 128K->128K(1408K), 0.0047724 secs] 149K->128K(1984K), [Perm : 1336K->1336K(8192K)], 0.0048397 secs]
6.686: [Full GC 6.686: [Tenured: 128K->140K(1408K), 0.0046816 secs] 143K->140K(1984K), [Perm : 1336K->1336K(8192K)], 0.0047456 secs]
6.691: [Full GC 6.691: [Tenured: 140K->116K(1408K), 0.0052864 secs] 161K->116K(1984K), [Perm : 1336K->1336K(8192K)], 0.0053560 secs]
6.697: [Full GC 6.697: [Tenured: 116K->128K(1408K), 0.0052509 secs] 131K->128K(1984K), [Perm : 1336K->1336K(8192K)], 0.0053216 secs]
6.704: [Full GC 6.704: [Tenured: 128K->128K(1408K), 0.0054244 secs] 149K->128K(1984K), [Perm : 1336K->1336K(8192K)], 0.0054971 secs]
6.710: [Full GC 6.710: [Tenured: 128K->140K(1408K), 0.0046648 secs] 143K->140K(1984K), [Perm : 1336K->1336K(8192K)], 0.0047302 secs]
6.715: [Full GC 6.715: [Tenured: 140K->116K(1408K), 0.0047386 secs] 161K->116K(1984K), [Perm : 1336K->1336K(8192K)], 0.0048045 secs]
6.720: [Full GC 6.720: [Tenured: 116K->128K(1408K), 0.0049026 secs] 131K->128K(1984K), [Perm : 1336K->1336K(8192K)], 0.0049666 secs]
6.726: [Full GC 6.726: [Tenured: 128K->128K(1408K), 0.0047559 secs] 149K->128K(1984K), [Perm : 1336K->1336K(8192K)], 0.0048207 secs]
6.731: [Full GC 6.731: [Tenured: 128K->140K(1408K), 0.0045947 secs] 143K->140K(1984K), [Perm : 1336K->1336K(8192K)], 0.0046556 secs]
6.736: [Full GC 6.736: [Tenured: 140K->116K(1408K), 0.0049783 secs] 161K->116K(1984K), [Perm : 1336K->1336K(8192K)], 0.0050439 secs]
6.741: [Full GC 6.741: [Tenured: 116K->128K(1408K), 0.0046453 secs] 131K->128K(1984K), [Perm : 1336K->1336K(8192K)], 0.0047079 secs]
6.747: [Full GC 6.747: [Tenured: 128K->128K(1408K), 0.0047081 secs] 149K->128K(1984K), [Perm : 1336K->1336K(8192K)], 0.0047718 secs]
6.752: [Full GC 6.752: [Tenured: 128K->140K(1408K), 0.0045944 secs] 143K->140K(1984K), [Perm : 1336K->1336K(8192K)], 0.0046553 secs]
6.757: [Full GC 6.757: [Tenured: 140K->116K(1408K), 0.0048361 secs] 161K->116K(1984K), [Perm : 1336K->1336K(8192K)], 0.0049020 secs]
6.762: [Full GC 6.762: [Tenured: 116K->128K(1408K), 0.0046140 secs] 131K->128K(1984K), [Perm : 1336K->1336K(8192K)], 0.0046757 secs]
6.767: [Full GC 6.767: [Tenured: 128K->128K(1408K), 0.0049582 secs] 149K->128K(1984K), [Perm : 1336K->1336K(8192K)], 0.0050230 secs]
6.773: [Full GC 6.773: [Tenured: 128K->140K(1408K), 0.0046542 secs] 143K->140K(1984K), [Perm : 1336K->1336K(8192K)], 0.0047160 secs]
6.778: [Full GC 6.778: [Tenured: 140K->116K(1408K), 0.0047229 secs] 161K->116K(1984K), [Perm : 1336K->1336K(8192K)], 0.0047880 secs]
6.783: [Full GC 6.783: [Tenured: 116K->128K(1408K), 0.0046062 secs] 131K->128K(1984K), [Perm : 1336K->1336K(8192K)], 0.0049663 secs]
6.788: [Full GC 6.788: [Tenured: 128K->128K(1408K), 0.0047523 secs] 149K->128K(1984K), [Perm : 1336K->1336K(8192K)], 0.0048193 secs]
6.793: [Full GC 6.793: [Tenured: 128K->140K(1408K), 0.0045983 secs] 143K->140K(1984K), [Perm : 1336K->1336K(8192K)], 0.0046593 secs]
6.799: [Full GC 6.799: [Tenured: 140K->116K(1408K), 0.0050565 secs] 161K->116K(1984K), [Perm : 1336K->1336K(8192K)], 0.0051236 secs]
6.804: [Full GC 6.804: [Tenured: 116K->128K(1408K), 0.0047310 secs] 131K->128K(1984K), [Perm : 1336K->1336K(8192K)], 0.0047967 secs]
6.809: [Full GC 6.809: [Tenured: 128K->128K(1408K), 0.0048741 secs] 149K->128K(1984K), [Perm : 1336K->1336K(8192K)], 0.0049406 secs]
6.814: [Full GC 6.814: [Tenured: 128K->140K(1408K), 0.0049758 secs] 143K->140K(1984K), [Perm : 1336K->1336K(8192K)], 0.0050411 secs]
6.820: [Full GC 6.820: [Tenured: 140K->116K(1408K), 0.0047473 secs] 161K->116K(1984K), [Perm : 1336K->1336K(8192K)], 0.0048121 secs]
6.825: [Full GC 6.825: [Tenured: 116K->128K(1408K), 0.0046525 secs] 131K->128K(1984K), [Perm : 1336K->1336K(8192K)], 0.0047143 secs]
6.830: [Full GC 6.830: [Tenured: 128K->128K(1408K), 0.0051291 secs] 149K->128K(1984K), [Perm : 1336K->1336K(8192K)], 0.0051965 secs]
6.836: [Full GC 6.836: [Tenured: 128K->140K(1408K), 0.0050392 secs] 143K->140K(1984K), [Perm : 1336K->1336K(8192K)], 0.0051060 secs]
6.841: [Full GC 6.841: [Tenured: 140K->116K(1408K), 0.0049001 secs] 161K->116K(1984K), [Perm : 1336K->1336K(8192K)], 0.0049679 secs]
6.847: [Full GC 6.847: [Tenured: 116K->128K(1408K), 0.0050009 secs] 131K->128K(1984K), [Perm : 1336K->1336K(8192K)], 0.0050668 secs]
6.852: [Full GC 6.852: [Tenured: 128K->128K(1408K), 0.0049126 secs] 149K->128K(1984K), [Perm : 1336K->1336K(8192K)], 0.0049791 secs]
6.858: [Full GC 6.858: [Tenured: 128K->140K(1408K), 0.0046660 secs] 143K->140K(1984K), [Perm : 1336K->1336K(8192K)], 0.0047285 secs]
6.863: [Full GC 6.863: [Tenured: 140K->116K(1408K), 0.0052211 secs] 161K->116K(1984K), [Perm : 1336K->1336K(8192K)], 0.0052884 secs]
6.868: [Full GC 6.868: [Tenured: 116K->128K(1408K), 0.0046257 secs] 131K->128K(1984K), [Perm : 1336K->1336K(8192K)], 0.0046880 secs]
6.874: [Full GC 6.874: [Tenured: 128K->128K(1408K), 0.0047542 secs] 149K->128K(1984K), [Perm : 1336K->1336K(8192K)], 0.0048171 secs]
6.879: [Full GC 6.879: [Tenured: 128K->140K(1408K), 0.0050931 secs] 143K->140K(1984K), [Perm : 1336K->1336K(8192K)], 0.0051571 secs]
6.887: [Full GC 6.887: [Tenured: 140K->116K(1408K), 0.0051442 secs] 161K->116K(1984K), [Perm : 1336K->1336K(8192K)], 0.0052180 secs]
6.892: [Full GC 6.892: [Tenured: 116K->128K(1408K), 0.0049716 secs] 131K->128K(1984K), [Perm : 1336K->1336K(8192K)], 0.0050381 secs]
6.898: [Full GC 6.898: [Tenured: 128K->128K(1408K), 0.0049260 secs] 149K->128K(1984K), [Perm : 1336K->1336K(8192K)], 0.0049928 secs]
6.903: [Full GC 6.903: [Tenured: 128K->140K(1408K), 0.0046084 secs] 143K->140K(1984K), [Perm : 1336K->1336K(8192K)], 0.0046693 secs]
6.908: [Full GC 6.908: [Tenured: 140K->116K(1408K), 0.0050392 secs] 161K->116K(1984K), [Perm : 1336K->1336K(8192K)], 0.0051068 secs]
6.914: [Full GC 6.914: [Tenured: 116K->128K(1408K), 0.0046802 secs] 131K->128K(1984K), [Perm : 1336K->1336K(8192K)], 0.0047439 secs]
6.919: [Full GC 6.919: [Tenured: 128K->128K(1408K), 0.0047313 secs] 149K->128K(1984K), [Perm : 1336K->1336K(8192K)], 0.0047967 secs]
6.924: [Full GC 6.924: [Tenured: 128K->140K(1408K), 0.0048294 secs] 143K->140K(1984K), [Perm : 1336K->1336K(8192K)], 0.0048920 secs]
6.929: [Full GC 6.929: [Tenured: 140K->116K(1408K), 0.0047470 secs] 161K->116K(1984K), [Perm : 1336K->1336K(8192K)], 0.0048107 secs]
6.934: [Full GC 6.934: [Tenured: 116K->128K(1408K), 0.0046051 secs] 131K->128K(1984K), [Perm : 1336K->1336K(8192K)], 0.0046662 secs]
6.939: [Full GC 6.939: [Tenured: 128K->128K(1408K), 0.0049716 secs] 149K->128K(1984K), [Perm : 1336K->1336K(8192K)], 0.0050364 secs]
6.945: [Full GC 6.945: [Tenured: 128K->140K(1408K), 0.0046260 secs] 143K->140K(1984K), [Perm : 1336K->1336K(8192K)], 0.0046891 secs]
6.950: [Full GC 6.950: [Tenured: 140K->116K(1408K), 0.0047095 secs] 161K->116K(1984K), [Perm : 1336K->1336K(8192K)], 0.0047732 secs]
6.955: [Full GC 6.955: [Tenured: 116K->128K(1408K), 0.0048422 secs] 131K->128K(1984K), [Perm : 1336K->1336K(8192K)], 0.0049037 secs]
6.960: [Full GC 6.960: [Tenured: 128K->128K(1408K), 0.0047819 secs] 149K->128K(1984K), [Perm : 1336K->1336K(8192K)], 0.0048467 secs]
6.965: [Full GC 6.965: [Tenured: 128K->140K(1408K), 0.0045869 secs] 143K->140K(1984K), [Perm : 1336K->1336K(8192K)], 0.0046484 secs]
6.970: [Full GC 6.970: [Tenured: 140K->116K(1408K), 0.0050967 secs] 161K->116K(1984K), [Perm : 1336K->1336K(8192K)], 0.0051624 secs]
6.976: [Full GC 6.976: [Tenured: 116K->128K(1408K), 0.0046838 secs] 131K->128K(1984K), [Perm : 1336K->1336K(8192K)], 0.0047470 secs]
6.981: [Full GC 6.981: [Tenured: 128K->128K(1408K), 0.0046998 secs] 149K->128K(1984K), [Perm : 1336K->1336K(8192K)], 0.0047635 secs]
6.986: [Full GC 6.986: [Tenured: 128K->140K(1408K), 0.0048663 secs] 143K->140K(1984K), [Perm : 1336K->1336K(8192K)], 0.0049420 secs]
6.992: [Full GC 6.992: [Tenured: 140K->116K(1408K), 0.0049417 secs] 161K->116K(1984K), [Perm : 1336K->1336K(8192K)], 0.0050090 secs]
6.997: [Full GC 6.997: [Tenured: 116K->128K(1408K), 0.0047808 secs] 131K->128K(1984K), [Perm : 1336K->1336K(8192K)], 0.0048447 secs]
7.003: [Full GC 7.003: [Tenured: 128K->128K(1408K), 0.0050948 secs] 149K->128K(1984K), [Perm : 1336K->1336K(8192K)], 0.0051615 secs]
7.008: [Full GC 7.008: [Tenured: 128K->140K(1408K), 0.0047713 secs] 143K->140K(1984K), [Perm : 1336K->1336K(8192K)], 0.0048364 secs]
7.014: [Full GC 7.014: [Tenured: 140K->116K(1408K), 0.0048705 secs] 161K->116K(1984K), [Perm : 1336K->1336K(8192K)], 0.0049381 secs]
7.019: [Full GC 7.019: [Tenured: 116K->128K(1408K), 0.0050160 secs] 131K->128K(1984K), [Perm : 1336K->1336K(8192K)], 0.0050822 secs]
7.025: [Full GC 7.025: [Tenured: 128K->128K(1408K), 0.0047629 secs] 149K->128K(1984K), [Perm : 1336K->1336K(8192K)], 0.0048291 secs]
7.030: [Full GC 7.030: [Tenured: 128K->140K(1408K), 0.0046023 secs] 143K->140K(1984K), [Perm : 1336K->1336K(8192K)], 0.0046646 secs]
7.035: [Full GC 7.035: [Tenured: 140K->116K(1408K), 0.0051490 secs] 161K->116K(1984K), [Perm : 1336K->1336K(8192K)], 0.0052166 secs]
7.041: [Full GC 7.041: [Tenured: 116K->128K(1408K), 0.0047601 secs] 131K->128K(1984K), [Perm : 1336K->1336K(8192K)], 0.0048263 secs]
7.046: [Full GC 7.046: [Tenured: 128K->128K(1408K), 0.0047283 secs] 149K->128K(1984K), [Perm : 1336K->1336K(8192K)], 0.0047942 secs]
7.051: [Full GC 7.051: [Tenured: 128K->140K(1408K), 0.0049177 secs] 143K->140K(1984K), [Perm : 1336K->1336K(8192K)], 0.0049822 secs]
7.056: [Full GC 7.057: [Tenured: 140K->116K(1408K), 0.0047221 secs] 161K->116K(1984K), [Perm : 1336K->1336K(8192K)], 0.0047878 secs]
7.061: [Full GC 7.061: [Tenured: 116K->128K(1408K), 0.0046204 secs] 131K->128K(1984K), [Perm : 1336K->1336K(8192K)], 0.0046824 secs]
7.067: [Full GC 7.067: [Tenured: 128K->128K(1408K), 0.0049654 secs] 149K->128K(1984K), [Perm : 1336K->1336K(8192K)], 0.0050316 secs]
7.072: [Full GC 7.072: [Tenured: 128K->140K(1408K), 0.0047294 secs] 143K->140K(1984K), [Perm : 1336K->1336K(8192K)], 0.0047945 secs]
7.077: [Full GC 7.077: [Tenured: 140K->116K(1408K), 0.0047160 secs] 161K->116K(1984K), [Perm : 1336K->1336K(8192K)], 0.0047802 secs]
7.082: [Full GC 7.082: [Tenured: 116K->128K(1408K), 0.0050481 secs] 131K->128K(1984K), [Perm : 1336K->1336K(8192K)], 0.0051124 secs]
7.088: [Full GC 7.088: [Tenured: 128K->128K(1408K), 0.0047285 secs] 149K->128K(1984K), [Perm : 1336K->1336K(8192K)], 0.0047939 secs]
7.093: [Full GC 7.093: [Tenured: 128K->140K(1408K), 0.0045930 secs] 143K->140K(1984K), [Perm : 1336K->1336K(8192K)], 0.0046548 secs]
7.098: [Full GC 7.098: [Tenured: 140K->116K(1408K), 0.0050249 secs] 161K->116K(1984K), [Perm : 1336K->1336K(8192K)], 0.0050911 secs]
7.104: [Full GC 7.104: [Tenured: 116K->128K(1408K), 0.0046430 secs] 131K->128K(1984K), [Perm : 1336K->1336K(8192K)], 0.0047065 secs]
7.109: [Full GC 7.109: [Tenured: 128K->128K(1408K), 0.0047213 secs] 149K->128K(1984K), [Perm : 1336K->1336K(8192K)], 0.0047861 secs]
7.114: [Full GC 7.114: [Tenured: 128K->140K(1408K), 0.0048721 secs] 143K->140K(1984K), [Perm : 1336K->1336K(8192K)], 0.0049355 secs]
7.119: [Full GC 7.119: [Tenured: 140K->116K(1408K), 0.0047352 secs] 161K->116K(1984K), [Perm : 1336K->1336K(8192K)], 0.0048017 secs]
7.124: [Full GC 7.124: [Tenured: 116K->128K(1408K), 0.0046076 secs] 131K->128K(1984K), [Perm : 1336K->1336K(8192K)], 0.0046696 secs]
7.129: [Full GC 7.129: [Tenured: 128K->128K(1408K), 0.0051065 secs] 149K->128K(1984K), [Perm : 1336K->1336K(8192K)], 0.0051738 secs]
7.135: [Full GC 7.135: [Tenured: 128K->140K(1408K), 0.0047917 secs] 143K->140K(1984K), [Perm : 1336K->1336K(8192K)], 0.0048568 secs]
7.141: [Full GC 7.141: [Tenured: 140K->116K(1408K), 0.0050786 secs] 161K->116K(1984K), [Perm : 1336K->1336K(8192K)], 0.0051518 secs]
7.147: [Full GC 7.147: [Tenured: 116K->128K(1408K), 0.0049649 secs] 131K->128K(1984K), [Perm : 1336K->1336K(8192K)], 0.0050286 secs]
7.152: [Full GC 7.152: [Tenured: 128K->128K(1408K), 0.0047528 secs] 149K->128K(1984K), [Perm : 1336K->1336K(8192K)], 0.0048193 secs]
7.157: [Full GC 7.157: [Tenured: 128K->140K(1408K), 0.0045972 secs] 143K->140K(1984K), [Perm : 1336K->1336K(8192K)], 0.0046595 secs]
7.162: [Full GC 7.163: [Tenured: 140K->116K(1408K), 0.0047581 secs] 161K->116K(1984K), [Perm : 1336K->1336K(8192K)], 0.0050749 secs]
7.168: [Full GC 7.168: [Tenured: 116K->128K(1408K), 0.0046243 secs] 131K->128K(1984K), [Perm : 1336K->1336K(8192K)], 0.0046875 secs]
7.173: [Full GC 7.173: [Tenured: 128K->128K(1408K), 0.0047174 secs] 149K->128K(1984K), [Perm : 1336K->1336K(8192K)], 0.0047836 secs]
7.178: [Full GC 7.178: [Tenured: 128K->140K(1408K), 0.0048839 secs] 143K->140K(1984K), [Perm : 1336K->1336K(8192K)], 0.0049473 secs]
7.184: [Full GC 7.184: [Tenured: 140K->116K(1408K), 0.0047864 secs] 161K->116K(1984K), [Perm : 1336K->1336K(8192K)], 0.0048537 secs]
7.189: [Full GC 7.189: [Tenured: 116K->128K(1408K), 0.0046101 secs] 131K->128K(1984K), [Perm : 1336K->1336K(8192K)], 0.0046724 secs]
7.194: [Full GC 7.194: [Tenured: 128K->128K(1408K), 0.0047649 secs] 149K->128K(1984K), [Perm : 1336K->1336K(8192K)], 0.0048305 secs]
7.199: [Full GC 7.199: [Tenured: 128K->140K(1408K), 0.0046081 secs] 143K->140K(1984K), [Perm : 1336K->1336K(8192K)], 0.0046704 secs]
7.204: [Full GC 7.204: [Tenured: 140K->116K(1408K), 0.0047190 secs] 161K->116K(1984K), [Perm : 1336K->1336K(8192K)], 0.0047852 secs]
7.209: [Full GC 7.209: [Tenured: 116K->128K(1408K), 0.0049179 secs] 131K->128K(1984K), [Perm : 1336K->1336K(8192K)], 0.0049816 secs]
7.215: [Full GC 7.215: [Tenured: 128K->128K(1408K), 0.0047176 secs] 149K->128K(1984K), [Perm : 1336K->1336K(8192K)], 0.0047825 secs]
7.220: [Full GC 7.220: [Tenured: 128K->140K(1408K), 0.0045788 secs] 143K->140K(1984K), [Perm : 1336K->1336K(8192K)], 0.0046411 secs]
7.225: [Full GC 7.225: [Tenured: 140K->116K(1408K), 0.0049867 secs] 161K->116K(1984K), [Perm : 1336K->1336K(8192K)], 0.0050534 secs]
7.230: [Full GC 7.230: [Tenured: 116K->128K(1408K), 0.0046425 secs] 131K->128K(1984K), [Perm : 1336K->1336K(8192K)], 0.0047065 secs]
7.235: [Full GC 7.235: [Tenured: 128K->128K(1408K), 0.0047093 secs] 149K->128K(1984K), [Perm : 1336K->1336K(8192K)], 0.0047746 secs]
7.240: [Full GC 7.240: [Tenured: 128K->140K(1408K), 0.0052023 secs] 143K->140K(1984K), [Perm : 1336K->1336K(8192K)], 0.0052688 secs]
7.246: [Full GC 7.246: [Tenured: 140K->116K(1408K), 0.0048045 secs] 161K->116K(1984K), [Perm : 1336K->1336K(8192K)], 0.0048721 secs]
7.251: [Full GC 7.251: [Tenured: 116K->128K(1408K), 0.0046140 secs] 131K->128K(1984K), [Perm : 1336K->1336K(8192K)], 0.0046766 secs]
7.257: [Full GC 7.257: [Tenured: 128K->128K(1408K), 0.0048277 secs] 149K->128K(1984K), [Perm : 1336K->1336K(8192K)], 0.0048953 secs]
7.262: [Full GC 7.262: [Tenured: 128K->140K(1408K), 0.0045422 secs] 143K->140K(1984K), [Perm : 1336K->1336K(8192K)], 0.0046037 secs]
7.267: [Full GC 7.267: [Tenured: 140K->116K(1408K), 0.0050059 secs] 161K->116K(1984K), [Perm : 1336K->1336K(8192K)], 0.0050735 secs]
7.273: [Full GC 7.273: [Tenured: 116K->128K(1408K), 0.0046447 secs] 131K->128K(1984K), [Perm : 1336K->1336K(8192K)], 0.0047084 secs]
7.278: [Full GC 7.278: [Tenured: 128K->128K(1408K), 0.0047070 secs] 149K->128K(1984K), [Perm : 1336K->1336K(8192K)], 0.0047735 secs]
7.283: [Full GC 7.283: [Tenured: 128K->140K(1408K), 0.0046481 secs] 143K->140K(1984K), [Perm : 1336K->1336K(8192K)], 0.0047115 secs]
7.296: [Full GC 7.296: [Tenured: 140K->116K(1408K), 0.0053208 secs] 161K->116K(1984K), [Perm : 1336K->1336K(8192K)], 0.0053982 secs]
7.301: [Full GC 7.301: [Tenured: 116K->128K(1408K), 0.0056289 secs] 131K->128K(1984K), [Perm : 1336K->1336K(8192K)], 0.0057021 secs]
7.308: [Full GC 7.308: [Tenured: 128K->128K(1408K), 0.0047928 secs] 149K->128K(1984K), [Perm : 1336K->1336K(8192K)], 0.0048612 secs]
7.313: [Full GC 7.313: [Tenured: 128K->140K(1408K), 0.0049263 secs] 143K->140K(1984K), [Perm : 1336K->1336K(8192K)], 0.0049928 secs]
7.318: [Full GC 7.318: [Tenured: 140K->116K(1408K), 0.0052406 secs] 161K->116K(1984K), [Perm : 1336K->1336K(8192K)], 0.0053121 secs]
7.324: [Full GC 7.324: [Tenured: 116K->128K(1408K), 0.0049548 secs] 131K->128K(1984K), [Perm : 1336K->1336K(8192K)], 0.0050205 secs]
7.329: [Full GC 7.329: [Tenured: 128K->128K(1408K), 0.0047419 secs] 149K->128K(1984K), [Perm : 1336K->1336K(8192K)], 0.0048073 secs]
7.334: [Full GC 7.334: [Tenured: 128K->140K(1408K), 0.0064061 secs] 143K->140K(1984K), [Perm : 1336K->1336K(8192K)], 0.0064807 secs]
7.341: [Full GC 7.341: [Tenured: 140K->116K(1408K), 0.0047911 secs] 161K->116K(1984K), [Perm : 1336K->1336K(8192K)], 0.0048590 secs]
7.346: [Full GC 7.346: [Tenured: 116K->128K(1408K), 0.0051557 secs] 131K->128K(1984K), [Perm : 1336K->1336K(8192K)], 0.0052258 secs]
7.352: [Full GC 7.352: [Tenured: 128K->128K(1408K), 0.0048137 secs] 149K->128K(1984K), [Perm : 1336K->1336K(8192K)], 0.0048819 secs]
7.357: [Full GC 7.357: [Tenured: 128K->140K(1408K), 0.0046109 secs] 143K->140K(1984K), [Perm : 1336K->1336K(8192K)], 0.0046738 secs]
7.363: [Full GC 7.363: [Tenured: 140K->116K(1408K), 0.0052331 secs] 161K->116K(1984K), [Perm : 1336K->1336K(8192K)], 0.0053046 secs]
7.368: [Full GC 7.368: [Tenured: 116K->128K(1408K), 0.0046478 secs] 131K->128K(1984K), [Perm : 1336K->1336K(8192K)], 0.0047121 secs]
7.373: [Full GC 7.373: [Tenured: 128K->128K(1408K), 0.0047562 secs] 149K->128K(1984K), [Perm : 1336K->1336K(8192K)], 0.0048221 secs]
7.378: [Full GC 7.378: [Tenured: 128K->140K(1408K), 0.0056275 secs] 143K->140K(1984K), [Perm : 1336K->1336K(8192K)], 0.0057016 secs]
7.385: [Full GC 7.385: [Tenured: 140K->116K(1408K), 0.0048327 secs] 161K->116K(1984K), [Perm : 1336K->1336K(8192K)], 0.0048998 secs]
7.390: [Full GC 7.390: [Tenured: 116K->128K(1408K), 0.0046310 secs] 131K->128K(1984K), [Perm : 1336K->1336K(8192K)], 0.0046945 secs]
7.395: [Full GC 7.395: [Tenured: 128K->128K(1408K), 0.0052842 secs] 149K->128K(1984K), [Perm : 1336K->1336K(8192K)], 0.0053560 secs]
7.401: [Full GC 7.401: [Tenured: 128K->140K(1408K), 0.0046405 secs] 143K->140K(1984K), [Perm : 1336K->1336K(8192K)], 0.0047048 secs]
7.406: [Full GC 7.406: [Tenured: 140K->116K(1408K), 0.0047425 secs] 161K->116K(1984K), [Perm : 1336K->1336K(8192K)], 0.0048104 secs]
7.411: [Full GC 7.411: [Tenured: 116K->128K(1408K), 0.0052683 secs] 131K->128K(1984K), [Perm : 1336K->1336K(8192K)], 0.0053378 secs]
7.417: [Full GC 7.417: [Tenured: 128K->128K(1408K), 0.0047676 secs] 149K->128K(1984K), [Perm : 1336K->1336K(8192K)], 0.0048347 secs]
7.422: [Full GC 7.422: [Tenured: 128K->140K(1408K), 0.0048123 secs] 143K->140K(1984K), [Perm : 1336K->1336K(8192K)], 0.0048811 secs]
7.428: [Full GC 7.428: [Tenured: 140K->116K(1408K), 0.0052118 secs] 161K->116K(1984K), [Perm : 1336K->1336K(8192K)], 0.0052828 secs]
7.433: [Full GC 7.433: [Tenured: 116K->128K(1408K), 0.0046718 secs] 131K->128K(1984K), [Perm : 1336K->1336K(8192K)], 0.0047366 secs]
7.439: [Full GC 7.439: [Tenured: 128K->128K(1408K), 0.0047299 secs] 149K->128K(1984K), [Perm : 1336K->1336K(8192K)], 0.0047970 secs]
7.444: [Full GC 7.444: [Tenured: 128K->140K(1408K), 0.0055175 secs] 143K->140K(1984K), [Perm : 1336K->1336K(8192K)], 0.0055881 secs]
7.450: [Full GC 7.450: [Tenured: 140K->116K(1408K), 0.0047732 secs] 161K->116K(1984K), [Perm : 1336K->1336K(8192K)], 0.0048414 secs]
7.455: [Full GC 7.455: [Tenured: 116K->128K(1408K), 0.0049545 secs] 131K->128K(1984K), [Perm : 1336K->1336K(8192K)], 0.0050213 secs]
7.460: [Full GC 7.460: [Tenured: 128K->128K(1408K), 0.0047850 secs] 149K->128K(1984K), [Perm : 1336K->1336K(8192K)], 0.0048531 secs]
7.467: [Full GC 7.467: [Tenured: 128K->140K(1408K), 0.0050752 secs] 143K->140K(1984K), [Perm : 1336K->1336K(8192K)], 0.0051465 secs]
7.472: [Full GC 7.472: [Tenured: 140K->116K(1408K), 0.0050459 secs] 161K->116K(1984K), [Perm : 1336K->1336K(8192K)], 0.0051141 secs]
7.478: [Full GC 7.478: [Tenured: 116K->128K(1408K), 0.0046495 secs] 131K->128K(1984K), [Perm : 1336K->1336K(8192K)], 0.0047134 secs]
7.483: [Full GC 7.483: [Tenured: 128K->128K(1408K), 0.0047241 secs] 149K->128K(1984K), [Perm : 1336K->1336K(8192K)], 0.0047892 secs]
7.488: [Full GC 7.488: [Tenured: 128K->140K(1408K), 0.0048844 secs] 143K->140K(1984K), [Perm : 1336K->1336K(8192K)], 0.0049495 secs]
7.493: [Full GC 7.494: [Tenured: 140K->116K(1408K), 0.0047417 secs] 161K->116K(1984K), [Perm : 1336K->1336K(8192K)], 0.0048073 secs]
7.498: [Full GC 7.499: [Tenured: 116K->128K(1408K), 0.0046014 secs] 131K->128K(1984K), [Perm : 1336K->1336K(8192K)], 0.0046657 secs]
7.504: [Full GC 7.504: [Tenured: 128K->128K(1408K), 0.0049948 secs] 149K->128K(1984K), [Perm : 1336K->1336K(8192K)], 0.0050615 secs]
7.509: [Full GC 7.509: [Tenured: 128K->140K(1408K), 0.0046118 secs] 143K->140K(1984K), [Perm : 1336K->1336K(8192K)], 0.0046741 secs]
7.514: [Full GC 7.514: [Tenured: 140K->116K(1408K), 0.0047182 secs] 161K->116K(1984K), [Perm : 1336K->1336K(8192K)], 0.0047836 secs]
7.519: [Full GC 7.519: [Tenured: 116K->128K(1408K), 0.0050713 secs] 131K->128K(1984K), [Perm : 1336K->1336K(8192K)], 0.0051370 secs]
7.525: [Full GC 7.525: [Tenured: 128K->128K(1408K), 0.0047364 secs] 149K->128K(1984K), [Perm : 1336K->1336K(8192K)], 0.0048012 secs]
7.530: [Full GC 7.530: [Tenured: 128K->140K(1408K), 0.0045875 secs] 143K->140K(1984K), [Perm : 1336K->1336K(8192K)], 0.0046500 secs]
7.535: [Full GC 7.535: [Tenured: 140K->116K(1408K), 0.0049914 secs] 161K->116K(1984K), [Perm : 1336K->1336K(8192K)], 0.0050585 secs]
7.540: [Full GC 7.540: [Tenured: 116K->128K(1408K), 0.0046249 secs] 131K->128K(1984K), [Perm : 1336K->1336K(8192K)], 0.0046883 secs]
7.545: [Full GC 7.545: [Tenured: 128K->128K(1408K), 0.0047210 secs] 149K->128K(1984K), [Perm : 1336K->1336K(8192K)], 0.0047878 secs]
7.550: [Full GC 7.550: [Tenured: 128K->140K(1408K), 0.0052459 secs] 143K->140K(1984K), [Perm : 1336K->1336K(8192K)], 0.0053152 secs]
7.556: [Full GC 7.556: [Tenured: 140K->116K(1408K), 0.0047724 secs] 161K->116K(1984K), [Perm : 1336K->1336K(8192K)], 0.0048389 secs]
7.561: [Full GC 7.561: [Tenured: 116K->128K(1408K), 0.0046182 secs] 131K->128K(1984K), [Perm : 1336K->1336K(8192K)], 0.0046805 secs]
7.566: [Full GC 7.566: [Tenured: 128K->128K(1408K), 0.0051160 secs] 149K->128K(1984K), [Perm : 1336K->1336K(8192K)], 0.0051839 secs]
7.572: [Full GC 7.572: [Tenured: 128K->140K(1408K), 0.0046629 secs] 143K->140K(1984K), [Perm : 1336K->1336K(8192K)], 0.0047271 secs]
7.577: [Full GC 7.577: [Tenured: 140K->116K(1408K), 0.0047285 secs] 161K->116K(1984K), [Perm : 1336K->1336K(8192K)], 0.0047936 secs]
7.582: [Full GC 7.582: [Tenured: 116K->128K(1408K), 0.0048964 secs] 131K->128K(1984K), [Perm : 1336K->1336K(8192K)], 0.0049612 secs]
7.587: [Full GC 7.587: [Tenured: 128K->128K(1408K), 0.0047330 secs] 149K->128K(1984K), [Perm : 1336K->1336K(8192K)], 0.0047992 secs]
7.592: [Full GC 7.592: [Tenured: 128K->140K(1408K), 0.0045939 secs] 143K->140K(1984K), [Perm : 1336K->1336K(8192K)], 0.0046562 secs]
7.598: [Full GC 7.598: [Tenured: 140K->116K(1408K), 0.0050244 secs] 161K->116K(1984K), [Perm : 1336K->1336K(8192K)], 0.0050909 secs]
7.603: [Full GC 7.603: [Tenured: 116K->128K(1408K), 0.0046277 secs] 131K->128K(1984K), [Perm : 1336K->1336K(8192K)], 0.0046917 secs]
7.608: [Full GC 7.608: [Tenured: 128K->128K(1408K), 0.0047350 secs] 149K->128K(1984K), [Perm : 1336K->1336K(8192K)], 0.0048009 secs]
7.613: [Full GC 7.613: [Tenured: 128K->140K(1408K), 0.0048551 secs] 143K->140K(1984K), [Perm : 1336K->1336K(8192K)], 0.0049191 secs]
7.619: [Full GC 7.619: [Tenured: 140K->116K(1408K), 0.0047235 secs] 161K->116K(1984K), [Perm : 1336K->1336K(8192K)], 0.0047903 secs]
7.624: [Full GC 7.624: [Tenured: 116K->128K(1408K), 0.0046011 secs] 131K->128K(1984K), [Perm : 1336K->1336K(8192K)], 0.0046634 secs]
7.629: [Full GC 7.629: [Tenured: 128K->128K(1408K), 0.0051708 secs] 149K->128K(1984K), [Perm : 1336K->1336K(8192K)], 0.0052373 secs]
7.634: [Full GC 7.634: [Tenured: 128K->140K(1408K), 0.0046129 secs] 143K->140K(1984K), [Perm : 1336K->1336K(8192K)], 0.0046755 secs]
7.639: [Full GC 7.639: [Tenured: 140K->116K(1408K), 0.0047165 secs] 161K->116K(1984K), [Perm : 1336K->1336K(8192K)], 0.0047825 secs]
7.644: [Full GC 7.644: [Tenured: 116K->128K(1408K), 0.0052054 secs] 131K->128K(1984K), [Perm : 1336K->1336K(8192K)], 0.0052725 secs]
7.650: [Full GC 7.650: [Tenured: 128K->128K(1408K), 0.0047637 secs] 149K->128K(1984K), [Perm : 1336K->1336K(8192K)], 0.0048305 secs]
7.655: [Full GC 7.655: [Tenured: 128K->140K(1408K), 0.0045858 secs] 143K->140K(1984K), [Perm : 1336K->1336K(8192K)], 0.0046470 secs]
7.660: [Full GC 7.660: [Tenured: 140K->116K(1408K), 0.0050473 secs] 161K->116K(1984K), [Perm : 1336K->1336K(8192K)], 0.0051138 secs]
7.666: [Full GC 7.666: [Tenured: 116K->128K(1408K), 0.0046199 secs] 131K->128K(1984K), [Perm : 1336K->1336K(8192K)], 0.0046838 secs]
7.671: [Full GC 7.671: [Tenured: 128K->128K(1408K), 0.0047548 secs] 149K->128K(1984K), [Perm : 1336K->1336K(8192K)], 0.0048199 secs]
7.676: [Full GC 7.676: [Tenured: 128K->140K(1408K), 0.0049788 secs] 143K->140K(1984K), [Perm : 1336K->1336K(8192K)], 0.0050439 secs]
7.682: [Full GC 7.682: [Tenured: 140K->116K(1408K), 0.0048515 secs] 161K->116K(1984K), [Perm : 1336K->1336K(8192K)], 0.0049188 secs]
7.687: [Full GC 7.687: [Tenured: 116K->128K(1408K), 0.0047771 secs] 131K->128K(1984K), [Perm : 1336K->1336K(8192K)], 0.0048417 secs]
7.692: [Full GC 7.692: [Tenured: 128K->128K(1408K), 0.0050121 secs] 149K->128K(1984K), [Perm : 1336K->1336K(8192K)], 0.0050783 secs]
7.697: [Full GC 7.697: [Tenured: 128K->140K(1408K), 0.0046028 secs] 143K->140K(1984K), [Perm : 1336K->1336K(8192K)], 0.0046648 secs]
7.702: [Full GC 7.703: [Tenured: 140K->116K(1408K), 0.0047213 secs] 161K->116K(1984K), [Perm : 1336K->1336K(8192K)], 0.0047866 secs]
7.707: [Full GC 7.707: [Tenured: 116K->128K(1408K), 0.0049031 secs] 131K->128K(1984K), [Perm : 1336K->1336K(8192K)], 0.0049671 secs]
7.713: [Full GC 7.713: [Tenured: 128K->128K(1408K), 0.0047302 secs] 149K->128K(1984K), [Perm : 1336K->1336K(8192K)], 0.0047953 secs]
7.718: [Full GC 7.718: [Tenured: 128K->140K(1408K), 0.0045905 secs] 143K->140K(1984K), [Perm : 1336K->1336K(8192K)], 0.0046531 secs]
7.723: [Full GC 7.723: [Tenured: 140K->116K(1408K), 0.0050286 secs] 161K->116K(1984K), [Perm : 1336K->1336K(8192K)], 0.0050948 secs]
7.729: [Full GC 7.729: [Tenured: 116K->128K(1408K), 0.0046308 secs] 131K->128K(1984K), [Perm : 1336K->1336K(8192K)], 0.0046947 secs]
7.734: [Full GC 7.734: [Tenured: 128K->128K(1408K), 0.0047503 secs] 149K->128K(1984K), [Perm : 1336K->1336K(8192K)], 0.0048146 secs]
7.739: [Full GC 7.739: [Tenured: 128K->140K(1408K), 0.0051297 secs] 143K->140K(1984K), [Perm : 1336K->1336K(8192K)], 0.0051959 secs]
7.746: [Full GC 7.746: [Tenured: 140K->116K(1408K), 0.0051384 secs] 161K->116K(1984K), [Perm : 1336K->1336K(8192K)], 0.0052135 secs]
7.751: [Full GC 7.751: [Tenured: 116K->128K(1408K), 0.0048805 secs] 131K->128K(1984K), [Perm : 1336K->1336K(8192K)], 0.0051942 secs]
7.757: [Full GC 7.757: [Tenured: 128K->128K(1408K), 0.0048741 secs] 149K->128K(1984K), [Perm : 1336K->1336K(8192K)], 0.0049422 secs]
7.762: [Full GC 7.762: [Tenured: 128K->140K(1408K), 0.0048610 secs] 143K->140K(1984K), [Perm : 1336K->1336K(8192K)], 0.0049272 secs]
7.768: [Full GC 7.768: [Tenured: 140K->116K(1408K), 0.0051037 secs] 161K->116K(1984K), [Perm : 1336K->1336K(8192K)], 0.0051719 secs]
7.773: [Full GC 7.773: [Tenured: 116K->128K(1408K), 0.0050124 secs] 131K->128K(1984K), [Perm : 1336K->1336K(8192K)], 0.0050811 secs]
7.779: [Full GC 7.779: [Tenured: 128K->128K(1408K), 0.0048601 secs] 149K->128K(1984K), [Perm : 1336K->1336K(8192K)], 0.0049263 secs]
7.784: [Full GC 7.784: [Tenured: 128K->140K(1408K), 0.0051624 secs] 143K->140K(1984K), [Perm : 1336K->1336K(8192K)], 0.0052297 secs]
7.790: [Full GC 7.790: [Tenured: 140K->116K(1408K), 0.0048766 secs] 161K->116K(1984K), [Perm : 1336K->1336K(8192K)], 0.0049448 secs]
7.795: [Full GC 7.795: [Tenured: 116K->128K(1408K), 0.0047593 secs] 131K->128K(1984K), [Perm : 1336K->1336K(8192K)], 0.0048246 secs]
7.801: [Full GC 7.801: [Tenured: 128K->128K(1408K), 0.0052241 secs] 149K->128K(1984K), [Perm : 1336K->1336K(8192K)], 0.0052929 secs]
7.807: [Full GC 7.807: [Tenured: 128K->140K(1408K), 0.0047559 secs] 143K->140K(1984K), [Perm : 1336K->1336K(8192K)], 0.0048196 secs]
7.812: [Full GC 7.812: [Tenured: 140K->116K(1408K), 0.0050269 secs] 161K->116K(1984K), [Perm : 1336K->1336K(8192K)], 0.0052191 secs]
7.817: [Full GC 7.817: [Tenured: 116K->128K(1408K), 0.0051364 secs] 131K->128K(1984K), [Perm : 1336K->1336K(8192K)], 0.0052037 secs]
7.823: [Full GC 7.823: [Tenured: 128K->128K(1408K), 0.0049794 secs] 149K->128K(1984K), [Perm : 1336K->1336K(8192K)], 0.0050478 secs]
7.828: [Full GC 7.829: [Tenured: 128K->140K(1408K), 0.0046992 secs] 143K->140K(1984K), [Perm : 1336K->1336K(8192K)], 0.0047643 secs]
7.834: [Full GC 7.834: [Tenured: 140K->116K(1408K), 0.0050621 secs] 161K->116K(1984K), [Perm : 1336K->1336K(8192K)], 0.0051294 secs]
7.839: [Full GC 7.839: [Tenured: 116K->128K(1408K), 0.0046970 secs] 131K->128K(1984K), [Perm : 1336K->1336K(8192K)], 0.0047612 secs]
7.845: [Full GC 7.845: [Tenured: 128K->128K(1408K), 0.0048235 secs] 149K->128K(1984K), [Perm : 1336K->1336K(8192K)], 0.0048897 secs]
7.850: [Full GC 7.850: [Tenured: 128K->140K(1408K), 0.0052001 secs] 143K->140K(1984K), [Perm : 1336K->1336K(8192K)], 0.0052669 secs]
7.856: [Full GC 7.856: [Tenured: 140K->116K(1408K), 0.0048548 secs] 161K->116K(1984K), [Perm : 1336K->1336K(8192K)], 0.0049216 secs]
7.861: [Full GC 7.861: [Tenured: 116K->128K(1408K), 0.0050283 secs] 131K->128K(1984K), [Perm : 1336K->1336K(8192K)], 0.0051065 secs]
7.867: [Full GC 7.867: [Tenured: 128K->128K(1408K), 0.0048003 secs] 149K->128K(1984K), [Perm : 1336K->1336K(8192K)], 0.0049791 secs]
7.872: [Full GC 7.872: [Tenured: 128K->140K(1408K), 0.0047221 secs] 143K->140K(1984K), [Perm : 1336K->1336K(8192K)], 0.0047866 secs]
7.877: [Full GC 7.877: [Tenured: 140K->116K(1408K), 0.0050836 secs] 161K->116K(1984K), [Perm : 1336K->1336K(8192K)], 0.0051493 secs]
7.883: [Full GC 7.883: [Tenured: 116K->128K(1408K), 0.0047101 secs] 131K->128K(1984K), [Perm : 1336K->1336K(8192K)], 0.0047743 secs]
7.888: [Full GC 7.888: [Tenured: 128K->128K(1408K), 0.0048193 secs] 149K->128K(1984K), [Perm : 1336K->1336K(8192K)], 0.0048850 secs]
7.893: [Full GC 7.893: [Tenured: 128K->140K(1408K), 0.0053490 secs] 143K->140K(1984K), [Perm : 1336K->1336K(8192K)], 0.0054163 secs]
7.899: [Full GC 7.899: [Tenured: 140K->116K(1408K), 0.0048894 secs] 161K->116K(1984K), [Perm : 1336K->1336K(8192K)], 0.0049565 secs]
7.905: [Full GC 7.905: [Tenured: 116K->128K(1408K), 0.0048227 secs] 131K->128K(1984K), [Perm : 1336K->1336K(8192K)], 0.0048892 secs]
7.910: [Full GC 7.910: [Tenured: 128K->128K(1408K), 0.0052135 secs] 149K->128K(1984K), [Perm : 1336K->1336K(8192K)], 0.0052817 secs]
7.916: [Full GC 7.916: [Tenured: 128K->140K(1408K), 0.0047249 secs] 143K->140K(1984K), [Perm : 1336K->1336K(8192K)], 0.0047914 secs]
7.921: [Full GC 7.921: [Tenured: 140K->116K(1408K), 0.0047889 secs] 161K->116K(1984K), [Perm : 1336K->1336K(8192K)], 0.0048548 secs]
7.926: [Full GC 7.926: [Tenured: 116K->128K(1408K), 0.0050132 secs] 131K->128K(1984K), [Perm : 1336K->1336K(8192K)], 0.0050780 secs]
7.932: [Full GC 7.932: [Tenured: 128K->128K(1408K), 0.0049520 secs] 149K->128K(1984K), [Perm : 1336K->1336K(8192K)], 0.0050199 secs]
7.937: [Full GC 7.937: [Tenured: 128K->140K(1408K), 0.0047154 secs] 143K->140K(1984K), [Perm : 1336K->1336K(8192K)], 0.0047811 secs]
7.943: [Full GC 7.943: [Tenured: 140K->116K(1408K), 0.0050710 secs] 161K->116K(1984K), [Perm : 1336K->1336K(8192K)], 0.0051375 secs]
7.948: [Full GC 7.948: [Tenured: 116K->128K(1408K), 0.0046629 secs] 131K->128K(1984K), [Perm : 1336K->1336K(8192K)], 0.0047260 secs]
7.953: [Full GC 7.953: [Tenured: 128K->128K(1408K), 0.0049168 secs] 149K->128K(1984K), [Perm : 1336K->1336K(8192K)], 0.0049850 secs]
7.958: [Full GC 7.958: [Tenured: 128K->140K(1408K), 0.0051241 secs] 143K->140K(1984K), [Perm : 1336K->1336K(8192K)], 0.0051898 secs]
7.964: [Full GC 7.964: [Tenured: 140K->116K(1408K), 0.0050110 secs] 161K->116K(1984K), [Perm : 1336K->1336K(8192K)], 0.0050789 secs]
7.970: [Full GC 7.970: [Tenured: 116K->128K(1408K), 0.0047168 secs] 131K->128K(1984K), [Perm : 1336K->1336K(8192K)], 0.0047811 secs]
7.975: [Full GC 7.975: [Tenured: 128K->128K(1408K), 0.0052412 secs] 149K->128K(1984K), [Perm : 1336K->1336K(8192K)], 0.0053093 secs]
7.981: [Full GC 7.981: [Tenured: 128K->140K(1408K), 0.0047428 secs] 143K->140K(1984K), [Perm : 1336K->1336K(8192K)], 0.0048084 secs]
7.986: [Full GC 7.986: [Tenured: 140K->116K(1408K), 0.0052398 secs] 161K->116K(1984K), [Perm : 1336K->1336K(8192K)], 0.0053113 secs]
7.992: [Full GC 7.992: [Tenured: 116K->128K(1408K), 0.0047735 secs] 131K->128K(1984K), [Perm : 1336K->1336K(8192K)], 0.0048389 secs]
7.997: [Full GC 7.997: [Tenured: 128K->128K(1408K), 0.0049300 secs] 149K->128K(1984K), [Perm : 1336K->1336K(8192K)], 0.0049973 secs]
8.002: [Full GC 8.002: [Tenured: 128K->140K(1408K), 0.0050272 secs] 143K->140K(1984K), [Perm : 1336K->1336K(8192K)], 0.0050945 secs]
8.009: [Full GC 8.009: [Tenured: 140K->116K(1408K), 0.0051113 secs] 161K->116K(1984K), [Perm : 1336K->1336K(8192K)], 0.0051814 secs]
8.014: [Full GC 8.014: [Tenured: 116K->128K(1408K), 0.0047400 secs] 131K->128K(1984K), [Perm : 1336K->1336K(8192K)], 0.0048051 secs]
8.019: [Full GC 8.019: [Tenured: 128K->128K(1408K), 0.0051959 secs] 149K->128K(1984K), [Perm : 1336K->1336K(8192K)], 0.0052658 secs]
8.025: [Full GC 8.025: [Tenured: 128K->140K(1408K), 0.0048213 secs] 143K->140K(1984K), [Perm : 1336K->1336K(8192K)], 0.0048883 secs]
8.030: [Full GC 8.031: [Tenured: 140K->116K(1408K), 0.0049375 secs] 161K->116K(1984K), [Perm : 1336K->1336K(8192K)], 0.0050048 secs]
8.036: [Full GC 8.036: [Tenured: 116K->128K(1408K), 0.0050182 secs] 131K->128K(1984K), [Perm : 1336K->1336K(8192K)], 0.0050853 secs]
8.041: [Full GC 8.041: [Tenured: 128K->128K(1408K), 0.0049291 secs] 149K->128K(1984K), [Perm : 1336K->1336K(8192K)], 0.0049976 secs]
8.047: [Full GC 8.047: [Tenured: 128K->140K(1408K), 0.0047213 secs] 143K->140K(1984K), [Perm : 1336K->1336K(8192K)], 0.0047866 secs]
8.052: [Full GC 8.052: [Tenured: 140K->116K(1408K), 0.0051847 secs] 161K->116K(1984K), [Perm : 1336K->1336K(8192K)], 0.0052537 secs]
8.058: [Full GC 8.058: [Tenured: 116K->128K(1408K), 0.0046950 secs] 131K->128K(1984K), [Perm : 1336K->1336K(8192K)], 0.0047609 secs]
8.063: [Full GC 8.063: [Tenured: 128K->128K(1408K), 0.0047140 secs] 149K->128K(1984K), [Perm : 1336K->1336K(8192K)], 0.0047799 secs]
8.068: [Full GC 8.068: [Tenured: 128K->140K(1408K), 0.0050822 secs] 143K->140K(1984K), [Perm : 1336K->1336K(8192K)], 0.0051481 secs]
8.074: [Full GC 8.074: [Tenured: 140K->116K(1408K), 0.0049129 secs] 161K->116K(1984K), [Perm : 1336K->1336K(8192K)], 0.0049830 secs]
8.079: [Full GC 8.079: [Tenured: 116K->128K(1408K), 0.0046098 secs] 131K->128K(1984K), [Perm : 1336K->1336K(8192K)], 0.0046735 secs]
8.084: [Full GC 8.084: [Tenured: 128K->128K(1408K), 0.0050540 secs] 149K->128K(1984K), [Perm : 1336K->1336K(8192K)], 0.0051208 secs]
8.090: [Full GC 8.090: [Tenured: 128K->140K(1408K), 0.0046048 secs] 143K->140K(1984K), [Perm : 1336K->1336K(8192K)], 0.0046682 secs]
8.095: [Full GC 8.095: [Tenured: 140K->116K(1408K), 0.0047168 secs] 161K->116K(1984K), [Perm : 1336K->1336K(8192K)], 0.0047836 secs]
8.100: [Full GC 8.100: [Tenured: 116K->128K(1408K), 0.0049464 secs] 131K->128K(1984K), [Perm : 1336K->1336K(8192K)], 0.0050107 secs]
8.105: [Full GC 8.105: [Tenured: 128K->128K(1408K), 0.0047492 secs] 149K->128K(1984K), [Perm : 1336K->1336K(8192K)], 0.0048163 secs]
8.110: [Full GC 8.110: [Tenured: 128K->140K(1408K), 0.0045830 secs] 143K->140K(1984K), [Perm : 1336K->1336K(8192K)], 0.0046461 secs]
8.115: [Full GC 8.116: [Tenured: 140K->116K(1408K), 0.0051079 secs] 161K->116K(1984K), [Perm : 1336K->1336K(8192K)], 0.0051755 secs]
8.121: [Full GC 8.121: [Tenured: 116K->128K(1408K), 0.0047894 secs] 131K->128K(1984K), [Perm : 1336K->1336K(8192K)], 0.0048556 secs]
8.127: [Full GC 8.127: [Tenured: 128K->128K(1408K), 0.0047202 secs] 149K->128K(1984K), [Perm : 1336K->1336K(8192K)], 0.0047866 secs]
8.132: [Full GC 8.132: [Tenured: 128K->140K(1408K), 0.0047277 secs] 143K->140K(1984K), [Perm : 1336K->1336K(8192K)], 0.0047936 secs]
8.137: [Full GC 8.137: [Tenured: 140K->116K(1408K), 0.0047316 secs] 161K->116K(1984K), [Perm : 1336K->1336K(8192K)], 0.0047995 secs]
8.142: [Full GC 8.142: [Tenured: 116K->128K(1408K), 0.0045986 secs] 131K->128K(1984K), [Perm : 1336K->1336K(8192K)], 0.0046752 secs]
8.148: [Full GC 8.148: [Tenured: 128K->128K(1408K), 0.0047484 secs] 149K->128K(1984K), [Perm : 1336K->1336K(8192K)], 0.0048151 secs]
8.153: [Full GC 8.153: [Tenured: 128K->140K(1408K), 0.0045869 secs] 143K->140K(1984K), [Perm : 1336K->1336K(8192K)], 0.0046503 secs]
8.158: [Full GC 8.158: [Tenured: 140K->116K(1408K), 0.0047087 secs] 161K->116K(1984K), [Perm : 1336K->1336K(8192K)], 0.0047752 secs]
8.163: [Full GC 8.163: [Tenured: 116K->128K(1408K), 0.0046263 secs] 131K->128K(1984K), [Perm : 1336K->1336K(8192K)], 0.0046900 secs]
8.168: [Full GC 8.168: [Tenured: 128K->128K(1408K), 0.0047316 secs] 149K->128K(1984K), [Perm : 1336K->1336K(8192K)], 0.0047989 secs]
8.173: [Full GC 8.173: [Tenured: 128K->140K(1408K), 0.0045249 secs] 143K->140K(1984K), [Perm : 1336K->1336K(8192K)], 0.0045877 secs]
8.179: [Full GC 8.179: [Tenured: 140K->116K(1408K), 0.0047917 secs] 161K->116K(1984K), [Perm : 1336K->1336K(8192K)], 0.0048596 secs]
8.184: [Full GC 8.184: [Tenured: 116K->128K(1408K), 0.0047129 secs] 131K->128K(1984K), [Perm : 1336K->1336K(8192K)], 0.0047785 secs]
8.189: [Full GC 8.189: [Tenured: 128K->128K(1408K), 0.0049554 secs] 149K->128K(1984K), [Perm : 1336K->1336K(8192K)], 0.0050230 secs]
8.194: [Full GC 8.194: [Tenured: 128K->140K(1408K), 0.0046134 secs] 143K->140K(1984K), [Perm : 1336K->1336K(8192K)], 0.0046785 secs]
8.200: [Full GC 8.200: [Tenured: 140K->116K(1408K), 0.0047238 secs] 161K->116K(1984K), [Perm : 1336K->1336K(8192K)], 0.0047886 secs]
8.205: [Full GC 8.205: [Tenured: 116K->128K(1408K), 0.0045911 secs] 131K->128K(1984K), [Perm : 1336K->1336K(8192K)], 0.0046539 secs]
8.210: [Full GC 8.210: [Tenured: 128K->128K(1408K), 0.0047481 secs] 149K->128K(1984K), [Perm : 1336K->1336K(8192K)], 0.0048149 secs]
8.215: [Full GC 8.215: [Tenured: 128K->140K(1408K), 0.0045363 secs] 143K->140K(1984K), [Perm : 1336K->1336K(8192K)], 0.0045972 secs]
8.220: [Full GC 8.220: [Tenured: 140K->116K(1408K), 0.0047419 secs] 161K->116K(1984K), [Perm : 1336K->1336K(8192K)], 0.0048087 secs]
8.225: [Full GC 8.225: [Tenured: 116K->128K(1408K), 0.0049976 secs] 131K->128K(1984K), [Perm : 1336K->1336K(8192K)], 0.0050624 secs]
8.231: [Full GC 8.231: [Tenured: 128K->128K(1408K), 0.0047724 secs] 149K->128K(1984K), [Perm : 1336K->1336K(8192K)], 0.0048394 secs]
8.236: [Full GC 8.236: [Tenured: 128K->140K(1408K), 0.0045835 secs] 143K->140K(1984K), [Perm : 1336K->1336K(8192K)], 0.0046467 secs]
8.241: [Full GC 8.241: [Tenured: 140K->116K(1408K), 0.0047408 secs] 161K->116K(1984K), [Perm : 1336K->1336K(8192K)], 0.0048068 secs]
8.246: [Full GC 8.246: [Tenured: 116K->128K(1408K), 0.0046120 secs] 131K->128K(1984K), [Perm : 1336K->1336K(8192K)], 0.0046755 secs]
8.251: [Full GC 8.251: [Tenured: 128K->128K(1408K), 0.0047400 secs] 149K->128K(1984K), [Perm : 1336K->1336K(8192K)], 0.0048062 secs]
8.256: [Full GC 8.257: [Tenured: 128K->140K(1408K), 0.0047065 secs] 143K->140K(1984K), [Perm : 1336K->1336K(8192K)], 0.0047727 secs]
8.262: [Full GC 8.262: [Tenured: 140K->116K(1408K), 0.0047324 secs] 161K->116K(1984K), [Perm : 1336K->1336K(8192K)], 0.0047995 secs]
8.267: [Full GC 8.267: [Tenured: 116K->128K(1408K), 0.0045978 secs] 131K->128K(1984K), [Perm : 1336K->1336K(8192K)], 0.0046612 secs]
8.273: [Full GC 8.273: [Tenured: 128K->128K(1408K), 0.0047366 secs] 149K->128K(1984K), [Perm : 1336K->1336K(8192K)], 0.0048020 secs]
8.278: [Full GC 8.278: [Tenured: 128K->140K(1408K), 0.0045732 secs] 143K->140K(1984K), [Perm : 1336K->1336K(8192K)], 0.0046366 secs]
8.283: [Full GC 8.283: [Tenured: 140K->116K(1408K), 0.0047070 secs] 161K->116K(1984K), [Perm : 1336K->1336K(8192K)], 0.0047724 secs]
8.288: [Full GC 8.288: [Tenured: 116K->128K(1408K), 0.0046612 secs] 131K->128K(1984K), [Perm : 1336K->1336K(8192K)], 0.0047260 secs]
8.293: [Full GC 8.293: [Tenured: 128K->128K(1408K), 0.0047313 secs] 149K->128K(1984K), [Perm : 1336K->1336K(8192K)], 0.0047992 secs]
8.298: [Full GC 8.298: [Tenured: 128K->140K(1408K), 0.0045335 secs] 143K->140K(1984K), [Perm : 1336K->1336K(8192K)], 0.0045964 secs]
8.304: [Full GC 8.304: [Tenured: 140K->116K(1408K), 0.0047917 secs] 161K->116K(1984K), [Perm : 1336K->1336K(8192K)], 0.0048598 secs]
8.309: [Full GC 8.309: [Tenured: 116K->128K(1408K), 0.0045570 secs] 131K->128K(1984K), [Perm : 1336K->1336K(8192K)], 0.0046199 secs]
8.314: [Full GC 8.314: [Tenured: 128K->128K(1408K), 0.0047182 secs] 149K->128K(1984K), [Perm : 1336K->1336K(8192K)], 0.0047847 secs]
8.319: [Full GC 8.319: [Tenured: 128K->140K(1408K), 0.0046486 secs] 143K->140K(1984K), [Perm : 1336K->1336K(8192K)], 0.0047126 secs]
8.324: [Full GC 8.324: [Tenured: 140K->116K(1408K), 0.0047260 secs] 161K->116K(1984K), [Perm : 1336K->1336K(8192K)], 0.0047931 secs]
8.329: [Full GC 8.329: [Tenured: 116K->128K(1408K), 0.0045894 secs] 131K->128K(1984K), [Perm : 1336K->1336K(8192K)], 0.0046534 secs]
8.335: [Full GC 8.335: [Tenured: 128K->128K(1408K), 0.0047718 secs] 149K->128K(1984K), [Perm : 1336K->1336K(8192K)], 0.0048389 secs]
8.350: [Full GC 8.350: [Tenured: 128K->140K(1408K), 0.0047473 secs] 143K->140K(1984K), [Perm : 1336K->1336K(8192K)], 0.0048135 secs]
8.356: [Full GC 8.356: [Tenured: 140K->116K(1408K), 0.0047785 secs] 161K->116K(1984K), [Perm : 1336K->1336K(8192K)], 0.0048461 secs]
8.361: [Full GC 8.361: [Tenured: 116K->128K(1408K), 0.0046095 secs] 131K->128K(1984K), [Perm : 1336K->1336K(8192K)], 0.0046738 secs]
8.366: [Full GC 8.367: [Tenured: 128K->128K(1408K), 0.0047732 secs] 149K->128K(1984K), [Perm : 1336K->1336K(8192K)], 0.0048403 secs]
8.372: [Full GC 8.372: [Tenured: 128K->140K(1408K), 0.0045824 secs] 143K->140K(1984K), [Perm : 1336K->1336K(8192K)], 0.0046467 secs]
8.377: [Full GC 8.377: [Tenured: 140K->116K(1408K), 0.0053093 secs] 161K->116K(1984K), [Perm : 1336K->1336K(8192K)], 0.0053825 secs]
8.383: [Full GC 8.383: [Tenured: 116K->128K(1408K), 0.0049417 secs] 131K->128K(1984K), [Perm : 1336K->1336K(8192K)], 0.0050096 secs]
8.388: [Full GC 8.388: [Tenured: 128K->128K(1408K), 0.0047545 secs] 149K->128K(1984K), [Perm : 1336K->1336K(8192K)], 0.0048210 secs]
8.393: [Full GC 8.393: [Tenured: 128K->140K(1408K), 0.0050654 secs] 143K->140K(1984K), [Perm : 1336K->1336K(8192K)], 0.0051308 secs]
8.399: [Full GC 8.399: [Tenured: 140K->116K(1408K), 0.0048604 secs] 161K->116K(1984K), [Perm : 1336K->1336K(8192K)], 0.0049277 secs]
8.404: [Full GC 8.404: [Tenured: 116K->128K(1408K), 0.0046386 secs] 131K->128K(1984K), [Perm : 1336K->1336K(8192K)], 0.0047026 secs]
8.409: [Full GC 8.409: [Tenured: 128K->128K(1408K), 0.0050705 secs] 149K->128K(1984K), [Perm : 1336K->1336K(8192K)], 0.0051384 secs]
8.415: [Full GC 8.415: [Tenured: 128K->140K(1408K), 0.0046470 secs] 143K->140K(1984K), [Perm : 1336K->1336K(8192K)], 0.0047115 secs]
8.421: [Full GC 8.421: [Tenured: 140K->116K(1408K), 0.0049417 secs] 161K->116K(1984K), [Perm : 1336K->1336K(8192K)], 0.0050126 secs]
8.426: [Full GC 8.426: [Tenured: 116K->128K(1408K), 0.0049585 secs] 131K->128K(1984K), [Perm : 1336K->1336K(8192K)], 0.0050241 secs]
8.431: [Full GC 8.431: [Tenured: 128K->128K(1408K), 0.0047526 secs] 149K->128K(1984K), [Perm : 1336K->1336K(8192K)], 0.0048196 secs]
8.436: [Full GC 8.436: [Tenured: 128K->140K(1408K), 0.0046120 secs] 143K->140K(1984K), [Perm : 1336K->1336K(8192K)], 0.0046752 secs]
8.442: [Full GC 8.442: [Tenured: 140K->116K(1408K), 0.0051317 secs] 161K->116K(1984K), [Perm : 1336K->1336K(8192K)], 0.0052001 secs]
8.447: [Full GC 8.447: [Tenured: 116K->128K(1408K), 0.0046682 secs] 131K->128K(1984K), [Perm : 1336K->1336K(8192K)], 0.0047336 secs]
8.452: [Full GC 8.452: [Tenured: 128K->128K(1408K), 0.0047833 secs] 149K->128K(1984K), [Perm : 1336K->1336K(8192K)], 0.0048501 secs]
8.458: [Full GC 8.458: [Tenured: 128K->140K(1408K), 0.0049774 secs] 143K->140K(1984K), [Perm : 1336K->1336K(8192K)], 0.0050439 secs]
8.463: [Full GC 8.463: [Tenured: 140K->116K(1408K), 0.0047635 secs] 161K->116K(1984K), [Perm : 1336K->1336K(8192K)], 0.0048308 secs]
8.468: [Full GC 8.468: [Tenured: 116K->128K(1408K), 0.0046095 secs] 131K->128K(1984K), [Perm : 1336K->1336K(8192K)], 0.0046732 secs]
8.473: [Full GC 8.473: [Tenured: 128K->128K(1408K), 0.0050219 secs] 149K->128K(1984K), [Perm : 1336K->1336K(8192K)], 0.0050892 secs]
8.480: [Full GC 8.480: [Tenured: 128K->140K(1408K), 0.0051456 secs] 143K->140K(1984K), [Perm : 1336K->1336K(8192K)], 0.0052171 secs]
8.486: [Full GC 8.486: [Tenured: 140K->116K(1408K), 0.0051554 secs] 161K->116K(1984K), [Perm : 1336K->1336K(8192K)], 0.0052255 secs]
8.492: [Full GC 8.492: [Tenured: 116K->128K(1408K), 0.0047241 secs] 131K->128K(1984K), [Perm : 1336K->1336K(8192K)], 0.0047889 secs]
8.497: [Full GC 8.497: [Tenured: 128K->128K(1408K), 0.0047372 secs] 149K->128K(1984K), [Perm : 1336K->1336K(8192K)], 0.0048034 secs]
8.502: [Full GC 8.502: [Tenured: 128K->140K(1408K), 0.0050180 secs] 143K->140K(1984K), [Perm : 1336K->1336K(8192K)], 0.0050830 secs]
8.508: [Full GC 8.508: [Tenured: 140K->116K(1408K), 0.0049763 secs] 161K->116K(1984K), [Perm : 1336K->1336K(8192K)], 0.0050431 secs]
8.514: [Full GC 8.514: [Tenured: 116K->128K(1408K), 0.0050152 secs] 131K->128K(1984K), [Perm : 1336K->1336K(8192K)], 0.0050839 secs]
8.519: [Full GC 8.519: [Tenured: 128K->128K(1408K), 0.0052331 secs] 149K->128K(1984K), [Perm : 1336K->1336K(8192K)], 0.0053023 secs]
8.525: [Full GC 8.525: [Tenured: 128K->140K(1408K), 0.0047391 secs] 143K->140K(1984K), [Perm : 1336K->1336K(8192K)], 0.0048054 secs]
8.530: [Full GC 8.530: [Tenured: 140K->116K(1408K), 0.0048207 secs] 161K->116K(1984K), [Perm : 1336K->1336K(8192K)], 0.0048886 secs]
8.535: [Full GC 8.535: [Tenured: 116K->128K(1408K), 0.0050168 secs] 131K->128K(1984K), [Perm : 1336K->1336K(8192K)], 0.0050825 secs]
8.542: [Full GC 8.542: [Tenured: 128K->128K(1408K), 0.0050825 secs] 149K->128K(1984K), [Perm : 1336K->1336K(8192K)], 0.0051548 secs]
8.547: [Full GC 8.547: [Tenured: 128K->140K(1408K), 0.0048241 secs] 143K->140K(1984K), [Perm : 1336K->1336K(8192K)], 0.0048897 secs]
8.553: [Full GC 8.553: [Tenured: 140K->116K(1408K), 0.0056521 secs] 161K->116K(1984K), [Perm : 1336K->1336K(8192K)], 0.0057259 secs]
8.559: [Full GC 8.559: [Tenured: 116K->128K(1408K), 0.0049878 secs] 131K->128K(1984K), [Perm : 1336K->1336K(8192K)], 0.0050548 secs]
8.565: [Full GC 8.565: [Tenured: 128K->128K(1408K), 0.0052384 secs] 149K->128K(1984K), [Perm : 1336K->1336K(8192K)], 0.0053093 secs]
8.571: [Full GC 8.571: [Tenured: 128K->140K(1408K), 0.0048260 secs] 143K->140K(1984K), [Perm : 1336K->1336K(8192K)], 0.0048914 secs]
8.576: [Full GC 8.576: [Tenured: 140K->116K(1408K), 0.0049531 secs] 161K->116K(1984K), [Perm : 1336K->1336K(8192K)], 0.0050221 secs]
8.582: [Full GC 8.582: [Tenured: 116K->128K(1408K), 0.0050976 secs] 131K->128K(1984K), [Perm : 1336K->1336K(8192K)], 0.0051635 secs]
8.588: [Full GC 8.588: [Tenured: 128K->128K(1408K), 0.0051574 secs] 149K->128K(1984K), [Perm : 1336K->1336K(8192K)], 0.0052322 secs]
8.594: [Full GC 8.594: [Tenured: 128K->140K(1408K), 0.0047850 secs] 143K->140K(1984K), [Perm : 1336K->1336K(8192K)], 0.0048495 secs]
8.601: [Full GC 8.601: [Tenured: 140K->116K(1408K), 0.0053655 secs] 161K->116K(1984K), [Perm : 1336K->1336K(8192K)], 0.0054418 secs]
8.607: [Full GC 8.607: [Tenured: 116K->128K(1408K), 0.0048098 secs] 131K->128K(1984K), [Perm : 1336K->1336K(8192K)], 0.0048763 secs]
8.613: [Full GC 8.613: [Tenured: 128K->128K(1408K), 0.0054691 secs] 149K->128K(1984K), [Perm : 1336K->1336K(8192K)], 0.0055423 secs]
8.619: [Full GC 8.619: [Tenured: 128K->140K(1408K), 0.0047718 secs] 143K->140K(1984K), [Perm : 1336K->1336K(8192K)], 0.0048380 secs]
8.624: [Full GC 8.624: [Tenured: 140K->116K(1408K), 0.0049984 secs] 161K->116K(1984K), [Perm : 1336K->1336K(8192K)], 0.0050680 secs]
8.630: [Full GC 8.630: [Tenured: 116K->128K(1408K), 0.0051713 secs] 131K->128K(1984K), [Perm : 1336K->1336K(8192K)], 0.0052401 secs]
8.636: [Full GC 8.636: [Tenured: 128K->128K(1408K), 0.0049054 secs] 149K->128K(1984K), [Perm : 1336K->1336K(8192K)], 0.0049744 secs]
8.641: [Full GC 8.641: [Tenured: 128K->140K(1408K), 0.0049065 secs] 143K->140K(1984K), [Perm : 1336K->1336K(8192K)], 0.0049735 secs]
8.647: [Full GC 8.647: [Tenured: 140K->116K(1408K), 0.0051216 secs] 161K->116K(1984K), [Perm : 1336K->1336K(8192K)], 0.0051900 secs]
8.652: [Full GC 8.652: [Tenured: 116K->128K(1408K), 0.0046322 secs] 131K->128K(1984K), [Perm : 1336K->1336K(8192K)], 0.0046956 secs]
8.657: [Full GC 8.657: [Tenured: 128K->128K(1408K), 0.0049492 secs] 149K->128K(1984K), [Perm : 1336K->1336K(8192K)], 0.0050191 secs]
8.663: [Full GC 8.663: [Tenured: 128K->140K(1408K), 0.0052649 secs] 142K->140K(1984K), [Perm : 1336K->1336K(8192K)], 0.0053328 secs]
8.669: [Full GC 8.669: [Tenured: 140K->116K(1408K), 0.0049995 secs] 161K->116K(1984K), [Perm : 1336K->1336K(8192K)], 0.0050699 secs]
8.676: [Full GC 8.676: [Tenured: 116K->128K(1408K), 0.0054012 secs] 131K->128K(1984K), [Perm : 1336K->1336K(8192K)], 0.0054739 secs]
8.683: [Full GC 8.683: [Tenured: 128K->128K(1408K), 0.0051543 secs] 149K->128K(1984K), [Perm : 1336K->1336K(8192K)], 0.0052294 secs]
8.689: [Full GC 8.689: [Tenured: 128K->140K(1408K), 0.0050540 secs] 143K->140K(1984K), [Perm : 1336K->1336K(8192K)], 0.0051241 secs]
8.696: [Full GC 8.696: [Tenured: 140K->116K(1408K), 0.0050881 secs] 161K->116K(1984K), [Perm : 1336K->1336K(8192K)], 0.0051604 secs]
8.702: [Full GC 8.702: [Tenured: 116K->128K(1408K), 0.0050009 secs] 131K->128K(1984K), [Perm : 1336K->1336K(8192K)], 0.0050696 secs]
8.708: [Full GC 8.708: [Tenured: 128K->128K(1408K), 0.0052834 secs] 149K->128K(1984K), [Perm : 1336K->1336K(8192K)], 0.0053557 secs]
8.714: [Full GC 8.714: [Tenured: 128K->140K(1408K), 0.0048925 secs] 143K->140K(1984K), [Perm : 1336K->1336K(8192K)], 0.0049598 secs]
8.721: [Full GC 8.721: [Tenured: 140K->116K(1408K), 0.0054993 secs] 161K->116K(1984K), [Perm : 1336K->1336K(8192K)], 0.0055736 secs]
8.728: [Full GC 8.728: [Tenured: 116K->128K(1408K), 0.0049900 secs] 131K->128K(1984K), [Perm : 1336K->1336K(8192K)], 0.0050587 secs]
8.734: [Full GC 8.734: [Tenured: 128K->128K(1408K), 0.0050769 secs] 149K->128K(1984K), [Perm : 1336K->1336K(8192K)], 0.0051490 secs]
8.740: [Full GC 8.740: [Tenured: 128K->140K(1408K), 0.0052049 secs] 143K->140K(1984K), [Perm : 1336K->1336K(8192K)], 0.0052753 secs]
8.747: [Full GC 8.747: [Tenured: 140K->116K(1408K), 0.0051523 secs] 161K->116K(1984K), [Perm : 1336K->1336K(8192K)], 0.0052261 secs]
8.754: [Full GC 8.754: [Tenured: 116K->128K(1408K), 0.0052680 secs] 131K->128K(1984K), [Perm : 1336K->1336K(8192K)], 0.0053389 secs]
8.760: [Full GC 8.760: [Tenured: 128K->128K(1408K), 0.0051043 secs] 149K->128K(1984K), [Perm : 1336K->1336K(8192K)], 0.0051783 secs]
8.766: [Full GC 8.766: [Tenured: 128K->140K(1408K), 0.0047542 secs] 143K->140K(1984K), [Perm : 1336K->1336K(8192K)], 0.0048213 secs]
8.771: [Full GC 8.771: [Tenured: 140K->116K(1408K), 0.0052054 secs] 161K->116K(1984K), [Perm : 1336K->1336K(8192K)], 0.0052761 secs]
8.777: [Full GC 8.777: [Tenured: 116K->128K(1408K), 0.0048503 secs] 131K->128K(1984K), [Perm : 1336K->1336K(8192K)], 0.0049174 secs]
8.783: [Full GC 8.783: [Tenured: 128K->128K(1408K), 0.0047822 secs] 149K->128K(1984K), [Perm : 1336K->1336K(8192K)], 0.0048492 secs]
8.788: [Full GC 8.788: [Tenured: 128K->140K(1408K), 0.0047028 secs] 143K->140K(1984K), [Perm : 1336K->1336K(8192K)], 0.0047688 secs]
8.803: [Full GC 8.803: [Tenured: 140K->116K(1408K), 0.0056021 secs] 161K->116K(1984K), [Perm : 1336K->1336K(8192K)], 0.0056837 secs]
8.809: [Full GC 8.809: [Tenured: 116K->128K(1408K), 0.0045947 secs] 131K->128K(1984K), [Perm : 1336K->1336K(8192K)], 0.0046590 secs]
8.814: [Full GC 8.814: [Tenured: 128K->128K(1408K), 0.0048246 secs] 149K->128K(1984K), [Perm : 1336K->1336K(8192K)], 0.0048934 secs]
8.819: [Full GC 8.819: [Tenured: 128K->140K(1408K), 0.0046687 secs] 143K->140K(1984K), [Perm : 1336K->1336K(8192K)], 0.0047338 secs]
8.825: [Full GC 8.825: [Tenured: 140K->116K(1408K), 0.0048791 secs] 161K->116K(1984K), [Perm : 1336K->1336K(8192K)], 0.0049478 secs]
8.830: [Full GC 8.830: [Tenured: 116K->128K(1408K), 0.0049892 secs] 131K->128K(1984K), [Perm : 1336K->1336K(8192K)], 0.0050543 secs]
8.836: [Full GC 8.836: [Tenured: 128K->128K(1408K), 0.0048135 secs] 149K->128K(1984K), [Perm : 1336K->1336K(8192K)], 0.0048805 secs]
8.841: [Full GC 8.841: [Tenured: 128K->140K(1408K), 0.0046011 secs] 143K->140K(1984K), [Perm : 1336K->1336K(8192K)], 0.0046637 secs]
8.846: [Full GC 8.846: [Tenured: 140K->116K(1408K), 0.0050054 secs] 161K->116K(1984K), [Perm : 1336K->1336K(8192K)], 0.0050722 secs]
8.851: [Full GC 8.851: [Tenured: 116K->128K(1408K), 0.0046713 secs] 131K->128K(1984K), [Perm : 1336K->1336K(8192K)], 0.0047350 secs]
8.856: [Full GC 8.857: [Tenured: 128K->128K(1408K), 0.0047308 secs] 149K->128K(1984K), [Perm : 1336K->1336K(8192K)], 0.0047970 secs]
8.861: [Full GC 8.862: [Tenured: 128K->140K(1408K), 0.0049001 secs] 143K->140K(1984K), [Perm : 1336K->1336K(8192K)], 0.0049638 secs]
8.867: [Full GC 8.867: [Tenured: 140K->116K(1408K), 0.0048881 secs] 161K->116K(1984K), [Perm : 1336K->1336K(8192K)], 0.0049543 secs]
8.873: [Full GC 8.873: [Tenured: 116K->128K(1408K), 0.0049040 secs] 131K->128K(1984K), [Perm : 1336K->1336K(8192K)], 0.0049699 secs]
8.880: [Full GC 8.880: [Tenured: 128K->128K(1408K), 0.0055666 secs] 149K->128K(1984K), [Perm : 1336K->1336K(8192K)], 0.0056423 secs]
8.886: [Full GC 8.886: [Tenured: 128K->140K(1408K), 0.0050607 secs] 143K->140K(1984K), [Perm : 1336K->1336K(8192K)], 0.0051322 secs]
8.892: [Full GC 8.892: [Tenured: 140K->116K(1408K), 0.0049741 secs] 161K->116K(1984K), [Perm : 1336K->1336K(8192K)], 0.0050442 secs]
8.899: [Full GC 8.899: [Tenured: 116K->128K(1408K), 0.0052149 secs] 131K->128K(1984K), [Perm : 1336K->1336K(8192K)], 0.0052881 secs]
8.905: [Full GC 8.905: [Tenured: 128K->128K(1408K), 0.0049381 secs] 149K->128K(1984K), [Perm : 1336K->1336K(8192K)], 0.0050071 secs]
8.911: [Full GC 8.911: [Tenured: 128K->140K(1408K), 0.0052873 secs] 143K->140K(1984K), [Perm : 1336K->1336K(8192K)], 0.0053568 secs]
8.917: [Full GC 8.917: [Tenured: 140K->116K(1408K), 0.0049978 secs] 161K->116K(1984K), [Perm : 1336K->1336K(8192K)], 0.0050674 secs]
8.922: [Full GC 8.922: [Tenured: 116K->128K(1408K), 0.0048755 secs] 131K->128K(1984K), [Perm : 1336K->1336K(8192K)], 0.0049406 secs]
8.928: [Full GC 8.928: [Tenured: 128K->128K(1408K), 0.0053429 secs] 149K->128K(1984K), [Perm : 1336K->1336K(8192K)], 0.0054144 secs]
8.934: [Full GC 8.934: [Tenured: 128K->140K(1408K), 0.0048498 secs] 143K->140K(1984K), [Perm : 1336K->1336K(8192K)], 0.0049157 secs]
8.941: [Full GC 8.941: [Tenured: 140K->116K(1408K), 0.0057063 secs] 161K->116K(1984K), [Perm : 1336K->1336K(8192K)], 0.0057815 secs]
8.947: [Full GC 8.947: [Tenured: 116K->128K(1408K), 0.0048705 secs] 131K->128K(1984K), [Perm : 1336K->1336K(8192K)], 0.0049378 secs]
8.953: [Full GC 8.953: [Tenured: 128K->128K(1408K), 0.0050026 secs] 149K->128K(1984K), [Perm : 1336K->1336K(8192K)], 0.0050722 secs]
8.958: [Full GC 8.958: [Tenured: 128K->140K(1408K), 0.0050766 secs] 143K->140K(1984K), [Perm : 1336K->1336K(8192K)], 0.0051434 secs]
8.965: [Full GC 8.965: [Tenured: 140K->116K(1408K), 0.0053278 secs] 161K->116K(1984K), [Perm : 1336K->1336K(8192K)], 0.0054012 secs]
8.972: [Full GC 8.972: [Tenured: 116K->128K(1408K), 0.0054401 secs] 131K->128K(1984K), [Perm : 1336K->1336K(8192K)], 0.0055122 secs]
8.978: [Full GC 8.978: [Tenured: 128K->128K(1408K), 0.0051141 secs] 149K->128K(1984K), [Perm : 1336K->1336K(8192K)], 0.0051836 secs]
8.984: [Full GC 8.984: [Tenured: 128K->140K(1408K), 0.0049277 secs] 143K->140K(1984K), [Perm : 1336K->1336K(8192K)], 0.0050040 secs]
8.989: [Full GC 8.989: [Tenured: 140K->116K(1408K), 0.0053258 secs] 161K->116K(1984K), [Perm : 1336K->1336K(8192K)], 0.0053976 secs]
8.995: [Full GC 8.996: [Tenured: 116K->128K(1408K), 0.0049140 secs] 131K->128K(1984K), [Perm : 1336K->1336K(8192K)], 0.0049822 secs]
9.001: [Full GC 9.001: [Tenured: 128K->128K(1408K), 0.0049476 secs] 149K->128K(1984K), [Perm : 1336K->1336K(8192K)], 0.0050152 secs]
9.007: [Full GC 9.007: [Tenured: 128K->140K(1408K), 0.0049850 secs] 143K->140K(1984K), [Perm : 1336K->1336K(8192K)], 0.0050532 secs]
9.013: [Full GC 9.013: [Tenured: 140K->116K(1408K), 0.0049769 secs] 161K->116K(1984K), [Perm : 1336K->1336K(8192K)], 0.0050470 secs]
9.018: [Full GC 9.018: [Tenured: 116K->128K(1408K), 0.0052001 secs] 131K->128K(1984K), [Perm : 1336K->1336K(8192K)], 0.0052677 secs]
9.024: [Full GC 9.024: [Tenured: 128K->128K(1408K), 0.0049699 secs] 149K->128K(1984K), [Perm : 1336K->1336K(8192K)], 0.0050498 secs]
9.030: [Full GC 9.030: [Tenured: 128K->140K(1408K), 0.0048878 secs] 143K->140K(1984K), [Perm : 1336K->1336K(8192K)], 0.0049540 secs]
9.035: [Full GC 9.035: [Tenured: 140K->116K(1408K), 0.0052409 secs] 161K->116K(1984K), [Perm : 1336K->1336K(8192K)], 0.0053105 secs]
9.041: [Full GC 9.041: [Tenured: 116K->128K(1408K), 0.0048889 secs] 131K->128K(1984K), [Perm : 1336K->1336K(8192K)], 0.0049559 secs]
9.047: [Full GC 9.047: [Tenured: 128K->128K(1408K), 0.0049319 secs] 149K->128K(1984K), [Perm : 1336K->1336K(8192K)], 0.0049987 secs]
9.052: [Full GC 9.052: [Tenured: 128K->140K(1408K), 0.0052761 secs] 143K->140K(1984K), [Perm : 1336K->1336K(8192K)], 0.0053440 secs]
9.058: [Full GC 9.058: [Tenured: 140K->116K(1408K), 0.0049305 secs] 161K->116K(1984K), [Perm : 1336K->1336K(8192K)], 0.0050001 secs]
9.064: [Full GC 9.064: [Tenured: 116K->128K(1408K), 0.0048766 secs] 131K->128K(1984K), [Perm : 1336K->1336K(8192K)], 0.0049442 secs]
9.069: [Full GC 9.069: [Tenured: 128K->128K(1408K), 0.0049140 secs] 149K->128K(1984K), [Perm : 1336K->1336K(8192K)], 0.0049814 secs]
9.085: [Full GC 9.085: [Tenured: 128K->140K(1408K), 0.0053529 secs] 143K->140K(1984K), [Perm : 1336K->1336K(8192K)], 0.0054328 secs]
9.091: [Full GC 9.091: [Tenured: 140K->116K(1408K), 0.0049744 secs] 161K->116K(1984K), [Perm : 1336K->1336K(8192K)], 0.0050448 secs]
9.096: [Full GC 9.097: [Tenured: 116K->128K(1408K), 0.0052197 secs] 131K->128K(1984K), [Perm : 1336K->1336K(8192K)], 0.0052909 secs]
9.102: [Full GC 9.103: [Tenured: 128K->128K(1408K), 0.0049353 secs] 149K->128K(1984K), [Perm : 1336K->1336K(8192K)], 0.0050048 secs]
9.108: [Full GC 9.108: [Tenured: 128K->140K(1408K), 0.0048657 secs] 143K->140K(1984K), [Perm : 1336K->1336K(8192K)], 0.0049336 secs]
9.114: [Full GC 9.114: [Tenured: 140K->116K(1408K), 0.0051515 secs] 161K->116K(1984K), [Perm : 1336K->1336K(8192K)], 0.0052211 secs]
9.119: [Full GC 9.119: [Tenured: 116K->128K(1408K), 0.0046950 secs] 131K->128K(1984K), [Perm : 1336K->1336K(8192K)], 0.0047587 secs]
9.125: [Full GC 9.125: [Tenured: 128K->128K(1408K), 0.0049347 secs] 149K->128K(1984K), [Perm : 1336K->1336K(8192K)], 0.0050043 secs]
9.130: [Full GC 9.130: [Tenured: 128K->140K(1408K), 0.0049202 secs] 143K->140K(1984K), [Perm : 1336K->1336K(8192K)], 0.0049850 secs]
9.135: [Full GC 9.135: [Tenured: 140K->116K(1408K), 0.0047607 secs] 161K->116K(1984K), [Perm : 1336K->1336K(8192K)], 0.0048277 secs]
9.140: [Full GC 9.140: [Tenured: 116K->128K(1408K), 0.0046227 secs] 131K->128K(1984K), [Perm : 1336K->1336K(8192K)], 0.0046866 secs]
9.146: [Full GC 9.146: [Tenured: 128K->128K(1408K), 0.0050769 secs] 149K->128K(1984K), [Perm : 1336K->1336K(8192K)], 0.0051442 secs]
9.151: [Full GC 9.151: [Tenured: 128K->140K(1408K), 0.0047841 secs] 143K->140K(1984K), [Perm : 1336K->1336K(8192K)], 0.0048492 secs]
9.157: [Full GC 9.157: [Tenured: 140K->116K(1408K), 0.0049515 secs] 161K->116K(1984K), [Perm : 1336K->1336K(8192K)], 0.0050207 secs]
9.162: [Full GC 9.162: [Tenured: 116K->128K(1408K), 0.0052205 secs] 131K->128K(1984K), [Perm : 1336K->1336K(8192K)], 0.0052873 secs]
9.168: [Full GC 9.168: [Tenured: 128K->128K(1408K), 0.0049772 secs] 149K->128K(1984K), [Perm : 1336K->1336K(8192K)], 0.0050465 secs]
9.173: [Full GC 9.173: [Tenured: 128K->140K(1408K), 0.0047844 secs] 143K->140K(1984K), [Perm : 1336K->1336K(8192K)], 0.0048501 secs]
9.180: [Full GC 9.180: [Tenured: 140K->116K(1408K), 0.0051127 secs] 161K->116K(1984K), [Perm : 1336K->1336K(8192K)], 0.0051853 secs]
9.185: [Full GC 9.185: [Tenured: 116K->128K(1408K), 0.0048618 secs] 131K->128K(1984K), [Perm : 1336K->1336K(8192K)], 0.0049283 secs]
9.190: [Full GC 9.190: [Tenured: 128K->128K(1408K), 0.0051808 secs] 149K->128K(1984K), [Perm : 1336K->1336K(8192K)], 0.0052487 secs]
9.196: [Full GC 9.196: [Tenured: 128K->140K(1408K), 0.0048397 secs] 143K->140K(1984K), [Perm : 1336K->1336K(8192K)], 0.0049048 secs]
9.201: [Full GC 9.201: [Tenured: 140K->116K(1408K), 0.0048529 secs] 161K->116K(1984K), [Perm : 1336K->1336K(8192K)], 0.0049191 secs]
9.207: [Full GC 9.207: [Tenured: 116K->128K(1408K), 0.0051778 secs] 131K->128K(1984K), [Perm : 1336K->1336K(8192K)], 0.0052451 secs]
9.212: [Full GC 9.212: [Tenured: 128K->128K(1408K), 0.0048663 secs] 149K->128K(1984K), [Perm : 1336K->1336K(8192K)], 0.0049330 secs]
9.218: [Full GC 9.218: [Tenured: 128K->140K(1408K), 0.0047710 secs] 143K->140K(1984K), [Perm : 1336K->1336K(8192K)], 0.0048364 secs]
9.223: [Full GC 9.223: [Tenured: 140K->116K(1408K), 0.0050998 secs] 161K->116K(1984K), [Perm : 1336K->1336K(8192K)], 0.0051680 secs]
9.229: [Full GC 9.229: [Tenured: 116K->128K(1408K), 0.0048875 secs] 131K->128K(1984K), [Perm : 1336K->1336K(8192K)], 0.0049554 secs]
9.234: [Full GC 9.234: [Tenured: 128K->128K(1408K), 0.0048364 secs] 149K->128K(1984K), [Perm : 1336K->1336K(8192K)], 0.0049037 secs]
9.239: [Full GC 9.239: [Tenured: 128K->140K(1408K), 0.0050680 secs] 143K->140K(1984K), [Perm : 1336K->1336K(8192K)], 0.0051445 secs]
9.245: [Full GC 9.245: [Tenured: 140K->116K(1408K), 0.0048020 secs] 161K->116K(1984K), [Perm : 1336K->1336K(8192K)], 0.0048693 secs]
9.250: [Full GC 9.250: [Tenured: 116K->128K(1408K), 0.0046280 secs] 131K->128K(1984K), [Perm : 1336K->1336K(8192K)], 0.0046914 secs]
9.255: [Full GC 9.255: [Tenured: 128K->128K(1408K), 0.0050448 secs] 149K->128K(1984K), [Perm : 1336K->1336K(8192K)], 0.0051115 secs]
9.260: [Full GC 9.260: [Tenured: 128K->140K(1408K), 0.0048143 secs] 143K->140K(1984K), [Perm : 1336K->1336K(8192K)], 0.0048802 secs]
9.266: [Full GC 9.266: [Tenured: 140K->116K(1408K), 0.0048489 secs] 161K->116K(1984K), [Perm : 1336K->1336K(8192K)], 0.0049177 secs]
9.271: [Full GC 9.271: [Tenured: 116K->128K(1408K), 0.0051677 secs] 131K->128K(1984K), [Perm : 1336K->1336K(8192K)], 0.0052342 secs]
9.277: [Full GC 9.277: [Tenured: 128K->128K(1408K), 0.0048090 secs] 149K->128K(1984K), [Perm : 1336K->1336K(8192K)], 0.0048769 secs]
9.282: [Full GC 9.282: [Tenured: 128K->140K(1408K), 0.0046179 secs] 143K->140K(1984K), [Perm : 1336K->1336K(8192K)], 0.0046810 secs]
9.287: [Full GC 9.287: [Tenured: 140K->116K(1408K), 0.0050800 secs] 161K->116K(1984K), [Perm : 1336K->1336K(8192K)], 0.0051465 secs]
9.292: [Full GC 9.293: [Tenured: 116K->128K(1408K), 0.0047500 secs] 131K->128K(1984K), [Perm : 1336K->1336K(8192K)], 0.0048149 secs]
9.298: [Full GC 9.298: [Tenured: 128K->128K(1408K), 0.0048612 secs] 149K->128K(1984K), [Perm : 1336K->1336K(8192K)], 0.0049286 secs]
9.303: [Full GC 9.303: [Tenured: 128K->140K(1408K), 0.0051115 secs] 143K->140K(1984K), [Perm : 1336K->1336K(8192K)], 0.0051786 secs]
9.309: [Full GC 9.309: [Tenured: 140K->116K(1408K), 0.0048741 secs] 161K->116K(1984K), [Perm : 1336K->1336K(8192K)], 0.0049428 secs]
9.314: [Full GC 9.314: [Tenured: 116K->128K(1408K), 0.0051484 secs] 131K->128K(1984K), [Perm : 1336K->1336K(8192K)], 0.0052149 secs]
9.320: [Full GC 9.320: [Tenured: 128K->128K(1408K), 0.0049367 secs] 149K->128K(1984K), [Perm : 1336K->1336K(8192K)], 0.0050054 secs]
9.325: [Full GC 9.325: [Tenured: 128K->140K(1408K), 0.0048151 secs] 143K->140K(1984K), [Perm : 1336K->1336K(8192K)], 0.0048799 secs]
9.331: [Full GC 9.331: [Tenured: 140K->116K(1408K), 0.0052208 secs] 161K->116K(1984K), [Perm : 1336K->1336K(8192K)], 0.0052887 secs]
9.336: [Full GC 9.336: [Tenured: 116K->128K(1408K), 0.0049621 secs] 131K->128K(1984K), [Perm : 1336K->1336K(8192K)], 0.0050300 secs]
9.342: [Full GC 9.342: [Tenured: 128K->128K(1408K), 0.0048520 secs] 149K->128K(1984K), [Perm : 1336K->1336K(8192K)], 0.0049185 secs]
9.347: [Full GC 9.347: [Tenured: 128K->140K(1408K), 0.0051666 secs] 143K->140K(1984K), [Perm : 1336K->1336K(8192K)], 0.0052339 secs]
9.353: [Full GC 9.353: [Tenured: 140K->116K(1408K), 0.0048744 secs] 161K->116K(1984K), [Perm : 1336K->1336K(8192K)], 0.0049420 secs]
9.358: [Full GC 9.358: [Tenured: 116K->128K(1408K), 0.0048498 secs] 131K->128K(1984K), [Perm : 1336K->1336K(8192K)], 0.0049149 secs]
9.364: [Full GC 9.364: [Tenured: 128K->128K(1408K), 0.0051213 secs] 149K->128K(1984K), [Perm : 1336K->1336K(8192K)], 0.0051889 secs]
9.369: [Full GC 9.369: [Tenured: 128K->140K(1408K), 0.0048403 secs] 143K->140K(1984K), [Perm : 1336K->1336K(8192K)], 0.0049196 secs]
9.375: [Full GC 9.375: [Tenured: 140K->116K(1408K), 0.0048618 secs] 161K->116K(1984K), [Perm : 1336K->1336K(8192K)], 0.0049291 secs]
9.380: [Full GC 9.380: [Tenured: 116K->128K(1408K), 0.0054476 secs] 131K->128K(1984K), [Perm : 1336K->1336K(8192K)], 0.0055163 secs]
9.386: [Full GC 9.386: [Tenured: 128K->128K(1408K), 0.0050113 secs] 149K->128K(1984K), [Perm : 1336K->1336K(8192K)], 0.0050817 secs]
9.392: [Full GC 9.392: [Tenured: 128K->140K(1408K), 0.0047777 secs] 143K->140K(1984K), [Perm : 1336K->1336K(8192K)], 0.0048428 secs]
9.397: [Full GC 9.397: [Tenured: 140K->116K(1408K), 0.0051677 secs] 161K->116K(1984K), [Perm : 1336K->1336K(8192K)], 0.0052364 secs]
9.403: [Full GC 9.403: [Tenured: 116K->128K(1408K), 0.0048126 secs] 131K->128K(1984K), [Perm : 1336K->1336K(8192K)], 0.0048799 secs]
9.408: [Full GC 9.408: [Tenured: 128K->128K(1408K), 0.0050316 secs] 149K->128K(1984K), [Perm : 1336K->1336K(8192K)], 0.0051004 secs]
9.413: [Full GC 9.414: [Tenured: 128K->140K(1408K), 0.0046676 secs] 143K->140K(1984K), [Perm : 1336K->1336K(8192K)], 0.0047319 secs]
9.419: [Full GC 9.419: [Tenured: 140K->116K(1408K), 0.0047654 secs] 161K->116K(1984K), [Perm : 1336K->1336K(8192K)], 0.0048319 secs]
9.424: [Full GC 9.424: [Tenured: 116K->128K(1408K), 0.0051523 secs] 131K->128K(1984K), [Perm : 1336K->1336K(8192K)], 0.0052211 secs]
9.430: [Full GC 9.430: [Tenured: 128K->128K(1408K), 0.0048157 secs] 149K->128K(1984K), [Perm : 1336K->1336K(8192K)], 0.0048827 secs]
9.435: [Full GC 9.435: [Tenured: 128K->140K(1408K), 0.0046243 secs] 143K->140K(1984K), [Perm : 1336K->1336K(8192K)], 0.0046863 secs]
9.440: [Full GC 9.440: [Tenured: 140K->116K(1408K), 0.0050763 secs] 161K->116K(1984K), [Perm : 1336K->1336K(8192K)], 0.0051439 secs]
9.446: [Full GC 9.446: [Tenured: 116K->128K(1408K), 0.0046869 secs] 131K->128K(1984K), [Perm : 1336K->1336K(8192K)], 0.0047506 secs]
9.451: [Full GC 9.451: [Tenured: 128K->128K(1408K), 0.0047512 secs] 149K->128K(1984K), [Perm : 1336K->1336K(8192K)], 0.0048188 secs]
9.456: [Full GC 9.456: [Tenured: 128K->140K(1408K), 0.0049537 secs] 143K->140K(1984K), [Perm : 1336K->1336K(8192K)], 0.0050188 secs]
9.462: [Full GC 9.462: [Tenured: 140K->116K(1408K), 0.0050012 secs] 161K->116K(1984K), [Perm : 1336K->1336K(8192K)], 0.0050694 secs]
9.468: [Full GC 9.468: [Tenured: 116K->128K(1408K), 0.0051104 secs] 131K->128K(1984K), [Perm : 1336K->1336K(8192K)], 0.0051822 secs]
9.474: [Full GC 9.474: [Tenured: 128K->128K(1408K), 0.0050993 secs] 149K->128K(1984K), [Perm : 1336K->1336K(8192K)], 0.0051680 secs]
9.480: [Full GC 9.480: [Tenured: 128K->140K(1408K), 0.0046403 secs] 143K->140K(1984K), [Perm : 1336K->1336K(8192K)], 0.0047042 secs]
9.485: [Full GC 9.485: [Tenured: 140K->116K(1408K), 0.0047475 secs] 161K->116K(1984K), [Perm : 1336K->1336K(8192K)], 0.0048132 secs]
9.490: [Full GC 9.490: [Tenured: 116K->128K(1408K), 0.0051057 secs] 131K->128K(1984K), [Perm : 1336K->1336K(8192K)], 0.0051710 secs]
9.496: [Full GC 9.496: [Tenured: 128K->128K(1408K), 0.0047542 secs] 149K->128K(1984K), [Perm : 1336K->1336K(8192K)], 0.0048190 secs]
9.501: [Full GC 9.501: [Tenured: 128K->140K(1408K), 0.0046134 secs] 143K->140K(1984K), [Perm : 1336K->1336K(8192K)], 0.0046771 secs]
9.506: [Full GC 9.506: [Tenured: 140K->116K(1408K), 0.0050129 secs] 161K->116K(1984K), [Perm : 1336K->1336K(8192K)], 0.0050789 secs]
9.511: [Full GC 9.511: [Tenured: 116K->128K(1408K), 0.0046403 secs] 131K->128K(1984K), [Perm : 1336K->1336K(8192K)], 0.0047026 secs]
9.516: [Full GC 9.516: [Tenured: 128K->128K(1408K), 0.0047391 secs] 149K->128K(1984K), [Perm : 1336K->1336K(8192K)], 0.0048045 secs]
9.521: [Full GC 9.521: [Tenured: 128K->140K(1408K), 0.0048766 secs] 143K->140K(1984K), [Perm : 1336K->1336K(8192K)], 0.0049403 secs]
9.527: [Full GC 9.527: [Tenured: 140K->116K(1408K), 0.0047405 secs] 161K->116K(1984K), [Perm : 1336K->1336K(8192K)], 0.0048076 secs]
9.532: [Full GC 9.532: [Tenured: 116K->128K(1408K), 0.0046190 secs] 131K->128K(1984K), [Perm : 1336K->1336K(8192K)], 0.0046822 secs]
9.537: [Full GC 9.537: [Tenured: 128K->128K(1408K), 0.0051160 secs] 149K->128K(1984K), [Perm : 1336K->1336K(8192K)], 0.0051825 secs]
9.542: [Full GC 9.542: [Tenured: 128K->140K(1408K), 0.0046503 secs] 143K->140K(1984K), [Perm : 1336K->1336K(8192K)], 0.0047143 secs]
9.548: [Full GC 9.548: [Tenured: 140K->116K(1408K), 0.0047554 secs] 161K->116K(1984K), [Perm : 1336K->1336K(8192K)], 0.0048224 secs]
9.553: [Full GC 9.553: [Tenured: 116K->128K(1408K), 0.0053873 secs] 131K->128K(1984K), [Perm : 1336K->1336K(8192K)], 0.0054588 secs]
9.559: [Full GC 9.559: [Tenured: 128K->128K(1408K), 0.0047646 secs] 149K->128K(1984K), [Perm : 1336K->1336K(8192K)], 0.0048311 secs]
9.564: [Full GC 9.564: [Tenured: 128K->140K(1408K), 0.0046140 secs] 143K->140K(1984K), [Perm : 1336K->1336K(8192K)], 0.0046755 secs]
9.569: [Full GC 9.569: [Tenured: 140K->116K(1408K), 0.0050113 secs] 161K->116K(1984K), [Perm : 1336K->1336K(8192K)], 0.0050780 secs]
9.574: [Full GC 9.574: [Tenured: 116K->128K(1408K), 0.0046715 secs] 131K->128K(1984K), [Perm : 1336K->1336K(8192K)], 0.0047350 secs]
9.579: [Full GC 9.579: [Tenured: 128K->128K(1408K), 0.0047305 secs] 149K->128K(1984K), [Perm : 1336K->1336K(8192K)], 0.0047953 secs]
9.584: [Full GC 9.584: [Tenured: 128K->140K(1408K), 0.0048649 secs] 143K->140K(1984K), [Perm : 1336K->1336K(8192K)], 0.0049283 secs]
9.590: [Full GC 9.590: [Tenured: 140K->116K(1408K), 0.0047953 secs] 161K->116K(1984K), [Perm : 1336K->1336K(8192K)], 0.0048604 secs]
9.595: [Full GC 9.595: [Tenured: 116K->128K(1408K), 0.0047640 secs] 131K->128K(1984K), [Perm : 1336K->1336K(8192K)], 0.0048288 secs]
9.602: [Full GC 9.602: [Tenured: 128K->128K(1408K), 0.0051252 secs] 149K->128K(1984K), [Perm : 1336K->1336K(8192K)], 0.0051998 secs]
9.608: [Full GC 9.608: [Tenured: 128K->140K(1408K), 0.0046615 secs] 143K->140K(1984K), [Perm : 1336K->1336K(8192K)], 0.0047266 secs]
9.613: [Full GC 9.613: [Tenured: 140K->116K(1408K), 0.0050981 secs] 161K->116K(1984K), [Perm : 1336K->1336K(8192K)], 0.0051674 secs]
9.618: [Full GC 9.618: [Tenured: 116K->128K(1408K), 0.0046771 secs] 131K->128K(1984K), [Perm : 1336K->1336K(8192K)], 0.0047411 secs]
9.624: [Full GC 9.624: [Tenured: 128K->128K(1408K), 0.0047456 secs] 149K->128K(1984K), [Perm : 1336K->1336K(8192K)], 0.0048101 secs]
9.629: [Full GC 9.629: [Tenured: 128K->140K(1408K), 0.0049084 secs] 143K->140K(1984K), [Perm : 1336K->1336K(8192K)], 0.0049730 secs]
9.634: [Full GC 9.634: [Tenured: 140K->116K(1408K), 0.0047442 secs] 161K->116K(1984K), [Perm : 1336K->1336K(8192K)], 0.0048115 secs]
9.639: [Full GC 9.639: [Tenured: 116K->128K(1408K), 0.0046213 secs] 131K->128K(1984K), [Perm : 1336K->1336K(8192K)], 0.0046847 secs]
9.644: [Full GC 9.644: [Tenured: 128K->128K(1408K), 0.0050984 secs] 149K->128K(1984K), [Perm : 1336K->1336K(8192K)], 0.0051663 secs]
9.650: [Full GC 9.650: [Tenured: 128K->140K(1408K), 0.0046470 secs] 143K->140K(1984K), [Perm : 1336K->1336K(8192K)], 0.0047112 secs]
9.655: [Full GC 9.655: [Tenured: 140K->116K(1408K), 0.0047506 secs] 161K->116K(1984K), [Perm : 1336K->1336K(8192K)], 0.0048174 secs]
9.660: [Full GC 9.660: [Tenured: 116K->128K(1408K), 0.0049389 secs] 131K->128K(1984K), [Perm : 1336K->1336K(8192K)], 0.0050037 secs]
9.665: [Full GC 9.665: [Tenured: 128K->128K(1408K), 0.0047489 secs] 149K->128K(1984K), [Perm : 1336K->1336K(8192K)], 0.0048146 secs]
9.670: [Full GC 9.670: [Tenured: 128K->140K(1408K), 0.0046132 secs] 143K->140K(1984K), [Perm : 1336K->1336K(8192K)], 0.0046763 secs]
9.676: [Full GC 9.676: [Tenured: 140K->116K(1408K), 0.0053825 secs] 161K->116K(1984K), [Perm : 1336K->1336K(8192K)], 0.0054515 secs]
9.681: [Full GC 9.681: [Tenured: 116K->128K(1408K), 0.0046981 secs] 131K->128K(1984K), [Perm : 1336K->1336K(8192K)], 0.0047623 secs]
9.687: [Full GC 9.687: [Tenured: 128K->128K(1408K), 0.0048230 secs] 149K->128K(1984K), [Perm : 1336K->1336K(8192K)], 0.0048897 secs]
9.692: [Full GC 9.692: [Tenured: 128K->140K(1408K), 0.0225987 secs] 143K->140K(1984K), [Perm : 1336K->1336K(8192K)], 0.0226766 secs]
9.717: [Full GC 9.717: [Tenured: 140K->116K(1408K), 0.0054169 secs] 161K->116K(1984K), [Perm : 1336K->1336K(8192K)], 0.0055060 secs]
9.724: [Full GC 9.724: [Tenured: 116K->128K(1408K), 0.0056479 secs] 131K->128K(1984K), [Perm : 1336K->1336K(8192K)], 0.0057245 secs]
9.731: [Full GC 9.731: [Tenured: 128K->128K(1408K), 0.0048442 secs] 149K->128K(1984K), [Perm : 1336K->1336K(8192K)], 0.0049132 secs]
9.736: [Full GC 9.736: [Tenured: 128K->140K(1408K), 0.0052470 secs] 143K->140K(1984K), [Perm : 1336K->1336K(8192K)], 0.0053144 secs]
9.742: [Full GC 9.742: [Tenured: 140K->116K(1408K), 0.0050858 secs] 161K->116K(1984K), [Perm : 1336K->1336K(8192K)], 0.0051557 secs]
9.747: [Full GC 9.747: [Tenured: 116K->128K(1408K), 0.0046774 secs] 131K->128K(1984K), [Perm : 1336K->1336K(8192K)], 0.0047411 secs]
9.752: [Full GC 9.753: [Tenured: 128K->128K(1408K), 0.0056077 secs] 149K->128K(1984K), [Perm : 1336K->1336K(8192K)], 0.0056792 secs]
9.759: [Full GC 9.759: [Tenured: 128K->140K(1408K), 0.0049816 secs] 143K->140K(1984K), [Perm : 1336K->1336K(8192K)], 0.0050509 secs]
9.765: [Full GC 9.765: [Tenured: 140K->116K(1408K), 0.0047738 secs] 161K->116K(1984K), [Perm : 1336K->1336K(8192K)], 0.0048397 secs]
9.770: [Full GC 9.770: [Tenured: 116K->128K(1408K), 0.0048973 secs] 131K->128K(1984K), [Perm : 1336K->1336K(8192K)], 0.0049612 secs]
9.775: [Full GC 9.775: [Tenured: 128K->128K(1408K), 0.0047456 secs] 149K->128K(1984K), [Perm : 1336K->1336K(8192K)], 0.0048109 secs]
9.780: [Full GC 9.780: [Tenured: 128K->140K(1408K), 0.0046028 secs] 143K->140K(1984K), [Perm : 1336K->1336K(8192K)], 0.0046651 secs]
9.785: [Full GC 9.785: [Tenured: 140K->116K(1408K), 0.0050241 secs] 161K->116K(1984K), [Perm : 1336K->1336K(8192K)], 0.0050903 secs]
9.791: [Full GC 9.791: [Tenured: 116K->128K(1408K), 0.0046369 secs] 131K->128K(1984K), [Perm : 1336K->1336K(8192K)], 0.0047003 secs]
9.796: [Full GC 9.796: [Tenured: 128K->128K(1408K), 0.0047657 secs] 149K->128K(1984K), [Perm : 1336K->1336K(8192K)], 0.0048311 secs]
9.801: [Full GC 9.801: [Tenured: 128K->140K(1408K), 0.0050305 secs] 143K->140K(1984K), [Perm : 1336K->1336K(8192K)], 0.0050967 secs]
9.809: [Full GC 9.809: [Tenured: 140K->116K(1408K), 0.0050101 secs] 161K->116K(1984K), [Perm : 1336K->1336K(8192K)], 0.0050789 secs]
9.814: [Full GC 9.814: [Tenured: 116K->128K(1408K), 0.0051370 secs] 131K->128K(1984K), [Perm : 1336K->1336K(8192K)], 0.0052026 secs]
9.820: [Full GC 9.820: [Tenured: 128K->128K(1408K), 0.0049263 secs] 149K->128K(1984K), [Perm : 1336K->1336K(8192K)], 0.0049945 secs]
9.826: [Full GC 9.826: [Tenured: 128K->140K(1408K), 0.0047350 secs] 143K->140K(1984K), [Perm : 1336K->1336K(8192K)], 0.0048001 secs]
9.831: [Full GC 9.832: [Tenured: 140K->116K(1408K), 0.0058203 secs] 161K->116K(1984K), [Perm : 1336K->1336K(8192K)], 0.0058932 secs]
9.838: [Full GC 9.838: [Tenured: 116K->128K(1408K), 0.0048492 secs] 131K->128K(1984K), [Perm : 1336K->1336K(8192K)], 0.0049140 secs]
9.844: [Full GC 9.844: [Tenured: 128K->128K(1408K), 0.0048394 secs] 149K->128K(1984K), [Perm : 1336K->1336K(8192K)], 0.0049062 secs]
9.849: [Full GC 9.849: [Tenured: 128K->140K(1408K), 0.0050520 secs] 143K->140K(1984K), [Perm : 1336K->1336K(8192K)], 0.0051185 secs]
9.855: [Full GC 9.855: [Tenured: 140K->116K(1408K), 0.0049632 secs] 161K->116K(1984K), [Perm : 1336K->1336K(8192K)], 0.0050314 secs]
9.861: [Full GC 9.861: [Tenured: 116K->128K(1408K), 0.0051205 secs] 131K->128K(1984K), [Perm : 1336K->1336K(8192K)], 0.0051892 secs]
9.867: [Full GC 9.867: [Tenured: 128K->128K(1408K), 0.0049266 secs] 149K->128K(1984K), [Perm : 1336K->1336K(8192K)], 0.0049950 secs]
9.873: [Full GC 9.873: [Tenured: 128K->140K(1408K), 0.0047470 secs] 143K->140K(1984K), [Perm : 1336K->1336K(8192K)], 0.0048126 secs]
9.878: [Full GC 9.878: [Tenured: 140K->116K(1408K), 0.0053225 secs] 161K->116K(1984K), [Perm : 1336K->1336K(8192K)], 0.0053926 secs]
9.884: [Full GC 9.884: [Tenured: 116K->128K(1408K), 0.0048235 secs] 131K->128K(1984K), [Perm : 1336K->1336K(8192K)], 0.0048897 secs]
9.890: [Full GC 9.890: [Tenured: 128K->128K(1408K), 0.0050822 secs] 149K->128K(1984K), [Perm : 1336K->1336K(8192K)], 0.0051515 secs]
9.896: [Full GC 9.896: [Tenured: 128K->140K(1408K), 0.0054675 secs] 143K->140K(1984K), [Perm : 1336K->1336K(8192K)], 0.0055365 secs]
9.902: [Full GC 9.902: [Tenured: 140K->116K(1408K), 0.0049791 secs] 161K->116K(1984K), [Perm : 1336K->1336K(8192K)], 0.0050490 secs]
9.910: [Full GC 9.910: [Tenured: 116K->128K(1408K), 0.0055999 secs] 131K->128K(1984K), [Perm : 1336K->1336K(8192K)], 0.0056747 secs]
9.916: [Full GC 9.916: [Tenured: 128K->128K(1408K), 0.0049928 secs] 149K->128K(1984K), [Perm : 1336K->1336K(8192K)], 0.0050624 secs]
9.921: [Full GC 9.922: [Tenured: 128K->140K(1408K), 0.0048551 secs] 143K->140K(1984K), [Perm : 1336K->1336K(8192K)], 0.0049210 secs]
9.927: [Full GC 9.927: [Tenured: 140K->116K(1408K), 0.0053233 secs] 161K->116K(1984K), [Perm : 1336K->1336K(8192K)], 0.0053912 secs]
9.933: [Full GC 9.933: [Tenured: 116K->128K(1408K), 0.0048685 secs] 131K->128K(1984K), [Perm : 1336K->1336K(8192K)], 0.0049327 secs]
9.938: [Full GC 9.938: [Tenured: 128K->128K(1408K), 0.0048411 secs] 149K->128K(1984K), [Perm : 1336K->1336K(8192K)], 0.0049193 secs]
9.943: [Full GC 9.943: [Tenured: 128K->140K(1408K), 0.0076381 secs] 143K->140K(1984K), [Perm : 1336K->1336K(8192K)], 0.0077110 secs]
9.952: [Full GC 9.952: [Tenured: 140K->116K(1408K), 0.0052183 secs] 161K->116K(1984K), [Perm : 1336K->1336K(8192K)], 0.0052887 secs]
9.957: [Full GC 9.957: [Tenured: 116K->128K(1408K), 0.0050453 secs] 131K->128K(1984K), [Perm : 1336K->1336K(8192K)], 0.0051110 secs]
9.963: [Full GC 9.963: [Tenured: 128K->128K(1408K), 0.0050811 secs] 149K->128K(1984K), [Perm : 1336K->1336K(8192K)], 0.0051507 secs]
9.968: [Full GC 9.968: [Tenured: 128K->140K(1408K), 0.0047204 secs] 143K->140K(1984K), [Perm : 1336K->1336K(8192K)], 0.0047844 secs]
9.974: [Full GC 9.974: [Tenured: 140K->116K(1408K), 0.0053814 secs] 161K->116K(1984K), [Perm : 1336K->1336K(8192K)], 0.0054507 secs]
9.980: [Full GC 9.980: [Tenured: 116K->128K(1408K), 0.0047900 secs] 131K->128K(1984K), [Perm : 1336K->1336K(8192K)], 0.0048554 secs]
9.985: [Full GC 9.985: [Tenured: 128K->128K(1408K), 0.0048987 secs] 149K->128K(1984K), [Perm : 1336K->1336K(8192K)], 0.0049666 secs]
9.990: [Full GC 9.990: [Tenured: 128K->140K(1408K), 0.0050610 secs] 143K->140K(1984K), [Perm : 1336K->1336K(8192K)], 0.0051272 secs]
9.996: [Full GC 9.996: [Tenured: 140K->116K(1408K), 0.0050593 secs] 161K->116K(1984K), [Perm : 1336K->1336K(8192K)], 0.0051303 secs]
10.001: [Full GC 10.001: [Tenured: 116K->128K(1408K), 0.0047562 secs] 131K->128K(1984K), [Perm : 1336K->1336K(8192K)], 0.0048218 secs]
10.007: [Full GC 10.007: [Tenured: 128K->128K(1408K), 0.0058689 secs] 149K->128K(1984K), [Perm : 1336K->1336K(8192K)], 0.0059463 secs]
10.013: [Full GC 10.013: [Tenured: 128K->140K(1408K), 0.0046531 secs] 143K->140K(1984K), [Perm : 1336K->1336K(8192K)], 0.0047179 secs]
10.019: [Full GC 10.019: [Tenured: 140K->116K(1408K), 0.0058203 secs] 161K->116K(1984K), [Perm : 1336K->1336K(8192K)], 0.0058960 secs]
10.025: [Full GC 10.025: [Tenured: 116K->128K(1408K), 0.0047841 secs] 131K->128K(1984K), [Perm : 1336K->1336K(8192K)], 0.0048492 secs]
10.030: [Full GC 10.030: [Tenured: 128K->128K(1408K), 0.0050291 secs] 149K->128K(1984K), [Perm : 1336K->1336K(8192K)], 0.0050987 secs]
10.036: [Full GC 10.036: [Tenured: 128K->140K(1408K), 0.0051610 secs] 143K->140K(1984K), [Perm : 1336K->1336K(8192K)], 0.0052280 secs]
10.041: [Full GC 10.041: [Tenured: 140K->116K(1408K), 0.0050465 secs] 161K->116K(1984K), [Perm : 1336K->1336K(8192K)], 0.0051166 secs]
10.047: [Full GC 10.047: [Tenured: 116K->128K(1408K), 0.0047822 secs] 131K->128K(1984K), [Perm : 1336K->1336K(8192K)], 0.0048478 secs]
10.052: [Full GC 10.052: [Tenured: 128K->128K(1408K), 0.0058784 secs] 149K->128K(1984K), [Perm : 1336K->1336K(8192K)], 0.0059524 secs]
10.058: [Full GC 10.059: [Tenured: 128K->140K(1408K), 0.0047554 secs] 143K->140K(1984K), [Perm : 1336K->1336K(8192K)], 0.0049869 secs]
10.064: [Full GC 10.064: [Tenured: 140K->116K(1408K), 0.0051610 secs] 161K->116K(1984K), [Perm : 1336K->1336K(8192K)], 0.0052314 secs]
10.070: [Full GC 10.070: [Tenured: 116K->128K(1408K), 0.0050939 secs] 131K->128K(1984K), [Perm : 1336K->1336K(8192K)], 0.0051752 secs]
10.075: [Full GC 10.076: [Tenured: 128K->128K(1408K), 0.0048691 secs] 149K->128K(1984K), [Perm : 1336K->1336K(8192K)], 0.0049358 secs]
10.081: [Full GC 10.081: [Tenured: 128K->140K(1408K), 0.0052283 secs] 143K->140K(1984K), [Perm : 1336K->1336K(8192K)], 0.0052965 secs]
10.087: [Full GC 10.087: [Tenured: 140K->116K(1408K), 0.0049151 secs] 161K->116K(1984K), [Perm : 1336K->1336K(8192K)], 0.0049839 secs]
10.092: [Full GC 10.092: [Tenured: 116K->128K(1408K), 0.0057356 secs] 131K->128K(1984K), [Perm : 1336K->1336K(8192K)], 0.0058105 secs]
10.098: [Full GC 10.098: [Tenured: 128K->128K(1408K), 0.0051889 secs] 149K->128K(1984K), [Perm : 1336K->1336K(8192K)], 0.0052579 secs]
10.104: [Full GC 10.104: [Tenured: 128K->140K(1408K), 0.0048087 secs] 143K->140K(1984K), [Perm : 1336K->1336K(8192K)], 0.0048749 secs]
10.109: [Full GC 10.109: [Tenured: 140K->116K(1408K), 0.0049596 secs] 161K->116K(1984K), [Perm : 1336K->1336K(8192K)], 0.0050294 secs]
10.115: [Full GC 10.115: [Tenured: 116K->128K(1408K), 0.0052286 secs] 131K->128K(1984K), [Perm : 1336K->1336K(8192K)], 0.0052976 secs]
10.121: [Full GC 10.121: [Tenured: 128K->128K(1408K), 0.0048598 secs] 149K->128K(1984K), [Perm : 1336K->1336K(8192K)], 0.0049277 secs]
10.126: [Full GC 10.126: [Tenured: 128K->140K(1408K), 0.0049459 secs] 143K->140K(1984K), [Perm : 1336K->1336K(8192K)], 0.0050126 secs]
10.131: [Full GC 10.131: [Tenured: 140K->116K(1408K), 0.0051697 secs] 161K->116K(1984K), [Perm : 1336K->1336K(8192K)], 0.0052384 secs]
10.137: [Full GC 10.137: [Tenured: 116K->128K(1408K), 0.0047696 secs] 131K->128K(1984K), [Perm : 1336K->1336K(8192K)], 0.0048347 secs]
10.142: [Full GC 10.142: [Tenured: 128K->128K(1408K), 0.0047847 secs] 149K->128K(1984K), [Perm : 1336K->1336K(8192K)], 0.0048523 secs]
10.148: [Full GC 10.148: [Tenured: 128K->140K(1408K), 0.0046724 secs] 143K->140K(1984K), [Perm : 1336K->1336K(8192K)], 0.0047372 secs]
10.153: [Full GC 10.153: [Tenured: 140K->116K(1408K), 0.0047447 secs] 161K->116K(1984K), [Perm : 1336K->1336K(8192K)], 0.0048118 secs]
10.158: [Full GC 10.158: [Tenured: 116K->128K(1408K), 0.0046148 secs] 131K->128K(1984K), [Perm : 1336K->1336K(8192K)], 0.0046788 secs]
10.163: [Full GC 10.163: [Tenured: 128K->128K(1408K), 0.0048104 secs] 149K->128K(1984K), [Perm : 1336K->1336K(8192K)], 0.0048774 secs]
10.169: [Full GC 10.169: [Tenured: 128K->140K(1408K), 0.0049403 secs] 143K->140K(1984K), [Perm : 1336K->1336K(8192K)], 0.0050073 secs]
10.174: [Full GC 10.174: [Tenured: 140K->116K(1408K), 0.0051222 secs] 161K->116K(1984K), [Perm : 1336K->1336K(8192K)], 0.0051895 secs]
10.180: [Full GC 10.180: [Tenured: 116K->128K(1408K), 0.0047336 secs] 131K->128K(1984K), [Perm : 1336K->1336K(8192K)], 0.0047989 secs]
10.185: [Full GC 10.185: [Tenured: 128K->128K(1408K), 0.0047361 secs] 149K->128K(1984K), [Perm : 1336K->1336K(8192K)], 0.0048026 secs]
10.190: [Full GC 10.190: [Tenured: 128K->140K(1408K), 0.0049084 secs] 143K->140K(1984K), [Perm : 1336K->1336K(8192K)], 0.0049733 secs]
10.195: [Full GC 10.195: [Tenured: 140K->116K(1408K), 0.0047805 secs] 161K->116K(1984K), [Perm : 1336K->1336K(8192K)], 0.0048473 secs]
10.200: [Full GC 10.200: [Tenured: 116K->128K(1408K), 0.0046168 secs] 131K->128K(1984K), [Perm : 1336K->1336K(8192K)], 0.0046794 secs]
10.206: [Full GC 10.206: [Tenured: 128K->128K(1408K), 0.0049601 secs] 149K->128K(1984K), [Perm : 1336K->1336K(8192K)], 0.0050277 secs]
10.211: [Full GC 10.211: [Tenured: 128K->140K(1408K), 0.0046146 secs] 143K->140K(1984K), [Perm : 1336K->1336K(8192K)], 0.0046782 secs]
10.216: [Full GC 10.216: [Tenured: 140K->116K(1408K), 0.0047243 secs] 161K->116K(1984K), [Perm : 1336K->1336K(8192K)], 0.0047897 secs]
10.221: [Full GC 10.221: [Tenured: 116K->128K(1408K), 0.0049154 secs] 131K->128K(1984K), [Perm : 1336K->1336K(8192K)], 0.0049802 secs]
10.227: [Full GC 10.227: [Tenured: 128K->128K(1408K), 0.0047590 secs] 149K->128K(1984K), [Perm : 1336K->1336K(8192K)], 0.0048258 secs]
10.232: [Full GC 10.232: [Tenured: 128K->140K(1408K), 0.0045944 secs] 143K->140K(1984K), [Perm : 1336K->1336K(8192K)], 0.0046579 secs]
10.237: [Full GC 10.237: [Tenured: 140K->116K(1408K), 0.0050392 secs] 161K->116K(1984K), [Perm : 1336K->1336K(8192K)], 0.0051068 secs]
10.242: [Full GC 10.242: [Tenured: 116K->128K(1408K), 0.0046838 secs] 131K->128K(1984K), [Perm : 1336K->1336K(8192K)], 0.0047473 secs]
10.247: [Full GC 10.247: [Tenured: 128K->128K(1408K), 0.0048654 secs] 149K->128K(1984K), [Perm : 1336K->1336K(8192K)], 0.0049325 secs]
10.253: [Full GC 10.253: [Tenured: 128K->140K(1408K), 0.0051252 secs] 143K->140K(1984K), [Perm : 1336K->1336K(8192K)], 0.0051898 secs]
10.258: [Full GC 10.258: [Tenured: 140K->116K(1408K), 0.0047632 secs] 161K->116K(1984K), [Perm : 1336K->1336K(8192K)], 0.0048294 secs]
10.263: [Full GC 10.263: [Tenured: 116K->128K(1408K), 0.0046551 secs] 131K->128K(1984K), [Perm : 1336K->1336K(8192K)], 0.0047171 secs]
10.268: [Full GC 10.268: [Tenured: 128K->128K(1408K), 0.0051286 secs] 149K->128K(1984K), [Perm : 1336K->1336K(8192K)], 0.0051967 secs]
10.274: [Full GC 10.274: [Tenured: 128K->140K(1408K), 0.0046922 secs] 143K->140K(1984K), [Perm : 1336K->1336K(8192K)], 0.0047565 secs]
10.279: [Full GC 10.279: [Tenured: 140K->116K(1408K), 0.0047283 secs] 161K->116K(1984K), [Perm : 1336K->1336K(8192K)], 0.0047945 secs]
10.284: [Full GC 10.284: [Tenured: 116K->128K(1408K), 0.0048847 secs] 131K->128K(1984K), [Perm : 1336K->1336K(8192K)], 0.0049484 secs]
10.290: [Full GC 10.290: [Tenured: 128K->128K(1408K), 0.0047355 secs] 149K->128K(1984K), [Perm : 1336K->1336K(8192K)], 0.0048017 secs]
10.295: [Full GC 10.295: [Tenured: 128K->140K(1408K), 0.0046472 secs] 143K->140K(1984K), [Perm : 1336K->1336K(8192K)], 0.0047095 secs]
10.300: [Full GC 10.300: [Tenured: 140K->116K(1408K), 0.0054082 secs] 161K->116K(1984K), [Perm : 1336K->1336K(8192K)], 0.0054786 secs]
10.306: [Full GC 10.306: [Tenured: 116K->128K(1408K), 0.0047297 secs] 131K->128K(1984K), [Perm : 1336K->1336K(8192K)], 0.0047947 secs]
10.311: [Full GC 10.311: [Tenured: 128K->128K(1408K), 0.0047433 secs] 149K->128K(1984K), [Perm : 1336K->1336K(8192K)], 0.0048093 secs]
10.316: [Full GC 10.316: [Tenured: 128K->140K(1408K), 0.0049459 secs] 143K->140K(1984K), [Perm : 1336K->1336K(8192K)], 0.0050110 secs]
10.322: [Full GC 10.322: [Tenured: 140K->116K(1408K), 0.0048506 secs] 161K->116K(1984K), [Perm : 1336K->1336K(8192K)], 0.0049168 secs]
10.327: [Full GC 10.327: [Tenured: 116K->128K(1408K), 0.0046908 secs] 131K->128K(1984K), [Perm : 1336K->1336K(8192K)], 0.0047545 secs]
10.332: [Full GC 10.332: [Tenured: 128K->128K(1408K), 0.0050006 secs] 149K->128K(1984K), [Perm : 1336K->1336K(8192K)], 0.0050674 secs]
10.337: [Full GC 10.337: [Tenured: 128K->140K(1408K), 0.0046159 secs] 143K->140K(1984K), [Perm : 1336K->1336K(8192K)], 0.0046780 secs]
10.342: [Full GC 10.342: [Tenured: 140K->116K(1408K), 0.0047249 secs] 161K->116K(1984K), [Perm : 1336K->1336K(8192K)], 0.0047892 secs]
10.347: [Full GC 10.347: [Tenured: 116K->128K(1408K), 0.0049372 secs] 131K->128K(1984K), [Perm : 1336K->1336K(8192K)], 0.0050006 secs]
10.353: [Full GC 10.353: [Tenured: 128K->128K(1408K), 0.0047649 secs] 149K->128K(1984K), [Perm : 1336K->1336K(8192K)], 0.0048313 secs]
10.358: [Full GC 10.358: [Tenured: 128K->140K(1408K), 0.0046517 secs] 143K->140K(1984K), [Perm : 1336K->1336K(8192K)], 0.0047143 secs]
10.363: [Full GC 10.363: [Tenured: 140K->116K(1408K), 0.0052026 secs] 161K->116K(1984K), [Perm : 1336K->1336K(8192K)], 0.0052705 secs]
10.369: [Full GC 10.369: [Tenured: 116K->128K(1408K), 0.0047014 secs] 131K->128K(1984K), [Perm : 1336K->1336K(8192K)], 0.0047660 secs]
10.374: [Full GC 10.374: [Tenured: 128K->128K(1408K), 0.0047668 secs] 149K->128K(1984K), [Perm : 1336K->1336K(8192K)], 0.0048339 secs]
10.379: [Full GC 10.379: [Tenured: 128K->140K(1408K), 0.0055066 secs] 143K->140K(1984K), [Perm : 1336K->1336K(8192K)], 0.0055770 secs]
10.385: [Full GC 10.385: [Tenured: 140K->116K(1408K), 0.0048554 secs] 161K->116K(1984K), [Perm : 1336K->1336K(8192K)], 0.0049252 secs]
10.391: [Full GC 10.391: [Tenured: 116K->128K(1408K), 0.0046366 secs] 131K->128K(1984K), [Perm : 1336K->1336K(8192K)], 0.0047014 secs]
10.396: [Full GC 10.396: [Tenured: 128K->128K(1408K), 0.0050534 secs] 149K->128K(1984K), [Perm : 1336K->1336K(8192K)], 0.0051222 secs]
10.401: [Full GC 10.401: [Tenured: 128K->140K(1408K), 0.0049903 secs] 143K->140K(1984K), [Perm : 1336K->1336K(8192K)], 0.0050579 secs]
10.407: [Full GC 10.407: [Tenured: 140K->116K(1408K), 0.0048188 secs] 161K->116K(1984K), [Perm : 1336K->1336K(8192K)], 0.0048878 secs]
10.412: [Full GC 10.412: [Tenured: 116K->128K(1408K), 0.0050152 secs] 131K->128K(1984K), [Perm : 1336K->1336K(8192K)], 0.0050805 secs]
10.418: [Full GC 10.418: [Tenured: 128K->128K(1408K), 0.0048302 secs] 149K->128K(1984K), [Perm : 1336K->1336K(8192K)], 0.0048984 secs]
10.423: [Full GC 10.423: [Tenured: 128K->140K(1408K), 0.0049314 secs] 143K->140K(1984K), [Perm : 1336K->1336K(8192K)], 0.0049998 secs]
10.429: [Full GC 10.429: [Tenured: 140K->116K(1408K), 0.0048369 secs] 161K->116K(1984K), [Perm : 1336K->1336K(8192K)], 0.0049054 secs]
10.434: [Full GC 10.434: [Tenured: 116K->128K(1408K), 0.0046347 secs] 131K->128K(1984K), [Perm : 1336K->1336K(8192K)], 0.0046989 secs]
10.439: [Full GC 10.439: [Tenured: 128K->128K(1408K), 0.0050481 secs] 149K->128K(1984K), [Perm : 1336K->1336K(8192K)], 0.0051157 secs]
10.445: [Full GC 10.445: [Tenured: 128K->140K(1408K), 0.0046654 secs] 143K->140K(1984K), [Perm : 1336K->1336K(8192K)], 0.0047294 secs]
10.450: [Full GC 10.450: [Tenured: 140K->116K(1408K), 0.0047903 secs] 161K->116K(1984K), [Perm : 1336K->1336K(8192K)], 0.0049263 secs]
10.455: [Full GC 10.455: [Tenured: 116K->128K(1408K), 0.0049802 secs] 131K->128K(1984K), [Perm : 1336K->1336K(8192K)], 0.0050459 secs]
10.461: [Full GC 10.461: [Tenured: 128K->128K(1408K), 0.0047565 secs] 149K->128K(1984K), [Perm : 1336K->1336K(8192K)], 0.0048238 secs]
10.467: [Full GC 10.467: [Tenured: 128K->140K(1408K), 0.0051149 secs] 143K->140K(1984K), [Perm : 1336K->1336K(8192K)], 0.0051861 secs]
10.473: [Full GC 10.473: [Tenured: 140K->116K(1408K), 0.0053241 secs] 161K->116K(1984K), [Perm : 1336K->1336K(8192K)], 0.0053948 secs]
10.480: [Full GC 10.480: [Tenured: 116K->128K(1408K), 0.0050576 secs] 131K->128K(1984K), [Perm : 1336K->1336K(8192K)], 0.0051294 secs]
10.486: [Full GC 10.486: [Tenured: 128K->128K(1408K), 0.0047629 secs] 149K->128K(1984K), [Perm : 1336K->1336K(8192K)], 0.0048288 secs]
10.491: [Full GC 10.491: [Tenured: 128K->140K(1408K), 0.0046545 secs] 143K->140K(1984K), [Perm : 1336K->1336K(8192K)], 0.0047190 secs]
10.496: [Full GC 10.496: [Tenured: 140K->116K(1408K), 0.0047464 secs] 161K->116K(1984K), [Perm : 1336K->1336K(8192K)], 0.0048135 secs]
10.501: [Full GC 10.501: [Tenured: 116K->128K(1408K), 0.0046221 secs] 131K->128K(1984K), [Perm : 1336K->1336K(8192K)], 0.0046852 secs]
10.507: [Full GC 10.507: [Tenured: 128K->128K(1408K), 0.0047836 secs] 149K->128K(1984K), [Perm : 1336K->1336K(8192K)], 0.0048509 secs]
10.512: [Full GC 10.512: [Tenured: 128K->140K(1408K), 0.0045590 secs] 142K->140K(1984K), [Perm : 1336K->1336K(8192K)], 0.0046221 secs]
10.517: [Full GC 10.517: [Tenured: 140K->116K(1408K), 0.0047433 secs] 161K->116K(1984K), [Perm : 1336K->1336K(8192K)], 0.0048104 secs]
10.522: [Full GC 10.522: [Tenured: 116K->128K(1408K), 0.0050188 secs] 131K->128K(1984K), [Perm : 1336K->1336K(8192K)], 0.0050836 secs]
10.528: [Full GC 10.528: [Tenured: 128K->128K(1408K), 0.0047556 secs] 149K->128K(1984K), [Perm : 1336K->1336K(8192K)], 0.0048218 secs]
10.533: [Full GC 10.533: [Tenured: 128K->140K(1408K), 0.0046053 secs] 143K->140K(1984K), [Perm : 1336K->1336K(8192K)], 0.0046696 secs]
10.538: [Full GC 10.538: [Tenured: 140K->116K(1408K), 0.0047637 secs] 161K->116K(1984K), [Perm : 1336K->1336K(8192K)], 0.0048311 secs]
10.543: [Full GC 10.543: [Tenured: 116K->128K(1408K), 0.0046430 secs] 131K->128K(1984K), [Perm : 1336K->1336K(8192K)], 0.0047087 secs]
10.548: [Full GC 10.548: [Tenured: 128K->128K(1408K), 0.0047372 secs] 149K->128K(1984K), [Perm : 1336K->1336K(8192K)], 0.0048028 secs]
10.554: [Full GC 10.554: [Tenured: 128K->140K(1408K), 0.0049082 secs] 143K->140K(1984K), [Perm : 1336K->1336K(8192K)], 0.0049791 secs]
10.560: [Full GC 10.560: [Tenured: 140K->116K(1408K), 0.0048378 secs] 161K->116K(1984K), [Perm : 1336K->1336K(8192K)], 0.0049048 secs]
10.565: [Full GC 10.565: [Tenured: 116K->128K(1408K), 0.0048850 secs] 130K->128K(1984K), [Perm : 1336K->1336K(8192K)], 0.0049481 secs]
10.570: [Full GC 10.570: [Tenured: 128K->128K(1408K), 0.0048618 secs] 149K->128K(1984K), [Perm : 1336K->1336K(8192K)], 0.0049283 secs]
10.576: [Full GC 10.576: [Tenured: 128K->140K(1408K), 0.0050925 secs] 142K->140K(1984K), [Perm : 1336K->1336K(8192K)], 0.0051613 secs]
10.583: [Full GC 10.583: [Tenured: 140K->116K(1408K), 0.0073490 secs] 161K->116K(1984K), [Perm : 1336K->1336K(8192K)], 0.0074272 secs]
10.596: [Full GC 10.596: [Tenured: 116K->128K(1408K), 0.0055630 secs] 131K->128K(1984K), [Perm : 1336K->1336K(8192K)], 0.0056401 secs]
10.610: [Full GC 10.610: [Tenured: 128K->128K(1408K), 0.0056203 secs] 149K->128K(1984K), [Perm : 1336K->1336K(8192K)], 0.0057016 secs]
10.616: [Full GC 10.616: [Tenured: 128K->140K(1408K), 0.0048744 secs] 143K->140K(1984K), [Perm : 1336K->1336K(8192K)], 0.0049428 secs]
10.624: [Full GC 10.624: [Tenured: 140K->116K(1408K), 0.0052236 secs] 161K->116K(1984K), [Perm : 1336K->1336K(8192K)], 0.0052965 secs]
10.634: [Full GC 10.634: [Tenured: 116K->128K(1408K), 0.0052141 secs] 131K->128K(1984K), [Perm : 1336K->1336K(8192K)], 0.0052887 secs]
10.648: [Full GC 10.648: [Tenured: 128K->128K(1408K), 0.0053049 secs] 149K->128K(1984K), [Perm : 1336K->1336K(8192K)], 0.0053848 secs]
10.654: [Full GC 10.654: [Tenured: 128K->140K(1408K), 0.0049858 secs] 143K->140K(1984K), [Perm : 1336K->1336K(8192K)], 0.0050568 secs]
10.660: [Full GC 10.660: [Tenured: 140K->116K(1408K), 0.0051216 secs] 161K->116K(1984K), [Perm : 1336K->1336K(8192K)], 0.0051912 secs]
10.666: [Full GC 10.666: [Tenured: 116K->128K(1408K), 0.0047277 secs] 131K->128K(1984K), [Perm : 1336K->1336K(8192K)], 0.0047942 secs]
10.671: [Full GC 10.671: [Tenured: 128K->128K(1408K), 0.0047484 secs] 149K->128K(1984K), [Perm : 1336K->1336K(8192K)], 0.0048146 secs]
10.676: [Full GC 10.676: [Tenured: 128K->140K(1408K), 0.0052199 secs] 143K->140K(1984K), [Perm : 1336K->1336K(8192K)], 0.0052884 secs]
10.682: [Full GC 10.682: [Tenured: 140K->116K(1408K), 0.0049420 secs] 161K->116K(1984K), [Perm : 1336K->1336K(8192K)], 0.0050115 secs]
10.687: [Full GC 10.687: [Tenured: 116K->128K(1408K), 0.0048082 secs] 131K->128K(1984K), [Perm : 1336K->1336K(8192K)], 0.0048727 secs]
10.693: [Full GC 10.693: [Tenured: 128K->128K(1408K), 0.0051805 secs] 149K->128K(1984K), [Perm : 1336K->1336K(8192K)], 0.0052482 secs]
10.698: [Full GC 10.698: [Tenured: 128K->140K(1408K), 0.0047129 secs] 143K->140K(1984K), [Perm : 1336K->1336K(8192K)], 0.0047777 secs]
10.704: [Full GC 10.704: [Tenured: 140K->116K(1408K), 0.0048098 secs] 161K->116K(1984K), [Perm : 1336K->1336K(8192K)], 0.0048766 secs]
10.709: [Full GC 10.709: [Tenured: 116K->128K(1408K), 0.0048906 secs] 131K->128K(1984K), [Perm : 1336K->1336K(8192K)], 0.0049548 secs]
10.714: [Full GC 10.714: [Tenured: 128K->128K(1408K), 0.0047967 secs] 149K->128K(1984K), [Perm : 1336K->1336K(8192K)], 0.0048660 secs]
10.719: [Full GC 10.719: [Tenured: 128K->140K(1408K), 0.0045950 secs] 143K->140K(1984K), [Perm : 1336K->1336K(8192K)], 0.0046573 secs]
10.724: [Full GC 10.724: [Tenured: 140K->116K(1408K), 0.0050624 secs] 161K->116K(1984K), [Perm : 1336K->1336K(8192K)], 0.0051300 secs]
10.730: [Full GC 10.730: [Tenured: 116K->128K(1408K), 0.0047009 secs] 131K->128K(1984K), [Perm : 1336K->1336K(8192K)], 0.0047671 secs]
10.736: [Full GC 10.736: [Tenured: 128K->128K(1408K), 0.0048554 secs] 149K->128K(1984K), [Perm : 1336K->1336K(8192K)], 0.0049235 secs]
10.741: [Full GC 10.741: [Tenured: 128K->140K(1408K), 0.0050135 secs] 143K->140K(1984K), [Perm : 1336K->1336K(8192K)], 0.0050780 secs]
10.746: [Full GC 10.746: [Tenured: 140K->116K(1408K), 0.0048353 secs] 161K->116K(1984K), [Perm : 1336K->1336K(8192K)], 0.0049026 secs]
10.751: [Full GC 10.752: [Tenured: 116K->128K(1408K), 0.0046400 secs] 131K->128K(1984K), [Perm : 1336K->1336K(8192K)], 0.0047026 secs]
10.757: [Full GC 10.757: [Tenured: 128K->128K(1408K), 0.0048263 secs] 149K->128K(1984K), [Perm : 1336K->1336K(8192K)], 0.0048939 secs]
10.762: [Full GC 10.762: [Tenured: 128K->140K(1408K), 0.0045754 secs] 143K->140K(1984K), [Perm : 1336K->1336K(8192K)], 0.0046375 secs]
10.767: [Full GC 10.767: [Tenured: 140K->116K(1408K), 0.0047928 secs] 161K->116K(1984K), [Perm : 1336K->1336K(8192K)], 0.0051361 secs]
10.773: [Full GC 10.773: [Tenured: 116K->128K(1408K), 0.0047210 secs] 131K->128K(1984K), [Perm : 1336K->1336K(8192K)], 0.0047861 secs]
10.778: [Full GC 10.778: [Tenured: 128K->128K(1408K), 0.0047338 secs] 149K->128K(1984K), [Perm : 1336K->1336K(8192K)], 0.0047998 secs]
10.783: [Full GC 10.783: [Tenured: 128K->140K(1408K), 0.0046092 secs] 143K->140K(1984K), [Perm : 1336K->1336K(8192K)], 0.0046727 secs]
10.789: [Full GC 10.789: [Tenured: 140K->116K(1408K), 0.0048621 secs] 161K->116K(1984K), [Perm : 1336K->1336K(8192K)], 0.0049297 secs]
10.794: [Full GC 10.794: [Tenured: 116K->128K(1408K), 0.0046428 secs] 131K->128K(1984K), [Perm : 1336K->1336K(8192K)], 0.0047053 secs]
10.799: [Full GC 10.799: [Tenured: 128K->128K(1408K), 0.0051805 secs] 149K->128K(1984K), [Perm : 1336K->1336K(8192K)], 0.0052482 secs]
10.806: [Full GC 10.806: [Tenured: 128K->140K(1408K), 0.0052445 secs] 143K->140K(1984K), [Perm : 1336K->1336K(8192K)], 0.0053183 secs]
10.812: [Full GC 10.812: [Tenured: 140K->116K(1408K), 0.0048112 secs] 161K->116K(1984K), [Perm : 1336K->1336K(8192K)], 0.0048794 secs]
10.817: [Full GC 10.817: [Tenured: 116K->128K(1408K), 0.0049587 secs] 131K->128K(1984K), [Perm : 1336K->1336K(8192K)], 0.0050238 secs]
10.823: [Full GC 10.823: [Tenured: 128K->128K(1408K), 0.0048188 secs] 149K->128K(1984K), [Perm : 1336K->1336K(8192K)], 0.0048867 secs]
10.828: [Full GC 10.828: [Tenured: 128K->140K(1408K), 0.0046442 secs] 143K->140K(1984K), [Perm : 1336K->1336K(8192K)], 0.0047073 secs]
10.833: [Full GC 10.833: [Tenured: 140K->116K(1408K), 0.0050294 secs] 161K->116K(1984K), [Perm : 1336K->1336K(8192K)], 0.0050956 secs]
71.213: [Full GC 71.213: [Tenured: 116K->116K(1408K), 0.0112444 secs] 127K->116K(1984K), [Perm : 1336K->1336K(8192K)], 0.0113657 secs]

num   #instances    #bytes  class name
--------------------------------------
  1:      4180      366024  <no name>
  2:      4180      236608  <methodKlass>
  3:      5872      215664  <symbolKlass>
  4:       290      149312  <constantPoolKlass>
  5:       290      108008  <instanceKlassKlass>
  6:       270      106448  <constantPoolCacheKlass>
  7:       358       74824  [B
  8:       562       67688  [C
  9:       355       31240  java.lang.Class
 10:       299       28456  [I
 11:       454       26856  [[I
 12:       418       25696  [S
 13:       572       13728  java.lang.String
 14:        36       10944  <objArrayKlassKlass>
 15:       203        7600  [Ljava.lang.Object;
 16:         8        2432  <typeArrayKlassKlass>
 17:        57        1368  java.util.Hashtable$Entry
 18:        16        1280  [Ljava.util.HashMap$Entry;
 19:        10        1200  <klassKlass>
 20:        28        1192  [Ljava.lang.String;
 21:        22         704  java.util.Locale
 22:         7         680  [Ljava.util.Hashtable$Entry;
 23:        12         672  java.net.URL
 24:         2         608  <arrayKlassKlass>
 25:        14         560  java.util.HashMap
 26:        16         512  java.util.LinkedHashMap$Entry
 27:        12         384  java.lang.ref.Finalizer
 28:         6         384  java.lang.reflect.Constructor
 29:         4         384  java.lang.Thread
 30:        12         384  java.io.ObjectStreamField
 31:        14         336  java.io.ExpiringCache$Entry
 32:         6         240  java.util.Hashtable
 33:        10         240  java.util.HashMap$Entry
 34:        10         240  java.util.Vector
 35:         4         224  java.util.jar.JarFile
 36:         6         192  java.lang.ref.SoftReference
 37:         7         144  [Ljava.io.ObjectStreamField;
 38:         2         128  sun.nio.cs.MS1252$Encoder
 39:         4         128  sun.misc.URLClassPath$JarLoader
 40:         5         120  java.util.ArrayList
 41:        15         120  java.lang.Object
 42:         2         112  java.io.ExpiringCache$1
 43:         2         112  sun.nio.cs.StreamEncoder$CharsetSE
 44:         4          96  java.lang.ref.ReferenceQueue
 45:         1          96  java.lang.ref.Reference$ReferenceHandler
 46:         3          96  sun.misc.SoftCache
 47:         2          96  java.lang.ThreadGroup
 48:         1          96  java.util.jar.JarFile$JarFileEntry
 49:         2          96  java.nio.HeapByteBuffer
 50:         6          96  [Ljava.lang.Class;
 51:         1          96  java.lang.ref.Finalizer$FinalizerThread
 52:         2          80  java.io.ExpiringCache
 53:         1          80  java.lang.reflect.Method
 54:         2          80  java.io.BufferedWriter
 55:         1          80  [Ljava.lang.ThreadLocal$ThreadLocalMap$Entry;
 56:         3          72  java.io.FileDescriptor
 57:         3          72  java.lang.RuntimePermission
 58:         3          72  sun.reflect.NativeConstructorAccessorImpl
 59:         3          72  Free
 60:         1          72  sun.misc.Launcher$AppClassLoader
 61:         1          72  sun.misc.Launcher$ExtClassLoader
 62:         3          72  java.security.AccessControlContext
 63:         3          72  java.lang.OutOfMemoryError
 64:         3          72  java.util.Stack
 65:         2          64  sun.misc.URLClassPath
 66:         2          64  [Ljava.lang.Thread;
 67:         4          64  [Ljava.lang.annotation.Annotation;
 68:         2          64  java.io.PrintStream
 69:         2          48  java.io.BufferedOutputStream
 70:         6          48  java.lang.ref.ReferenceQueue$Lock
 71:         3          48  java.nio.charset.CodingErrorAction
 72:         3          48  sun.reflect.DelegatingConstructorAccessorImpl
 73:         2          48  java.lang.ref.ReferenceQueue$Null
 74:         1          48  [J
 75:         2          48  java.io.OutputStreamWriter
 76:         3          48  java.lang.ThreadLocal
 77:         2          48  java.io.FileOutputStream
 78:         1          48  java.util.Properties
 79:         2          48  [Ljava.lang.ref.SoftReference;
 80:         2          48  java.lang.ref.WeakReference
 81:         2          48  sun.nio.cs.Surrogate$Parser
 82:         1          40  sun.nio.cs.StandardCharsets$Cache
 83:         1          40  sun.nio.cs.StandardCharsets$Aliases
 84:         1          40  sun.nio.cs.StandardCharsets$Classes
 85:         1          40  java.util.zip.Inflater
 86:         1          32  java.util.concurrent.atomic.AtomicReferenceFieldUpdater$AtomicReferenceFieldUpdaterImpl
 87:         1          32  java.security.CodeSource
 88:         1          32  java.io.BufferedInputStream
 89:         2          32  java.nio.ByteOrder
 90:         2          32  java.lang.Integer
 91:         1          32  java.util.Random
 92:         2          32  java.nio.charset.CoderResult
 93:         2          32  java.util.HashSet
 94:         1          32  java.io.FilePermission
 95:         1          32  java.lang.ThreadLocal$ThreadLocalMap$Entry
 96:         2          32  java.lang.Boolean
 97:         1          32  java.lang.ClassLoader$NativeLibrary
 98:         2          32  sun.misc.NativeSignalHandler
 99:         2          32  java.io.File
100:         1          32  [Ljava.lang.ThreadGroup;
101:         1          32  java.security.ProtectionDomain
102:         2          32  sun.misc.Signal
103:         1          32  java.util.Collections$SynchronizedMap
104:         1          24  java.lang.reflect.ReflectPermission
105:         1          24  sun.nio.cs.MS1252
106:         1          24  java.lang.ArithmeticException
107:         1          24  [[Ljava.lang.ref.SoftReference;
108:         1          24  sun.nio.cs.StandardCharsets
109:         1          24  java.security.Permissions
110:         1          24  java.lang.NullPointerException
111:         1          24  java.io.WinNTFileSystem
112:         1          24  java.security.BasicPermissionCollection
113:         1          24  java.lang.ThreadLocal$ThreadLocalMap
114:         1          16  java.util.concurrent.atomic.AtomicLong
115:         1          16  java.io.FilePermissionCollection
116:         1          16  sun.misc.Launcher
117:         1          16  [Ljava.security.Principal;
118:         2          16  sun.net.www.protocol.jar.Handler
119:         1          16  java.util.BitSet
120:         1          16  java.nio.charset.CoderResult$2
121:         1          16  java.io.FileInputStream
122:         1          16  <compiledICHolderKlass>
123:         1          16  java.nio.charset.CoderResult$1
124:         1          16  sun.misc.URLClassPath$FileLoader
125:         1          16  java.util.Collections$EmptyList
126:         1          16  [Ljava.security.cert.Certificate;
127:         1          16  [Ljava.io.File;
128:         1          16  java.util.Collections$EmptyMap
129:         1          16  [Ljava.lang.StackTraceElement;
130:         1           8  java.util.jar.JavaUtilJarAccessImpl
131:         1           8  java.util.Hashtable$EmptyIterator
132:         1           8  java.util.Hashtable$EmptyEnumerator
133:         1           8  sun.misc.Launcher$Factory
134:         1           8  java.lang.ref.Reference$Lock
135:         1           8  java.lang.Runtime
136:         1           8  java.util.Collections$EmptySet
137:         1           8  sun.net.www.protocol.file.Handler
138:         1           8  java.lang.System$2
139:         1           8  java.net.UnknownContentHandler
140:         1           8  sun.reflect.ReflectionFactory
141:         1           8  java.lang.String$CaseInsensitiveComparator
142:         1           8  java.lang.Terminator$1
143:         1           8  sun.misc.Unsafe
144:         1           8  java.util.Collections$ReverseComparator
145:         1           8  java.lang.reflect.ReflectAccess
Total    18815     1488152
