0.000: [GC 0.000: [DefNew: 165K->64K(576K), 0.0035105 secs]0.004: [Tenured: 40K->104K(1408K), 0.0217427 secs] 165K->104K(1984K), 0.0255904 secs]
0.033: [GC 0.033: [DefNew: 10K->0K(576K), 0.0010633 secs]0.034: [Tenured: 4010K->4010K(5316K), 0.0191348 secs] 4020K->4010K(5892K), 0.0204951 secs]
0.061: [GC 0.061: [DefNew: 10K->0K(576K), 0.0004520 secs]0.061: [Tenured: 7916K->7916K(10592K), 0.0192326 secs] 7926K->7916K(11168K), 0.0200160 secs]
0.087: [Full GC 0.088: [Tenured: 11822K->11822K(13196K), 0.0347181 secs] 11822K->11822K(14284K), [Perm : 17K->17K(8192K)], 0.0350374 secs]
0.125: [Full GC 0.125: [Tenured: 11822K->11822K(19708K), 0.0187887 secs] 11850K->11822K(21244K), [Perm : 20K->20K(8192K)], 0.0189901 secs]
0.145: [GC 0.145: [DefNew: 28K->0K(1536K), 0.0004216 secs]0.145: [Tenured: 11822K->11822K(19708K), 0.0186113 secs] 11851K->11822K(21244K), 0.0191580 secs]
0.171: [GC 0.171: [DefNew: 28K->0K(1536K), 0.0004685 secs]0.171: [Tenured: 15729K->15729K(19708K), 0.0187367 secs] 15757K->15729K(21244K), 0.0194206 secs]
0.197: [GC 0.197: [DefNew: 37K->0K(2048K), 0.0005693 secs]0.198: [Tenured: 19635K->19635K(26216K), 0.0285131 secs] 19672K->19635K(28264K), 0.0293138 secs]
0.233: [Full GC 0.233: [Tenured: 23541K->23541K(32728K), 0.0190656 secs] 23541K->23541K(35224K), [Perm : 20K->20K(8192K)], 0.0192502 secs]
0.254: [Full GC 0.254: [Tenured: 23541K->11822K(39240K), 0.0395849 secs] 23649K->11822K(42248K), [Perm : 20K->20K(8192K)], 0.0396905 secs]
0.294: [GC 0.294: [DefNew: 53K->0K(3008K), 0.0004327 secs]0.295: [Tenured: 11822K->11823K(39240K), 0.0186272 secs] 11876K->11823K(42248K), 0.0191815 secs]
0.318: [GC 0.318: [DefNew: 53K->0K(3008K), 0.0004758 secs]0.319: [Tenured: 15729K->15729K(39240K), 0.0396246 secs] 15783K->15729K(42248K), 0.0402442 secs]
0.364: [GC 0.364: [DefNew: 53K->0K(3008K), 0.0005585 secs]0.364: [Tenured: 19635K->19635K(39240K), 0.0188370 secs] 19689K->19635K(42248K), 0.0195223 secs]
0.388: [Full GC 0.388: [Tenured: 23541K->23541K(39240K), 0.0189055 secs] 23541K->23541K(42248K), [Perm : 20K->20K(8192K)], 0.0190094 secs]
0.409: [Full GC 0.409: [Tenured: 23541K->11822K(39240K), 0.0396564 secs] 23595K->11822K(42248K), [Perm : 20K->20K(8192K)], 0.0397710 secs]
0.449: [GC 0.449: [DefNew: 53K->0K(3008K), 0.0005347 secs]0.450: [Tenured: 11822K->11822K(39240K), 0.0186367 secs] 11876K->11822K(42248K), 0.0192899 secs]
0.473: [GC 0.473: [DefNew: 53K->0K(3008K), 0.0004674 secs]0.474: [Tenured: 15729K->15729K(39240K), 0.0187764 secs] 15782K->15729K(42248K), 0.0193712 secs]
0.497: [GC 0.497: [DefNew: 53K->0K(3008K), 0.0005492 secs]0.498: [Tenured: 19635K->19635K(39240K), 0.0188147 secs] 19689K->19635K(42248K), 0.0194874 secs]
0.522: [Full GC 0.522: [Tenured: 23541K->23541K(39240K), 0.0189203 secs] 23541K->23541K(42248K), [Perm : 20K->20K(8192K)], 0.0190248 secs]
0.542: [Full GC 0.542: [Tenured: 23541K->11822K(39240K), 0.0396425 secs] 23595K->11822K(42248K), [Perm : 20K->20K(8192K)], 0.0397475 secs]
0.582: [GC 0.582: [DefNew: 53K->0K(3008K), 0.0004003 secs]0.582: [Tenured: 11822K->11822K(39240K), 0.0186194 secs] 11876K->11822K(42248K), 0.0191351 secs]
0.606: [GC 0.606: [DefNew: 53K->0K(3008K), 0.0004685 secs]0.606: [Tenured: 15729K->15729K(39240K), 0.0187345 secs] 15783K->15729K(42248K), 0.0193290 secs]
0.630: [GC 0.630: [DefNew: 53K->0K(3008K), 0.0005537 secs]0.630: [Tenured: 19635K->19635K(39240K), 0.0188636 secs] 19689K->19635K(42248K), 0.0195430 secs]
0.656: [Full GC 0.656: [Tenured: 23541K->23541K(39240K), 0.0335464 secs] 23541K->23541K(42248K), [Perm : 20K->20K(8192K)], 0.0336638 secs]
0.691: [Full GC 0.691: [Tenured: 23541K->11822K(39240K), 0.0396193 secs] 23595K->11822K(42248K), [Perm : 20K->20K(8192K)], 0.0397229 secs]
0.731: [GC 0.731: [DefNew: 53K->0K(3008K), 0.0003978 secs]0.731: [Tenured: 11822K->11822K(39240K), 0.0186032 secs] 11876K->11822K(42248K), 0.0191150 secs]
0.755: [GC 0.755: [DefNew: 53K->0K(3008K), 0.0004607 secs]0.755: [Tenured: 15729K->15729K(39240K), 0.0187476 secs] 15783K->15729K(42248K), 0.0193329 secs]
0.779: [GC 0.779: [DefNew: 53K->0K(3008K), 0.0005598 secs]0.779: [Tenured: 19635K->19635K(39240K), 0.0191589 secs] 19689K->19635K(42248K), 0.0200045 secs]
0.804: [Full GC 0.804: [Tenured: 23541K->23541K(39240K), 0.0189141 secs] 23541K->23541K(42248K), [Perm : 20K->20K(8192K)], 0.0190183 secs]
0.824: [Full GC 0.824: [Tenured: 23541K->11822K(39240K), 0.0398067 secs] 23595K->11822K(42248K), [Perm : 20K->20K(8192K)], 0.0399148 secs]
0.864: [GC 0.864: [DefNew: 53K->0K(3008K), 0.0004006 secs]0.865: [Tenured: 11822K->11822K(39240K), 0.0186837 secs] 11876K->11822K(42248K), 0.0192008 secs]
0.888: [GC 0.888: [DefNew: 53K->0K(3008K), 0.0004604 secs]0.889: [Tenured: 15729K->15729K(39240K), 0.0187434 secs] 15782K->15729K(42248K), 0.0193290 secs]
0.912: [GC 0.912: [DefNew: 53K->0K(3008K), 0.0005534 secs]0.913: [Tenured: 19635K->19635K(39240K), 0.0188706 secs] 19689K->19635K(42248K), 0.0195508 secs]
0.937: [Full GC 0.937: [Tenured: 23541K->23541K(39240K), 0.0189027 secs] 23541K->23541K(42248K), [Perm : 20K->20K(8192K)], 0.0190088 secs]
0.958: [Full GC 0.958: [Tenured: 23541K->11822K(39240K), 0.0395374 secs] 23595K->11822K(42248K), [Perm : 20K->20K(8192K)], 0.0396447 secs]
0.998: [GC 0.998: [DefNew: 53K->0K(3008K), 0.0003978 secs]0.998: [Tenured: 11822K->11822K(39240K), 0.0186381 secs] 11876K->11822K(42248K), 0.0191541 secs]
1.022: [GC 1.022: [DefNew: 53K->0K(3008K), 0.0004696 secs]1.022: [Tenured: 15729K->15729K(39240K), 0.0187521 secs] 15783K->15729K(42248K), 0.0193502 secs]
1.046: [GC 1.046: [DefNew: 53K->0K(3008K), 0.0005512 secs]1.046: [Tenured: 19635K->19635K(39240K), 0.0188060 secs] 19689K->19635K(42248K), 0.0194835 secs]
1.070: [Full GC 1.070: [Tenured: 23541K->23541K(39240K), 0.0189139 secs] 23541K->23541K(42248K), [Perm : 20K->20K(8192K)], 0.0190192 secs]
1.090: [Full GC 1.090: [Tenured: 23541K->11822K(39240K), 0.0397900 secs] 23595K->11822K(42248K), [Perm : 20K->20K(8192K)], 0.0398970 secs]
1.131: [GC 1.131: [DefNew: 53K->0K(3008K), 0.0004020 secs]1.131: [Tenured: 11822K->11822K(39240K), 0.0186730 secs] 11876K->11822K(42248K), 0.0191957 secs]
1.154: [GC 1.154: [DefNew: 53K->0K(3008K), 0.0004632 secs]1.155: [Tenured: 15729K->15729K(39240K), 0.0188854 secs] 15783K->15729K(42248K), 0.0194762 secs]
1.179: [GC 1.179: [DefNew: 53K->0K(3008K), 0.0005529 secs]1.179: [Tenured: 19635K->19635K(39240K), 0.0188354 secs] 19689K->19635K(42248K), 0.0195142 secs]
1.203: [Full GC 1.203: [Tenured: 23541K->23541K(39240K), 0.0188977 secs] 23541K->23541K(42248K), [Perm : 20K->20K(8192K)], 0.0190010 secs]
1.225: [Full GC 1.225: [Tenured: 23541K->11822K(39240K), 0.0393679 secs] 23595K->11822K(42248K), [Perm : 20K->20K(8192K)], 0.0394804 secs]
1.265: [GC 1.265: [DefNew: 53K->0K(3008K), 0.0003987 secs]1.265: [Tenured: 11822K->11822K(39240K), 0.0187580 secs] 11876K->11822K(42248K), 0.0192756 secs]
1.289: [GC 1.289: [DefNew: 53K->0K(3008K), 0.0004864 secs]1.289: [Tenured: 15729K->15729K(39240K), 0.0187230 secs] 15782K->15729K(42248K), 0.0193354 secs]
1.313: [GC 1.313: [DefNew: 53K->0K(3008K), 0.0005618 secs]1.314: [Tenured: 19635K->19635K(39240K), 0.0188069 secs] 19689K->19635K(42248K), 0.0194991 secs]
1.338: [Full GC 1.338: [Tenured: 23541K->23541K(39240K), 0.0189072 secs] 23541K->23541K(42248K), [Perm : 20K->20K(8192K)], 0.0190119 secs]
1.359: [Full GC 1.359: [Tenured: 23541K->11822K(39240K), 0.0396707 secs] 23595K->11822K(42248K), [Perm : 20K->20K(8192K)], 0.0397782 secs]
1.399: [GC 1.399: [DefNew: 53K->0K(3008K), 0.0003987 secs]1.399: [Tenured: 11822K->11822K(39240K), 0.0187887 secs] 11876K->11822K(42248K), 0.0193089 secs]
1.423: [GC 1.423: [DefNew: 53K->0K(3008K), 0.0004679 secs]1.423: [Tenured: 15729K->15729K(39240K), 0.0187289 secs] 15783K->15729K(42248K), 0.0193242 secs]
1.447: [GC 1.448: [DefNew: 53K->0K(3008K), 0.0005660 secs]1.448: [Tenured: 19635K->19635K(39240K), 0.0188381 secs] 19689K->19635K(42248K), 0.0195338 secs]
1.472: [Full GC 1.472: [Tenured: 23541K->23541K(39240K), 0.0190357 secs] 23541K->23541K(42248K), [Perm : 20K->20K(8192K)], 0.0191399 secs]
1.495: [Full GC 1.495: [Tenured: 23541K->11822K(39240K), 0.0393617 secs] 23595K->11822K(42248K), [Perm : 20K->20K(8192K)], 0.0394751 secs]
1.535: [GC 1.535: [DefNew: 53K->0K(3008K), 0.0003992 secs]1.535: [Tenured: 11822K->11822K(39240K), 0.0186281 secs] 11876K->11822K(42248K), 0.0191460 secs]
1.558: [GC 1.558: [DefNew: 53K->0K(3008K), 0.0004623 secs]1.559: [Tenured: 15729K->15729K(39240K), 0.0188859 secs] 15783K->15729K(42248K), 0.0194787 secs]
1.583: [GC 1.583: [DefNew: 53K->0K(3008K), 0.0005660 secs]1.584: [Tenured: 19635K->19635K(39240K), 0.0188354 secs] 19689K->19635K(42248K), 0.0195301 secs]
1.608: [Full GC 1.608: [Tenured: 23541K->23541K(39240K), 0.0189004 secs] 23541K->23541K(42248K), [Perm : 20K->20K(8192K)], 0.0190030 secs]
1.628: [Full GC 1.628: [Tenured: 23541K->11822K(39240K), 0.0396863 secs] 23595K->11822K(42248K), [Perm : 20K->20K(8192K)], 0.0397911 secs]
1.668: [GC 1.668: [DefNew: 53K->0K(3008K), 0.0003981 secs]1.668: [Tenured: 11822K->11822K(39240K), 0.0186127 secs] 11876K->11822K(42248K), 0.0191276 secs]
1.692: [GC 1.692: [DefNew: 53K->0K(3008K), 0.0004607 secs]1.692: [Tenured: 15729K->15729K(39240K), 0.0187253 secs] 15783K->15729K(42248K), 0.0193120 secs]
1.716: [GC 1.716: [DefNew: 53K->0K(3008K), 0.0005548 secs]1.716: [Tenured: 19635K->19635K(39240K), 0.0188141 secs] 19689K->19635K(42248K), 0.0194966 secs]
1.740: [Full GC 1.740: [Tenured: 23541K->23541K(39240K), 0.0192516 secs] 23541K->23541K(42248K), [Perm : 20K->20K(8192K)], 0.0193567 secs]
1.762: [Full GC 1.762: [Tenured: 23541K->11822K(39240K), 0.0393466 secs] 23595K->11822K(42248K), [Perm : 20K->20K(8192K)], 0.0394584 secs]
1.801: [GC 1.801: [DefNew: 53K->0K(3008K), 0.0003989 secs]1.802: [Tenured: 11822K->11822K(39240K), 0.0186275 secs] 11876K->11822K(42248K), 0.0191424 secs]
1.825: [GC 1.825: [DefNew: 53K->0K(3008K), 0.0004657 secs]1.826: [Tenured: 15729K->15729K(39240K), 0.0187323 secs] 15782K->15729K(42248K), 0.0193262 secs]
1.849: [GC 1.849: [DefNew: 53K->0K(3008K), 0.0005487 secs]1.850: [Tenured: 19635K->19635K(39240K), 0.0188384 secs] 19689K->19635K(42248K), 0.0195134 secs]
1.874: [Full GC 1.874: [Tenured: 23541K->23541K(39240K), 0.0190647 secs] 23541K->23541K(42248K), [Perm : 20K->20K(8192K)], 0.0191703 secs]
1.894: [Full GC 1.895: [Tenured: 23541K->11822K(39240K), 0.0397009 secs] 23595K->11822K(42248K), [Perm : 20K->20K(8192K)], 0.0398140 secs]
1.935: [GC 1.935: [DefNew: 53K->0K(3008K), 0.0003992 secs]1.935: [Tenured: 11822K->11822K(39240K), 0.0186317 secs] 11876K->11822K(42248K), 0.0191482 secs]
1.958: [GC 1.959: [DefNew: 53K->0K(3008K), 0.0004615 secs]1.959: [Tenured: 15729K->15729K(39240K), 0.0187496 secs] 15783K->15729K(42248K), 0.0193368 secs]
1.983: [GC 1.983: [DefNew: 53K->0K(3008K), 0.0005523 secs]1.983: [Tenured: 19635K->19635K(39240K), 0.0189778 secs] 19689K->19635K(42248K), 0.0196592 secs]
2.007: [Full GC 2.007: [Tenured: 23541K->23541K(39240K), 0.0189186 secs] 23541K->23541K(42248K), [Perm : 20K->20K(8192K)], 0.0190239 secs]
2.028: [Full GC 2.028: [Tenured: 23541K->11822K(39240K), 0.0396743 secs] 23595K->11822K(42248K), [Perm : 20K->20K(8192K)], 0.0397827 secs]
2.068: [GC 2.068: [DefNew: 53K->0K(3008K), 0.0003989 secs]2.069: [Tenured: 11822K->11822K(39240K), 0.0186325 secs] 11876K->11822K(42248K), 0.0191488 secs]
2.092: [GC 2.092: [DefNew: 53K->0K(3008K), 0.0004651 secs]2.093: [Tenured: 15729K->15729K(39240K), 0.0187448 secs] 15783K->15729K(42248K), 0.0193365 secs]
2.117: [GC 2.117: [DefNew: 53K->0K(3008K), 0.0005512 secs]2.117: [Tenured: 19635K->19635K(39240K), 0.0188373 secs] 19689K->19635K(42248K), 0.0195145 secs]
2.141: [Full GC 2.141: [Tenured: 23541K->23541K(39240K), 0.0189032 secs] 23541K->23541K(42248K), [Perm : 20K->20K(8192K)], 0.0190083 secs]
2.162: [Full GC 2.162: [Tenured: 23541K->11822K(39240K), 0.0395335 secs] 23595K->11822K(42248K), [Perm : 20K->20K(8192K)], 0.0396469 secs]
2.202: [GC 2.202: [DefNew: 53K->0K(3008K), 0.0004115 secs]2.203: [Tenured: 11822K->11822K(39240K), 0.0186113 secs] 11876K->11822K(42248K), 0.0191429 secs]
2.226: [GC 2.226: [DefNew: 53K->0K(3008K), 0.0004892 secs]2.227: [Tenured: 15729K->15729K(39240K), 0.0187448 secs] 15782K->15729K(42248K), 0.0193620 secs]
2.251: [GC 2.251: [DefNew: 53K->0K(3008K), 0.0005632 secs]2.252: [Tenured: 19635K->19635K(39240K), 0.0188284 secs] 19689K->19635K(42248K), 0.0195430 secs]
2.275: [Full GC 2.275: [Tenured: 23541K->23541K(39240K), 0.0192153 secs] 23541K->23541K(42248K), [Perm : 20K->20K(8192K)], 0.0193181 secs]
2.296: [Full GC 2.296: [Tenured: 23541K->11822K(39240K), 0.0396243 secs] 23595K->11822K(42248K), [Perm : 20K->20K(8192K)], 0.0397355 secs]
2.336: [GC 2.337: [DefNew: 53K->0K(3008K), 0.0004182 secs]2.337: [Tenured: 11822K->11822K(39240K), 0.0186256 secs] 11876K->11822K(42248K), 0.0191765 secs]
2.367: [GC 2.367: [DefNew: 53K->0K(3008K), 0.0004749 secs]2.368: [Tenured: 15729K->15729K(39240K), 0.0187172 secs] 15783K->15729K(42248K), 0.0193254 secs]
2.392: [GC 2.392: [DefNew: 53K->0K(3008K), 0.0005621 secs]2.392: [Tenured: 19635K->19635K(39240K), 0.0287740 secs] 19689K->19635K(42248K), 0.0294792 secs]
2.426: [Full GC 2.426: [Tenured: 23541K->23541K(39240K), 0.0189125 secs] 23541K->23541K(42248K), [Perm : 20K->20K(8192K)], 0.0190161 secs]
2.449: [Full GC 2.449: [Tenured: 23541K->11822K(39240K), 0.0395922 secs] 23595K->11822K(42248K), [Perm : 20K->20K(8192K)], 0.0397000 secs]
2.488: [GC 2.488: [DefNew: 53K->0K(3008K), 0.0003973 secs]2.489: [Tenured: 11822K->11822K(39240K), 0.0186630 secs] 11876K->11822K(42248K), 0.0191781 secs]
2.512: [GC 2.512: [DefNew: 53K->0K(3008K), 0.0004665 secs]2.513: [Tenured: 15729K->15729K(39240K), 0.0187348 secs] 15783K->15729K(42248K), 0.0193284 secs]
2.536: [GC 2.536: [DefNew: 53K->0K(3008K), 0.0005512 secs]2.537: [Tenured: 19635K->19635K(39240K), 0.0188560 secs] 19689K->19635K(42248K), 0.0195346 secs]
2.561: [Full GC 2.561: [Tenured: 23541K->23541K(39240K), 0.0189130 secs] 23541K->23541K(42248K), [Perm : 20K->20K(8192K)], 0.0190172 secs]
2.581: [Full GC 2.581: [Tenured: 23541K->11822K(39240K), 0.0398112 secs] 23595K->11822K(42248K), [Perm : 20K->20K(8192K)], 0.0399232 secs]
2.622: [GC 2.622: [DefNew: 53K->0K(3008K), 0.0003992 secs]2.622: [Tenured: 11822K->11822K(39240K), 0.0186406 secs] 11876K->11822K(42248K), 0.0191572 secs]
2.645: [GC 2.646: [DefNew: 53K->0K(3008K), 0.0004671 secs]2.646: [Tenured: 15729K->15729K(39240K), 0.0187689 secs] 15783K->15729K(42248K), 0.0193639 secs]
2.670: [GC 2.670: [DefNew: 53K->0K(3008K), 0.0005582 secs]2.670: [Tenured: 19635K->19635K(39240K), 0.0188052 secs] 19689K->19635K(42248K), 0.0194905 secs]
2.694: [Full GC 2.694: [Tenured: 23541K->23541K(39240K), 0.0190711 secs] 23541K->23541K(42248K), [Perm : 20K->20K(8192K)], 0.0191753 secs]
2.716: [Full GC 2.716: [Tenured: 23541K->11822K(39240K), 0.0417019 secs] 23595K->11822K(42248K), [Perm : 20K->20K(8192K)], 0.0418143 secs]
2.758: [GC 2.758: [DefNew: 53K->0K(3008K), 0.0004054 secs]2.759: [Tenured: 11822K->11822K(39240K), 0.0186286 secs] 11876K->11822K(42248K), 0.0191547 secs]
2.782: [GC 2.782: [DefNew: 53K->0K(3008K), 0.0004716 secs]2.783: [Tenured: 15729K->15729K(39240K), 0.0187236 secs] 15782K->15729K(42248K), 0.0193242 secs]
2.806: [GC 2.807: [DefNew: 53K->0K(3008K), 0.0005520 secs]2.807: [Tenured: 19635K->19635K(39240K), 0.0188069 secs] 19689K->19635K(42248K), 0.0194843 secs]
2.831: [Full GC 2.831: [Tenured: 23541K->23541K(39240K), 0.0189004 secs] 23541K->23541K(42248K), [Perm : 20K->20K(8192K)], 0.0190049 secs]
2.851: [Full GC 2.851: [Tenured: 23541K->11822K(39240K), 0.0396240 secs] 23595K->11822K(42248K), [Perm : 20K->20K(8192K)], 0.0397285 secs]
2.891: [GC 2.891: [DefNew: 53K->0K(3008K), 0.0003998 secs]2.891: [Tenured: 11822K->11822K(39240K), 0.0186035 secs] 11876K->11822K(42248K), 0.0191211 secs]
2.915: [GC 2.915: [DefNew: 53K->0K(3008K), 0.0020642 secs]2.917: [Tenured: 15729K->15729K(39240K), 0.0195609 secs] 15783K->15729K(42248K), 0.0217558 secs]
2.942: [GC 2.942: [DefNew: 53K->0K(3008K), 0.0005520 secs]2.942: [Tenured: 19635K->19635K(39240K), 0.0285405 secs] 19689K->19635K(42248K), 0.0292280 secs]
2.976: [Full GC 2.976: [Tenured: 23541K->23541K(39240K), 0.0189273 secs] 23541K->23541K(42248K), [Perm : 20K->20K(8192K)], 0.0190323 secs]
2.996: [Full GC 2.996: [Tenured: 23541K->11822K(39240K), 0.0397204 secs] 23595K->11822K(42248K), [Perm : 20K->20K(8192K)], 0.0398291 secs]
3.037: [GC 3.037: [DefNew: 53K->0K(3008K), 0.0003989 secs]3.037: [Tenured: 11822K->11822K(39240K), 0.0186331 secs] 11876K->11822K(42248K), 0.0191499 secs]
3.060: [GC 3.060: [DefNew: 53K->0K(3008K), 0.0004618 secs]3.061: [Tenured: 15729K->15729K(39240K), 0.0187295 secs] 15783K->15729K(42248K), 0.0193175 secs]
3.084: [GC 3.085: [DefNew: 53K->0K(3008K), 0.0005506 secs]3.085: [Tenured: 19635K->19635K(39240K), 0.0188471 secs] 19689K->19635K(42248K), 0.0195257 secs]
3.109: [Full GC 3.109: [Tenured: 23541K->23541K(39240K), 0.0190401 secs] 23541K->23541K(42248K), [Perm : 20K->20K(8192K)], 0.0191468 secs]
3.129: [Full GC 3.129: [Tenured: 23541K->11822K(39240K), 0.0420344 secs] 23595K->11822K(42248K), [Perm : 20K->20K(8192K)], 0.0421439 secs]
3.172: [GC 3.172: [DefNew: 53K->0K(3008K), 0.0003987 secs]3.172: [Tenured: 11822K->11822K(39240K), 0.0186026 secs] 11876K->11822K(42248K), 0.0191181 secs]
3.195: [GC 3.196: [DefNew: 53K->0K(3008K), 0.0004632 secs]3.196: [Tenured: 15729K->15729K(39240K), 0.0188812 secs] 15783K->15729K(42248K), 0.0194715 secs]
3.220: [GC 3.220: [DefNew: 53K->0K(3008K), 0.0005598 secs]3.220: [Tenured: 19635K->19635K(39240K), 0.0188066 secs] 19689K->19635K(42248K), 0.0194944 secs]
3.244: [Full GC 3.244: [Tenured: 23541K->23541K(39240K), 0.0188932 secs] 23541K->23541K(42248K), [Perm : 20K->20K(8192K)], 0.0189974 secs]
3.266: [Full GC 3.267: [Tenured: 23541K->11822K(39240K), 0.0411075 secs] 23595K->11822K(42248K), [Perm : 20K->20K(8192K)], 0.0412189 secs]
3.309: [GC 3.309: [DefNew: 53K->0K(3008K), 0.0003978 secs]3.309: [Tenured: 11822K->11822K(39240K), 0.0187937 secs] 11876K->11822K(42248K), 0.0193131 secs]
3.333: [GC 3.333: [DefNew: 53K->0K(3008K), 0.0004774 secs]3.334: [Tenured: 15729K->15729K(39240K), 0.0187689 secs] 15783K->15729K(42248K), 0.0193776 secs]
3.357: [GC 3.357: [DefNew: 53K->0K(3008K), 0.0005545 secs]3.358: [Tenured: 19635K->19635K(39240K), 0.0188239 secs] 19689K->19635K(42248K), 0.0195067 secs]
3.382: [Full GC 3.382: [Tenured: 23541K->23541K(39240K), 0.0189125 secs] 23541K->23541K(42248K), [Perm : 20K->20K(8192K)], 0.0190164 secs]
3.403: [Full GC 3.403: [Tenured: 23541K->11822K(39240K), 0.0396813 secs] 23595K->11822K(42248K), [Perm : 20K->20K(8192K)], 0.0397964 secs]
3.443: [GC 3.443: [DefNew: 53K->0K(3008K), 0.0004028 secs]3.443: [Tenured: 11822K->11822K(39240K), 0.0188116 secs] 11876K->11822K(42248K), 0.0193354 secs]
3.467: [GC 3.467: [DefNew: 53K->0K(3008K), 0.0004654 secs]3.467: [Tenured: 15729K->15729K(39240K), 0.0187286 secs] 15782K->15729K(42248K), 0.0193206 secs]
3.491: [GC 3.491: [DefNew: 53K->0K(3008K), 0.0005490 secs]3.491: [Tenured: 19635K->19635K(39240K), 0.0188577 secs] 19689K->19635K(42248K), 0.0195363 secs]
3.516: [Full GC 3.516: [Tenured: 23541K->23541K(39240K), 0.0189032 secs] 23541K->23541K(42248K), [Perm : 20K->20K(8192K)], 0.0190086 secs]
3.536: [Full GC 3.536: [Tenured: 23541K->11822K(39240K), 0.0417117 secs] 23595K->11822K(42248K), [Perm : 20K->20K(8192K)], 0.0418201 secs]
3.578: [GC 3.578: [DefNew: 53K->0K(3008K), 0.0003981 secs]3.578: [Tenured: 11822K->11822K(39240K), 0.0186102 secs] 11876K->11822K(42248K), 0.0191251 secs]
3.602: [GC 3.602: [DefNew: 53K->0K(3008K), 0.0004618 secs]3.602: [Tenured: 15729K->15729K(39240K), 0.0187256 secs] 15783K->15729K(42248K), 0.0193133 secs]
3.626: [GC 3.626: [DefNew: 53K->0K(3008K), 0.0005548 secs]3.627: [Tenured: 19635K->19635K(39240K), 0.0188275 secs] 19689K->19635K(42248K), 0.0195095 secs]
3.653: [Full GC 3.653: [Tenured: 23541K->23541K(39240K), 0.0188985 secs] 23541K->23541K(42248K), [Perm : 20K->20K(8192K)], 0.0190035 secs]
3.673: [Full GC 3.673: [Tenured: 23541K->11822K(39240K), 0.0396721 secs] 23595K->11822K(42248K), [Perm : 20K->20K(8192K)], 0.0397768 secs]
3.713: [GC 3.713: [DefNew: 53K->0K(3008K), 0.0003981 secs]3.714: [Tenured: 11822K->11822K(39240K), 0.0187566 secs] 11876K->11822K(42248K), 0.0192728 secs]
3.737: [GC 3.737: [DefNew: 53K->0K(3008K), 0.0004632 secs]3.738: [Tenured: 15729K->15729K(39240K), 0.0187306 secs] 15783K->15729K(42248K), 0.0193198 secs]
3.761: [GC 3.761: [DefNew: 53K->0K(3008K), 0.0005559 secs]3.762: [Tenured: 19635K->19635K(39240K), 0.0188099 secs] 19689K->19635K(42248K), 0.0194910 secs]
3.790: [Full GC 3.791: [Tenured: 23541K->23541K(39240K), 0.0189052 secs] 23541K->23541K(42248K), [Perm : 20K->20K(8192K)], 0.0190114 secs]
3.814: [Full GC 3.814: [Tenured: 23541K->11822K(39240K), 0.0395458 secs] 23595K->11822K(42248K), [Perm : 20K->20K(8192K)], 0.0396620 secs]
3.854: [GC 3.854: [DefNew: 53K->0K(3008K), 0.0004012 secs]3.854: [Tenured: 11822K->11822K(39240K), 0.0186147 secs] 11876K->11822K(42248K), 0.0191340 secs]
3.878: [GC 3.878: [DefNew: 53K->0K(3008K), 0.0004618 secs]3.878: [Tenured: 15729K->15729K(39240K), 0.0187353 secs] 15783K->15729K(42248K), 0.0193226 secs]
3.902: [GC 3.902: [DefNew: 53K->0K(3008K), 0.0005515 secs]3.902: [Tenured: 19635K->19635K(39240K), 0.0188281 secs] 19689K->19635K(42248K), 0.0195058 secs]
3.926: [Full GC 3.926: [Tenured: 23541K->23541K(39240K), 0.0190404 secs] 23541K->23541K(42248K), [Perm : 20K->20K(8192K)], 0.0191474 secs]
3.947: [Full GC 3.947: [Tenured: 23541K->11822K(39240K), 0.0419481 secs] 23595K->11822K(42248K), [Perm : 20K->20K(8192K)], 0.0420598 secs]
3.989: [GC 3.989: [DefNew: 53K->0K(3008K), 0.0003995 secs]3.989: [Tenured: 11822K->11822K(39240K), 0.0186247 secs] 11876K->11822K(42248K), 0.0191424 secs]
4.013: [GC 4.013: [DefNew: 53K->0K(3008K), 0.0004607 secs]4.013: [Tenured: 15729K->15729K(39240K), 0.0187256 secs] 15783K->15729K(42248K), 0.0193125 secs]
4.037: [GC 4.037: [DefNew: 53K->0K(3008K), 0.0005534 secs]4.038: [Tenured: 19635K->19635K(39240K), 0.0188429 secs] 19689K->19635K(42248K), 0.0195234 secs]
4.061: [Full GC 4.061: [Tenured: 23541K->23541K(39240K), 0.0189063 secs] 23541K->23541K(42248K), [Perm : 20K->20K(8192K)], 0.0190102 secs]
4.082: [Full GC 4.082: [Tenured: 23541K->11822K(39240K), 0.0396793 secs] 23595K->11822K(42248K), [Perm : 20K->20K(8192K)], 0.0397880 secs]
4.122: [GC 4.122: [DefNew: 53K->0K(3008K), 0.0003984 secs]4.123: [Tenured: 11822K->11822K(39240K), 0.0187666 secs] 11876K->11822K(42248K), 0.0192840 secs]
4.146: [GC 4.146: [DefNew: 53K->0K(3008K), 0.0004629 secs]4.147: [Tenured: 15729K->15729K(39240K), 0.0187677 secs] 15783K->15729K(42248K), 0.0193583 secs]
4.170: [GC 4.170: [DefNew: 53K->0K(3008K), 0.0005554 secs]4.171: [Tenured: 19635K->19635K(39240K), 0.0189261 secs] 19689K->19635K(42248K), 0.0196125 secs]
4.195: [Full GC 4.195: [Tenured: 23541K->23541K(39240K), 0.0189164 secs] 23541K->23541K(42248K), [Perm : 20K->20K(8192K)], 0.0190223 secs]
4.216: [Full GC 4.216: [Tenured: 23541K->11822K(39240K), 0.0419791 secs] 23595K->11822K(42248K), [Perm : 20K->20K(8192K)], 0.0420939 secs]
4.259: [GC 4.259: [DefNew: 53K->0K(3008K), 0.0004590 secs]4.259: [Tenured: 11822K->11822K(39240K), 0.0186054 secs] 11876K->11822K(42248K), 0.0191879 secs]
4.283: [GC 4.283: [DefNew: 53K->0K(3008K), 0.0004724 secs]4.283: [Tenured: 15729K->15729K(39240K), 0.0187345 secs] 15782K->15729K(42248K), 0.0193363 secs]
4.307: [GC 4.307: [DefNew: 53K->0K(3008K), 0.0005473 secs]4.308: [Tenured: 19635K->19635K(39240K), 0.0188108 secs] 19689K->19635K(42248K), 0.0194846 secs]
4.332: [Full GC 4.332: [Tenured: 23541K->23541K(39240K), 0.0190656 secs] 23541K->23541K(42248K), [Perm : 20K->20K(8192K)], 0.0191748 secs]
4.352: [Full GC 4.352: [Tenured: 23541K->11822K(39240K), 0.0396232 secs] 23595K->11822K(42248K), [Perm : 20K->20K(8192K)], 0.0397302 secs]
4.392: [GC 4.392: [DefNew: 53K->0K(3008K), 0.0003992 secs]4.393: [Tenured: 11822K->11822K(39240K), 0.0186208 secs] 11876K->11822K(42248K), 0.0191387 secs]
4.416: [GC 4.416: [DefNew: 53K->0K(3008K), 0.0004696 secs]4.417: [Tenured: 15729K->15729K(39240K), 0.0187434 secs] 15783K->15729K(42248K), 0.0193435 secs]
4.440: [GC 4.441: [DefNew: 53K->0K(3008K), 0.0005543 secs]4.441: [Tenured: 19635K->19635K(39240K), 0.0190890 secs] 19689K->19635K(42248K), 0.0197746 secs]
4.465: [Full GC 4.465: [Tenured: 23541K->23541K(39240K), 0.0192804 secs] 23541K->23541K(42248K), [Perm : 20K->20K(8192K)], 0.0193868 secs]
4.486: [Full GC 4.486: [Tenured: 23541K->11822K(39240K), 0.0427026 secs] 23595K->11822K(42248K), [Perm : 20K->20K(8192K)], 0.0428367 secs]
4.530: [GC 4.530: [DefNew: 53K->0K(3008K), 0.0004023 secs]4.530: [Tenured: 11822K->11822K(39240K), 0.0210787 secs] 11876K->11822K(42248K), 0.0216025 secs]
4.556: [GC 4.556: [DefNew: 53K->0K(3008K), 0.0004626 secs]4.556: [Tenured: 15729K->15729K(39240K), 0.0187261 secs] 15783K->15729K(42248K), 0.0193147 secs]
4.580: [GC 4.580: [DefNew: 53K->0K(3008K), 0.0005481 secs]4.580: [Tenured: 19635K->19635K(39240K), 0.0285380 secs] 19689K->19635K(42248K), 0.0292205 secs]
4.614: [Full GC 4.614: [Tenured: 23541K->23541K(39240K), 0.0189544 secs] 23541K->23541K(42248K), [Perm : 20K->20K(8192K)], 0.0190625 secs]
4.635: [Full GC 4.635: [Tenured: 23541K->11822K(39240K), 0.0397157 secs] 23595K->11822K(42248K), [Perm : 20K->20K(8192K)], 0.0398232 secs]
4.675: [GC 4.675: [DefNew: 53K->0K(3008K), 0.0003978 secs]4.675: [Tenured: 11822K->11822K(39240K), 0.0186049 secs] 11876K->11822K(42248K), 0.0191197 secs]
4.698: [GC 4.699: [DefNew: 53K->0K(3008K), 0.0004626 secs]4.699: [Tenured: 15729K->15729K(39240K), 0.0187323 secs] 15783K->15729K(42248K), 0.0193212 secs]
4.723: [GC 4.723: [DefNew: 53K->0K(3008K), 0.0005503 secs]4.723: [Tenured: 19635K->19635K(39240K), 0.0193133 secs] 19689K->19635K(42248K), 0.0199905 secs]
4.747: [Full GC 4.747: [Tenured: 23541K->23541K(39240K), 0.0192284 secs] 23541K->23541K(42248K), [Perm : 20K->20K(8192K)], 0.0193337 secs]
4.768: [Full GC 4.768: [Tenured: 23541K->11822K(39240K), 0.0426219 secs] 23595K->11822K(42248K), [Perm : 20K->20K(8192K)], 0.0427325 secs]
4.811: [GC 4.811: [DefNew: 53K->0K(3008K), 0.0003967 secs]4.812: [Tenured: 11822K->11822K(39240K), 0.0186093 secs] 11876K->11822K(42248K), 0.0191225 secs]
4.835: [GC 4.835: [DefNew: 53K->0K(3008K), 0.0004618 secs]4.835: [Tenured: 15729K->15729K(39240K), 0.0187772 secs] 15783K->15729K(42248K), 0.0193675 secs]
4.859: [GC 4.859: [DefNew: 53K->0K(3008K), 0.0005582 secs]4.860: [Tenured: 19635K->19635K(39240K), 0.0188049 secs] 19689K->19635K(42248K), 0.0194927 secs]
4.887: [Full GC 4.887: [Tenured: 23541K->23541K(39240K), 0.0189105 secs] 23541K->23541K(42248K), [Perm : 20K->20K(8192K)], 0.0190144 secs]
4.907: [Full GC 4.907: [Tenured: 23541K->11822K(39240K), 0.0397090 secs] 23595K->11822K(42248K), [Perm : 20K->20K(8192K)], 0.0398182 secs]
4.947: [GC 4.948: [DefNew: 53K->0K(3008K), 0.0003978 secs]4.948: [Tenured: 11822K->11822K(39240K), 0.0187904 secs] 11876K->11822K(42248K), 0.0193075 secs]
4.972: [GC 4.972: [DefNew: 53K->0K(3008K), 0.0004710 secs]4.972: [Tenured: 15729K->15729K(39240K), 0.0187342 secs] 15783K->15729K(42248K), 0.0193332 secs]
4.996: [GC 4.996: [DefNew: 53K->0K(3008K), 0.0005520 secs]4.996: [Tenured: 19635K->19635K(39240K), 0.0188133 secs] 19689K->19635K(42248K), 0.0194913 secs]
5.023: [Full GC 5.023: [Tenured: 23541K->23541K(39240K), 0.0335311 secs] 23541K->23541K(42248K), [Perm : 20K->20K(8192K)], 0.0336462 secs]
5.058: [Full GC 5.058: [Tenured: 23541K->11822K(39240K), 0.0396089 secs] 23595K->11822K(42248K), [Perm : 20K->20K(8192K)], 0.0397157 secs]
5.098: [GC 5.098: [DefNew: 53K->0K(3008K), 0.0003981 secs]5.098: [Tenured: 11822K->11822K(39240K), 0.0186144 secs] 11876K->11822K(42248K), 0.0191290 secs]
5.122: [GC 5.122: [DefNew: 53K->0K(3008K), 0.0004629 secs]5.122: [Tenured: 15729K->15729K(39240K), 0.0187432 secs] 15783K->15729K(42248K), 0.0193329 secs]
5.146: [GC 5.146: [DefNew: 53K->0K(3008K), 0.0005529 secs]5.146: [Tenured: 19635K->19635K(39240K), 0.0189812 secs] 19689K->19635K(42248K), 0.0196628 secs]
5.170: [Full GC 5.170: [Tenured: 23541K->23541K(39240K), 0.0189049 secs] 23541K->23541K(42248K), [Perm : 20K->20K(8192K)], 0.0190088 secs]
5.192: [Full GC 5.192: [Tenured: 23541K->11822K(39240K), 0.0419922 secs] 23595K->11822K(42248K), [Perm : 20K->20K(8192K)], 0.0421054 secs]
5.234: [GC 5.234: [DefNew: 53K->0K(3008K), 0.0003987 secs]5.235: [Tenured: 11822K->11822K(39240K), 0.0186141 secs] 11876K->11822K(42248K), 0.0191298 secs]
5.258: [GC 5.258: [DefNew: 53K->0K(3008K), 0.0004615 secs]5.259: [Tenured: 15729K->15729K(39240K), 0.0188826 secs] 15783K->15729K(42248K), 0.0194709 secs]
5.282: [GC 5.283: [DefNew: 53K->0K(3008K), 0.0005565 secs]5.283: [Tenured: 19635K->19635K(39240K), 0.0188038 secs] 19689K->19635K(42248K), 0.0194868 secs]
5.307: [Full GC 5.307: [Tenured: 23541K->23541K(39240K), 0.0188991 secs] 23541K->23541K(42248K), [Perm : 20K->20K(8192K)], 0.0190044 secs]
5.327: [Full GC 5.327: [Tenured: 23541K->11822K(39240K), 0.0398313 secs] 23595K->11822K(42248K), [Perm : 20K->20K(8192K)], 0.0399414 secs]
5.367: [GC 5.368: [DefNew: 53K->0K(3008K), 0.0003998 secs]5.368: [Tenured: 11822K->11822K(39240K), 0.0186200 secs] 11876K->11822K(42248K), 0.0191373 secs]
5.391: [GC 5.391: [DefNew: 53K->0K(3008K), 0.0004646 secs]5.392: [Tenured: 15729K->15729K(39240K), 0.0187353 secs] 15783K->15729K(42248K), 0.0193256 secs]
5.416: [GC 5.416: [DefNew: 53K->0K(3008K), 0.0005593 secs]5.416: [Tenured: 19635K->19635K(39240K), 0.0188094 secs] 19689K->19635K(42248K), 0.0194972 secs]
5.440: [Full GC 5.440: [Tenured: 23541K->23541K(39240K), 0.0190175 secs] 23541K->23541K(42248K), [Perm : 20K->20K(8192K)], 0.0191237 secs]
5.466: [Full GC 5.466: [Tenured: 23541K->11822K(39240K), 0.0394452 secs] 23595K->11822K(42248K), [Perm : 20K->20K(8192K)], 0.0395628 secs]
5.507: [GC 5.507: [DefNew: 53K->0K(3008K), 0.0004040 secs]5.507: [Tenured: 11822K->11822K(39240K), 0.0186817 secs] 11876K->11822K(42248K), 0.0192069 secs]
5.530: [GC 5.530: [DefNew: 53K->0K(3008K), 0.0004632 secs]5.531: [Tenured: 15729K->15729K(39240K), 0.0187250 secs] 15783K->15729K(42248K), 0.0193145 secs]
5.554: [GC 5.555: [DefNew: 53K->0K(3008K), 0.0005836 secs]5.555: [Tenured: 19635K->19635K(39240K), 0.0189577 secs] 19689K->19635K(42248K), 0.0196695 secs]
5.579: [Full GC 5.579: [Tenured: 23541K->23541K(39240K), 0.0189077 secs] 23541K->23541K(42248K), [Perm : 20K->20K(8192K)], 0.0190133 secs]
5.600: [Full GC 5.600: [Tenured: 23541K->11822K(39240K), 0.0397159 secs] 23595K->11822K(42248K), [Perm : 20K->20K(8192K)], 0.0398249 secs]
5.640: [GC 5.640: [DefNew: 53K->0K(3008K), 0.0003973 secs]5.641: [Tenured: 11822K->11822K(39240K), 0.0186012 secs] 11876K->11822K(42248K), 0.0191153 secs]
5.664: [GC 5.664: [DefNew: 53K->0K(3008K), 0.0004780 secs]5.664: [Tenured: 15729K->15729K(39240K), 0.0189021 secs] 15783K->15729K(42248K), 0.0195100 secs]
5.688: [GC 5.688: [DefNew: 53K->0K(3008K), 0.0005571 secs]5.689: [Tenured: 19635K->19635K(39240K), 0.0188111 secs] 19689K->19635K(42248K), 0.0194958 secs]
5.712: [Full GC 5.712: [Tenured: 23541K->23541K(39240K), 0.0188979 secs] 23541K->23541K(42248K), [Perm : 20K->20K(8192K)], 0.0190010 secs]
5.733: [Full GC 5.733: [Tenured: 23541K->11822K(39240K), 0.0396757 secs] 23595K->11822K(42248K), [Perm : 20K->20K(8192K)], 0.0397844 secs]
5.773: [GC 5.773: [DefNew: 53K->0K(3008K), 0.0003970 secs]5.774: [Tenured: 11822K->11822K(39240K), 0.0186281 secs] 11876K->11822K(42248K), 0.0191438 secs]
5.797: [GC 5.797: [DefNew: 53K->0K(3008K), 0.0004696 secs]5.798: [Tenured: 15729K->15729K(39240K), 0.0187320 secs] 15783K->15729K(42248K), 0.0193290 secs]
5.821: [GC 5.821: [DefNew: 53K->0K(3008K), 0.0005559 secs]5.822: [Tenured: 19635K->19635K(39240K), 0.0188116 secs] 19689K->19635K(42248K), 0.0194935 secs]
5.845: [Full GC 5.845: [Tenured: 23541K->23541K(39240K), 0.0188868 secs] 23541K->23541K(42248K), [Perm : 20K->20K(8192K)], 0.0189890 secs]
5.867: [Full GC 5.867: [Tenured: 23541K->11822K(39240K), 0.0397618 secs] 23595K->11822K(42248K), [Perm : 20K->20K(8192K)], 0.0398746 secs]
5.907: [GC 5.907: [DefNew: 53K->0K(3008K), 0.0003992 secs]5.907: [Tenured: 11822K->11822K(39240K), 0.0186317 secs] 11876K->11822K(42248K), 0.0191502 secs]
5.931: [GC 5.931: [DefNew: 53K->0K(3008K), 0.0004629 secs]5.931: [Tenured: 15729K->15729K(39240K), 0.0187272 secs] 15783K->15729K(42248K), 0.0193161 secs]
5.955: [GC 5.955: [DefNew: 53K->0K(3008K), 0.0005492 secs]5.956: [Tenured: 19635K->19635K(39240K), 0.0188057 secs] 19689K->19635K(42248K), 0.0194799 secs]
5.979: [Full GC 5.979: [Tenured: 23541K->23541K(39240K), 0.0190401 secs] 23541K->23541K(42248K), [Perm : 20K->20K(8192K)], 0.0191460 secs]
6.000: [Full GC 6.000: [Tenured: 23541K->11822K(39240K), 0.0397590 secs] 23595K->11822K(42248K), [Perm : 20K->20K(8192K)], 0.0400137 secs]
6.040: [GC 6.040: [DefNew: 53K->0K(3008K), 0.0003998 secs]6.041: [Tenured: 11822K->11822K(39240K), 0.0186093 secs] 11876K->11822K(42248K), 0.0191259 secs]
6.064: [GC 6.064: [DefNew: 53K->0K(3008K), 0.0004598 secs]6.065: [Tenured: 15729K->15729K(39240K), 0.0188792 secs] 15783K->15729K(42248K), 0.0194667 secs]
6.088: [GC 6.088: [DefNew: 53K->0K(3008K), 0.0005531 secs]6.089: [Tenured: 19635K->19635K(39240K), 0.0191033 secs] 19689K->19635K(42248K), 0.0197902 secs]
6.113: [Full GC 6.113: [Tenured: 23541K->23541K(39240K), 0.0192022 secs] 23541K->23541K(42248K), [Perm : 20K->20K(8192K)], 0.0193150 secs]
6.135: [Full GC 6.135: [Tenured: 23541K->11822K(39240K), 0.0401347 secs] 23595K->11822K(42248K), [Perm : 20K->20K(8192K)], 0.0402506 secs]
6.176: [GC 6.176: [DefNew: 53K->0K(3008K), 0.0004076 secs]6.176: [Tenured: 11822K->11822K(39240K), 0.0190929 secs] 11876K->11822K(42248K), 0.0196246 secs]
6.200: [GC 6.200: [DefNew: 53K->0K(3008K), 0.0004769 secs]6.201: [Tenured: 15729K->15729K(39240K), 0.0190477 secs] 15783K->15729K(42248K), 0.0196609 secs]
6.225: [GC 6.225: [DefNew: 53K->0K(3008K), 0.0005649 secs]6.226: [Tenured: 19635K->19635K(39240K), 0.0193039 secs] 19689K->19635K(42248K), 0.0200042 secs]
6.250: [Full GC 6.250: [Tenured: 23541K->23541K(39240K), 0.0193648 secs] 23541K->23541K(42248K), [Perm : 20K->20K(8192K)], 0.0194801 secs]
6.272: [Full GC 6.272: [Tenured: 23541K->11822K(39240K), 0.0401498 secs] 23595K->11822K(42248K), [Perm : 20K->20K(8192K)], 0.0402671 secs]
6.313: [GC 6.313: [DefNew: 53K->0K(3008K), 0.0004093 secs]6.313: [Tenured: 11822K->11822K(39240K), 0.0189348 secs] 11876K->11822K(42248K), 0.0194695 secs]
6.339: [GC 6.339: [DefNew: 53K->0K(3008K), 0.0004774 secs]6.339: [Tenured: 15729K->15729K(39240K), 0.0191580 secs] 15782K->15729K(42248K), 0.0197723 secs]
6.364: [GC 6.364: [DefNew: 53K->0K(3008K), 0.0005615 secs]6.364: [Tenured: 19635K->19635K(39240K), 0.0194131 secs] 19689K->19635K(42248K), 0.0201109 secs]
6.389: [Full GC 6.389: [Tenured: 23541K->23541K(39240K), 0.0194854 secs] 23541K->23541K(42248K), [Perm : 20K->20K(8192K)], 0.0195991 secs]
6.409: [Full GC 6.409: [Tenured: 23541K->11822K(39240K), 0.0399140 secs] 23595K->11822K(42248K), [Perm : 20K->20K(8192K)], 0.0400224 secs]
6.450: [GC 6.450: [DefNew: 53K->0K(3008K), 0.0003992 secs]6.450: [Tenured: 11822K->11822K(39240K), 0.0186158 secs] 11876K->11822K(42248K), 0.0191320 secs]
6.473: [GC 6.473: [DefNew: 53K->0K(3008K), 0.0004646 secs]6.474: [Tenured: 15729K->15729K(39240K), 0.0189465 secs] 15783K->15729K(42248K), 0.0195419 secs]
6.498: [GC 6.498: [DefNew: 53K->0K(3008K), 0.0005579 secs]6.498: [Tenured: 19635K->19635K(39240K), 0.0188166 secs] 19689K->19635K(42248K), 0.0195022 secs]
6.523: [Full GC 6.523: [Tenured: 23541K->23541K(39240K), 0.0189823 secs] 23541K->23541K(42248K), [Perm : 20K->20K(8192K)], 0.0190910 secs]
6.543: [Full GC 6.543: [Tenured: 23541K->11822K(39240K), 0.0396606 secs] 23595K->11822K(42248K), [Perm : 20K->20K(8192K)], 0.0397640 secs]
6.583: [GC 6.583: [DefNew: 53K->0K(3008K), 0.0003978 secs]6.583: [Tenured: 11822K->11822K(39240K), 0.0188136 secs] 11876K->11822K(42248K), 0.0193307 secs]
6.607: [GC 6.607: [DefNew: 53K->0K(3008K), 0.0004702 secs]6.608: [Tenured: 15729K->15729K(39240K), 0.0187373 secs] 15783K->15729K(42248K), 0.0193360 secs]
6.631: [GC 6.631: [DefNew: 53K->0K(3008K), 0.0005495 secs]6.632: [Tenured: 19635K->19635K(39240K), 0.0188580 secs] 19689K->19635K(42248K), 0.0195332 secs]
6.655: [Full GC 6.655: [Tenured: 23541K->23541K(39240K), 0.0188946 secs] 23541K->23541K(42248K), [Perm : 20K->20K(8192K)], 0.0189991 secs]
6.678: [Full GC 6.678: [Tenured: 23541K->11822K(39240K), 0.0395391 secs] 23595K->11822K(42248K), [Perm : 20K->20K(8192K)], 0.0396536 secs]
6.718: [GC 6.718: [DefNew: 53K->0K(3008K), 0.0004014 secs]6.719: [Tenured: 11822K->11822K(39240K), 0.0189776 secs] 11876K->11822K(42248K), 0.0195033 secs]
6.743: [GC 6.743: [DefNew: 53K->0K(3008K), 0.0004721 secs]6.743: [Tenured: 15729K->15729K(39240K), 0.0190709 secs] 15783K->15729K(42248K), 0.0196955 secs]
6.768: [GC 6.768: [DefNew: 53K->0K(3008K), 0.0005646 secs]6.768: [Tenured: 19635K->19635K(39240K), 0.0190910 secs] 19689K->19635K(42248K), 0.0197911 secs]
6.793: [Full GC 6.793: [Tenured: 23541K->23541K(39240K), 0.0193421 secs] 23541K->23541K(42248K), [Perm : 20K->20K(8192K)], 0.0194558 secs]
6.814: [Full GC 6.814: [Tenured: 23541K->11822K(39240K), 0.0399791 secs] 23595K->11822K(42248K), [Perm : 20K->20K(8192K)], 0.0400959 secs]
6.855: [GC 6.855: [DefNew: 53K->0K(3008K), 0.0004073 secs]6.855: [Tenured: 11822K->11822K(39240K), 0.0190672 secs] 11876K->11822K(42248K), 0.0195997 secs]
6.880: [GC 6.880: [DefNew: 53K->0K(3008K), 0.0004749 secs]6.880: [Tenured: 15729K->15729K(39240K), 0.0191983 secs] 15783K->15729K(42248K), 0.0198095 secs]
6.905: [GC 6.905: [DefNew: 53K->0K(3008K), 0.0005624 secs]6.905: [Tenured: 19635K->19635K(39240K), 0.0191239 secs] 19689K->19635K(42248K), 0.0198218 secs]
6.929: [Full GC 6.930: [Tenured: 23541K->23541K(39240K), 0.0194125 secs] 23541K->23541K(42248K), [Perm : 20K->20K(8192K)], 0.0195265 secs]
6.956: [Full GC 6.956: [Tenured: 23541K->11822K(39240K), 0.0400844 secs] 23595K->11822K(42248K), [Perm : 20K->20K(8192K)], 0.0402009 secs]
7.001: [GC 7.001: [DefNew: 53K->0K(3008K), 0.0004244 secs]7.002: [Tenured: 11822K->11822K(39240K), 0.0188943 secs] 11876K->11822K(42248K), 0.0194497 secs]
7.029: [GC 7.029: [DefNew: 53K->0K(3008K), 0.0004772 secs]7.030: [Tenured: 15729K->15729K(39240K), 0.0194033 secs] 15782K->15729K(42248K), 0.0200173 secs]
7.059: [GC 7.059: [DefNew: 53K->0K(3008K), 0.0005654 secs]7.060: [Tenured: 19635K->19635K(39240K), 0.0193960 secs] 19689K->19635K(42248K), 0.0200981 secs]
7.085: [Full GC 7.086: [Tenured: 23541K->23541K(39240K), 0.0196441 secs] 23541K->23541K(42248K), [Perm : 20K->20K(8192K)], 0.0197573 secs]
7.109: [Full GC 7.110: [Tenured: 23541K->11822K(39240K), 0.0401559 secs] 23595K->11822K(42248K), [Perm : 20K->20K(8192K)], 0.0402716 secs]
7.150: [GC 7.150: [DefNew: 53K->0K(3008K), 0.0004090 secs]7.151: [Tenured: 11822K->11822K(39240K), 0.0189516 secs] 11876K->11822K(42248K), 0.0194854 secs]
7.175: [GC 7.175: [DefNew: 53K->0K(3008K), 0.0004707 secs]7.175: [Tenured: 15729K->15729K(39240K), 0.0191943 secs] 15783K->15729K(42248K), 0.0197980 secs]
7.200: [GC 7.200: [DefNew: 53K->0K(3008K), 0.0005632 secs]7.200: [Tenured: 19635K->19635K(39240K), 0.0193276 secs] 19689K->19635K(42248K), 0.0200274 secs]
7.229: [Full GC 7.229: [Tenured: 23541K->23541K(39240K), 0.0347351 secs] 23541K->23541K(42248K), [Perm : 20K->20K(8192K)], 0.0348592 secs]
7.267: [Full GC 7.267: [Tenured: 23541K->11822K(39240K), 0.0401149 secs] 23595K->11822K(42248K), [Perm : 20K->20K(8192K)], 0.0402294 secs]
7.308: [GC 7.308: [DefNew: 53K->0K(3008K), 0.0004073 secs]7.308: [Tenured: 11822K->11822K(39240K), 0.0192354 secs] 11876K->11822K(42248K), 0.0197679 secs]
7.333: [GC 7.333: [DefNew: 53K->0K(3008K), 0.0004772 secs]7.333: [Tenured: 15729K->15729K(39240K), 0.0194139 secs] 15783K->15729K(42248K), 0.0200282 secs]
7.358: [GC 7.358: [DefNew: 53K->0K(3008K), 0.0007143 secs]7.358: [Tenured: 19635K->19635K(39240K), 0.0191186 secs] 19689K->19635K(42248K), 0.0199693 secs]
7.383: [Full GC 7.383: [Tenured: 23541K->23541K(39240K), 0.0192298 secs] 23541K->23541K(42248K), [Perm : 20K->20K(8192K)], 0.0193418 secs]
7.406: [Full GC 7.406: [Tenured: 23541K->11822K(39240K), 0.0406663 secs] 23595K->11822K(42248K), [Perm : 20K->20K(8192K)], 0.0407809 secs]
7.447: [GC 7.447: [DefNew: 53K->0K(3008K), 0.0004076 secs]7.448: [Tenured: 11822K->11822K(39240K), 0.0189541 secs] 11876K->11822K(42248K), 0.0194866 secs]
7.472: [GC 7.472: [DefNew: 53K->0K(3008K), 0.0004763 secs]7.472: [Tenured: 15729K->15729K(39240K), 0.0190418 secs] 15783K->15729K(42248K), 0.0196575 secs]
7.496: [GC 7.497: [DefNew: 53K->0K(3008K), 0.0005643 secs]7.497: [Tenured: 19635K->19635K(39240K), 0.0192564 secs] 19689K->19635K(42248K), 0.0199567 secs]
7.521: [Full GC 7.521: [Tenured: 23541K->23541K(39240K), 0.0192530 secs] 23541K->23541K(42248K), [Perm : 20K->20K(8192K)], 0.0193661 secs]
7.544: [Full GC 7.544: [Tenured: 23541K->11822K(39240K), 0.0402113 secs] 23595K->11822K(42248K), [Perm : 20K->20K(8192K)], 0.0403303 secs]
7.585: [GC 7.585: [DefNew: 53K->0K(3008K), 0.0004079 secs]7.585: [Tenured: 11822K->11822K(39240K), 0.0189298 secs] 11876K->11822K(42248K), 0.0194614 secs]
7.609: [GC 7.609: [DefNew: 53K->0K(3008K), 0.0004758 secs]7.610: [Tenured: 15729K->15729K(39240K), 0.0191133 secs] 15783K->15729K(42248K), 0.0197263 secs]
7.634: [GC 7.634: [DefNew: 53K->0K(3008K), 0.0005646 secs]7.635: [Tenured: 19635K->19635K(39240K), 0.0193198 secs] 19689K->19635K(42248K), 0.0200196 secs]
7.659: [Full GC 7.659: [Tenured: 23541K->23541K(39240K), 0.0193779 secs] 23541K->23541K(42248K), [Perm : 20K->20K(8192K)], 0.0194882 secs]
7.683: [Full GC 7.683: [Tenured: 23541K->11822K(39240K), 0.0404219 secs] 23595K->11822K(42248K), [Perm : 20K->20K(8192K)], 0.0405403 secs]
7.724: [GC 7.724: [DefNew: 53K->0K(3008K), 0.0004087 secs]7.724: [Tenured: 11822K->11822K(39240K), 0.0191854 secs] 11876K->11822K(42248K), 0.0197198 secs]
7.748: [GC 7.748: [DefNew: 53K->0K(3008K), 0.0004735 secs]7.749: [Tenured: 15729K->15729K(39240K), 0.0190555 secs] 15783K->15729K(42248K), 0.0196640 secs]
7.773: [GC 7.773: [DefNew: 53K->0K(3008K), 0.0005596 secs]7.773: [Tenured: 19635K->19635K(39240K), 0.0196743 secs] 19689K->19635K(42248K), 0.0203691 secs]
7.798: [Full GC 7.798: [Tenured: 23541K->23541K(39240K), 0.0193231 secs] 23541K->23541K(42248K), [Perm : 20K->20K(8192K)], 0.0194343 secs]
7.822: [Full GC 7.822: [Tenured: 23541K->11822K(39240K), 0.0402587 secs] 23595K->11822K(42248K), [Perm : 20K->20K(8192K)], 0.0403780 secs]
7.864: [GC 7.864: [DefNew: 53K->0K(3008K), 0.0004165 secs]7.864: [Tenured: 11822K->11822K(39240K), 0.0189555 secs] 11876K->11822K(42248K), 0.0195005 secs]
7.888: [GC 7.888: [DefNew: 53K->0K(3008K), 0.0004746 secs]7.889: [Tenured: 15729K->15729K(39240K), 0.0190223 secs] 15782K->15729K(42248K), 0.0196327 secs]
7.913: [GC 7.913: [DefNew: 53K->0K(3008K), 0.0005638 secs]7.914: [Tenured: 19635K->19635K(39240K), 0.0193351 secs] 19689K->19635K(42248K), 0.0200352 secs]
7.939: [Full GC 7.939: [Tenured: 23541K->23541K(39240K), 0.0192770 secs] 23541K->23541K(42248K), [Perm : 20K->20K(8192K)], 0.0193888 secs]
7.959: [Full GC 7.959: [Tenured: 23541K->11822K(39240K), 0.0396176 secs] 23595K->11822K(42248K), [Perm : 20K->20K(8192K)], 0.0397296 secs]
7.999: [GC 7.999: [DefNew: 53K->0K(3008K), 0.0003998 secs]8.000: [Tenured: 11822K->11822K(39240K), 0.0186250 secs] 11876K->11822K(42248K), 0.0191441 secs]
8.023: [GC 8.023: [DefNew: 53K->0K(3008K), 0.0004886 secs]8.024: [Tenured: 15729K->15729K(39240K), 0.0187454 secs] 15783K->15729K(42248K), 0.0193631 secs]
8.047: [GC 8.048: [DefNew: 53K->0K(3008K), 0.0005517 secs]8.048: [Tenured: 19635K->19635K(39240K), 0.0188043 secs] 19689K->19635K(42248K), 0.0194829 secs]
8.072: [Full GC 8.072: [Tenured: 23541K->23541K(39240K), 0.0189616 secs] 23541K->23541K(42248K), [Perm : 20K->20K(8192K)], 0.0190711 secs]
8.093: [Full GC 8.093: [Tenured: 23541K->11822K(39240K), 0.0396724 secs] 23595K->11822K(42248K), [Perm : 20K->20K(8192K)], 0.0397802 secs]
8.133: [GC 8.133: [DefNew: 53K->0K(3008K), 0.0004157 secs]8.133: [Tenured: 11822K->11822K(39240K), 0.0185982 secs] 11876K->11822K(42248K), 0.0191318 secs]
8.157: [GC 8.157: [DefNew: 53K->0K(3008K), 0.0004632 secs]8.157: [Tenured: 15729K->15729K(39240K), 0.0187236 secs] 15783K->15729K(42248K), 0.0193128 secs]
8.181: [GC 8.181: [DefNew: 53K->0K(3008K), 0.0005587 secs]8.182: [Tenured: 19635K->19635K(39240K), 0.0188060 secs] 19689K->19635K(42248K), 0.0194916 secs]
8.211: [Full GC 8.211: [Tenured: 23541K->23541K(39240K), 0.0189580 secs] 23541K->23541K(42248K), [Perm : 20K->20K(8192K)], 0.0190664 secs]
8.231: [Full GC 8.231: [Tenured: 23541K->11822K(39240K), 0.0394944 secs] 23595K->11822K(42248K), [Perm : 20K->20K(8192K)], 0.0396025 secs]
8.271: [GC 8.271: [DefNew: 53K->0K(3008K), 0.0003984 secs]8.271: [Tenured: 11822K->11822K(39240K), 0.0187236 secs] 11876K->11822K(42248K), 0.0192404 secs]
8.295: [GC 8.295: [DefNew: 53K->0K(3008K), 0.0004646 secs]8.295: [Tenured: 15729K->15729K(39240K), 0.0187376 secs] 15783K->15729K(42248K), 0.0193488 secs]
8.319: [GC 8.319: [DefNew: 53K->0K(3008K), 0.0005534 secs]8.320: [Tenured: 19635K->19635K(39240K), 0.0190091 secs] 19689K->19635K(42248K), 0.0196933 secs]
8.344: [Full GC 8.344: [Tenured: 23541K->23541K(39240K), 0.0189155 secs] 23541K->23541K(42248K), [Perm : 20K->20K(8192K)], 0.0190245 secs]
8.366: [Full GC 8.366: [Tenured: 23541K->11822K(39240K), 0.0395464 secs] 23595K->11822K(42248K), [Perm : 20K->20K(8192K)], 0.0396634 secs]
8.406: [GC 8.406: [DefNew: 53K->0K(3008K), 0.0004070 secs]8.406: [Tenured: 11822K->11822K(39240K), 0.0187862 secs] 11876K->11822K(42248K), 0.0193153 secs]
8.430: [GC 8.430: [DefNew: 53K->0K(3008K), 0.0004699 secs]8.431: [Tenured: 15729K->15729K(39240K), 0.0188893 secs] 15782K->15729K(42248K), 0.0194916 secs]
8.455: [GC 8.455: [DefNew: 53K->0K(3008K), 0.0005587 secs]8.455: [Tenured: 19635K->19635K(39240K), 0.0188077 secs] 19689K->19635K(42248K), 0.0194969 secs]
8.479: [Full GC 8.479: [Tenured: 23541K->23541K(39240K), 0.0194276 secs] 23541K->23541K(42248K), [Perm : 20K->20K(8192K)], 0.0195391 secs]
8.500: [Full GC 8.500: [Tenured: 23541K->11822K(39240K), 0.0402604 secs] 23595K->11822K(42248K), [Perm : 20K->20K(8192K)], 0.0403755 secs]
8.541: [GC 8.541: [DefNew: 53K->0K(3008K), 0.0004051 secs]8.541: [Tenured: 11822K->11822K(39240K), 0.0190804 secs] 11876K->11822K(42248K), 0.0196100 secs]
8.566: [GC 8.566: [DefNew: 53K->0K(3008K), 0.0006786 secs]8.567: [Tenured: 15729K->15729K(39240K), 0.0239519 secs] 15783K->15729K(42248K), 0.0247814 secs]
8.598: [GC 8.598: [DefNew: 53K->0K(3008K), 0.0007691 secs]8.599: [Tenured: 19635K->19635K(39240K), 0.0193687 secs] 19689K->19635K(42248K), 0.0202752 secs]
8.624: [Full GC 8.624: [Tenured: 23541K->23541K(39240K), 0.0195595 secs] 23541K->23541K(42248K), [Perm : 20K->20K(8192K)], 0.0196735 secs]
8.645: [Full GC 8.645: [Tenured: 23541K->11822K(39240K), 0.0399492 secs] 23595K->11822K(42248K), [Perm : 20K->20K(8192K)], 0.0400646 secs]
8.686: [GC 8.686: [DefNew: 53K->0K(3008K), 0.0004079 secs]8.686: [Tenured: 11822K->11822K(39240K), 0.0190211 secs] 11876K->11822K(42248K), 0.0195544 secs]
8.710: [GC 8.710: [DefNew: 53K->0K(3008K), 0.0006300 secs]8.711: [Tenured: 15729K->15729K(39240K), 0.0190348 secs] 15783K->15729K(42248K), 0.0198017 secs]
8.735: [GC 8.735: [DefNew: 53K->0K(3008K), 0.0005598 secs]8.735: [Tenured: 19635K->19635K(39240K), 0.0192879 secs] 19689K->19635K(42248K), 0.0199819 secs]
8.760: [Full GC 8.760: [Tenured: 23541K->23541K(39240K), 0.0194994 secs] 23541K->23541K(42248K), [Perm : 20K->20K(8192K)], 0.0196120 secs]
8.782: [Full GC 8.782: [Tenured: 23541K->11822K(39240K), 0.0403238 secs] 23595K->11822K(42248K), [Perm : 20K->20K(8192K)], 0.0404381 secs]
8.823: [GC 8.823: [DefNew: 53K->0K(3008K), 0.0004076 secs]8.823: [Tenured: 11822K->11822K(39240K), 0.0189625 secs] 11876K->11822K(42248K), 0.0194958 secs]
8.848: [GC 8.848: [DefNew: 53K->0K(3008K), 0.0004760 secs]8.848: [Tenured: 15729K->15729K(39240K), 0.0189222 secs] 15783K->15729K(42248K), 0.0195366 secs]
8.872: [GC 8.872: [DefNew: 53K->0K(3008K), 0.0005615 secs]8.873: [Tenured: 19635K->19635K(39240K), 0.0191114 secs] 19689K->19635K(42248K), 0.0198081 secs]
8.897: [Full GC 8.897: [Tenured: 23541K->23541K(39240K), 0.0192226 secs] 23541K->23541K(42248K), [Perm : 20K->20K(8192K)], 0.0193368 secs]
8.923: [Full GC 8.923: [Tenured: 23541K->11822K(39240K), 0.0399059 secs] 23595K->11822K(42248K), [Perm : 20K->20K(8192K)], 0.0400218 secs]
8.963: [GC 8.963: [DefNew: 53K->0K(3008K), 0.0004014 secs]8.963: [Tenured: 11822K->11822K(39240K), 0.0186102 secs] 11876K->11822K(42248K), 0.0191298 secs]
8.987: [GC 8.987: [DefNew: 53K->0K(3008K), 0.0004612 secs]8.987: [Tenured: 15729K->15729K(39240K), 0.0187334 secs] 15783K->15729K(42248K), 0.0193209 secs]
9.011: [GC 9.011: [DefNew: 53K->0K(3008K), 0.0005515 secs]9.012: [Tenured: 19635K->19635K(39240K), 0.0191008 secs] 19689K->19635K(42248K), 0.0197838 secs]
9.037: [Full GC 9.037: [Tenured: 23541K->23541K(39240K), 0.0190723 secs] 23541K->23541K(42248K), [Perm : 20K->20K(8192K)], 0.0191826 secs]
9.061: [Full GC 9.061: [Tenured: 23541K->11822K(39240K), 0.0398369 secs] 23595K->11822K(42248K), [Perm : 20K->20K(8192K)], 0.0399534 secs]
9.101: [GC 9.101: [DefNew: 53K->0K(3008K), 0.0004280 secs]9.102: [Tenured: 11822K->11822K(39240K), 0.0186834 secs] 11876K->11822K(42248K), 0.0192329 secs]
9.153: [GC 9.153: [DefNew: 53K->0K(3008K), 0.0004833 secs]9.153: [Tenured: 15729K->15729K(39240K), 0.0236365 secs] 15783K->15729K(42248K), 0.0242631 secs]
9.182: [GC 9.182: [DefNew: 53K->0K(3008K), 0.0005503 secs]9.183: [Tenured: 19635K->19635K(39240K), 0.0188253 secs] 19689K->19635K(42248K), 0.0195019 secs]
9.206: [Full GC 9.206: [Tenured: 23541K->23541K(39240K), 0.0189108 secs] 23541K->23541K(42248K), [Perm : 20K->20K(8192K)], 0.0190164 secs]
9.227: [Full GC 9.227: [Tenured: 23541K->11822K(39240K), 0.0399073 secs] 23595K->11822K(42248K), [Perm : 20K->20K(8192K)], 0.0400210 secs]
9.267: [GC 9.267: [DefNew: 53K->0K(3008K), 0.0004082 secs]9.268: [Tenured: 11822K->11822K(39240K), 0.0186180 secs] 11876K->11822K(42248K), 0.0191463 secs]
9.292: [GC 9.292: [DefNew: 53K->0K(3008K), 0.0004786 secs]9.293: [Tenured: 15729K->15729K(39240K), 0.0192938 secs] 15783K->15729K(42248K), 0.0199095 secs]
9.317: [GC 9.317: [DefNew: 53K->0K(3008K), 0.0005629 secs]9.318: [Tenured: 19635K->19635K(39240K), 0.0189046 secs] 19689K->19635K(42248K), 0.0195991 secs]
9.342: [Full GC 9.342: [Tenured: 23541K->23541K(39240K), 0.0189217 secs] 23541K->23541K(42248K), [Perm : 20K->20K(8192K)], 0.0190290 secs]
9.364: [Full GC 9.364: [Tenured: 23541K->11822K(39240K), 0.0402624 secs] 23595K->11822K(42248K), [Perm : 20K->20K(8192K)], 0.0403780 secs]
9.405: [GC 9.405: [DefNew: 53K->0K(3008K), 0.0004079 secs]9.405: [Tenured: 11822K->11822K(39240K), 0.0193131 secs] 11876K->11822K(42248K), 0.0198467 secs]
9.429: [GC 9.429: [DefNew: 53K->0K(3008K), 0.0005082 secs]9.430: [Tenured: 15729K->15729K(39240K), 0.0194704 secs] 15783K->15729K(42248K), 0.0201174 secs]
9.455: [GC 9.455: [DefNew: 53K->0K(3008K), 0.0005638 secs]9.455: [Tenured: 19635K->19635K(39240K), 0.0196665 secs] 19689K->19635K(42248K), 0.0203674 secs]
9.481: [Full GC 9.481: [Tenured: 23541K->23541K(39240K), 0.0343873 secs] 23541K->23541K(42248K), [Perm : 20K->20K(8192K)], 0.0345128 secs]
9.518: [Full GC 9.518: [Tenured: 23541K->11822K(39240K), 0.0401691 secs] 23595K->11822K(42248K), [Perm : 20K->20K(8192K)], 0.0402847 secs]
9.559: [GC 9.559: [DefNew: 53K->0K(3008K), 0.0004123 secs]9.559: [Tenured: 11822K->11822K(39240K), 0.0191184 secs] 11876K->11822K(42248K), 0.0196581 secs]
9.584: [GC 9.584: [DefNew: 53K->0K(3008K), 0.0004772 secs]9.584: [Tenured: 15729K->15729K(39240K), 0.0190320 secs] 15783K->15729K(42248K), 0.0196469 secs]
9.608: [GC 9.609: [DefNew: 53K->0K(3008K), 0.0005654 secs]9.609: [Tenured: 19635K->19635K(39240K), 0.0188401 secs] 19689K->19635K(42248K), 0.0195357 secs]
9.638: [Full GC 9.638: [Tenured: 23541K->23541K(39240K), 0.0191239 secs] 23541K->23541K(42248K), [Perm : 20K->20K(8192K)], 0.0192360 secs]
9.664: [Full GC 9.664: [Tenured: 23541K->11822K(39240K), 0.0396218 secs] 23595K->11822K(42248K), [Perm : 20K->20K(8192K)], 0.0397338 secs]
9.704: [GC 9.704: [DefNew: 53K->0K(3008K), 0.0004101 secs]9.705: [Tenured: 11822K->11822K(39240K), 0.0187669 secs] 11876K->11822K(42248K), 0.0193016 secs]
9.798: [GC 9.798: [DefNew: 53K->0K(3008K), 0.0004808 secs]9.798: [Tenured: 15729K->15729K(39240K), 0.0235773 secs] 15783K->15729K(42248K), 0.0242028 secs]
9.827: [GC 9.827: [DefNew: 53K->0K(3008K), 0.0005598 secs]9.828: [Tenured: 19635K->19635K(39240K), 0.0188273 secs] 19689K->19635K(42248K), 0.0195164 secs]
9.851: [Full GC 9.851: [Tenured: 23541K->23541K(39240K), 0.0189468 secs] 23541K->23541K(42248K), [Perm : 20K->20K(8192K)], 0.0190513 secs]
9.874: [Full GC 9.874: [Tenured: 23541K->11822K(39240K), 0.0393491 secs] 23595K->11822K(42248K), [Perm : 20K->20K(8192K)], 0.0394623 secs]
9.914: [GC 9.914: [DefNew: 53K->0K(3008K), 0.0004313 secs]9.915: [Tenured: 11822K->11822K(39240K), 0.0186281 secs] 11876K->11822K(42248K), 0.0191762 secs]
9.938: [GC 9.938: [DefNew: 53K->0K(3008K), 0.0004730 secs]9.939: [Tenured: 15729K->15729K(39240K), 0.0187440 secs] 15782K->15729K(42248K), 0.0193491 secs]
9.967: [GC 9.967: [DefNew: 53K->0K(3008K), 0.0005632 secs]9.968: [Tenured: 19635K->19635K(39240K), 0.0188205 secs] 19689K->19635K(42248K), 0.0195139 secs]
9.992: [Full GC 9.992: [Tenured: 23541K->23541K(39240K), 0.0189122 secs] 23541K->23541K(42248K), [Perm : 20K->20K(8192K)], 0.0190133 secs]
10.012: [Full GC 10.012: [Tenured: 23541K->11822K(39240K), 0.0397905 secs] 23595K->11822K(42248K), [Perm : 20K->20K(8192K)], 0.0399048 secs]
10.053: [GC 10.053: [DefNew: 53K->0K(3008K), 0.0004174 secs]10.053: [Tenured: 11822K->11822K(39240K), 0.0190491 secs] 11876K->11822K(42248K), 0.0195961 secs]
10.077: [GC 10.078: [DefNew: 53K->0K(3008K), 0.0004741 secs]10.078: [Tenured: 15729K->15729K(39240K), 0.0192650 secs] 15783K->15729K(42248K), 0.0198782 secs]
10.103: [GC 10.103: [DefNew: 53K->0K(3008K), 0.0005568 secs]10.104: [Tenured: 19635K->19635K(39240K), 0.0191273 secs] 19689K->19635K(42248K), 0.0198193 secs]
10.128: [Full GC 10.128: [Tenured: 23541K->23541K(39240K), 0.0342287 secs] 23541K->23541K(42248K), [Perm : 20K->20K(8192K)], 0.0343560 secs]
10.165: [Full GC 10.165: [Tenured: 23541K->11822K(39240K), 0.0401515 secs] 23595K->11822K(42248K), [Perm : 20K->20K(8192K)], 0.0402674 secs]
10.211: [GC 10.211: [DefNew: 53K->0K(3008K), 0.0004400 secs]10.211: [Tenured: 11822K->11822K(39240K), 0.0190390 secs] 11876K->11822K(42248K), 0.0196128 secs]
10.237: [GC 10.237: [DefNew: 53K->0K(3008K), 0.0004786 secs]10.238: [Tenured: 15729K->15729K(39240K), 0.0191762 secs] 15783K->15729K(42248K), 0.0197930 secs]
10.264: [GC 10.264: [DefNew: 53K->0K(3008K), 0.0005540 secs]10.265: [Tenured: 19635K->19635K(39240K), 0.0292361 secs] 19689K->19635K(42248K), 0.0299365 secs]
10.301: [Full GC 10.301: [Tenured: 23541K->23541K(39240K), 0.0196092 secs] 23541K->23541K(42248K), [Perm : 20K->20K(8192K)], 0.0197232 secs]
10.325: [Full GC 10.325: [Tenured: 23541K->11822K(39240K), 0.0402325 secs] 23595K->11822K(42248K), [Perm : 20K->20K(8192K)], 0.0403518 secs]
10.368: [GC 10.368: [DefNew: 53K->0K(3008K), 0.0004260 secs]10.369: [Tenured: 11822K->11822K(39240K), 0.0191013 secs] 11876K->11822K(42248K), 0.0196620 secs]
10.396: [GC 10.396: [DefNew: 53K->0K(3008K), 0.0004805 secs]10.397: [Tenured: 15729K->15729K(39240K), 0.0242492 secs] 15783K->15729K(42248K), 0.0248828 secs]
10.434: [GC 10.434: [DefNew: 53K->0K(3008K), 0.0005660 secs]10.434: [Tenured: 19635K->19635K(39240K), 0.0192569 secs] 19689K->19635K(42248K), 0.0199615 secs]
10.488: [Full GC 10.488: [Tenured: 23541K->23541K(39240K), 0.0193075 secs] 23541K->23541K(42248K), [Perm : 20K->20K(8192K)], 0.0194237 secs]
10.510: [Full GC 10.510: [Tenured: 23541K->11822K(39240K), 0.0402322 secs] 23595K->11822K(42248K), [Perm : 20K->20K(8192K)], 0.0403495 secs]
10.552: [GC 10.552: [DefNew: 53K->0K(3008K), 0.0004202 secs]10.552: [Tenured: 11822K->11822K(39240K), 0.0191320 secs] 11876K->11822K(42248K), 0.0196829 secs]
10.577: [GC 10.577: [DefNew: 53K->0K(3008K), 0.0004797 secs]10.578: [Tenured: 15729K->15729K(39240K), 0.0192027 secs] 15783K->15729K(42248K), 0.0198190 secs]
10.603: [GC 10.604: [DefNew: 53K->0K(3008K), 0.0005674 secs]10.604: [Tenured: 19635K->19635K(39240K), 0.0189871 secs] 19689K->19635K(42248K), 0.0196902 secs]
10.629: [Full GC 10.629: [Tenured: 23541K->23541K(39240K), 0.0189382 secs] 23541K->23541K(42248K), [Perm : 20K->20K(8192K)], 0.0190463 secs]
10.649: [Full GC 10.649: [Tenured: 23541K->11822K(39240K), 0.0401763 secs] 23595K->11822K(42248K), [Perm : 20K->20K(8192K)], 0.0402903 secs]
10.692: [GC 10.692: [DefNew: 53K->0K(3008K), 0.0004224 secs]10.692: [Tenured: 11822K->11822K(39240K), 0.0191094 secs] 11876K->11822K(42248K), 0.0196642 secs]
10.717: [GC 10.717: [DefNew: 53K->0K(3008K), 0.0004766 secs]10.718: [Tenured: 15729K->15729K(39240K), 0.0191639 secs] 15783K->15729K(42248K), 0.0197763 secs]
10.744: [GC 10.744: [DefNew: 53K->0K(3008K), 0.0005520 secs]10.745: [Tenured: 19635K->19635K(39240K), 0.0189625 secs] 19689K->19635K(42248K), 0.0196461 secs]
10.769: [Full GC 10.769: [Tenured: 23541K->23541K(39240K), 0.0336783 secs] 23541K->23541K(42248K), [Perm : 20K->20K(8192K)], 0.0337956 secs]
10.805: [Full GC 10.805: [Tenured: 23541K->11822K(39240K), 0.0396578 secs] 23595K->11822K(42248K), [Perm : 20K->20K(8192K)], 0.0397886 secs]
10.846: [GC 10.846: [DefNew: 53K->0K(3008K), 0.0004151 secs]10.846: [Tenured: 11822K->11822K(39240K), 0.0188228 secs] 11876K->11822K(42248K), 0.0193648 secs]
10.873: [GC 10.873: [DefNew: 53K->0K(3008K), 0.0004786 secs]10.873: [Tenured: 15729K->15729K(39240K), 0.0187546 secs] 15783K->15729K(42248K), 0.0193650 secs]
10.898: [GC 10.898: [DefNew: 53K->0K(3008K), 0.0005657 secs]10.898: [Tenured: 19635K->19635K(39240K), 0.0285450 secs] 19689K->19635K(42248K), 0.0292506 secs]
10.932: [Full GC 10.932: [Tenured: 23541K->23541K(39240K), 0.0188993 secs] 23541K->23541K(42248K), [Perm : 20K->20K(8192K)], 0.0190010 secs]
10.953: [Full GC 10.953: [Tenured: 23541K->11822K(39240K), 0.0396221 secs] 23595K->11822K(42248K), [Perm : 20K->20K(8192K)], 0.0397319 secs]
10.993: [GC 10.993: [DefNew: 53K->0K(3008K), 0.0004009 secs]10.993: [Tenured: 11822K->11822K(39240K), 0.0186161 secs] 11876K->11822K(42248K), 0.0191354 secs]
11.017: [GC 11.017: [DefNew: 53K->0K(3008K), 0.0004688 secs]11.017: [Tenured: 15729K->15729K(39240K), 0.0187261 secs] 15783K->15729K(42248K), 0.0193217 secs]
11.041: [GC 11.041: [DefNew: 53K->0K(3008K), 0.0005587 secs]11.042: [Tenured: 19635K->19635K(39240K), 0.0188211 secs] 19689K->19635K(42248K), 0.0195075 secs]
11.070: [Full GC 11.070: [Tenured: 23541K->23541K(39240K), 0.0194961 secs] 23541K->23541K(42248K), [Perm : 20K->20K(8192K)], 0.0196117 secs]
11.096: [Full GC 11.096: [Tenured: 23541K->11822K(39240K), 0.0403982 secs] 23595K->11822K(42248K), [Perm : 20K->20K(8192K)], 0.0405183 secs]
11.138: [GC 11.139: [DefNew: 53K->0K(3008K), 0.0004235 secs]11.139: [Tenured: 11822K->11822K(39240K), 0.0189060 secs] 11876K->11822K(42248K), 0.0194592 secs]
11.164: [GC 11.164: [DefNew: 53K->0K(3008K), 0.0005006 secs]11.165: [Tenured: 15729K->15729K(39240K), 0.0194899 secs] 15782K->15729K(42248K), 0.0201288 secs]
11.190: [GC 11.190: [DefNew: 53K->0K(3008K), 0.0005643 secs]11.190: [Tenured: 19635K->19635K(39240K), 0.0196827 secs] 19689K->19635K(42248K), 0.0203828 secs]
11.258: [Full GC 11.258: [Tenured: 23541K->23541K(39240K), 0.0195304 secs] 23541K->23541K(42248K), [Perm : 20K->20K(8192K)], 0.0196452 secs]
11.280: [Full GC 11.280: [Tenured: 23541K->11822K(39240K), 0.0404456 secs] 23595K->11822K(42248K), [Perm : 20K->20K(8192K)], 0.0405610 secs]
11.354: [GC 11.355: [DefNew: 53K->0K(3008K), 0.0004252 secs]11.355: [Tenured: 11822K->11822K(39240K), 0.0190966 secs] 11876K->11822K(42248K), 0.0196550 secs]
11.381: [GC 11.381: [DefNew: 53K->0K(3008K), 0.0004799 secs]11.381: [Tenured: 15729K->15729K(39240K), 0.0193907 secs] 15783K->15729K(42248K), 0.0200087 secs]
11.407: [GC 11.407: [DefNew: 53K->0K(3008K), 0.0005643 secs]11.408: [Tenured: 19635K->19635K(39240K), 0.0193480 secs] 19689K->19635K(42248K), 0.0203836 secs]
11.433: [Full GC 11.433: [Tenured: 23541K->23541K(39240K), 0.0343549 secs] 23541K->23541K(42248K), [Perm : 20K->20K(8192K)], 0.0344790 secs]
11.470: [Full GC 11.470: [Tenured: 23541K->11822K(39240K), 0.0402026 secs] 23595K->11822K(42248K), [Perm : 20K->20K(8192K)], 0.0403177 secs]
11.511: [GC 11.511: [DefNew: 53K->0K(3008K), 0.0004207 secs]11.512: [Tenured: 11822K->11822K(39240K), 0.0189281 secs] 11876K->11822K(42248K), 0.0194765 secs]
11.536: [GC 11.536: [DefNew: 53K->0K(3008K), 0.0004763 secs]11.536: [Tenured: 15729K->15729K(39240K), 0.0192005 secs] 15783K->15729K(42248K), 0.0198134 secs]
11.562: [GC 11.562: [DefNew: 53K->0K(3008K), 0.0005671 secs]11.562: [Tenured: 19635K->19635K(39240K), 0.0191759 secs] 19689K->19635K(42248K), 0.0198799 secs]
11.587: [Full GC 11.587: [Tenured: 23541K->23541K(39240K), 0.0189099 secs] 23541K->23541K(42248K), [Perm : 20K->20K(8192K)], 0.0190155 secs]
11.608: [Full GC 11.608: [Tenured: 23541K->11822K(39240K), 0.0397428 secs] 23595K->11822K(42248K), [Perm : 20K->20K(8192K)], 0.0398573 secs]
11.648: [GC 11.649: [DefNew: 53K->0K(3008K), 0.0004364 secs]11.649: [Tenured: 11822K->11822K(39240K), 0.0190223 secs] 11876K->11822K(42248K), 0.0195871 secs]
11.674: [GC 11.675: [DefNew: 53K->0K(3008K), 0.0004794 secs]11.675: [Tenured: 15729K->15729K(39240K), 0.0191041 secs] 15783K->15729K(42248K), 0.0197201 secs]
11.700: [GC 11.700: [DefNew: 53K->0K(3008K), 0.0005666 secs]11.701: [Tenured: 19635K->19635K(39240K), 0.0189611 secs] 19689K->19635K(42248K), 0.0196584 secs]
11.724: [Full GC 11.725: [Tenured: 23541K->23541K(39240K), 0.0189764 secs] 23541K->23541K(42248K), [Perm : 20K->20K(8192K)], 0.0190815 secs]
11.744: [Full GC 11.745: [Tenured: 23541K->11822K(39240K), 0.0401436 secs] 23595K->11822K(42248K), [Perm : 20K->20K(8192K)], 0.0402551 secs]
11.786: [GC 11.786: [DefNew: 53K->0K(3008K), 0.0004210 secs]11.786: [Tenured: 11822K->11822K(39240K), 0.0191720 secs] 11876K->11822K(42248K), 0.0197195 secs]
11.816: [GC 11.816: [DefNew: 53K->0K(3008K), 0.0004691 secs]11.816: [Tenured: 15729K->15729K(39240K), 0.0190122 secs] 15782K->15729K(42248K), 0.0196148 secs]
11.841: [GC 11.842: [DefNew: 53K->0K(3008K), 0.0005649 secs]11.842: [Tenured: 19635K->19635K(39240K), 0.0191474 secs] 19689K->19635K(42248K), 0.0198481 secs]
11.867: [Full GC 11.867: [Tenured: 23541K->23541K(39240K), 0.0189952 secs] 23541K->23541K(42248K), [Perm : 20K->20K(8192K)], 0.0191052 secs]
11.888: [Full GC 11.888: [Tenured: 23541K->11822K(39240K), 0.0397827 secs] 23595K->11822K(42248K), [Perm : 20K->20K(8192K)], 0.0398936 secs]
11.928: [GC 11.928: [DefNew: 53K->0K(3008K), 0.0004082 secs]11.929: [Tenured: 11822K->11822K(39240K), 0.0187001 secs] 11876K->11822K(42248K), 0.0192332 secs]
11.953: [GC 11.953: [DefNew: 53K->0K(3008K), 0.0004758 secs]11.953: [Tenured: 15729K->15729K(39240K), 0.0187314 secs] 15783K->15729K(42248K), 0.0193379 secs]
11.977: [GC 11.977: [DefNew: 53K->0K(3008K), 0.0005688 secs]11.977: [Tenured: 19635K->19635K(39240K), 0.0188102 secs] 19689K->19635K(42248K), 0.0195058 secs]
12.001: [Full GC 12.001: [Tenured: 23541K->23541K(39240K), 0.0337395 secs] 23541K->23541K(42248K), [Perm : 20K->20K(8192K)], 0.0338591 secs]
12.038: [Full GC 12.039: [Tenured: 23541K->11822K(39240K), 0.0395271 secs] 23595K->11822K(42248K), [Perm : 20K->20K(8192K)], 0.0396464 secs]
12.083: [GC 12.083: [DefNew: 53K->0K(3008K), 0.0004246 secs]12.084: [Tenured: 11822K->11822K(39240K), 0.0186884 secs] 11876K->11822K(42248K), 0.0192399 secs]
12.107: [GC 12.107: [DefNew: 53K->0K(3008K), 0.0004699 secs]12.108: [Tenured: 15729K->15729K(39240K), 0.0188865 secs] 15782K->15729K(42248K), 0.0194860 secs]
12.132: [GC 12.132: [DefNew: 53K->0K(3008K), 0.0005512 secs]12.132: [Tenured: 19635K->19635K(39240K), 0.0192055 secs] 19689K->19635K(42248K), 0.0198900 secs]
12.233: [Full GC 12.233: [Tenured: 23541K->23541K(39240K), 0.0189560 secs] 23541K->23541K(42248K), [Perm : 20K->20K(8192K)], 0.0190630 secs]
12.255: [Full GC 12.255: [Tenured: 23541K->11822K(39240K), 0.0396654 secs] 23595K->11822K(42248K), [Perm : 20K->20K(8192K)], 0.0397794 secs]
12.299: [GC 12.299: [DefNew: 53K->0K(3008K), 0.0004269 secs]12.299: [Tenured: 11822K->11822K(39240K), 0.0188205 secs] 11876K->11822K(42248K), 0.0193796 secs]
12.329: [GC 12.329: [DefNew: 53K->0K(3008K), 0.0004808 secs]12.330: [Tenured: 15729K->15729K(39240K), 0.0190806 secs] 15783K->15729K(42248K), 0.0196983 secs]
12.356: [GC 12.356: [DefNew: 53K->0K(3008K), 0.0005677 secs]12.356: [Tenured: 19635K->19635K(39240K), 0.0193843 secs] 19689K->19635K(42248K), 0.0200889 secs]
12.382: [Full GC 12.382: [Tenured: 23541K->23541K(39240K), 0.0194933 secs] 23541K->23541K(42248K), [Perm : 20K->20K(8192K)], 0.0196081 secs]
12.419: [Full GC 12.419: [Tenured: 23541K->11822K(39240K), 0.0405278 secs] 23595K->11822K(42248K), [Perm : 20K->20K(8192K)], 0.0406454 secs]
12.476: [GC 12.476: [DefNew: 53K->0K(3008K), 0.0004255 secs]12.476: [Tenured: 11822K->11822K(39240K), 0.0192253 secs] 11876K->11822K(42248K), 0.0197838 secs]
12.501: [GC 12.501: [DefNew: 53K->0K(3008K), 0.0004766 secs]12.502: [Tenured: 15729K->15729K(39240K), 0.0192985 secs] 15782K->15729K(42248K), 0.0199109 secs]
12.528: [GC 12.528: [DefNew: 53K->0K(3008K), 0.0005526 secs]12.529: [Tenured: 19635K->19635K(39240K), 0.0194150 secs] 19689K->19635K(42248K), 0.0200998 secs]
12.555: [Full GC 12.555: [Tenured: 23541K->23541K(39240K), 0.0194368 secs] 23541K->23541K(42248K), [Perm : 20K->20K(8192K)], 0.0195508 secs]
12.577: [Full GC 12.577: [Tenured: 23541K->11822K(39240K), 0.0401386 secs] 23595K->11822K(42248K), [Perm : 20K->20K(8192K)], 0.0402540 secs]
12.664: [GC 12.664: [DefNew: 53K->0K(3008K), 0.0004241 secs]12.665: [Tenured: 11822K->11822K(39240K), 0.0190111 secs] 11876K->11822K(42248K), 0.0195676 secs]
12.691: [GC 12.691: [DefNew: 53K->0K(3008K), 0.0004769 secs]12.692: [Tenured: 15729K->15729K(39240K), 0.0193016 secs] 15783K->15729K(42248K), 0.0200182 secs]
12.717: [GC 12.717: [DefNew: 53K->0K(3008K), 0.0005640 secs]12.717: [Tenured: 19635K->19635K(39240K), 0.0196053 secs] 19689K->19635K(42248K), 0.0203051 secs]
12.744: [Full GC 12.744: [Tenured: 23541K->23541K(39240K), 0.0342907 secs] 23541K->23541K(42248K), [Perm : 20K->20K(8192K)], 0.0344128 secs]
12.781: [Full GC 12.781: [Tenured: 23541K->11822K(39240K), 0.0395939 secs] 23595K->11822K(42248K), [Perm : 20K->20K(8192K)], 0.0397017 secs]
12.821: [GC 12.821: [DefNew: 53K->0K(3008K), 0.0004003 secs]12.822: [Tenured: 11822K->11822K(39240K), 0.0188029 secs] 11876K->11822K(42248K), 0.0193282 secs]
12.846: [GC 12.846: [DefNew: 53K->0K(3008K), 0.0006378 secs]12.847: [Tenured: 15729K->15729K(39240K), 0.0190345 secs] 15783K->15729K(42248K), 0.0198106 secs]
12.873: [GC 12.873: [DefNew: 53K->0K(3008K), 0.0005666 secs]12.874: [Tenured: 19635K->19635K(39240K), 0.0290811 secs] 19689K->19635K(42248K), 0.0299245 secs]
12.910: [Full GC 12.910: [Tenured: 23541K->23541K(39240K), 0.0194564 secs] 23541K->23541K(42248K), [Perm : 20K->20K(8192K)], 0.0195706 secs]
12.933: [Full GC 12.933: [Tenured: 23541K->11822K(39240K), 0.0402931 secs] 23595K->11822K(42248K), [Perm : 20K->20K(8192K)], 0.0404085 secs]
12.974: [GC 12.974: [DefNew: 53K->0K(3008K), 0.0004224 secs]12.975: [Tenured: 11822K->11822K(39240K), 0.0188409 secs] 11876K->11822K(42248K), 0.0193935 secs]
12.999: [GC 13.000: [DefNew: 53K->0K(3008K), 0.0004780 secs]13.000: [Tenured: 15729K->15729K(39240K), 0.0234552 secs] 15783K->15729K(42248K), 0.0240729 secs]
13.029: [GC 13.029: [DefNew: 53K->0K(3008K), 0.0005545 secs]13.029: [Tenured: 19635K->19635K(39240K), 0.0189739 secs] 19689K->19635K(42248K), 0.0196581 secs]
13.053: [Full GC 13.053: [Tenured: 23541K->23541K(39240K), 0.0189393 secs] 23541K->23541K(42248K), [Perm : 20K->20K(8192K)], 0.0190474 secs]
13.076: [Full GC 13.076: [Tenured: 23541K->11822K(39240K), 0.0393363 secs] 23595K->11822K(42248K), [Perm : 20K->20K(8192K)], 0.0394505 secs]
13.116: [GC 13.116: [DefNew: 53K->0K(3008K), 0.0003995 secs]13.116: [Tenured: 11822K->11822K(39240K), 0.0186496 secs] 11876K->11822K(42248K), 0.0191658 secs]
13.140: [GC 13.140: [DefNew: 53K->0K(3008K), 0.0004716 secs]13.140: [Tenured: 15729K->15729K(39240K), 0.0187717 secs] 15783K->15729K(42248K), 0.0193754 secs]
13.164: [GC 13.164: [DefNew: 53K->0K(3008K), 0.0005772 secs]13.165: [Tenured: 19635K->19635K(39240K), 0.0188697 secs] 19689K->19635K(42248K), 0.0195796 secs]
13.188: [Full GC 13.188: [Tenured: 23541K->23541K(39240K), 0.0189018 secs] 23541K->23541K(42248K), [Perm : 20K->20K(8192K)], 0.0190063 secs]
13.209: [Full GC 13.209: [Tenured: 23541K->11822K(39240K), 0.0397497 secs] 23595K->11822K(42248K), [Perm : 20K->20K(8192K)], 0.0398593 secs]
13.250: [GC 13.250: [DefNew: 53K->0K(3008K), 0.0005372 secs]13.250: [Tenured: 11822K->11822K(39240K), 0.0186253 secs] 11876K->11822K(42248K), 0.0192823 secs]
13.432: [GC 13.432: [DefNew: 53K->0K(3008K), 0.0004841 secs]13.433: [Tenured: 15729K->15729K(39240K), 0.0189264 secs] 15783K->15729K(42248K), 0.0195438 secs]
13.478: [GC 13.478: [DefNew: 53K->0K(3008K), 0.0005693 secs]13.479: [Tenured: 19635K->19635K(39240K), 0.0189158 secs] 19689K->19635K(42248K), 0.0196212 secs]
13.503: [Full GC 13.503: [Tenured: 23541K->23541K(39240K), 0.0338822 secs] 23541K->23541K(42248K), [Perm : 20K->20K(8192K)], 0.0340071 secs]
13.539: [Full GC 13.539: [Tenured: 23541K->11822K(39240K), 0.0393592 secs] 23595K->11822K(42248K), [Perm : 20K->20K(8192K)], 0.0394729 secs]
13.579: [GC 13.579: [DefNew: 53K->0K(3008K), 0.0004009 secs]13.579: [Tenured: 11822K->11822K(39240K), 0.0186303 secs] 11876K->11822K(42248K), 0.0191502 secs]
13.603: [GC 13.603: [DefNew: 53K->0K(3008K), 0.0004685 secs]13.603: [Tenured: 15729K->15729K(39240K), 0.0187401 secs] 15783K->15729K(42248K), 0.0193371 secs]
13.627: [GC 13.627: [DefNew: 53K->0K(3008K), 0.0005548 secs]13.627: [Tenured: 19635K->19635K(39240K), 0.0192837 secs] 19689K->19635K(42248K), 0.0199743 secs]
13.653: [Full GC 13.653: [Tenured: 23541K->23541K(39240K), 0.0190751 secs] 23541K->23541K(42248K), [Perm : 20K->20K(8192K)], 0.0191843 secs]
13.674: [Full GC 13.674: [Tenured: 23541K->11822K(39240K), 0.0397397 secs] 23595K->11822K(42248K), [Perm : 20K->20K(8192K)], 0.0398593 secs]
13.756: [GC 13.756: [DefNew: 53K->0K(3008K), 0.0004263 secs]13.756: [Tenured: 11822K->11822K(39240K), 0.0189058 secs] 11876K->11822K(42248K), 0.0194650 secs]
13.781: [GC 13.781: [DefNew: 53K->0K(3008K), 0.0004797 secs]13.781: [Tenured: 15729K->15729K(39240K), 0.0234628 secs] 15783K->15729K(42248K), 0.0240818 secs]
13.810: [GC 13.810: [DefNew: 53K->0K(3008K), 0.0005520 secs]13.810: [Tenured: 19635K->19635K(39240K), 0.0188147 secs] 19689K->19635K(42248K), 0.0194927 secs]
13.835: [Full GC 13.835: [Tenured: 23541K->23541K(39240K), 0.0190005 secs] 23541K->23541K(42248K), [Perm : 20K->20K(8192K)], 0.0191097 secs]
13.855: [Full GC 13.855: [Tenured: 23541K->11822K(39240K), 0.0396193 secs] 23595K->11822K(42248K), [Perm : 20K->20K(8192K)], 0.0397252 secs]
13.895: [GC 13.895: [DefNew: 53K->0K(3008K), 0.0003973 secs]13.895: [Tenured: 11822K->11822K(39240K), 0.0186202 secs] 11876K->11822K(42248K), 0.0191334 secs]
13.920: [GC 13.920: [DefNew: 53K->0K(3008K), 0.0004799 secs]13.921: [Tenured: 15729K->15729K(39240K), 0.0187555 secs] 15783K->15729K(42248K), 0.0193661 secs]
13.944: [GC 13.945: [DefNew: 53K->0K(3008K), 0.0005540 secs]13.945: [Tenured: 19635K->19635K(39240K), 0.0188454 secs] 19689K->19635K(42248K), 0.0195287 secs]
13.969: [Full GC 13.969: [Tenured: 23541K->23541K(39240K), 0.0189085 secs] 23541K->23541K(42248K), [Perm : 20K->20K(8192K)], 0.0190150 secs]
13.990: [Full GC 13.990: [Tenured: 23541K->11822K(39240K), 0.0399554 secs] 23595K->11822K(42248K), [Perm : 20K->20K(8192K)], 0.0400677 secs]
14.031: [GC 14.031: [DefNew: 53K->0K(3008K), 0.0005649 secs]14.032: [Tenured: 11822K->11822K(39240K), 0.0189002 secs] 11876K->11822K(42248K), 0.0195958 secs]
14.057: [GC 14.057: [DefNew: 53K->0K(3008K), 0.0004777 secs]14.058: [Tenured: 15729K->15729K(39240K), 0.0191988 secs] 15782K->15729K(42248K), 0.0198131 secs]
14.087: [GC 14.087: [DefNew: 53K->0K(3008K), 0.0007534 secs]14.088: [Tenured: 19635K->19635K(39240K), 0.0191239 secs] 19689K->19635K(42248K), 0.0200157 secs]
14.113: [Full GC 14.113: [Tenured: 23541K->23541K(39240K), 0.0192812 secs] 23541K->23541K(42248K), [Perm : 20K->20K(8192K)], 0.0193932 secs]
14.135: [Full GC 14.135: [Tenured: 23541K->11822K(39240K), 0.0403428 secs] 23595K->11822K(42248K), [Perm : 20K->20K(8192K)], 0.0404644 secs]
14.212: [GC 14.212: [DefNew: 53K->0K(3008K), 0.0004269 secs]14.212: [Tenured: 11822K->11822K(39240K), 0.0186390 secs] 11876K->11822K(42248K), 0.0191921 secs]
14.244: [GC 14.244: [DefNew: 53K->0K(3008K), 0.0004799 secs]14.244: [Tenured: 15729K->15729K(39240K), 0.0191932 secs] 15783K->15729K(42248K), 0.0198101 secs]
14.269: [GC 14.269: [DefNew: 53K->0K(3008K), 0.0005624 secs]14.270: [Tenured: 19635K->19635K(39240K), 0.0294171 secs] 19689K->19635K(42248K), 0.0301287 secs]
14.308: [Full GC 14.308: [Tenured: 23541K->23541K(39240K), 0.0193011 secs] 23541K->23541K(42248K), [Perm : 20K->20K(8192K)], 0.0194131 secs]
14.329: [Full GC 14.329: [Tenured: 23541K->11822K(39240K), 0.0401663 secs] 23595K->11822K(42248K), [Perm : 20K->20K(8192K)], 0.0402825 secs]
14.371: [GC 14.372: [DefNew: 53K->0K(3008K), 0.0004227 secs]14.372: [Tenured: 11822K->11822K(39240K), 0.0191468 secs] 11876K->11822K(42248K), 0.0198257 secs]
14.397: [GC 14.397: [DefNew: 53K->0K(3008K), 0.0004788 secs]14.397: [Tenured: 15729K->15729K(39240K), 0.0199333 secs] 15783K->15729K(42248K), 0.0205501 secs]
14.424: [GC 14.424: [DefNew: 53K->0K(3008K), 0.0005660 secs]14.425: [Tenured: 19635K->19635K(39240K), 0.0192323 secs] 19689K->19635K(42248K), 0.0199333 secs]
14.451: [Full GC 14.451: [Tenured: 23541K->23541K(39240K), 0.0193678 secs] 23541K->23541K(42248K), [Perm : 20K->20K(8192K)], 0.0194810 secs]
14.473: [Full GC 14.473: [Tenured: 23541K->11822K(39240K), 0.0402719 secs] 23595K->11822K(42248K), [Perm : 20K->20K(8192K)], 0.0403884 secs]
14.515: [GC 14.515: [DefNew: 53K->0K(3008K), 0.0004232 secs]14.515: [Tenured: 11822K->11822K(39240K), 0.0189669 secs] 11876K->11822K(42248K), 0.0195218 secs]
14.541: [GC 14.541: [DefNew: 53K->0K(3008K), 0.0004780 secs]14.541: [Tenured: 15729K->15729K(39240K), 0.0193458 secs] 15782K->15729K(42248K), 0.0199592 secs]
14.568: [GC 14.568: [DefNew: 53K->0K(3008K), 0.0005593 secs]14.569: [Tenured: 19635K->19635K(39240K), 0.0193717 secs] 19689K->19635K(42248K), 0.0200685 secs]
14.595: [Full GC 14.595: [Tenured: 23541K->23541K(39240K), 0.0189097 secs] 23541K->23541K(42248K), [Perm : 20K->20K(8192K)], 0.0190167 secs]
14.615: [Full GC 14.615: [Tenured: 23541K->11822K(39240K), 0.0397296 secs] 23595K->11822K(42248K), [Perm : 20K->20K(8192K)], 0.0398391 secs]
14.657: [GC 14.657: [DefNew: 53K->0K(3008K), 0.0004216 secs]14.657: [Tenured: 11822K->11822K(39240K), 0.0188625 secs] 11876K->11822K(42248K), 0.0194145 secs]
14.682: [GC 14.682: [DefNew: 53K->0K(3008K), 0.0004760 secs]14.682: [Tenured: 15729K->15729K(39240K), 0.0187409 secs] 15783K->15729K(42248K), 0.0193469 secs]
14.706: [GC 14.706: [DefNew: 53K->0K(3008K), 0.0005604 secs]14.707: [Tenured: 19635K->19635K(39240K), 0.0188247 secs] 19689K->19635K(42248K), 0.0195151 secs]
14.811: [Full GC 14.811: [Tenured: 23541K->23541K(39240K), 0.0336258 secs] 23541K->23541K(42248K), [Perm : 20K->20K(8192K)], 0.0337456 secs]
14.846: [Full GC 14.846: [Tenured: 23541K->11822K(39240K), 0.0453446 secs] 23595K->11822K(42248K), [Perm : 20K->20K(8192K)], 0.0454600 secs]
14.894: [GC 14.894: [DefNew: 53K->0K(3008K), 0.0004266 secs]14.895: [Tenured: 11822K->11822K(39240K), 0.0186300 secs] 11876K->11822K(42248K), 0.0191834 secs]
14.975: [GC 14.975: [DefNew: 53K->0K(3008K), 0.0004833 secs]14.975: [Tenured: 15729K->15729K(39240K), 0.0189692 secs] 15783K->15729K(42248K), 0.0195874 secs]
14.999: [GC 14.999: [DefNew: 53K->0K(3008K), 0.0005604 secs]15.000: [Tenured: 19635K->19635K(39240K), 0.0286148 secs] 19689K->19635K(42248K), 0.0293177 secs]
15.034: [Full GC 15.034: [Tenured: 23541K->23541K(39240K), 0.0189091 secs] 23541K->23541K(42248K), [Perm : 20K->20K(8192K)], 0.0190172 secs]
15.115: [Full GC 15.115: [Tenured: 23541K->11822K(39240K), 0.0396950 secs] 23595K->11822K(42248K), [Perm : 20K->20K(8192K)], 0.0398065 secs]
15.155: [GC 15.155: [DefNew: 53K->0K(3008K), 0.0004017 secs]15.155: [Tenured: 11822K->11822K(39240K), 0.0191228 secs] 11876K->11822K(42248K), 0.0196519 secs]
15.179: [GC 15.180: [DefNew: 53K->0K(3008K), 0.0004987 secs]15.180: [Tenured: 15729K->15729K(39240K), 0.0188742 secs] 15783K->15729K(42248K), 0.0195058 secs]
15.204: [GC 15.204: [DefNew: 53K->0K(3008K), 0.0005551 secs]15.204: [Tenured: 19635K->19635K(39240K), 0.0188236 secs] 19689K->19635K(42248K), 0.0195061 secs]
15.229: [Full GC 15.229: [Tenured: 23541K->23541K(39240K), 0.0189108 secs] 23541K->23541K(42248K), [Perm : 20K->20K(8192K)], 0.0190164 secs]
15.249: [Full GC 15.249: [Tenured: 23541K->11822K(39240K), 0.0397020 secs] 23595K->11822K(42248K), [Perm : 20K->20K(8192K)], 0.0398070 secs]
15.290: [GC 15.291: [DefNew: 53K->0K(3008K), 0.0004182 secs]15.291: [Tenured: 11822K->11822K(39240K), 0.0188186 secs] 11876K->11822K(42248K), 0.0193634 secs]
15.315: [GC 15.315: [DefNew: 53K->0K(3008K), 0.0004651 secs]15.315: [Tenured: 15729K->15729K(39240K), 0.0187566 secs] 15782K->15729K(42248K), 0.0193516 secs]
15.339: [GC 15.339: [DefNew: 53K->0K(3008K), 0.0005632 secs]15.340: [Tenured: 19635K->19635K(39240K), 0.0188178 secs] 19689K->19635K(42248K), 0.0195290 secs]
15.364: [Full GC 15.364: [Tenured: 23541K->23541K(39240K), 0.0188960 secs] 23541K->23541K(42248K), [Perm : 20K->20K(8192K)], 0.0190016 secs]
15.384: [Full GC 15.384: [Tenured: 23541K->11822K(39240K), 0.0399445 secs] 23595K->11822K(42248K), [Perm : 20K->20K(8192K)], 0.0400573 secs]
15.478: [GC 15.478: [DefNew: 53K->0K(3008K), 0.0004263 secs]15.479: [Tenured: 11822K->11822K(39240K), 0.0186364 secs] 11876K->11822K(42248K), 0.0191918 secs]
15.502: [GC 15.502: [DefNew: 53K->0K(3008K), 0.0004593 secs]15.503: [Tenured: 15729K->15729K(39240K), 0.0188789 secs] 15783K->15729K(42248K), 0.0194645 secs]
15.527: [GC 15.527: [DefNew: 53K->0K(3008K), 0.0005643 secs]15.527: [Tenured: 19635K->19635K(39240K), 0.0188331 secs] 19689K->19635K(42248K), 0.0195259 secs]
15.551: [Full GC 15.551: [Tenured: 23541K->23541K(39240K), 0.0335339 secs] 23541K->23541K(42248K), [Perm : 20K->20K(8192K)], 0.0336515 secs]
15.587: [Full GC 15.587: [Tenured: 23541K->11822K(39240K), 0.0397727 secs] 23595K->11822K(42248K), [Perm : 20K->20K(8192K)], 0.0398866 secs]
15.627: [GC 15.628: [DefNew: 53K->0K(3008K), 0.0004012 secs]15.628: [Tenured: 11822K->11822K(39240K), 0.0186211 secs] 11876K->11822K(42248K), 0.0191401 secs]
15.651: [GC 15.652: [DefNew: 53K->0K(3008K), 0.0004693 secs]15.652: [Tenured: 15729K->15729K(39240K), 0.0187379 secs] 15783K->15729K(42248K), 0.0193368 secs]
15.676: [GC 15.676: [DefNew: 53K->0K(3008K), 0.0005643 secs]15.677: [Tenured: 19635K->19635K(39240K), 0.0286254 secs] 19689K->19635K(42248K), 0.0293325 secs]
15.710: [Full GC 15.710: [Tenured: 23541K->23541K(39240K), 0.0189217 secs] 23541K->23541K(42248K), [Perm : 20K->20K(8192K)], 0.0190270 secs]
15.730: [Full GC 15.730: [Tenured: 23541K->11822K(39240K), 0.0396550 secs] 23595K->11822K(42248K), [Perm : 20K->20K(8192K)], 0.0397620 secs]
15.771: [GC 15.771: [DefNew: 53K->0K(3008K), 0.0004009 secs]15.771: [Tenured: 11822K->11822K(39240K), 0.0186328 secs] 11876K->11822K(42248K), 0.0191485 secs]
15.795: [GC 15.795: [DefNew: 53K->0K(3008K), 0.0004763 secs]15.795: [Tenured: 15729K->15729K(39240K), 0.0188968 secs] 15782K->15729K(42248K), 0.0195056 secs]
15.819: [GC 15.819: [DefNew: 53K->0K(3008K), 0.0005545 secs]15.820: [Tenured: 19635K->19635K(39240K), 0.0189412 secs] 19689K->19635K(42248K), 0.0196276 secs]
15.843: [Full GC 15.844: [Tenured: 23541K->23541K(39240K), 0.0189077 secs] 23541K->23541K(42248K), [Perm : 20K->20K(8192K)], 0.0190114 secs]
15.864: [Full GC 15.864: [Tenured: 23541K->11822K(39240K), 0.0396156 secs] 23595K->11822K(42248K), [Perm : 20K->20K(8192K)], 0.0397210 secs]
15.904: [GC 15.904: [DefNew: 53K->0K(3008K), 0.0003987 secs]15.904: [Tenured: 11822K->11822K(39240K), 0.0188074 secs] 11876K->11822K(42248K), 0.0193276 secs]
15.928: [GC 15.928: [DefNew: 53K->0K(3008K), 0.0004705 secs]15.929: [Tenured: 15729K->15729K(39240K), 0.0187689 secs] 15783K->15729K(42248K), 0.0193673 secs]
15.953: [GC 15.953: [DefNew: 53K->0K(3008K), 0.0005674 secs]15.954: [Tenured: 19635K->19635K(39240K), 0.0188320 secs] 19689K->19635K(42248K), 0.0195299 secs]
15.978: [Full GC 15.978: [Tenured: 23541K->23541K(39240K), 0.0192315 secs] 23541K->23541K(42248K), [Perm : 20K->20K(8192K)], 0.0193354 secs]
16.001: [Full GC 16.001: [Tenured: 23541K->11822K(39240K), 0.0395743 secs] 23595K->11822K(42248K), [Perm : 20K->20K(8192K)], 0.0396911 secs]
16.041: [GC 16.041: [DefNew: 53K->0K(3008K), 0.0004129 secs]16.042: [Tenured: 11822K->11822K(39240K), 0.0186102 secs] 11876K->11822K(42248K), 0.0191424 secs]
16.065: [GC 16.065: [DefNew: 53K->0K(3008K), 0.0004621 secs]16.065: [Tenured: 15729K->15729K(39240K), 0.0189982 secs] 15783K->15729K(42248K), 0.0195938 secs]
16.091: [GC 16.091: [DefNew: 53K->0K(3008K), 0.0005663 secs]16.091: [Tenured: 19635K->19635K(39240K), 0.0188261 secs] 19689K->19635K(42248K), 0.0195218 secs]
16.115: [Full GC 16.115: [Tenured: 23541K->23541K(39240K), 0.0336353 secs] 23541K->23541K(42248K), [Perm : 20K->20K(8192K)], 0.0337476 secs]
16.150: [Full GC 16.150: [Tenured: 23541K->11822K(39240K), 0.0396025 secs] 23595K->11822K(42248K), [Perm : 20K->20K(8192K)], 0.0397280 secs]
16.190: [GC 16.190: [DefNew: 53K->0K(3008K), 0.0003961 secs]16.191: [Tenured: 11822K->11822K(39240K), 0.0186121 secs] 11876K->11822K(42248K), 0.0191239 secs]
16.214: [GC 16.214: [DefNew: 53K->0K(3008K), 0.0004702 secs]16.215: [Tenured: 15729K->15729K(39240K), 0.0188828 secs] 15783K->15729K(42248K), 0.0194843 secs]
16.238: [GC 16.238: [DefNew: 53K->0K(3008K), 0.0005537 secs]16.239: [Tenured: 19635K->19635K(39240K), 0.0188133 secs] 19689K->19635K(42248K), 0.0194930 secs]
16.263: [Full GC 16.263: [Tenured: 23541K->23541K(39240K), 0.0189130 secs] 23541K->23541K(42248K), [Perm : 20K->20K(8192K)], 0.0190195 secs]
16.283: [Full GC 16.283: [Tenured: 23541K->11822K(39240K), 0.0396768 secs] 23595K->11822K(42248K), [Perm : 20K->20K(8192K)], 0.0397802 secs]
16.324: [GC 16.324: [DefNew: 53K->0K(3008K), 0.0004171 secs]16.325: [Tenured: 11822K->11822K(39240K), 0.0189831 secs] 11876K->11822K(42248K), 0.0195276 secs]
16.349: [GC 16.349: [DefNew: 53K->0K(3008K), 0.0004772 secs]16.350: [Tenured: 15729K->15729K(39240K), 0.0240489 secs] 15783K->15729K(42248K), 0.0246760 secs]
16.383: [GC 16.383: [DefNew: 53K->0K(3008K), 0.0007152 secs]16.384: [Tenured: 19635K->19635K(39240K), 0.0192295 secs] 19689K->19635K(42248K), 0.0200836 secs]
16.410: [Full GC 16.410: [Tenured: 23541K->23541K(39240K), 0.0192077 secs] 23541K->23541K(42248K), [Perm : 20K->20K(8192K)], 0.0193187 secs]
16.431: [Full GC 16.431: [Tenured: 23541K->11822K(39240K), 0.0425861 secs] 23595K->11822K(42248K), [Perm : 20K->20K(8192K)], 0.0426990 secs]
16.474: [GC 16.474: [DefNew: 53K->0K(3008K), 0.0004135 secs]16.475: [Tenured: 11822K->11822K(39240K), 0.0187742 secs] 11876K->11822K(42248K), 0.0193133 secs]
16.499: [GC 16.499: [DefNew: 53K->0K(3008K), 0.0004744 secs]16.499: [Tenured: 15729K->15729K(39240K), 0.0187893 secs] 15783K->15729K(42248K), 0.0193960 secs]
16.523: [GC 16.523: [DefNew: 53K->0K(3008K), 0.0005506 secs]16.523: [Tenured: 19635K->19635K(39240K), 0.0190443 secs] 19689K->19635K(42248K), 0.0197260 secs]
16.547: [Full GC 16.547: [Tenured: 23541K->23541K(39240K), 0.0188968 secs] 23541K->23541K(42248K), [Perm : 20K->20K(8192K)], 0.0189985 secs]
16.567: [Full GC 16.567: [Tenured: 23541K->11822K(39240K), 0.0397087 secs] 23595K->11822K(42248K), [Perm : 20K->20K(8192K)], 0.0398129 secs]
16.608: [GC 16.608: [DefNew: 53K->0K(3008K), 0.0004093 secs]16.608: [Tenured: 11822K->11822K(39240K), 0.0186121 secs] 11876K->11822K(42248K), 0.0191407 secs]
16.632: [GC 16.632: [DefNew: 53K->0K(3008K), 0.0004772 secs]16.633: [Tenured: 15729K->15729K(39240K), 0.0187876 secs] 15783K->15729K(42248K), 0.0193949 secs]
16.656: [GC 16.656: [DefNew: 53K->0K(3008K), 0.0005495 secs]16.657: [Tenured: 19635K->19635K(39240K), 0.0188147 secs] 19689K->19635K(42248K), 0.0194893 secs]
16.681: [Full GC 16.681: [Tenured: 23541K->23541K(39240K), 0.0335098 secs] 23541K->23541K(42248K), [Perm : 20K->20K(8192K)], 0.0336241 secs]
16.716: [Full GC 16.716: [Tenured: 23541K->11822K(39240K), 0.0397903 secs] 23595K->11822K(42248K), [Perm : 20K->20K(8192K)], 0.0398995 secs]
16.756: [GC 16.756: [DefNew: 53K->0K(3008K), 0.0004020 secs]16.757: [Tenured: 11822K->11822K(39240K), 0.0186571 secs] 11876K->11822K(42248K), 0.0191765 secs]
16.780: [GC 16.780: [DefNew: 53K->0K(3008K), 0.0004621 secs]16.780: [Tenured: 15729K->15729K(39240K), 0.0187292 secs] 15783K->15729K(42248K), 0.0193173 secs]
16.804: [GC 16.804: [DefNew: 53K->0K(3008K), 0.0005490 secs]16.805: [Tenured: 19635K->19635K(39240K), 0.0188996 secs] 19689K->19635K(42248K), 0.0195779 secs]
16.830: [Full GC 16.830: [Tenured: 23541K->23541K(39240K), 0.0190577 secs] 23541K->23541K(42248K), [Perm : 20K->20K(8192K)], 0.0191661 secs]
16.853: [Full GC 16.853: [Tenured: 23541K->11822K(39240K), 0.0397294 secs] 23595K->11822K(42248K), [Perm : 20K->20K(8192K)], 0.0398506 secs]
16.894: [GC 16.894: [DefNew: 53K->0K(3008K), 0.0004230 secs]16.895: [Tenured: 11822K->11822K(39240K), 0.0186007 secs] 11876K->11822K(42248K), 0.0191480 secs]
16.918: [GC 16.919: [DefNew: 53K->0K(3008K), 0.0004707 secs]16.919: [Tenured: 15729K->15729K(39240K), 0.0236340 secs] 15783K->15729K(42248K), 0.0242668 secs]
16.948: [GC 16.948: [DefNew: 53K->0K(3008K), 0.0005629 secs]16.949: [Tenured: 19635K->19635K(39240K), 0.0191572 secs] 19689K->19635K(42248K), 0.0198570 secs]
16.974: [Full GC 16.974: [Tenured: 23541K->23541K(39240K), 0.0192044 secs] 23541K->23541K(42248K), [Perm : 20K->20K(8192K)], 0.0193175 secs]
16.995: [Full GC 16.995: [Tenured: 23541K->11822K(39240K), 0.0399397 secs] 23595K->11822K(42248K), [Perm : 20K->20K(8192K)], 0.0400534 secs]
17.063: [GC 17.063: [DefNew: 53K->0K(3008K), 0.0004218 secs]17.063: [Tenured: 11822K->11822K(39240K), 0.0185998 secs] 11876K->11822K(42248K), 0.0191463 secs]
17.086: [GC 17.087: [DefNew: 53K->0K(3008K), 0.0004610 secs]17.087: [Tenured: 15729K->15729K(39240K), 0.0187267 secs] 15782K->15729K(42248K), 0.0193139 secs]
17.111: [GC 17.111: [DefNew: 53K->0K(3008K), 0.0005643 secs]17.112: [Tenured: 19635K->19635K(39240K), 0.0188102 secs] 19689K->19635K(42248K), 0.0195047 secs]
17.135: [Full GC 17.135: [Tenured: 23541K->23541K(39240K), 0.0190720 secs] 23541K->23541K(42248K), [Perm : 20K->20K(8192K)], 0.0191809 secs]
17.156: [Full GC 17.156: [Tenured: 23541K->11822K(39240K), 0.0396120 secs] 23595K->11822K(42248K), [Perm : 20K->20K(8192K)], 0.0399864 secs]
17.196: [GC 17.196: [DefNew: 53K->0K(3008K), 0.0003989 secs]17.197: [Tenured: 11822K->11822K(39240K), 0.0186149 secs] 11876K->11822K(42248K), 0.0191292 secs]
17.221: [GC 17.221: [DefNew: 53K->0K(3008K), 0.0004786 secs]17.221: [Tenured: 15729K->15729K(39240K), 0.0187337 secs] 15783K->15729K(42248K), 0.0193413 secs]
17.245: [GC 17.245: [DefNew: 53K->0K(3008K), 0.0005526 secs]17.246: [Tenured: 19635K->19635K(39240K), 0.0188273 secs] 19689K->19635K(42248K), 0.0195083 secs]
17.269: [Full GC 17.270: [Tenured: 23541K->23541K(39240K), 0.0335791 secs] 23541K->23541K(42248K), [Perm : 20K->20K(8192K)], 0.0336962 secs]
17.304: [Full GC 17.304: [Tenured: 23541K->11822K(39240K), 0.0396355 secs] 23595K->11822K(42248K), [Perm : 20K->20K(8192K)], 0.0397391 secs]
17.345: [GC 17.345: [DefNew: 53K->0K(3008K), 0.0003989 secs]17.345: [Tenured: 11822K->11822K(39240K), 0.0187708 secs] 11876K->11822K(42248K), 0.0192893 secs]
17.370: [GC 17.371: [DefNew: 53K->0K(3008K), 0.0004788 secs]17.371: [Tenured: 15729K->15729K(39240K), 0.0187362 secs] 15783K->15729K(42248K), 0.0193463 secs]
17.395: [GC 17.395: [DefNew: 53K->0K(3008K), 0.0005487 secs]17.395: [Tenured: 19635K->19635K(39240K), 0.0287821 secs] 19689K->19635K(42248K), 0.0294733 secs]
17.429: [Full GC 17.429: [Tenured: 23541K->23541K(39240K), 0.0191918 secs] 23541K->23541K(42248K), [Perm : 20K->20K(8192K)], 0.0192999 secs]
17.450: [Full GC 17.450: [Tenured: 23541K->11822K(39240K), 0.0396718 secs] 23595K->11822K(42248K), [Perm : 20K->20K(8192K)], 0.0397771 secs]
17.491: [GC 17.491: [DefNew: 53K->0K(3008K), 0.0004193 secs]17.491: [Tenured: 11822K->11822K(39240K), 0.0187856 secs] 11876K->11822K(42248K), 0.0193346 secs]
17.515: [GC 17.515: [DefNew: 53K->0K(3008K), 0.0004632 secs]17.515: [Tenured: 15729K->15729K(39240K), 0.0234600 secs] 15783K->15729K(42248K), 0.0240584 secs]
17.544: [GC 17.544: [DefNew: 53K->0K(3008K), 0.0005540 secs]17.545: [Tenured: 19635K->19635K(39240K), 0.0189728 secs] 19689K->19635K(42248K), 0.0196556 secs]
17.571: [Full GC 17.571: [Tenured: 23541K->23541K(39240K), 0.0189343 secs] 23541K->23541K(42248K), [Perm : 20K->20K(8192K)], 0.0190429 secs]
17.592: [Full GC 17.592: [Tenured: 23541K->11822K(39240K), 0.0396567 secs] 23595K->11822K(42248K), [Perm : 20K->20K(8192K)], 0.0397665 secs]
17.632: [GC 17.632: [DefNew: 53K->0K(3008K), 0.0004076 secs]17.633: [Tenured: 11822K->11822K(39240K), 0.0186501 secs] 11876K->11822K(42248K), 0.0191784 secs]
17.656: [GC 17.656: [DefNew: 53K->0K(3008K), 0.0004654 secs]17.657: [Tenured: 15729K->15729K(39240K), 0.0187267 secs] 15782K->15729K(42248K), 0.0193178 secs]
17.681: [GC 17.681: [DefNew: 53K->0K(3008K), 0.0005512 secs]17.681: [Tenured: 19635K->19635K(39240K), 0.0188253 secs] 19689K->19635K(42248K), 0.0195030 secs]
17.705: [Full GC 17.705: [Tenured: 23541K->23541K(39240K), 0.0188971 secs] 23541K->23541K(42248K), [Perm : 20K->20K(8192K)], 0.0190239 secs]
17.725: [Full GC 17.725: [Tenured: 23541K->11822K(39240K), 0.0398098 secs] 23595K->11822K(42248K), [Perm : 20K->20K(8192K)], 0.0399165 secs]
17.766: [GC 17.766: [DefNew: 53K->0K(3008K), 0.0004098 secs]17.766: [Tenured: 11822K->11822K(39240K), 0.0186107 secs] 11876K->11822K(42248K), 0.0191382 secs]
17.789: [GC 17.789: [DefNew: 53K->0K(3008K), 0.0004604 secs]17.790: [Tenured: 15729K->15729K(39240K), 0.0188002 secs] 15783K->15729K(42248K), 0.0193905 secs]
17.814: [GC 17.814: [DefNew: 53K->0K(3008K), 0.0005596 secs]17.814: [Tenured: 19635K->19635K(39240K), 0.0188158 secs] 19689K->19635K(42248K), 0.0195053 secs]
17.838: [Full GC 17.838: [Tenured: 23541K->23541K(39240K), 0.0337467 secs] 23541K->23541K(42248K), [Perm : 20K->20K(8192K)], 0.0338669 secs]
17.873: [Full GC 17.873: [Tenured: 23541K->11822K(39240K), 0.0396665 secs] 23595K->11822K(42248K), [Perm : 20K->20K(8192K)], 0.0397746 secs]
17.914: [GC 17.914: [DefNew: 53K->0K(3008K), 0.0003987 secs]17.914: [Tenured: 11822K->11822K(39240K), 0.0187130 secs] 11876K->11822K(42248K), 0.0192335 secs]
17.938: [GC 17.938: [DefNew: 53K->0K(3008K), 0.0004735 secs]17.938: [Tenured: 15729K->15729K(39240K), 0.0187420 secs] 15783K->15729K(42248K), 0.0193472 secs]
17.962: [GC 17.962: [DefNew: 53K->0K(3008K), 0.0005582 secs]17.963: [Tenured: 19635K->19635K(39240K), 0.0285042 secs] 19689K->19635K(42248K), 0.0291987 secs]
17.997: [Full GC 17.997: [Tenured: 23541K->23541K(39240K), 0.0189144 secs] 23541K->23541K(42248K), [Perm : 20K->20K(8192K)], 0.0190211 secs]
18.018: [Full GC 18.018: [Tenured: 23541K->11822K(39240K), 0.0396176 secs] 23595K->11822K(42248K), [Perm : 20K->20K(8192K)], 0.0397254 secs]
18.058: [GC 18.058: [DefNew: 53K->0K(3008K), 0.0004241 secs]18.058: [Tenured: 11822K->11822K(39240K), 0.0187437 secs] 11876K->11822K(42248K), 0.0192888 secs]
18.082: [GC 18.082: [DefNew: 53K->0K(3008K), 0.0004635 secs]18.082: [Tenured: 15729K->15728K(39240K), 0.0388513 secs] 15783K->15728K(42248K), 0.0394503 secs]
18.127: [GC 18.127: [DefNew: 53K->0K(3008K), 0.0005199 secs]18.127: [Tenured: 19634K->19634K(39240K), 0.0188127 secs] 19688K->19634K(42248K), 0.0194625 secs]
18.151: [Full GC 18.151: [Tenured: 23540K->23540K(39240K), 0.0190468 secs] 23540K->23540K(42248K), [Perm : 19K->19K(8192K)], 0.0191563 secs]
18.172: [Full GC 18.172: [Tenured: 23540K->11821K(39240K), 0.0397165 secs] 23594K->11821K(42248K), [Perm : 19K->19K(8192K)], 0.0398238 secs]
18.212: [GC 18.212: [DefNew: 53K->0K(3008K), 0.0003984 secs]18.212: [Tenured: 11821K->11821K(39240K), 0.0185979 secs] 11875K->11821K(42248K), 0.0191116 secs]
18.235: [GC 18.236: [DefNew: 53K->0K(3008K), 0.0004682 secs]18.236: [Tenured: 15728K->15728K(39240K), 0.0187105 secs] 15781K->15728K(42248K), 0.0193069 secs]
18.260: [GC 18.260: [DefNew: 53K->0K(3008K), 0.0005165 secs]18.260: [Tenured: 19634K->19634K(39240K), 0.0188010 secs] 19688K->19634K(42248K), 0.0194480 secs]
18.284: [Full GC 18.284: [Tenured: 23540K->23540K(39240K), 0.0188923 secs] 23540K->23540K(42248K), [Perm : 19K->19K(8192K)], 0.0189985 secs]
18.304: [Full GC 18.304: [Tenured: 23540K->11821K(39240K), 0.0397098 secs] 23594K->11821K(42248K), [Perm : 19K->19K(8192K)], 0.0398157 secs]
18.344: [GC 18.344: [DefNew: 53K->0K(3008K), 0.0003989 secs]18.345: [Tenured: 11821K->11821K(39240K), 0.0186080 secs] 11875K->11821K(42248K), 0.0191242 secs]
18.370: [GC 18.370: [DefNew: 53K->0K(3008K), 0.0004772 secs]18.370: [Tenured: 15728K->15728K(39240K), 0.0187320 secs] 15781K->15728K(42248K), 0.0193418 secs]
18.396: [GC 18.396: [DefNew: 53K->0K(3008K), 0.0005185 secs]18.397: [Tenured: 19634K->19634K(39240K), 0.0190619 secs] 19688K->19634K(42248K), 0.0197137 secs]
18.421: [Full GC 18.421: [Tenured: 23540K->23540K(39240K), 0.0336831 secs] 23540K->23540K(42248K), [Perm : 19K->19K(8192K)], 0.0337998 secs]
18.456: [Full GC 18.456: [Tenured: 23540K->11821K(39240K), 0.0397835 secs] 23594K->11821K(42248K), [Perm : 19K->19K(8192K)], 0.0398950 secs]
18.498: [GC 18.498: [DefNew: 53K->0K(3008K), 0.0004213 secs]18.498: [Tenured: 11821K->11821K(39240K), 0.0186007 secs] 11875K->11821K(42248K), 0.0191600 secs]
18.522: [GC 18.522: [DefNew: 53K->0K(3008K), 0.0004668 secs]18.522: [Tenured: 15728K->15728K(39240K), 0.0188200 secs] 15781K->15728K(42248K), 0.0194156 secs]
18.546: [GC 18.546: [DefNew: 53K->0K(3008K), 0.0005009 secs]18.547: [Tenured: 19634K->19634K(39240K), 0.0287335 secs] 19688K->19634K(42248K), 0.0293719 secs]
18.580: [Full GC 18.580: [Tenured: 23540K->23540K(39240K), 0.0188845 secs] 23540K->23540K(42248K), [Perm : 19K->19K(8192K)], 0.0189898 secs]
18.601: [Full GC 18.601: [Tenured: 23540K->11821K(39240K), 0.0393371 secs] 23594K->11821K(42248K), [Perm : 19K->19K(8192K)], 0.0394505 secs]
18.642: [GC 18.642: [DefNew: 53K->0K(3008K), 0.0004101 secs]18.642: [Tenured: 11821K->11821K(39240K), 0.0185937 secs] 11875K->11821K(42248K), 0.0191239 secs]
18.666: [GC 18.666: [DefNew: 53K->0K(3008K), 0.0004774 secs]18.666: [Tenured: 15728K->15727K(39240K), 0.0235879 secs] 15781K->15727K(42248K), 0.0242075 secs]
18.695: [GC 18.695: [DefNew: 53K->0K(3008K), 0.0005735 secs]18.696: [Tenured: 19634K->19634K(39240K), 0.0188454 secs] 19687K->19634K(42248K), 0.0195475 secs]
18.719: [Full GC 18.719: [Tenured: 23540K->23540K(39240K), 0.0188784 secs] 23540K->23540K(42248K), [Perm : 19K->19K(8192K)], 0.0189795 secs]
18.739: [Full GC 18.739: [Tenured: 23540K->11821K(39240K), 0.0396042 secs] 23594K->11821K(42248K), [Perm : 19K->19K(8192K)], 0.0397095 secs]
18.780: [GC 18.780: [DefNew: 53K->0K(3008K), 0.0004012 secs]18.780: [Tenured: 11821K->11821K(39240K), 0.0186046 secs] 11875K->11821K(42248K), 0.0191234 secs]
18.803: [GC 18.803: [DefNew: 53K->0K(3008K), 0.0004618 secs]18.804: [Tenured: 15728K->15728K(39240K), 0.0187482 secs] 15781K->15728K(42248K), 0.0193357 secs]
18.828: [GC 18.828: [DefNew: 53K->0K(3008K), 0.0005087 secs]18.828: [Tenured: 19634K->19634K(39240K), 0.0188141 secs] 19688K->19634K(42248K), 0.0194505 secs]
18.852: [Full GC 18.852: [Tenured: 23540K->23540K(39240K), 0.0189094 secs] 23540K->23540K(42248K), [Perm : 19K->19K(8192K)], 0.0190139 secs]
18.873: [Full GC 18.873: [Tenured: 23540K->11821K(39240K), 0.0395799 secs] 23594K->11821K(42248K), [Perm : 19K->19K(8192K)], 0.0396955 secs]
18.914: [GC 18.914: [DefNew: 53K->0K(3008K), 0.0004973 secs]18.915: [Tenured: 11821K->11821K(39240K), 0.0185862 secs] 11875K->11821K(42248K), 0.0192066 secs]
18.938: [GC 18.938: [DefNew: 53K->0K(3008K), 0.0004651 secs]18.939: [Tenured: 15728K->15728K(39240K), 0.0187191 secs] 15781K->15728K(42248K), 0.0193106 secs]
18.962: [GC 18.962: [DefNew: 53K->0K(3008K), 0.0005054 secs]18.963: [Tenured: 19634K->19634K(39240K), 0.0187907 secs] 19688K->19634K(42248K), 0.0194215 secs]
18.987: [Full GC 18.987: [Tenured: 23540K->23540K(39240K), 0.0335216 secs] 23540K->23540K(42248K), [Perm : 19K->19K(8192K)], 0.0336392 secs]
19.023: [Full GC 19.023: [Tenured: 23540K->11821K(39240K), 0.0396584 secs] 23594K->11821K(42248K), [Perm : 19K->19K(8192K)], 0.0397701 secs]
19.063: [GC 19.063: [DefNew: 53K->0K(3008K), 0.0004001 secs]19.064: [Tenured: 11821K->11821K(39240K), 0.0186080 secs] 11875K->11821K(42248K), 0.0191239 secs]
19.087: [GC 19.087: [DefNew: 53K->0K(3008K), 0.0004640 secs]19.088: [Tenured: 15728K->15728K(39240K), 0.0187172 secs] 15781K->15728K(42248K), 0.0193080 secs]
19.112: [GC 19.112: [DefNew: 53K->0K(3008K), 0.0005174 secs]19.112: [Tenured: 19634K->19634K(39240K), 0.0285416 secs] 19688K->19634K(42248K), 0.0292009 secs]
19.146: [Full GC 19.146: [Tenured: 23540K->23540K(39240K), 0.0189608 secs] 23540K->23540K(42248K), [Perm : 19K->19K(8192K)], 0.0190678 secs]
19.167: [Full GC 19.167: [Tenured: 23540K->11821K(39240K), 0.0395707 secs] 23594K->11821K(42248K), [Perm : 19K->19K(8192K)], 0.0396807 secs]
19.207: [GC 19.207: [DefNew: 53K->0K(3008K), 0.0003975 secs]19.207: [Tenured: 11821K->11821K(39240K), 0.0186085 secs] 11875K->11821K(42248K), 0.0191239 secs]
19.231: [GC 19.231: [DefNew: 53K->0K(3008K), 0.0004637 secs]19.231: [Tenured: 15727K->15727K(39240K), 0.0187163 secs] 15781K->15727K(42248K), 0.0193089 secs]
19.258: [GC 19.258: [DefNew: 53K->0K(3008K), 0.0005903 secs]19.259: [Tenured: 19634K->19634K(39240K), 0.0187988 secs] 19687K->19634K(42248K), 0.0195405 secs]
19.282: [Full GC 19.282: [Tenured: 23540K->23540K(39240K), 0.0190326 secs] 23540K->23540K(42248K), [Perm : 19K->19K(8192K)], 0.0191371 secs]
19.303: [Full GC 19.303: [Tenured: 23540K->11821K(39240K), 0.0395818 secs] 23594K->11821K(42248K), [Perm : 19K->19K(8192K)], 0.0396900 secs]
19.343: [GC 19.343: [DefNew: 53K->0K(3008K), 0.0003981 secs]19.343: [Tenured: 11821K->11821K(39240K), 0.0186239 secs] 11875K->11821K(42248K), 0.0191410 secs]
19.367: [GC 19.367: [DefNew: 53K->0K(3008K), 0.0004716 secs]19.367: [Tenured: 15727K->15727K(39240K), 0.0190667 secs] 15781K->15727K(42248K), 0.0196684 secs]
19.392: [GC 19.392: [DefNew: 53K->0K(3008K), 0.0005601 secs]19.393: [Tenured: 19634K->19634K(39240K), 0.0189359 secs] 19687K->19634K(42248K), 0.0196262 secs]
19.417: [Full GC 19.417: [Tenured: 23540K->23540K(39240K), 0.0189552 secs] 23540K->23540K(42248K), [Perm : 19K->19K(8192K)], 0.0190633 secs]
19.438: [Full GC 19.438: [Tenured: 23540K->11821K(39240K), 0.0395872 secs] 23594K->11821K(42248K), [Perm : 19K->19K(8192K)], 0.0396972 secs]
19.478: [GC 19.478: [DefNew: 53K->0K(3008K), 0.0004012 secs]19.478: [Tenured: 11821K->11821K(39240K), 0.0187781 secs] 11875K->11821K(42248K), 0.0192994 secs]
19.502: [GC 19.502: [DefNew: 53K->0K(3008K), 0.0004693 secs]19.502: [Tenured: 15728K->15728K(39240K), 0.0187074 secs] 15781K->15728K(42248K), 0.0193025 secs]
19.527: [GC 19.527: [DefNew: 53K->0K(3008K), 0.0005193 secs]19.527: [Tenured: 19634K->19634K(39240K), 0.0187951 secs] 19688K->19634K(42248K), 0.0194433 secs]
19.551: [Full GC 19.551: [Tenured: 23540K->23540K(39240K), 0.0334931 secs] 23540K->23540K(42248K), [Perm : 19K->19K(8192K)], 0.0336065 secs]
19.586: [Full GC 19.586: [Tenured: 23540K->11821K(39240K), 0.0397729 secs] 23594K->11821K(42248K), [Perm : 19K->19K(8192K)], 0.0398810 secs]
19.626: [GC 19.626: [DefNew: 53K->0K(3008K), 0.0004051 secs]19.627: [Tenured: 11821K->11821K(39240K), 0.0186088 secs] 11875K->11821K(42248K), 0.0191329 secs]
19.650: [GC 19.650: [DefNew: 53K->0K(3008K), 0.0004612 secs]19.650: [Tenured: 15728K->15728K(39240K), 0.0187108 secs] 15781K->15728K(42248K), 0.0192963 secs]
19.674: [GC 19.674: [DefNew: 53K->0K(3008K), 0.0005132 secs]19.675: [Tenured: 19634K->19634K(39240K), 0.0287185 secs] 19688K->19634K(42248K), 0.0293755 secs]
19.709: [Full GC 19.709: [Tenured: 23540K->23540K(39240K), 0.0189745 secs] 23540K->23540K(42248K), [Perm : 19K->19K(8192K)], 0.0190843 secs]
19.729: [Full GC 19.729: [Tenured: 23540K->11821K(39240K), 0.0395751 secs] 23594K->11821K(42248K), [Perm : 19K->19K(8192K)], 0.0396810 secs]
19.770: [GC 19.770: [DefNew: 53K->0K(3008K), 0.0004090 secs]19.770: [Tenured: 11821K->11821K(39240K), 0.0185848 secs] 11875K->11821K(42248K), 0.0191139 secs]
19.794: [GC 19.794: [DefNew: 53K->0K(3008K), 0.0004649 secs]19.794: [Tenured: 15728K->15727K(39240K), 0.0235929 secs] 15781K->15727K(42248K), 0.0241969 secs]
19.823: [GC 19.823: [DefNew: 53K->0K(3008K), 0.0005621 secs]19.824: [Tenured: 19634K->19634K(39240K), 0.0188069 secs] 19687K->19634K(42248K), 0.0194997 secs]
19.848: [Full GC 19.848: [Tenured: 23540K->23540K(39240K), 0.0188963 secs] 23540K->23540K(42248K), [Perm : 19K->19K(8192K)], 0.0190035 secs]
19.868: [Full GC 19.868: [Tenured: 23540K->11821K(39240K), 0.0397321 secs] 23594K->11821K(42248K), [Perm : 19K->19K(8192K)], 0.0398389 secs]
19.908: [GC 19.908: [DefNew: 53K->0K(3008K), 0.0004001 secs]19.908: [Tenured: 11821K->11821K(39240K), 0.0186110 secs] 11875K->11821K(42248K), 0.0191306 secs]
19.932: [GC 19.932: [DefNew: 53K->0K(3008K), 0.0004791 secs]19.933: [Tenured: 15728K->15728K(39240K), 0.0187817 secs] 15781K->15728K(42248K), 0.0193944 secs]
19.957: [GC 19.957: [DefNew: 53K->0K(3008K), 0.0005185 secs]19.958: [Tenured: 19634K->19634K(39240K), 0.0188071 secs] 19688K->19634K(42248K), 0.0194544 secs]
19.981: [Full GC 19.981: [Tenured: 23540K->23540K(39240K), 0.0188828 secs] 23540K->23540K(42248K), [Perm : 19K->19K(8192K)], 0.0189884 secs]
20.001: [Full GC 20.001: [Tenured: 23540K->11821K(39240K), 0.0396366 secs] 23594K->11821K(42248K), [Perm : 19K->19K(8192K)], 0.0397425 secs]
20.045: [GC 20.045: [DefNew: 53K->0K(3008K), 0.0004241 secs]20.046: [Tenured: 11821K->11821K(39240K), 0.0186093 secs] 11875K->11821K(42248K), 0.0191608 secs]
20.069: [GC 20.069: [DefNew: 53K->0K(3008K), 0.0004710 secs]20.070: [Tenured: 15728K->15728K(39240K), 0.0187471 secs] 15781K->15728K(42248K), 0.0193474 secs]
20.093: [GC 20.094: [DefNew: 53K->0K(3008K), 0.0005068 secs]20.094: [Tenured: 19634K->19634K(39240K), 0.0189404 secs] 19688K->19634K(42248K), 0.0195765 secs]
20.118: [Full GC 20.118: [Tenured: 23540K->23540K(39240K), 0.0334881 secs] 23540K->23540K(42248K), [Perm : 19K->19K(8192K)], 0.0336009 secs]
20.152: [Full GC 20.152: [Tenured: 23540K->11821K(39240K), 0.0396411 secs] 23594K->11821K(42248K), [Perm : 19K->19K(8192K)], 0.0397464 secs]
20.192: [GC 20.192: [DefNew: 53K->0K(3008K), 0.0004014 secs]20.193: [Tenured: 11821K->11821K(39240K), 0.0186110 secs] 11875K->11821K(42248K), 0.0191304 secs]
20.217: [GC 20.217: [DefNew: 53K->0K(3008K), 0.0004780 secs]20.217: [Tenured: 15728K->15728K(39240K), 0.0187253 secs] 15781K->15728K(42248K), 0.0193332 secs]
20.241: [GC 20.241: [DefNew: 53K->0K(3008K), 0.0005070 secs]20.242: [Tenured: 19634K->19634K(39240K), 0.0188767 secs] 19688K->19634K(42248K), 0.0195151 secs]
20.266: [Full GC 20.266: [Tenured: 23540K->23540K(39240K), 0.0188842 secs] 23540K->23540K(42248K), [Perm : 19K->19K(8192K)], 0.0189896 secs]
20.286: [Full GC 20.286: [Tenured: 23540K->11821K(39240K), 0.0397953 secs] 23594K->11821K(42248K), [Perm : 19K->19K(8192K)], 0.0399009 secs]
20.326: [GC 20.326: [DefNew: 53K->0K(3008K), 0.0004006 secs]20.326: [Tenured: 11821K->11821K(39240K), 0.0186038 secs] 11875K->11821K(42248K), 0.0191217 secs]
20.350: [GC 20.350: [DefNew: 53K->0K(3008K), 0.0004607 secs]20.350: [Tenured: 15728K->15728K(39240K), 0.0187538 secs] 15781K->15728K(42248K), 0.0193421 secs]
20.374: [GC 20.374: [DefNew: 53K->0K(3008K), 0.0005151 secs]20.374: [Tenured: 19634K->19634K(39240K), 0.0188192 secs] 19688K->19634K(42248K), 0.0194628 secs]
20.398: [Full GC 20.399: [Tenured: 23540K->23540K(39240K), 0.0190753 secs] 23540K->23540K(42248K), [Perm : 19K->19K(8192K)], 0.0191851 secs]
20.419: [Full GC 20.419: [Tenured: 23540K->11821K(39240K), 0.0398322 secs] 23594K->11821K(42248K), [Perm : 19K->19K(8192K)], 0.0399386 secs]
20.460: [GC 20.460: [DefNew: 53K->0K(3008K), 0.0004163 secs]20.460: [Tenured: 11821K->11821K(39240K), 0.0186996 secs] 11875K->11821K(42248K), 0.0192404 secs]
20.484: [GC 20.484: [DefNew: 53K->0K(3008K), 0.0004763 secs]20.485: [Tenured: 15727K->15727K(39240K), 0.0187725 secs] 15781K->15727K(42248K), 0.0193804 secs]
20.508: [GC 20.508: [DefNew: 53K->0K(3008K), 0.0005509 secs]20.509: [Tenured: 19634K->19634K(39240K), 0.0189275 secs] 19687K->19634K(42248K), 0.0196050 secs]
20.533: [Full GC 20.533: [Tenured: 23540K->23540K(39240K), 0.0188733 secs] 23540K->23540K(42248K), [Perm : 19K->19K(8192K)], 0.0189742 secs]
20.553: [Full GC 20.553: [Tenured: 23540K->11821K(39240K), 0.0397456 secs] 23594K->11821K(42248K), [Perm : 19K->19K(8192K)], 0.0398570 secs]
20.594: [GC 20.594: [DefNew: 53K->0K(3008K), 0.0004157 secs]20.594: [Tenured: 11821K->11821K(39240K), 0.0185836 secs] 11875K->11821K(42248K), 0.0191214 secs]
20.618: [GC 20.618: [DefNew: 53K->0K(3008K), 0.0004598 secs]20.618: [Tenured: 15727K->15727K(39240K), 0.0189415 secs] 15781K->15727K(42248K), 0.0195332 secs]
20.642: [GC 20.642: [DefNew: 53K->0K(3008K), 0.0005523 secs]20.642: [Tenured: 19634K->19634K(39240K), 0.0187929 secs] 19687K->19634K(42248K), 0.0194712 secs]
20.666: [Full GC 20.666: [Tenured: 23540K->23540K(39240K), 0.0188809 secs] 23540K->23540K(42248K), [Perm : 19K->19K(8192K)], 0.0189859 secs]
20.686: [Full GC 20.686: [Tenured: 23540K->11821K(39240K), 0.0397950 secs] 23594K->11821K(42248K), [Perm : 19K->19K(8192K)], 0.0399026 secs]
20.726: [GC 20.726: [DefNew: 53K->0K(3008K), 0.0004026 secs]20.727: [Tenured: 11821K->11821K(39240K), 0.0186071 secs] 11875K->11821K(42248K), 0.0191270 secs]
20.751: [GC 20.751: [DefNew: 53K->0K(3008K), 0.0004788 secs]20.751: [Tenured: 15728K->15728K(39240K), 0.0187339 secs] 15781K->15728K(42248K), 0.0193441 secs]
20.775: [GC 20.775: [DefNew: 53K->0K(3008K), 0.0005185 secs]20.776: [Tenured: 19634K->19634K(39240K), 0.0284969 secs] 19688K->19634K(42248K), 0.0291531 secs]
20.809: [Full GC 20.809: [Tenured: 23540K->23540K(39240K), 0.0190354 secs] 23540K->23540K(42248K), [Perm : 19K->19K(8192K)], 0.0191401 secs]
20.830: [Full GC 20.830: [Tenured: 23540K->11821K(39240K), 0.0396671 secs] 23594K->11821K(42248K), [Perm : 19K->19K(8192K)], 0.0397794 secs]
20.871: [GC 20.871: [DefNew: 53K->0K(3008K), 0.0004023 secs]20.871: [Tenured: 11821K->11821K(39240K), 0.0186035 secs] 11875K->11821K(42248K), 0.0191239 secs]
20.895: [GC 20.895: [DefNew: 53K->0K(3008K), 0.0004783 secs]20.895: [Tenured: 15728K->15727K(39240K), 0.0235460 secs] 15781K->15727K(42248K), 0.0241679 secs]
20.924: [GC 20.924: [DefNew: 53K->0K(3008K), 0.0005515 secs]20.925: [Tenured: 19634K->19634K(39240K), 0.0189655 secs] 19687K->19634K(42248K), 0.0196447 secs]
20.949: [Full GC 20.949: [Tenured: 23540K->23540K(39240K), 0.0188753 secs] 23540K->23540K(42248K), [Perm : 19K->19K(8192K)], 0.0189812 secs]
20.969: [Full GC 20.969: [Tenured: 23540K->11821K(39240K), 0.0397000 secs] 23594K->11821K(42248K), [Perm : 19K->19K(8192K)], 0.0398067 secs]
21.009: [GC 21.009: [DefNew: 53K->0K(3008K), 0.0004079 secs]21.010: [Tenured: 11821K->11821K(39240K), 0.0185926 secs] 11875K->11821K(42248K), 0.0191178 secs]
21.033: [GC 21.033: [DefNew: 53K->0K(3008K), 0.0004758 secs]21.034: [Tenured: 15728K->15728K(39240K), 0.0187351 secs] 15781K->15728K(42248K), 0.0193427 secs]
21.058: [GC 21.058: [DefNew: 53K->0K(3008K), 0.0005132 secs]21.058: [Tenured: 19634K->19634K(39240K), 0.0188021 secs] 19688K->19634K(42248K), 0.0194435 secs]
21.082: [Full GC 21.082: [Tenured: 23540K->23540K(39240K), 0.0188996 secs] 23540K->23540K(42248K), [Perm : 19K->19K(8192K)], 0.0190041 secs]
21.105: [Full GC 21.105: [Tenured: 23540K->11821K(39240K), 0.0395363 secs] 23594K->11821K(42248K), [Perm : 19K->19K(8192K)], 0.0396517 secs]
21.145: [GC 21.145: [DefNew: 53K->0K(3008K), 0.0004014 secs]21.145: [Tenured: 11821K->11821K(39240K), 0.0186152 secs] 11875K->11821K(42248K), 0.0191346 secs]
21.169: [GC 21.169: [DefNew: 53K->0K(3008K), 0.0004718 secs]21.170: [Tenured: 15728K->15728K(39240K), 0.0187096 secs] 15781K->15728K(42248K), 0.0193103 secs]
21.193: [GC 21.193: [DefNew: 53K->0K(3008K), 0.0005146 secs]21.194: [Tenured: 19634K->19634K(39240K), 0.0188722 secs] 19688K->19634K(42248K), 0.0195178 secs]
21.217: [Full GC 21.217: [Tenured: 23540K->23540K(39240K), 0.0334878 secs] 23540K->23540K(42248K), [Perm : 19K->19K(8192K)], 0.0335973 secs]
21.252: [Full GC 21.252: [Tenured: 23540K->11821K(39240K), 0.0396425 secs] 23594K->11821K(42248K), [Perm : 19K->19K(8192K)], 0.0397495 secs]
21.293: [GC 21.293: [DefNew: 53K->0K(3008K), 0.0004126 secs]21.293: [Tenured: 11821K->11821K(39240K), 0.0185836 secs] 11875K->11821K(42248K), 0.0191150 secs]
21.316: [GC 21.316: [DefNew: 53K->0K(3008K), 0.0004593 secs]21.317: [Tenured: 15727K->15727K(39240K), 0.0187094 secs] 15781K->15727K(42248K), 0.0192941 secs]
21.341: [GC 21.341: [DefNew: 53K->0K(3008K), 0.0005632 secs]21.342: [Tenured: 19634K->19634K(39240K), 0.0187976 secs] 19687K->19634K(42248K), 0.0194891 secs]
21.365: [Full GC 21.365: [Tenured: 23540K->23540K(39240K), 0.0188798 secs] 23540K->23540K(42248K), [Perm : 19K->19K(8192K)], 0.0189817 secs]
21.385: [Full GC 21.385: [Tenured: 23540K->11821K(39240K), 0.0397897 secs] 23594K->11821K(42248K), [Perm : 19K->19K(8192K)], 0.0399006 secs]
21.426: [GC 21.426: [DefNew: 53K->0K(3008K), 0.0004062 secs]21.426: [Tenured: 11821K->11821K(39240K), 0.0187423 secs] 11875K->11821K(42248K), 0.0192684 secs]
21.450: [GC 21.450: [DefNew: 53K->0K(3008K), 0.0004766 secs]21.451: [Tenured: 15728K->15727K(39240K), 0.0234463 secs] 15781K->15727K(42248K), 0.0240628 secs]
21.480: [GC 21.481: [DefNew: 53K->0K(3008K), 0.0005640 secs]21.481: [Tenured: 19634K->19634K(39240K), 0.0189116 secs] 19687K->19634K(42248K), 0.0196112 secs]
21.505: [Full GC 21.505: [Tenured: 23540K->23540K(39240K), 0.0189063 secs] 23540K->23540K(42248K), [Perm : 19K->19K(8192K)], 0.0190122 secs]
21.525: [Full GC 21.525: [Tenured: 23540K->11821K(39240K), 0.0397897 secs] 23594K->11821K(42248K), [Perm : 19K->19K(8192K)], 0.0399000 secs]
21.565: [GC 21.565: [DefNew: 53K->0K(3008K), 0.0004031 secs]21.566: [Tenured: 11821K->11821K(39240K), 0.0185959 secs] 11875K->11821K(42248K), 0.0191170 secs]
21.591: [GC 21.591: [DefNew: 53K->0K(3008K), 0.0004783 secs]21.591: [Tenured: 15728K->15728K(39240K), 0.0188161 secs] 15781K->15728K(42248K), 0.0194279 secs]
21.615: [GC 21.615: [DefNew: 53K->0K(3008K), 0.0005020 secs]21.616: [Tenured: 19634K->19634K(39240K), 0.0188870 secs] 19688K->19634K(42248K), 0.0195204 secs]
21.639: [Full GC 21.639: [Tenured: 23540K->23540K(39240K), 0.0190421 secs] 23540K->23540K(42248K), [Perm : 19K->19K(8192K)], 0.0191482 secs]
21.660: [Full GC 21.660: [Tenured: 23540K->11821K(39240K), 0.0396528 secs] 23594K->11821K(42248K), [Perm : 19K->19K(8192K)], 0.0397609 secs]
21.700: [GC 21.700: [DefNew: 53K->0K(3008K), 0.0003998 secs]21.701: [Tenured: 11821K->11821K(39240K), 0.0185878 secs] 11875K->11821K(42248K), 0.0191047 secs]
21.724: [GC 21.724: [DefNew: 53K->0K(3008K), 0.0004618 secs]21.725: [Tenured: 15728K->15728K(39240K), 0.0187409 secs] 15781K->15728K(42248K), 0.0193298 secs]
21.748: [GC 21.748: [DefNew: 53K->0K(3008K), 0.0005151 secs]21.749: [Tenured: 19634K->19634K(39240K), 0.0189479 secs] 19688K->19634K(42248K), 0.0195947 secs]
21.773: [Full GC 21.773: [Tenured: 23540K->23540K(39240K), 0.0189063 secs] 23540K->23540K(42248K), [Perm : 19K->19K(8192K)], 0.0190108 secs]
21.793: [Full GC 21.793: [Tenured: 23540K->11821K(39240K), 0.0396883 secs] 23594K->11821K(42248K), [Perm : 19K->19K(8192K)], 0.0397961 secs]
21.833: [GC 21.833: [DefNew: 53K->0K(3008K), 0.0004056 secs]21.834: [Tenured: 11821K->11821K(39240K), 0.0187697 secs] 11875K->11821K(42248K), 0.0192946 secs]
21.857: [GC 21.857: [DefNew: 53K->0K(3008K), 0.0004746 secs]21.858: [Tenured: 15728K->15728K(39240K), 0.0187105 secs] 15781K->15728K(42248K), 0.0193147 secs]
21.881: [GC 21.881: [DefNew: 53K->0K(3008K), 0.0005026 secs]21.882: [Tenured: 19634K->19634K(39240K), 0.0188767 secs] 19688K->19634K(42248K), 0.0195075 secs]
21.906: [Full GC 21.906: [Tenured: 23540K->23540K(39240K), 0.0192273 secs] 23540K->23540K(42248K), [Perm : 19K->19K(8192K)], 0.0193343 secs]
21.926: [Full GC 21.926: [Tenured: 23540K->11821K(39240K), 0.0396553 secs] 23594K->11821K(42248K), [Perm : 19K->19K(8192K)], 0.0397590 secs]
21.966: [GC 21.966: [DefNew: 53K->0K(3008K), 0.0004003 secs]21.967: [Tenured: 11821K->11821K(39240K), 0.0185878 secs] 11875K->11821K(42248K), 0.0191044 secs]
21.990: [GC 21.990: [DefNew: 53K->0K(3008K), 0.0004610 secs]21.991: [Tenured: 15728K->15728K(39240K), 0.0187842 secs] 15781K->15728K(42248K), 0.0193743 secs]
22.014: [GC 22.014: [DefNew: 53K->0K(3008K), 0.0005082 secs]22.015: [Tenured: 19634K->19634K(39240K), 0.0188066 secs] 19688K->19634K(42248K), 0.0194421 secs]
22.041: [Full GC 22.041: [Tenured: 23540K->23540K(39240K), 0.0192284 secs] 23540K->23540K(42248K), [Perm : 19K->19K(8192K)], 0.0193354 secs]
22.061: [Full GC 22.061: [Tenured: 23540K->11821K(39240K), 0.0396900 secs] 23594K->11821K(42248K), [Perm : 19K->19K(8192K)], 0.0397972 secs]
22.103: [GC 22.103: [DefNew: 53K->0K(3008K), 0.0004230 secs]22.103: [Tenured: 11821K->11821K(39240K), 0.0185811 secs] 11875K->11821K(42248K), 0.0191276 secs]
22.127: [GC 22.127: [DefNew: 53K->0K(3008K), 0.0004626 secs]22.127: [Tenured: 15727K->15727K(39240K), 0.0187054 secs] 15781K->15727K(42248K), 0.0192935 secs]
22.151: [GC 22.151: [DefNew: 53K->0K(3008K), 0.0005621 secs]22.152: [Tenured: 19634K->19634K(39240K), 0.0189474 secs] 19687K->19634K(42248K), 0.0196399 secs]
22.175: [Full GC 22.175: [Tenured: 23540K->23540K(39240K), 0.0188636 secs] 23540K->23540K(42248K), [Perm : 19K->19K(8192K)], 0.0189644 secs]
22.196: [Full GC 22.196: [Tenured: 23540K->11821K(39240K), 0.0396534 secs] 23594K->11821K(42248K), [Perm : 19K->19K(8192K)], 0.0397623 secs]
22.236: [GC 22.236: [DefNew: 53K->0K(3008K), 0.0004031 secs]22.236: [Tenured: 11821K->11821K(39240K), 0.0185870 secs] 11875K->11821K(42248K), 0.0191075 secs]
22.260: [GC 22.260: [DefNew: 53K->0K(3008K), 0.0004612 secs]22.260: [Tenured: 15728K->15728K(39240K), 0.0188636 secs] 15781K->15728K(42248K), 0.0194522 secs]
22.284: [GC 22.284: [DefNew: 53K->0K(3008K), 0.0005096 secs]22.285: [Tenured: 19634K->19634K(39240K), 0.0187960 secs] 19688K->19634K(42248K), 0.0194324 secs]
22.308: [Full GC 22.308: [Tenured: 23540K->23540K(39240K), 0.0335964 secs] 23540K->23540K(42248K), [Perm : 19K->19K(8192K)], 0.0337132 secs]
22.344: [Full GC 22.344: [Tenured: 23540K->11821K(39240K), 0.0397503 secs] 23594K->11821K(42248K), [Perm : 19K->19K(8192K)], 0.0398593 secs]
22.384: [GC 22.384: [DefNew: 53K->0K(3008K), 0.0004461 secs]22.384: [Tenured: 11821K->11821K(39240K), 0.0185943 secs] 11875K->11821K(42248K), 0.0191600 secs]
22.409: [GC 22.409: [DefNew: 53K->0K(3008K), 0.0004738 secs]22.409: [Tenured: 15728K->15728K(39240K), 0.0188798 secs] 15781K->15728K(42248K), 0.0194888 secs]
22.433: [GC 22.433: [DefNew: 53K->0K(3008K), 0.0005084 secs]22.433: [Tenured: 19634K->19634K(39240K), 0.0190921 secs] 19688K->19634K(42248K), 0.0197304 secs]
22.458: [Full GC 22.458: [Tenured: 23540K->23540K(39240K), 0.0191306 secs] 23540K->23540K(42248K), [Perm : 19K->19K(8192K)], 0.0192404 secs]
22.478: [Full GC 22.478: [Tenured: 23540K->11821K(39240K), 0.0396833 secs] 23594K->11821K(42248K), [Perm : 19K->19K(8192K)], 0.0397894 secs]
22.519: [GC 22.519: [DefNew: 53K->0K(3008K), 0.0004009 secs]22.519: [Tenured: 11821K->11821K(39240K), 0.0186468 secs] 11875K->11821K(42248K), 0.0191684 secs]
22.543: [GC 22.543: [DefNew: 53K->0K(3008K), 0.0004649 secs]22.543: [Tenured: 15728K->15727K(39240K), 0.0234438 secs] 15781K->15727K(42248K), 0.0240475 secs]
22.572: [GC 22.572: [DefNew: 53K->0K(3008K), 0.0005624 secs]22.573: [Tenured: 19634K->19634K(39240K), 0.0187812 secs] 19687K->19634K(42248K), 0.0194720 secs]
22.596: [Full GC 22.596: [Tenured: 23540K->23540K(39240K), 0.0188736 secs] 23540K->23540K(42248K), [Perm : 19K->19K(8192K)], 0.0189762 secs]
22.617: [Full GC 22.617: [Tenured: 23540K->11821K(39240K), 0.0397411 secs] 23594K->11821K(42248K), [Perm : 19K->19K(8192K)], 0.0398531 secs]
22.658: [GC 22.658: [DefNew: 53K->0K(3008K), 0.0003989 secs]22.658: [Tenured: 11821K->11821K(39240K), 0.0187731 secs] 11875K->11821K(42248K), 0.0192930 secs]
22.683: [GC 22.683: [DefNew: 53K->0K(3008K), 0.0004772 secs]22.683: [Tenured: 15728K->15728K(39240K), 0.0187527 secs] 15781K->15728K(42248K), 0.0193608 secs]
22.707: [GC 22.707: [DefNew: 53K->0K(3008K), 0.0005003 secs]22.707: [Tenured: 19634K->19634K(39240K), 0.0187887 secs] 19688K->19634K(42248K), 0.0194142 secs]
22.731: [Full GC 22.731: [Tenured: 23540K->23540K(39240K), 0.0188845 secs] 23540K->23540K(42248K), [Perm : 19K->19K(8192K)], 0.0189887 secs]
22.751: [Full GC 22.751: [Tenured: 23540K->11821K(39240K), 0.0396528 secs] 23594K->11821K(42248K), [Perm : 19K->19K(8192K)], 0.0397576 secs]
22.791: [GC 22.791: [DefNew: 53K->0K(3008K), 0.0004001 secs]22.792: [Tenured: 11821K->11821K(39240K), 0.0185990 secs] 11875K->11821K(42248K), 0.0191161 secs]
22.815: [GC 22.815: [DefNew: 53K->0K(3008K), 0.0004618 secs]22.816: [Tenured: 15728K->15728K(39240K), 0.0187060 secs] 15781K->15728K(42248K), 0.0192944 secs]
22.839: [GC 22.839: [DefNew: 53K->0K(3008K), 0.0005165 secs]22.840: [Tenured: 19634K->19634K(39240K), 0.0187960 secs] 19688K->19634K(42248K), 0.0194416 secs]
22.864: [Full GC 22.864: [Tenured: 23540K->23540K(39240K), 0.0336660 secs] 23540K->23540K(42248K), [Perm : 19K->19K(8192K)], 0.0337847 secs]
22.899: [Full GC 22.899: [Tenured: 23540K->11821K(39240K), 0.0396453 secs] 23594K->11821K(42248K), [Perm : 19K->19K(8192K)], 0.0397525 secs]
22.939: [GC 22.939: [DefNew: 53K->0K(3008K), 0.0004079 secs]22.940: [Tenured: 11821K->11821K(39240K), 0.0185820 secs] 11875K->11821K(42248K), 0.0191094 secs]
22.963: [GC 22.963: [DefNew: 53K->0K(3008K), 0.0004604 secs]22.964: [Tenured: 15728K->15728K(39240K), 0.0187152 secs] 15781K->15728K(42248K), 0.0193175 secs]
22.987: [GC 22.987: [DefNew: 53K->0K(3008K), 0.0005121 secs]22.988: [Tenured: 19634K->19634K(39240K), 0.0288241 secs] 19688K->19634K(42248K), 0.0294825 secs]
23.022: [Full GC 23.022: [Tenured: 23540K->23540K(39240K), 0.0190359 secs] 23540K->23540K(42248K), [Perm : 19K->19K(8192K)], 0.0191427 secs]
23.044: [Full GC 23.044: [Tenured: 23540K->11821K(39240K), 0.0394329 secs] 23594K->11821K(42248K), [Perm : 19K->19K(8192K)], 0.0395464 secs]
23.084: [GC 23.084: [DefNew: 53K->0K(3008K), 0.0004006 secs]23.085: [Tenured: 11821K->11821K(39240K), 0.0186867 secs] 11875K->11821K(42248K), 0.0192080 secs]
23.110: [GC 23.110: [DefNew: 53K->0K(3008K), 0.0004783 secs]23.110: [Tenured: 15728K->15727K(39240K), 0.0234566 secs] 15781K->15727K(42248K), 0.0240735 secs]
23.139: [GC 23.139: [DefNew: 53K->0K(3008K), 0.0005557 secs]23.140: [Tenured: 19634K->19634K(39240K), 0.0188136 secs] 19687K->19634K(42248K), 0.0194994 secs]
23.163: [Full GC 23.163: [Tenured: 23540K->23540K(39240K), 0.0189613 secs] 23540K->23540K(42248K), [Perm : 19K->19K(8192K)], 0.0190703 secs]
23.183: [Full GC 23.184: [Tenured: 23540K->11821K(39240K), 0.0395620 secs] 23594K->11821K(42248K), [Perm : 19K->19K(8192K)], 0.0396657 secs]
23.223: [GC 23.223: [DefNew: 53K->0K(3008K), 0.0003961 secs]23.224: [Tenured: 11821K->11821K(39240K), 0.0185982 secs] 11875K->11821K(42248K), 0.0191091 secs]
23.247: [GC 23.247: [DefNew: 53K->0K(3008K), 0.0004677 secs]23.248: [Tenured: 15728K->15728K(39240K), 0.0187284 secs] 15781K->15728K(42248K), 0.0193237 secs]
23.271: [GC 23.271: [DefNew: 53K->0K(3008K), 0.0005149 secs]23.272: [Tenured: 19634K->19634K(39240K), 0.0189742 secs] 19688K->19634K(42248K), 0.0196209 secs]
23.296: [Full GC 23.296: [Tenured: 23540K->23540K(39240K), 0.0188770 secs] 23540K->23540K(42248K), [Perm : 19K->19K(8192K)], 0.0189787 secs]
23.316: [Full GC 23.316: [Tenured: 23540K->11821K(39240K), 0.0396657 secs] 23594K->11821K(42248K), [Perm : 19K->19K(8192K)], 0.0397707 secs]
23.356: [GC 23.356: [DefNew: 53K->0K(3008K), 0.0004065 secs]23.357: [Tenured: 11821K->11821K(39240K), 0.0186074 secs] 11875K->11821K(42248K), 0.0191340 secs]
23.380: [GC 23.380: [DefNew: 53K->0K(3008K), 0.0004732 secs]23.381: [Tenured: 15728K->15728K(39240K), 0.0187359 secs] 15781K->15728K(42248K), 0.0193393 secs]
23.405: [GC 23.405: [DefNew: 53K->0K(3008K), 0.0005179 secs]23.405: [Tenured: 19634K->19634K(39240K), 0.0189820 secs] 19688K->19634K(42248K), 0.0196341 secs]
23.429: [Full GC 23.429: [Tenured: 23540K->23540K(39240K), 0.0193877 secs] 23540K->23540K(42248K), [Perm : 19K->19K(8192K)], 0.0194963 secs]
23.450: [Full GC 23.450: [Tenured: 23540K->11821K(39240K), 0.0396807 secs] 23594K->11821K(42248K), [Perm : 19K->19K(8192K)], 0.0397900 secs]
23.491: [GC 23.491: [DefNew: 53K->0K(3008K), 0.0004154 secs]23.491: [Tenured: 11821K->11821K(39240K), 0.0187325 secs] 11875K->11821K(42248K), 0.0192731 secs]
23.515: [GC 23.515: [DefNew: 53K->0K(3008K), 0.0004657 secs]23.515: [Tenured: 15728K->15728K(39240K), 0.0187113 secs] 15781K->15728K(42248K), 0.0193027 secs]
23.539: [GC 23.539: [DefNew: 53K->0K(3008K), 0.0004998 secs]23.539: [Tenured: 19634K->19634K(39240K), 0.0285849 secs] 19688K->19634K(42248K), 0.0292210 secs]
23.573: [Full GC 23.573: [Tenured: 23540K->23540K(39240K), 0.0188999 secs] 23540K->23540K(42248K), [Perm : 19K->19K(8192K)], 0.0191480 secs]
23.594: [Full GC 23.594: [Tenured: 23540K->11821K(39240K), 0.0395939 secs] 23594K->11821K(42248K), [Perm : 19K->19K(8192K)], 0.0397003 secs]
23.635: [GC 23.635: [DefNew: 53K->0K(3008K), 0.0004232 secs]23.635: [Tenured: 11821K->11821K(39240K), 0.0186867 secs] 11875K->11821K(42248K), 0.0192360 secs]
23.659: [GC 23.659: [DefNew: 53K->0K(3008K), 0.0004607 secs]23.659: [Tenured: 15728K->15727K(39240K), 0.0234521 secs] 15781K->15727K(42248K), 0.0240494 secs]
23.688: [GC 23.688: [DefNew: 53K->0K(3008K), 0.0005484 secs]23.688: [Tenured: 19634K->19634K(39240K), 0.0189672 secs] 19687K->19634K(42248K), 0.0196444 secs]
23.713: [Full GC 23.713: [Tenured: 23540K->23540K(39240K), 0.0188828 secs] 23540K->23540K(42248K), [Perm : 19K->19K(8192K)], 0.0189893 secs]
23.733: [Full GC 23.733: [Tenured: 23540K->11821K(39240K), 0.0396414 secs] 23594K->11821K(42248K), [Perm : 19K->19K(8192K)], 0.0397531 secs]
23.773: [GC 23.773: [DefNew: 53K->0K(3008K), 0.0004137 secs]23.774: [Tenured: 11821K->11821K(39240K), 0.0189161 secs] 11875K->11821K(42248K), 0.0194466 secs]
23.798: [GC 23.798: [DefNew: 53K->0K(3008K), 0.0004707 secs]23.798: [Tenured: 15728K->15728K(39240K), 0.0187306 secs] 15781K->15728K(42248K), 0.0193323 secs]
23.822: [GC 23.822: [DefNew: 53K->0K(3008K), 0.0005171 secs]23.823: [Tenured: 19634K->19634K(39240K), 0.0187971 secs] 19688K->19634K(42248K), 0.0194427 secs]
23.846: [Full GC 23.846: [Tenured: 23540K->23540K(39240K), 0.0188742 secs] 23540K->23540K(42248K), [Perm : 19K->19K(8192K)], 0.0189764 secs]
23.866: [Full GC 23.867: [Tenured: 23540K->11821K(39240K), 0.0398822 secs] 23594K->11821K(42248K), [Perm : 19K->19K(8192K)], 0.0399917 secs]
23.907: [GC 23.907: [DefNew: 53K->0K(3008K), 0.0004146 secs]23.908: [Tenured: 11821K->11821K(39240K), 0.0186116 secs] 11875K->11821K(42248K), 0.0191485 secs]
23.931: [GC 23.931: [DefNew: 53K->0K(3008K), 0.0004718 secs]23.932: [Tenured: 15728K->15728K(39240K), 0.0187130 secs] 15781K->15728K(42248K), 0.0193136 secs]
23.956: [GC 23.956: [DefNew: 53K->0K(3008K), 0.0005140 secs]23.956: [Tenured: 19634K->19634K(39240K), 0.0187957 secs] 19688K->19634K(42248K), 0.0194379 secs]
23.980: [Full GC 23.980: [Tenured: 23540K->23540K(39240K), 0.0337124 secs] 23540K->23540K(42248K), [Perm : 19K->19K(8192K)], 0.0338314 secs]
24.017: [Full GC 24.017: [Tenured: 23540K->11821K(39240K), 0.0392924 secs] 23594K->11821K(42248K), [Perm : 19K->19K(8192K)], 0.0394047 secs]
24.057: [GC 24.057: [DefNew: 53K->0K(3008K), 0.0003995 secs]24.057: [Tenured: 11821K->11821K(39240K), 0.0186571 secs] 11875K->11821K(42248K), 0.0191776 secs]
24.081: [GC 24.081: [DefNew: 53K->0K(3008K), 0.0004755 secs]24.082: [Tenured: 15728K->15728K(39240K), 0.0187219 secs] 15781K->15728K(42248K), 0.0193268 secs]
24.105: [GC 24.105: [DefNew: 53K->0K(3008K), 0.0005057 secs]24.106: [Tenured: 19634K->19634K(39240K), 0.0285737 secs] 19688K->19634K(42248K), 0.0292177 secs]
24.140: [Full GC 24.140: [Tenured: 23540K->23540K(39240K), 0.0188848 secs] 23540K->23540K(42248K), [Perm : 19K->19K(8192K)], 0.0189912 secs]
24.162: [Full GC 24.162: [Tenured: 23540K->11821K(39240K), 0.0396143 secs] 23594K->11821K(42248K), [Perm : 19K->19K(8192K)], 0.0397254 secs]
24.202: [GC 24.202: [DefNew: 53K->0K(3008K), 0.0004009 secs]24.202: [Tenured: 11821K->11821K(39240K), 0.0187499 secs] 11875K->11821K(42248K), 0.0192700 secs]
24.226: [GC 24.226: [DefNew: 53K->0K(3008K), 0.0004615 secs]24.227: [Tenured: 15728K->15728K(39240K), 0.0187272 secs] 15781K->15728K(42248K), 0.0193150 secs]
24.251: [GC 24.251: [DefNew: 53K->0K(3008K), 0.0005193 secs]24.251: [Tenured: 19634K->19634K(39240K), 0.0187904 secs] 19688K->19634K(42248K), 0.0194402 secs]
24.275: [Full GC 24.275: [Tenured: 23540K->23540K(39240K), 0.0188937 secs] 23540K->23540K(42248K), [Perm : 19K->19K(8192K)], 0.0189985 secs]
24.296: [Full GC 24.296: [Tenured: 23540K->11821K(39240K), 0.0398397 secs] 23594K->11821K(42248K), [Perm : 19K->19K(8192K)], 0.0399688 secs]
24.337: [GC 24.337: [DefNew: 53K->0K(3008K), 0.0004026 secs]24.337: [Tenured: 11821K->11821K(39240K), 0.0186107 secs] 11875K->11821K(42248K), 0.0191309 secs]
24.361: [GC 24.361: [DefNew: 53K->0K(3008K), 0.0004623 secs]24.361: [Tenured: 15728K->15728K(39240K), 0.0187163 secs] 15781K->15728K(42248K), 0.0193047 secs]
24.385: [GC 24.385: [DefNew: 53K->0K(3008K), 0.0005157 secs]24.385: [Tenured: 19634K->19634K(39240K), 0.0188035 secs] 19688K->19634K(42248K), 0.0194474 secs]
24.410: [Full GC 24.410: [Tenured: 23540K->23540K(39240K), 0.0194824 secs] 23540K->23540K(42248K), [Perm : 19K->19K(8192K)], 0.0195952 secs]
24.431: [Full GC 24.431: [Tenured: 23540K->11821K(39240K), 0.0398417 secs] 23594K->11821K(42248K), [Perm : 19K->19K(8192K)], 0.0399531 secs]
24.472: [GC 24.472: [DefNew: 53K->0K(3008K), 0.0004171 secs]24.473: [Tenured: 11821K->11821K(39240K), 0.0186029 secs] 11875K->11821K(42248K), 0.0191580 secs]
24.497: [GC 24.497: [DefNew: 53K->0K(3008K), 0.0004772 secs]24.497: [Tenured: 15728K->15728K(39240K), 0.0188812 secs] 15781K->15728K(42248K), 0.0194907 secs]
24.521: [GC 24.521: [DefNew: 53K->0K(3008K), 0.0005138 secs]24.522: [Tenured: 19634K->19634K(39240K), 0.0188988 secs] 19688K->19634K(42248K), 0.0195447 secs]
24.545: [Full GC 24.545: [Tenured: 23540K->23540K(39240K), 0.0335260 secs] 23540K->23540K(42248K), [Perm : 19K->19K(8192K)], 0.0336384 secs]
24.580: [Full GC 24.580: [Tenured: 23540K->11821K(39240K), 0.0397126 secs] 23594K->11821K(42248K), [Perm : 19K->19K(8192K)], 0.0398221 secs]
24.621: [GC 24.621: [DefNew: 53K->0K(3008K), 0.0004040 secs]24.621: [Tenured: 11821K->11821K(39240K), 0.0186423 secs] 11875K->11821K(42248K), 0.0191647 secs]
24.645: [GC 24.645: [DefNew: 53K->0K(3008K), 0.0004607 secs]24.645: [Tenured: 15728K->15728K(39240K), 0.0187261 secs] 15781K->15728K(42248K), 0.0193122 secs]
24.671: [GC 24.671: [DefNew: 53K->0K(3008K), 0.0005196 secs]24.671: [Tenured: 19634K->19634K(39240K), 0.0286654 secs] 19688K->19634K(42248K), 0.0293303 secs]
24.705: [Full GC 24.705: [Tenured: 23540K->23540K(39240K), 0.0190446 secs] 23540K->23540K(42248K), [Perm : 19K->19K(8192K)], 0.0191527 secs]
24.726: [Full GC 24.726: [Tenured: 23540K->11821K(39240K), 0.0396752 secs] 23594K->11821K(42248K), [Perm : 19K->19K(8192K)], 0.0397866 secs]
24.766: [GC 24.766: [DefNew: 53K->0K(3008K), 0.0003981 secs]24.766: [Tenured: 11821K->11821K(39240K), 0.0186194 secs] 11875K->11821K(42248K), 0.0191340 secs]
24.791: [GC 24.791: [DefNew: 53K->0K(3008K), 0.0004786 secs]24.791: [Tenured: 15728K->15727K(39240K), 0.0234572 secs] 15781K->15727K(42248K), 0.0240765 secs]
24.820: [GC 24.820: [DefNew: 53K->0K(3008K), 0.0005601 secs]24.821: [Tenured: 19634K->19634K(39240K), 0.0189843 secs] 19687K->19634K(42248K), 0.0196774 secs]
24.844: [Full GC 24.845: [Tenured: 23540K->23540K(39240K), 0.0189136 secs] 23540K->23540K(42248K), [Perm : 19K->19K(8192K)], 0.0190200 secs]
24.865: [Full GC 24.865: [Tenured: 23540K->11821K(39240K), 0.0396869 secs] 23594K->11821K(42248K), [Perm : 19K->19K(8192K)], 0.0397970 secs]
24.906: [GC 24.906: [DefNew: 53K->0K(3008K), 0.0004037 secs]24.906: [Tenured: 11821K->11821K(39240K), 0.0187940 secs] 11875K->11821K(42248K), 0.0193198 secs]
24.930: [GC 24.930: [DefNew: 53K->0K(3008K), 0.0004774 secs]24.931: [Tenured: 15728K->15728K(39240K), 0.0187865 secs] 15781K->15728K(42248K), 0.0193958 secs]
24.954: [GC 24.954: [DefNew: 53K->0K(3008K), 0.0005037 secs]24.955: [Tenured: 19634K->19634K(39240K), 0.0188152 secs] 19688K->19634K(42248K), 0.0194447 secs]
24.979: [Full GC 24.979: [Tenured: 23540K->23540K(39240K), 0.0188979 secs] 23540K->23540K(42248K), [Perm : 19K->19K(8192K)], 0.0190041 secs]
24.999: [Full GC 24.999: [Tenured: 23540K->11821K(39240K), 0.0397092 secs] 23594K->11821K(42248K), [Perm : 19K->19K(8192K)], 0.0398157 secs]
25.039: [GC 25.039: [DefNew: 53K->0K(3008K), 0.0004017 secs]25.039: [Tenured: 11821K->11821K(39240K), 0.0186183 secs] 11875K->11821K(42248K), 0.0191387 secs]
25.063: [GC 25.063: [DefNew: 53K->0K(3008K), 0.0004710 secs]25.063: [Tenured: 15728K->15728K(39240K), 0.0187390 secs] 15781K->15728K(42248K), 0.0193399 secs]
25.087: [GC 25.087: [DefNew: 53K->0K(3008K), 0.0005107 secs]25.088: [Tenured: 19634K->19634K(39240K), 0.0188692 secs] 19688K->19634K(42248K), 0.0195075 secs]
25.111: [Full GC 25.112: [Tenured: 23540K->23540K(39240K), 0.0335227 secs] 23540K->23540K(42248K), [Perm : 19K->19K(8192K)], 0.0336375 secs]
25.146: [Full GC 25.146: [Tenured: 23540K->11821K(39240K), 0.0396981 secs] 23594K->11821K(42248K), [Perm : 19K->19K(8192K)], 0.0398053 secs]
25.190: [GC 25.190: [DefNew: 53K->0K(3008K), 0.0004235 secs]25.190: [Tenured: 11821K->11821K(39240K), 0.0186004 secs] 11875K->11821K(42248K), 0.0191485 secs]
25.214: [GC 25.214: [DefNew: 53K->0K(3008K), 0.0004612 secs]25.214: [Tenured: 15728K->15728K(39240K), 0.0188803 secs] 15781K->15728K(42248K), 0.0194695 secs]
25.238: [GC 25.238: [DefNew: 53K->0K(3008K), 0.0005107 secs]25.239: [Tenured: 19634K->19634K(39240K), 0.0288844 secs] 19688K->19634K(42248K), 0.0297038 secs]
25.273: [Full GC 25.273: [Tenured: 23540K->23540K(39240K), 0.0189840 secs] 23540K->23540K(42248K), [Perm : 19K->19K(8192K)], 0.0190932 secs]
25.293: [Full GC 25.293: [Tenured: 23540K->11821K(39240K), 0.0395844 secs] 23594K->11821K(42248K), [Perm : 19K->19K(8192K)], 0.0396863 secs]
25.333: [GC 25.333: [DefNew: 53K->0K(3008K), 0.0004048 secs]25.334: [Tenured: 11821K->11821K(39240K), 0.0186700 secs] 11875K->11821K(42248K), 0.0191943 secs]
25.357: [GC 25.357: [DefNew: 53K->0K(3008K), 0.0004640 secs]25.358: [Tenured: 15728K->15727K(39240K), 0.0234700 secs] 15781K->15727K(42248K), 0.0240704 secs]
25.386: [GC 25.387: [DefNew: 53K->0K(3008K), 0.0005610 secs]25.387: [Tenured: 19634K->19634K(39240K), 0.0188192 secs] 19687K->19634K(42248K), 0.0195097 secs]
25.411: [Full GC 25.411: [Tenured: 23540K->23540K(39240K), 0.0190583 secs] 23540K->23540K(42248K), [Perm : 19K->19K(8192K)], 0.0192248 secs]
25.431: [Full GC 25.431: [Tenured: 23540K->11821K(39240K), 0.0396358 secs] 23594K->11821K(42248K), [Perm : 19K->19K(8192K)], 0.0397414 secs]
25.472: [GC 25.472: [DefNew: 53K->0K(3008K), 0.0004165 secs]25.472: [Tenured: 11821K->11821K(39240K), 0.0186110 secs] 11875K->11821K(42248K), 0.0191496 secs]
25.497: [GC 25.497: [DefNew: 53K->0K(3008K), 0.0004760 secs]25.497: [Tenured: 15727K->15727K(39240K), 0.0187493 secs] 15781K->15727K(42248K), 0.0193572 secs]
25.521: [GC 25.521: [DefNew: 53K->0K(3008K), 0.0005593 secs]25.521: [Tenured: 19634K->19634K(39240K), 0.0188334 secs] 19687K->19634K(42248K), 0.0195206 secs]
25.545: [Full GC 25.545: [Tenured: 23540K->23540K(39240K), 0.0188854 secs] 23540K->23540K(42248K), [Perm : 19K->19K(8192K)], 0.0189862 secs]
25.565: [Full GC 25.565: [Tenured: 23540K->11821K(39240K), 0.0396123 secs] 23594K->11821K(42248K), [Perm : 19K->19K(8192K)], 0.0397171 secs]
25.605: [GC 25.605: [DefNew: 53K->0K(3008K), 0.0004014 secs]25.606: [Tenured: 11821K->11821K(39240K), 0.0186756 secs] 11875K->11821K(42248K), 0.0191974 secs]
25.629: [GC 25.629: [DefNew: 53K->0K(3008K), 0.0004649 secs]25.630: [Tenured: 15728K->15728K(39240K), 0.0188935 secs] 15781K->15728K(42248K), 0.0194871 secs]
25.653: [GC 25.654: [DefNew: 53K->0K(3008K), 0.0005104 secs]25.654: [Tenured: 19634K->19634K(39240K), 0.0188049 secs] 19688K->19634K(42248K), 0.0194421 secs]
25.678: [Full GC 25.678: [Tenured: 23540K->23540K(39240K), 0.0336844 secs] 23540K->23540K(42248K), [Perm : 19K->19K(8192K)], 0.0338026 secs]
25.716: [Full GC 25.716: [Tenured: 23540K->11821K(39240K), 0.0397682 secs] 23594K->11821K(42248K), [Perm : 19K->19K(8192K)], 0.0398813 secs]
25.756: [GC 25.756: [DefNew: 53K->0K(3008K), 0.0003984 secs]25.756: [Tenured: 11821K->11821K(39240K), 0.0187027 secs] 11875K->11821K(42248K), 0.0192209 secs]
25.780: [GC 25.780: [DefNew: 53K->0K(3008K), 0.0004657 secs]25.780: [Tenured: 15728K->15728K(39240K), 0.0187434 secs] 15781K->15728K(42248K), 0.0193349 secs]
25.804: [GC 25.804: [DefNew: 53K->0K(3008K), 0.0005048 secs]25.804: [Tenured: 19634K->19634K(39240K), 0.0188538 secs] 19688K->19634K(42248K), 0.0194874 secs]
25.828: [Full GC 25.828: [Tenured: 23540K->23540K(39240K), 0.0189150 secs] 23540K->23540K(42248K), [Perm : 19K->19K(8192K)], 0.0190214 secs]
25.848: [Full GC 25.848: [Tenured: 23540K->11821K(39240K), 0.0396942 secs] 23594K->11821K(42248K), [Perm : 19K->19K(8192K)], 0.0397995 secs]
25.889: [GC 25.889: [DefNew: 53K->0K(3008K), 0.0004028 secs]25.889: [Tenured: 11821K->11821K(39240K), 0.0186141 secs] 11875K->11821K(42248K), 0.0191354 secs]
25.913: [GC 25.913: [DefNew: 53K->0K(3008K), 0.0004786 secs]25.914: [Tenured: 15728K->15727K(39240K), 0.0235200 secs] 15781K->15727K(42248K), 0.0241411 secs]
25.943: [GC 25.943: [DefNew: 53K->0K(3008K), 0.0005596 secs]25.943: [Tenured: 19634K->19634K(39240K), 0.0190443 secs] 19687K->19634K(42248K), 0.0197366 secs]
25.967: [Full GC 25.967: [Tenured: 23540K->23540K(39240K), 0.0189074 secs] 23540K->23540K(42248K), [Perm : 19K->19K(8192K)], 0.0190136 secs]
25.987: [Full GC 25.988: [Tenured: 23540K->11821K(39240K), 0.0396045 secs] 23594K->11821K(42248K), [Perm : 19K->19K(8192K)], 0.0397268 secs]
26.027: [GC 26.027: [DefNew: 53K->0K(3008K), 0.0003975 secs]26.028: [Tenured: 11821K->11821K(39240K), 0.0186228 secs] 11875K->11821K(42248K), 0.0191385 secs]
26.052: [GC 26.052: [DefNew: 53K->0K(3008K), 0.0004707 secs]26.052: [Tenured: 15727K->15727K(39240K), 0.0187555 secs] 15781K->15727K(42248K), 0.0193553 secs]
26.076: [GC 26.076: [DefNew: 53K->0K(3008K), 0.0005501 secs]26.076: [Tenured: 19634K->19634K(39240K), 0.0188178 secs] 19687K->19634K(42248K), 0.0194930 secs]
26.100: [Full GC 26.100: [Tenured: 23540K->23540K(39240K), 0.0189306 secs] 23540K->23540K(42248K), [Perm : 19K->19K(8192K)], 0.0190368 secs]
26.122: [Full GC 26.122: [Tenured: 23540K->11821K(39240K), 0.0395749 secs] 23594K->11821K(42248K), [Perm : 19K->19K(8192K)], 0.0396916 secs]
26.163: [GC 26.163: [DefNew: 53K->0K(3008K), 0.0004048 secs]26.163: [Tenured: 11821K->11821K(39240K), 0.0186434 secs] 11875K->11821K(42248K), 0.0191664 secs]
26.186: [GC 26.186: [DefNew: 53K->0K(3008K), 0.0004623 secs]26.187: [Tenured: 15728K->15728K(39240K), 0.0187434 secs] 15781K->15728K(42248K), 0.0193318 secs]
26.210: [GC 26.210: [DefNew: 53K->0K(3008K), 0.0005048 secs]26.211: [Tenured: 19634K->19634K(39240K), 0.0188882 secs] 19688K->19634K(42248K), 0.0195215 secs]
26.236: [Full GC 26.236: [Tenured: 23540K->23540K(39240K), 0.0189136 secs] 23540K->23540K(42248K), [Perm : 19K->19K(8192K)], 0.0190220 secs]
26.256: [Full GC 26.256: [Tenured: 23540K->11821K(39240K), 0.0396872 secs] 23594K->11821K(42248K), [Perm : 19K->19K(8192K)], 0.0397922 secs]
26.296: [GC 26.296: [DefNew: 53K->0K(3008K), 0.0004006 secs]26.297: [Tenured: 11821K->11821K(39240K), 0.0186289 secs] 11875K->11821K(42248K), 0.0191466 secs]
26.320: [GC 26.320: [DefNew: 53K->0K(3008K), 0.0004615 secs]26.321: [Tenured: 15728K->15728K(39240K), 0.0187697 secs] 15781K->15728K(42248K), 0.0193564 secs]
26.344: [GC 26.344: [DefNew: 53K->0K(3008K), 0.0005023 secs]26.345: [Tenured: 19634K->19634K(39240K), 0.0188211 secs] 19688K->19634K(42248K), 0.0194505 secs]
26.368: [Full GC 26.368: [Tenured: 23540K->23540K(39240K), 0.0189091 secs] 23540K->23540K(42248K), [Perm : 19K->19K(8192K)], 0.0190122 secs]
26.388: [Full GC 26.388: [Tenured: 23540K->11821K(39240K), 0.0398925 secs] 23594K->11821K(42248K), [Perm : 19K->19K(8192K)], 0.0400006 secs]
26.429: [GC 26.429: [DefNew: 53K->0K(3008K), 0.0004179 secs]26.430: [Tenured: 11821K->11821K(39240K), 0.0187490 secs] 11875K->11821K(42248K), 0.0192910 secs]
26.453: [GC 26.453: [DefNew: 53K->0K(3008K), 0.0004632 secs]26.454: [Tenured: 15728K->15727K(39240K), 0.0237203 secs] 15781K->15727K(42248K), 0.0243218 secs]
26.484: [GC 26.484: [DefNew: 53K->0K(3008K), 0.0005657 secs]26.484: [Tenured: 19634K->19634K(39240K), 0.0188801 secs] 19687K->19634K(42248K), 0.0195779 secs]
26.508: [Full GC 26.508: [Tenured: 23540K->23540K(39240K), 0.0189527 secs] 23540K->23540K(42248K), [Perm : 19K->19K(8192K)], 0.0190602 secs]
26.528: [Full GC 26.528: [Tenured: 23540K->11821K(39240K), 0.0396539 secs] 23594K->11821K(42248K), [Perm : 19K->19K(8192K)], 0.0397634 secs]
26.568: [GC 26.568: [DefNew: 53K->0K(3008K), 0.0003987 secs]26.569: [Tenured: 11821K->11821K(39240K), 0.0186381 secs] 11875K->11821K(42248K), 0.0191524 secs]
26.592: [GC 26.592: [DefNew: 53K->0K(3008K), 0.0004604 secs]26.593: [Tenured: 15727K->15727K(39240K), 0.0187398 secs] 15781K->15727K(42248K), 0.0193245 secs]
26.616: [GC 26.616: [DefNew: 53K->0K(3008K), 0.0005478 secs]26.617: [Tenured: 19634K->19634K(39240K), 0.0189248 secs] 19687K->19634K(42248K), 0.0196028 secs]
26.641: [Full GC 26.641: [Tenured: 23540K->23540K(39240K), 0.0189731 secs] 23540K->23540K(42248K), [Perm : 19K->19K(8192K)], 0.0190818 secs]
26.661: [Full GC 26.661: [Tenured: 23540K->11821K(39240K), 0.0395095 secs] 23594K->11821K(42248K), [Perm : 19K->19K(8192K)], 0.0396168 secs]
26.701: [GC 26.701: [DefNew: 53K->0K(3008K), 0.0003987 secs]26.701: [Tenured: 11821K->11821K(39240K), 0.0186334 secs] 11875K->11821K(42248K), 0.0191485 secs]
26.725: [GC 26.725: [DefNew: 53K->0K(3008K), 0.0004657 secs]26.725: [Tenured: 15728K->15728K(39240K), 0.0187806 secs] 15781K->15728K(42248K), 0.0193955 secs]
26.750: [GC 26.750: [DefNew: 53K->0K(3008K), 0.0005216 secs]26.750: [Tenured: 19634K->19634K(39240K), 0.0188292 secs] 19688K->19634K(42248K), 0.0194812 secs]
26.775: [Full GC 26.775: [Tenured: 23540K->23540K(39240K), 0.0337817 secs] 23540K->23540K(42248K), [Perm : 19K->19K(8192K)], 0.0338945 secs]
26.810: [Full GC 26.810: [Tenured: 23540K->11821K(39240K), 0.0396693 secs] 23594K->11821K(42248K), [Perm : 19K->19K(8192K)], 0.0397746 secs]
26.850: [GC 26.850: [DefNew: 53K->0K(3008K), 0.0003981 secs]26.850: [Tenured: 11821K->11821K(39240K), 0.0186633 secs] 11875K->11821K(42248K), 0.0191801 secs]
26.874: [GC 26.874: [DefNew: 53K->0K(3008K), 0.0004735 secs]26.874: [Tenured: 15728K->15728K(39240K), 0.0187323 secs] 15781K->15728K(42248K), 0.0193354 secs]
26.898: [GC 26.898: [DefNew: 53K->0K(3008K), 0.0005026 secs]26.899: [Tenured: 19634K->19634K(39240K), 0.0189046 secs] 19688K->19634K(42248K), 0.0195363 secs]
26.923: [Full GC 26.923: [Tenured: 23540K->23540K(39240K), 0.0189331 secs] 23540K->23540K(42248K), [Perm : 19K->19K(8192K)], 0.0190382 secs]
26.943: [Full GC 26.943: [Tenured: 23540K->11821K(39240K), 0.0398274 secs] 23594K->11821K(42248K), [Perm : 19K->19K(8192K)], 0.0399333 secs]
26.984: [GC 26.984: [DefNew: 53K->0K(3008K), 0.0004037 secs]26.984: [Tenured: 11821K->11821K(39240K), 0.0186208 secs] 11875K->11821K(42248K), 0.0191421 secs]
27.008: [GC 27.008: [DefNew: 53K->0K(3008K), 0.0004593 secs]27.008: [Tenured: 15728K->15727K(39240K), 0.0234759 secs] 15781K->15727K(42248K), 0.0240698 secs]
27.037: [GC 27.037: [DefNew: 53K->0K(3008K), 0.0005646 secs]27.038: [Tenured: 19634K->19634K(39240K), 0.0189164 secs] 19687K->19634K(42248K), 0.0196134 secs]
27.061: [Full GC 27.061: [Tenured: 23540K->23540K(39240K), 0.0189058 secs] 23540K->23540K(42248K), [Perm : 19K->19K(8192K)], 0.0190072 secs]
27.081: [Full GC 27.081: [Tenured: 23540K->11821K(39240K), 0.0396129 secs] 23594K->11821K(42248K), [Perm : 19K->19K(8192K)], 0.0397182 secs]
27.122: [GC 27.122: [DefNew: 53K->0K(3008K), 0.0004014 secs]27.122: [Tenured: 11821K->11821K(39240K), 0.0186314 secs] 11875K->11821K(42248K), 0.0191505 secs]
27.145: [GC 27.145: [DefNew: 53K->0K(3008K), 0.0004590 secs]27.146: [Tenured: 15727K->15727K(39240K), 0.0188002 secs] 15781K->15727K(42248K), 0.0193846 secs]
27.170: [GC 27.170: [DefNew: 53K->0K(3008K), 0.0005520 secs]27.170: [Tenured: 19634K->19634K(39240K), 0.0189848 secs] 19687K->19634K(42248K), 0.0196645 secs]
27.194: [Full GC 27.194: [Tenured: 23540K->23540K(39240K), 0.0192429 secs] 23540K->23540K(42248K), [Perm : 19K->19K(8192K)], 0.0193463 secs]
27.214: [Full GC 27.214: [Tenured: 23540K->11821K(39240K), 0.0396405 secs] 23594K->11821K(42248K), [Perm : 19K->19K(8192K)], 0.0397495 secs]
27.255: [GC 27.255: [DefNew: 53K->0K(3008K), 0.0004151 secs]27.256: [Tenured: 11821K->11821K(39240K), 0.0186339 secs] 11875K->11821K(42248K), 0.0191709 secs]
27.282: [GC 27.282: [DefNew: 53K->0K(3008K), 0.0004797 secs]27.283: [Tenured: 15728K->15728K(39240K), 0.0187353 secs] 15781K->15728K(42248K), 0.0193455 secs]
27.307: [GC 27.307: [DefNew: 53K->0K(3008K), 0.0005054 secs]27.307: [Tenured: 19634K->19634K(39240K), 0.0188194 secs] 19688K->19634K(42248K), 0.0194514 secs]
27.331: [Full GC 27.331: [Tenured: 23540K->23540K(39240K), 0.0335562 secs] 23540K->23540K(42248K), [Perm : 19K->19K(8192K)], 0.0336730 secs]
27.366: [Full GC 27.366: [Tenured: 23540K->11821K(39240K), 0.0398168 secs] 23594K->11821K(42248K), [Perm : 19K->19K(8192K)], 0.0399280 secs]
27.406: [GC 27.406: [DefNew: 53K->0K(3008K), 0.0003995 secs]27.407: [Tenured: 11821K->11821K(39240K), 0.0188024 secs] 11875K->11821K(42248K), 0.0193226 secs]
27.431: [GC 27.431: [DefNew: 53K->0K(3008K), 0.0004760 secs]27.431: [Tenured: 15728K->15728K(39240K), 0.0188750 secs] 15781K->15728K(42248K), 0.0194829 secs]
27.455: [GC 27.455: [DefNew: 53K->0K(3008K), 0.0005163 secs]27.456: [Tenured: 19634K->19634K(39240K), 0.0287500 secs] 19688K->19634K(42248K), 0.0294088 secs]
27.490: [Full GC 27.490: [Tenured: 23540K->23540K(39240K), 0.0190060 secs] 23540K->23540K(42248K), [Perm : 19K->19K(8192K)], 0.0191156 secs]
27.510: [Full GC 27.510: [Tenured: 23540K->11821K(39240K), 0.0396025 secs] 23594K->11821K(42248K), [Perm : 19K->19K(8192K)], 0.0397087 secs]
27.551: [GC 27.551: [DefNew: 53K->0K(3008K), 0.0004218 secs]27.552: [Tenured: 11821K->11821K(39240K), 0.0185985 secs] 11875K->11821K(42248K), 0.0191429 secs]
27.575: [GC 27.575: [DefNew: 53K->0K(3008K), 0.0004640 secs]27.576: [Tenured: 15728K->15727K(39240K), 0.0236340 secs] 15781K->15727K(42248K), 0.0242377 secs]
27.605: [GC 27.605: [DefNew: 53K->0K(3008K), 0.0005618 secs]27.605: [Tenured: 19634K->19634K(39240K), 0.0188186 secs] 19687K->19634K(42248K), 0.0195092 secs]
27.629: [Full GC 27.629: [Tenured: 23540K->23540K(39240K), 0.0189072 secs] 23540K->23540K(42248K), [Perm : 19K->19K(8192K)], 0.0190091 secs]
27.650: [Full GC 27.650: [Tenured: 23540K->11821K(39240K), 0.0394846 secs] 23594K->11821K(42248K), [Perm : 19K->19K(8192K)], 0.0395964 secs]
27.689: [GC 27.689: [DefNew: 53K->0K(3008K), 0.0004017 secs]27.690: [Tenured: 11821K->11821K(39240K), 0.0186370 secs] 11875K->11821K(42248K), 0.0191580 secs]
27.713: [GC 27.714: [DefNew: 53K->0K(3008K), 0.0004746 secs]27.714: [Tenured: 15728K->15728K(39240K), 0.0187325 secs] 15781K->15728K(42248K), 0.0193368 secs]
27.738: [GC 27.738: [DefNew: 53K->0K(3008K), 0.0005037 secs]27.738: [Tenured: 19634K->19634K(39240K), 0.0189197 secs] 19688K->19634K(42248K), 0.0195508 secs]
27.763: [Full GC 27.763: [Tenured: 23540K->23540K(39240K), 0.0189080 secs] 23540K->23540K(42248K), [Perm : 19K->19K(8192K)], 0.0190150 secs]
27.783: [Full GC 27.783: [Tenured: 23540K->11821K(39240K), 0.0396883 secs] 23594K->11821K(42248K), [Perm : 19K->19K(8192K)], 0.0397947 secs]
27.824: [GC 27.824: [DefNew: 53K->0K(3008K), 0.0004190 secs]27.824: [Tenured: 11821K->11821K(39240K), 0.0186026 secs] 11875K->11821K(42248K), 0.0191432 secs]
27.847: [GC 27.848: [DefNew: 53K->0K(3008K), 0.0004612 secs]27.848: [Tenured: 15728K->15728K(39240K), 0.0187418 secs] 15781K->15728K(42248K), 0.0193284 secs]
27.872: [GC 27.872: [DefNew: 53K->0K(3008K), 0.0005146 secs]27.872: [Tenured: 19634K->19634K(39240K), 0.0188245 secs] 19688K->19634K(42248K), 0.0194667 secs]
27.896: [Full GC 27.896: [Tenured: 23540K->23540K(39240K), 0.0338423 secs] 23540K->23540K(42248K), [Perm : 19K->19K(8192K)], 0.0339563 secs]
27.931: [Full GC 27.931: [Tenured: 23540K->11821K(39240K), 0.0396472 secs] 23594K->11821K(42248K), [Perm : 19K->19K(8192K)], 0.0397576 secs]
27.972: [GC 27.972: [DefNew: 53K->0K(3008K), 0.0004003 secs]27.972: [Tenured: 11821K->11821K(39240K), 0.0186135 secs] 11875K->11821K(42248K), 0.0191309 secs]
27.995: [GC 27.996: [DefNew: 53K->0K(3008K), 0.0004618 secs]27.996: [Tenured: 15728K->15728K(39240K), 0.0187323 secs] 15781K->15728K(42248K), 0.0194645 secs]
28.022: [GC 28.022: [DefNew: 53K->0K(3008K), 0.0005199 secs]28.023: [Tenured: 19634K->19634K(39240K), 0.0286254 secs] 19688K->19634K(42248K), 0.0292886 secs]
28.057: [Full GC 28.057: [Tenured: 23540K->23540K(39240K), 0.0189139 secs] 23540K->23540K(42248K), [Perm : 19K->19K(8192K)], 0.0190206 secs]
28.077: [Full GC 28.077: [Tenured: 23540K->11821K(39240K), 0.0396469 secs] 23594K->11821K(42248K), [Perm : 19K->19K(8192K)], 0.0397562 secs]
28.117: [GC 28.117: [DefNew: 53K->0K(3008K), 0.0004009 secs]28.117: [Tenured: 11821K->11821K(39240K), 0.0186448 secs] 11875K->11821K(42248K), 0.0191631 secs]
28.141: [GC 28.141: [DefNew: 53K->0K(3008K), 0.0004649 secs]28.141: [Tenured: 15728K->15728K(39240K), 0.0187848 secs] 15781K->15728K(42248K), 0.0193782 secs]
28.165: [GC 28.165: [DefNew: 53K->0K(3008K), 0.0005124 secs]28.166: [Tenured: 19634K->19634K(39240K), 0.0188192 secs] 19688K->19634K(42248K), 0.0194595 secs]
28.190: [Full GC 28.190: [Tenured: 23540K->23540K(39240K), 0.0191270 secs] 23540K->23540K(42248K), [Perm : 19K->19K(8192K)], 0.0192348 secs]
28.210: [Full GC 28.210: [Tenured: 23540K->11821K(39240K), 0.0397422 secs] 23594K->11821K(42248K), [Perm : 19K->19K(8192K)], 0.0398467 secs]
28.251: [GC 28.251: [DefNew: 53K->0K(3008K), 0.0004218 secs]28.252: [Tenured: 11821K->11821K(39240K), 0.0186177 secs] 11875K->11821K(42248K), 0.0191818 secs]
28.275: [GC 28.275: [DefNew: 53K->0K(3008K), 0.0004718 secs]28.276: [Tenured: 15727K->15727K(39240K), 0.0187387 secs] 15781K->15727K(42248K), 0.0193393 secs]
28.299: [GC 28.299: [DefNew: 53K->0K(3008K), 0.0005531 secs]28.300: [Tenured: 19634K->19634K(39240K), 0.0189586 secs] 19687K->19634K(42248K), 0.0196408 secs]
28.324: [Full GC 28.324: [Tenured: 23540K->23540K(39240K), 0.0189139 secs] 23540K->23540K(42248K), [Perm : 19K->19K(8192K)], 0.0190217 secs]
28.344: [Full GC 28.344: [Tenured: 23540K->11821K(39240K), 0.0396936 secs] 23594K->11821K(42248K), [Perm : 19K->19K(8192K)], 0.0398003 secs]
28.384: [GC 28.384: [DefNew: 53K->0K(3008K), 0.0004031 secs]28.385: [Tenured: 11821K->11821K(39240K), 0.0186130 secs] 11875K->11821K(42248K), 0.0191332 secs]
28.408: [GC 28.409: [DefNew: 53K->0K(3008K), 0.0004772 secs]28.409: [Tenured: 15728K->15728K(39240K), 0.0189027 secs] 15781K->15728K(42248K), 0.0195137 secs]
28.433: [GC 28.433: [DefNew: 53K->0K(3008K), 0.0005149 secs]28.434: [Tenured: 19634K->19634K(39240K), 0.0189451 secs] 19688K->19634K(42248K), 0.0195910 secs]
28.457: [Full GC 28.457: [Tenured: 23540K->23540K(39240K), 0.0335576 secs] 23540K->23540K(42248K), [Perm : 19K->19K(8192K)], 0.0336724 secs]
28.493: [Full GC 28.493: [Tenured: 23540K->11821K(39240K), 0.0397388 secs] 23594K->11821K(42248K), [Perm : 19K->19K(8192K)], 0.0398486 secs]
28.533: [GC 28.533: [DefNew: 53K->0K(3008K), 0.0003987 secs]28.533: [Tenured: 11821K->11821K(39240K), 0.0186228 secs] 11875K->11821K(42248K), 0.0191362 secs]
28.557: [GC 28.557: [DefNew: 53K->0K(3008K), 0.0004682 secs]28.557: [Tenured: 15728K->15728K(39240K), 0.0187460 secs] 15781K->15728K(42248K), 0.0193424 secs]
28.582: [GC 28.582: [DefNew: 53K->0K(3008K), 0.0005202 secs]28.582: [Tenured: 19634K->19634K(39240K), 0.0188197 secs] 19688K->19634K(42248K), 0.0194687 secs]
28.607: [Full GC 28.607: [Tenured: 23540K->23540K(39240K), 0.0190594 secs] 23540K->23540K(42248K), [Perm : 19K->19K(8192K)], 0.0191670 secs]
28.627: [Full GC 28.627: [Tenured: 23540K->11821K(39240K), 0.0396916 secs] 23594K->11821K(42248K), [Perm : 19K->19K(8192K)], 0.0397961 secs]
28.667: [GC 28.667: [DefNew: 53K->0K(3008K), 0.0003961 secs]28.667: [Tenured: 11821K->11821K(39240K), 0.0186264 secs] 11875K->11821K(42248K), 0.0191382 secs]
28.691: [GC 28.691: [DefNew: 53K->0K(3008K), 0.0004663 secs]28.691: [Tenured: 15728K->15728K(39240K), 0.0187362 secs] 15781K->15728K(42248K), 0.0193293 secs]
28.715: [GC 28.716: [DefNew: 53K->0K(3008K), 0.0005185 secs]28.716: [Tenured: 19634K->19634K(39240K), 0.0188122 secs] 19688K->19634K(42248K), 0.0194595 secs]
28.740: [Full GC 28.740: [Tenured: 23540K->23540K(39240K), 0.0189611 secs] 23540K->23540K(42248K), [Perm : 19K->19K(8192K)], 0.0190630 secs]
28.760: [Full GC 28.760: [Tenured: 23540K->11821K(39240K), 0.0397676 secs] 23594K->11821K(42248K), [Perm : 19K->19K(8192K)], 0.0398771 secs]
28.801: [GC 28.801: [DefNew: 53K->0K(3008K), 0.0003992 secs]28.801: [Tenured: 11821K->11821K(39240K), 0.0187574 secs] 11875K->11821K(42248K), 0.0192748 secs]
28.825: [GC 28.825: [DefNew: 53K->0K(3008K), 0.0004766 secs]28.826: [Tenured: 15727K->15727K(39240K), 0.0187510 secs] 15781K->15727K(42248K), 0.0193567 secs]
28.850: [GC 28.850: [DefNew: 53K->0K(3008K), 0.0005632 secs]28.851: [Tenured: 19634K->19634K(39240K), 0.0188398 secs] 19687K->19634K(42248K), 0.0195327 secs]
28.874: [Full GC 28.874: [Tenured: 23540K->23540K(39240K), 0.0188982 secs] 23540K->23540K(42248K), [Perm : 19K->19K(8192K)], 0.0190002 secs]
28.894: [Full GC 28.894: [Tenured: 23540K->11821K(39240K), 0.0396327 secs] 23594K->11821K(42248K), [Perm : 19K->19K(8192K)], 0.0397375 secs]
28.934: [GC 28.935: [DefNew: 53K->0K(3008K), 0.0004014 secs]28.935: [Tenured: 11821K->11821K(39240K), 0.0186230 secs] 11875K->11821K(42248K), 0.0191421 secs]
28.958: [GC 28.958: [DefNew: 53K->0K(3008K), 0.0004640 secs]28.959: [Tenured: 15728K->15728K(39240K), 0.0187549 secs] 15781K->15728K(42248K), 0.0193460 secs]
28.982: [GC 28.982: [DefNew: 53K->0K(3008K), 0.0005059 secs]28.983: [Tenured: 19634K->19634K(39240K), 0.0188200 secs] 19688K->19634K(42248K), 0.0194508 secs]
29.007: [Full GC 29.007: [Tenured: 23540K->23540K(39240K), 0.0337713 secs] 23540K->23540K(42248K), [Perm : 19K->19K(8192K)], 0.0338926 secs]
29.042: [Full GC 29.042: [Tenured: 23540K->11821K(39240K), 0.0395972 secs] 23594K->11821K(42248K), [Perm : 19K->19K(8192K)], 0.0397028 secs]
29.083: [GC 29.083: [DefNew: 53K->0K(3008K), 0.0004065 secs]29.083: [Tenured: 11821K->11821K(39240K), 0.0186177 secs] 11875K->11821K(42248K), 0.0191424 secs]
29.108: [GC 29.108: [DefNew: 53K->0K(3008K), 0.0004797 secs]29.108: [Tenured: 15728K->15728K(39240K), 0.0188968 secs] 15781K->15728K(42248K), 0.0195092 secs]
29.132: [GC 29.132: [DefNew: 53K->0K(3008K), 0.0005054 secs]29.133: [Tenured: 19634K->19634K(39240K), 0.0189091 secs] 19688K->19634K(42248K), 0.0195449 secs]
29.157: [Full GC 29.157: [Tenured: 23540K->23540K(39240K), 0.0189242 secs] 23540K->23540K(42248K), [Perm : 19K->19K(8192K)], 0.0190301 secs]
29.177: [Full GC 29.177: [Tenured: 23540K->11821K(39240K), 0.0396724 secs] 23594K->11821K(42248K), [Perm : 19K->19K(8192K)], 0.0397749 secs]
29.219: [GC 29.219: [DefNew: 53K->0K(3008K), 0.0004235 secs]29.220: [Tenured: 11821K->11821K(39240K), 0.0188256 secs] 11875K->11821K(42248K), 0.0193784 secs]
29.243: [GC 29.243: [DefNew: 53K->0K(3008K), 0.0004654 secs]29.244: [Tenured: 15728K->15727K(39240K), 0.0234865 secs] 15781K->15727K(42248K), 0.0240899 secs]
29.274: [GC 29.274: [DefNew: 53K->0K(3008K), 0.0005654 secs]29.275: [Tenured: 19634K->19634K(39240K), 0.0188683 secs] 19687K->19634K(42248K), 0.0195673 secs]
29.299: [Full GC 29.299: [Tenured: 23540K->23540K(39240K), 0.0189024 secs] 23540K->23540K(42248K), [Perm : 19K->19K(8192K)], 0.0190091 secs]
29.319: [Full GC 29.319: [Tenured: 23540K->11821K(39240K), 0.0401277 secs] 23594K->11821K(42248K), [Perm : 19K->19K(8192K)], 0.0402389 secs]
29.361: [GC 29.361: [DefNew: 53K->0K(3008K), 0.0004230 secs]29.361: [Tenured: 11821K->11821K(39240K), 0.0190521 secs] 11875K->11821K(42248K), 0.0196053 secs]
29.404: [GC 29.404: [DefNew: 53K->0K(3008K), 0.0004808 secs]29.405: [Tenured: 15727K->15727K(39240K), 0.0192790 secs] 15781K->15727K(42248K), 0.0198961 secs]
29.433: [GC 29.433: [DefNew: 53K->0K(3008K), 0.0005660 secs]29.434: [Tenured: 19634K->19634K(39240K), 0.0201914 secs] 19687K->19634K(42248K), 0.0210778 secs]
29.460: [Full GC 29.461: [Tenured: 23540K->23540K(39240K), 0.0193536 secs] 23540K->23540K(42248K), [Perm : 19K->19K(8192K)], 0.0194676 secs]
29.484: [Full GC 29.484: [Tenured: 23540K->11821K(39240K), 0.0403610 secs] 23594K->11821K(42248K), [Perm : 19K->19K(8192K)], 0.0404780 secs]
29.526: [GC 29.526: [DefNew: 53K->0K(3008K), 0.0004230 secs]29.527: [Tenured: 11821K->11821K(39240K), 0.0190158 secs] 11875K->11821K(42248K), 0.0195690 secs]
29.552: [GC 29.552: [DefNew: 53K->0K(3008K), 0.0004774 secs]29.552: [Tenured: 15728K->15728K(39240K), 0.0193150 secs] 15781K->15728K(42248K), 0.0199296 secs]
29.578: [GC 29.578: [DefNew: 53K->0K(3008K), 0.0005168 secs]29.578: [Tenured: 19634K->19634K(39240K), 0.0191234 secs] 19688K->19634K(42248K), 0.0199425 secs]
29.605: [Full GC 29.605: [Tenured: 23540K->23540K(39240K), 0.0342563 secs] 23540K->23540K(42248K), [Perm : 19K->19K(8192K)], 0.0343817 secs]
29.643: [Full GC 29.643: [Tenured: 23540K->11821K(39240K), 0.0401761 secs] 23594K->11821K(42248K), [Perm : 19K->19K(8192K)], 0.0402965 secs]
29.684: [GC 29.684: [DefNew: 53K->0K(3008K), 0.0004213 secs]29.685: [Tenured: 11821K->11821K(39240K), 0.0189275 secs] 11875K->11821K(42248K), 0.0194768 secs]
29.711: [GC 29.711: [DefNew: 53K->0K(3008K), 0.0004799 secs]29.711: [Tenured: 15728K->15728K(39240K), 0.0193382 secs] 15781K->15728K(42248K), 0.0199564 secs]
29.736: [GC 29.737: [DefNew: 53K->0K(3008K), 0.0005216 secs]29.737: [Tenured: 19634K->19634K(39240K), 0.0195131 secs] 19688K->19634K(42248K), 0.0203182 secs]
29.764: [Full GC 29.764: [Tenured: 23540K->23540K(39240K), 0.0192008 secs] 23540K->23540K(42248K), [Perm : 19K->19K(8192K)], 0.0193131 secs]
29.788: [Full GC 29.788: [Tenured: 23540K->11821K(39240K), 0.0401853 secs] 23594K->11821K(42248K), [Perm : 19K->19K(8192K)], 0.0403051 secs]
29.830: [GC 29.830: [DefNew: 53K->0K(3008K), 0.0004230 secs]29.831: [Tenured: 11821K->11821K(39240K), 0.0189108 secs] 11875K->11821K(42248K), 0.0195659 secs]
29.856: [GC 29.856: [DefNew: 53K->0K(3008K), 0.0004766 secs]29.857: [Tenured: 15728K->15727K(39240K), 0.0239955 secs] 15781K->15727K(42248K), 0.0246210 secs]
29.887: [GC 29.887: [DefNew: 53K->0K(3008K), 0.0005657 secs]29.888: [Tenured: 19634K->19634K(39240K), 0.0195167 secs] 19687K->19634K(42248K), 0.0202191 secs]
29.913: [Full GC 29.913: [Tenured: 23540K->23540K(39240K), 0.0197290 secs] 23540K->23540K(42248K), [Perm : 19K->19K(8192K)], 0.0198433 secs]
29.935: [Full GC 29.935: [Tenured: 23540K->11821K(39240K), 0.0402437 secs] 23594K->11821K(42248K), [Perm : 19K->19K(8192K)], 0.0403590 secs]
29.977: [GC 29.977: [DefNew: 53K->0K(3008K), 0.0005696 secs]29.978: [Tenured: 11821K->11821K(39240K), 0.0190535 secs] 11875K->11821K(42248K), 0.0197545 secs]
30.004: [GC 30.004: [DefNew: 53K->0K(3008K), 0.0004772 secs]30.004: [Tenured: 15727K->15727K(39240K), 0.0192251 secs] 15781K->15727K(42248K), 0.0198374 secs]
30.030: [GC 30.030: [DefNew: 53K->0K(3008K), 0.0005638 secs]30.031: [Tenured: 19634K->19634K(39240K), 0.0196849 secs] 19687K->19634K(42248K), 0.0203847 secs]
30.057: [Full GC 30.058: [Tenured: 23540K->23540K(39240K), 0.0195810 secs] 23540K->23540K(42248K), [Perm : 19K->19K(8192K)], 0.0196941 secs]
30.080: [Full GC 30.080: [Tenured: 23540K->11821K(39240K), 0.0402682 secs] 23594K->11821K(42248K), [Perm : 19K->19K(8192K)], 0.0403847 secs]
30.123: [GC 30.123: [DefNew: 53K->0K(3008K), 0.0004255 secs]30.123: [Tenured: 11821K->11821K(39240K), 0.0189968 secs] 11875K->11821K(42248K), 0.0195542 secs]
30.149: [GC 30.149: [DefNew: 53K->0K(3008K), 0.0004799 secs]30.150: [Tenured: 15728K->15728K(39240K), 0.0190206 secs] 15781K->15728K(42248K), 0.0196360 secs]
30.179: [GC 30.180: [DefNew: 53K->0K(3008K), 0.0005210 secs]30.180: [Tenured: 19634K->19634K(39240K), 0.0192882 secs] 19688K->19634K(42248K), 0.0199458 secs]
30.206: [Full GC 30.206: [Tenured: 23540K->23540K(39240K), 0.0341770 secs] 23540K->23540K(42248K), [Perm : 19K->19K(8192K)], 0.0343016 secs]
30.244: [Full GC 30.244: [Tenured: 23540K->11821K(39240K), 0.0401369 secs] 23594K->11821K(42248K), [Perm : 19K->19K(8192K)], 0.0402529 secs]
30.286: [GC 30.286: [DefNew: 53K->0K(3008K), 0.0004238 secs]30.287: [Tenured: 11821K->11821K(39240K), 0.0190971 secs] 11875K->11821K(42248K), 0.0196519 secs]
30.312: [GC 30.312: [DefNew: 53K->0K(3008K), 0.0004769 secs]30.312: [Tenured: 15727K->15727K(39240K), 0.0191739 secs] 15781K->15727K(42248K), 0.0197866 secs]
30.338: [GC 30.338: [DefNew: 53K->0K(3008K), 0.0005643 secs]30.338: [Tenured: 19634K->19634K(39240K), 0.0189750 secs] 19687K->19634K(42248K), 0.0196704 secs]
30.362: [Full GC 30.362: [Tenured: 23540K->23540K(39240K), 0.0188935 secs] 23540K->23540K(42248K), [Perm : 19K->19K(8192K)], 0.0189949 secs]
30.382: [Full GC 30.382: [Tenured: 23540K->11821K(39240K), 0.0398757 secs] 23594K->11821K(42248K), [Perm : 19K->19K(8192K)], 0.0399883 secs]
30.424: [GC 30.424: [DefNew: 53K->0K(3008K), 0.0004238 secs]30.425: [Tenured: 11821K->11821K(39240K), 0.0189415 secs] 11875K->11821K(42248K), 0.0194975 secs]
30.451: [GC 30.451: [DefNew: 53K->0K(3008K), 0.0004679 secs]30.452: [Tenured: 15728K->15727K(39240K), 0.0238891 secs] 15781K->15727K(42248K), 0.0245037 secs]
30.483: [GC 30.483: [DefNew: 53K->0K(3008K), 0.0005598 secs]30.484: [Tenured: 19634K->19634K(39240K), 0.0189756 secs] 19687K->19634K(42248K), 0.0196732 secs]
30.510: [Full GC 30.510: [Tenured: 23540K->23540K(39240K), 0.0190818 secs] 23540K->23540K(42248K), [Perm : 19K->19K(8192K)], 0.0191941 secs]
30.531: [Full GC 30.531: [Tenured: 23540K->11821K(39240K), 0.0401263 secs] 23594K->11821K(42248K), [Perm : 19K->19K(8192K)], 0.0402428 secs]
30.573: [GC 30.573: [DefNew: 53K->0K(3008K), 0.0004210 secs]30.573: [Tenured: 11821K->11821K(39240K), 0.0186102 secs] 11875K->11821K(42248K), 0.0191544 secs]
30.597: [GC 30.597: [DefNew: 53K->0K(3008K), 0.0004710 secs]30.597: [Tenured: 15728K->15728K(39240K), 0.0187437 secs] 15781K->15728K(42248K), 0.0193432 secs]
30.621: [GC 30.621: [DefNew: 53K->0K(3008K), 0.0005149 secs]30.622: [Tenured: 19634K->19634K(39240K), 0.0188585 secs] 19688K->19634K(42248K), 0.0195039 secs]
30.645: [Full GC 30.645: [Tenured: 23540K->23540K(39240K), 0.0190745 secs] 23540K->23540K(42248K), [Perm : 19K->19K(8192K)], 0.0191829 secs]
30.666: [Full GC 30.666: [Tenured: 23540K->11821K(39240K), 0.0396654 secs] 23594K->11821K(42248K), [Perm : 19K->19K(8192K)], 0.0397749 secs]
30.707: [GC 30.707: [DefNew: 53K->0K(3008K), 0.0004009 secs]30.707: [Tenured: 11821K->11821K(39240K), 0.0188088 secs] 11875K->11821K(42248K), 0.0193323 secs]
30.733: [GC 30.733: [DefNew: 53K->0K(3008K), 0.0004780 secs]30.733: [Tenured: 15728K->15728K(39240K), 0.0190412 secs] 15781K->15728K(42248K), 0.0196553 secs]
30.760: [GC 30.761: [DefNew: 53K->0K(3008K), 0.0005205 secs]30.761: [Tenured: 19634K->19634K(39240K), 0.0194128 secs] 19688K->19634K(42248K), 0.0202107 secs]
30.788: [Full GC 30.789: [Tenured: 23540K->23540K(39240K), 0.0337143 secs] 23540K->23540K(42248K), [Perm : 19K->19K(8192K)], 0.0338356 secs]
30.823: [Full GC 30.823: [Tenured: 23540K->11821K(39240K), 0.0397615 secs] 23594K->11821K(42248K), [Perm : 19K->19K(8192K)], 0.0398668 secs]
30.864: [GC 30.864: [DefNew: 53K->0K(3008K), 0.0004163 secs]30.865: [Tenured: 11821K->11821K(39240K), 0.0186753 secs] 11875K->11821K(42248K), 0.0192147 secs]
30.888: [GC 30.889: [DefNew: 53K->0K(3008K), 0.0004699 secs]30.889: [Tenured: 15728K->15728K(39240K), 0.0187496 secs] 15781K->15728K(42248K), 0.0193474 secs]
30.913: [GC 30.913: [DefNew: 53K->0K(3008K), 0.0005171 secs]30.914: [Tenured: 19634K->19634K(39240K), 0.0285690 secs] 19688K->19634K(42248K), 0.0292261 secs]
30.948: [Full GC 30.948: [Tenured: 23540K->23540K(39240K), 0.0190753 secs] 23540K->23540K(42248K), [Perm : 19K->19K(8192K)], 0.0191837 secs]
30.968: [Full GC 30.968: [Tenured: 23540K->11821K(39240K), 0.0398000 secs] 23594K->11821K(42248K), [Perm : 19K->19K(8192K)], 0.0399104 secs]
31.010: [GC 31.010: [DefNew: 53K->0K(3008K), 0.0004230 secs]31.011: [Tenured: 11821K->11821K(39240K), 0.0186152 secs] 11875K->11821K(42248K), 0.0191631 secs]
31.034: [GC 31.034: [DefNew: 53K->0K(3008K), 0.0004646 secs]31.035: [Tenured: 15728K->15728K(39240K), 0.0187320 secs] 15781K->15728K(42248K), 0.0193228 secs]
31.059: [GC 31.059: [DefNew: 53K->0K(3008K), 0.0005174 secs]31.059: [Tenured: 19634K->19634K(39240K), 0.0188309 secs] 19688K->19634K(42248K), 0.0194796 secs]
31.083: [Full GC 31.083: [Tenured: 23540K->23540K(39240K), 0.0189153 secs] 23540K->23540K(42248K), [Perm : 19K->19K(8192K)], 0.0190385 secs]
31.103: [Full GC 31.103: [Tenured: 23540K->11821K(39240K), 0.0402587 secs] 23594K->11821K(42248K), [Perm : 19K->19K(8192K)], 0.0403716 secs]
31.144: [GC 31.144: [DefNew: 53K->0K(3008K), 0.0004087 secs]31.145: [Tenured: 11821K->11821K(39240K), 0.0191312 secs] 11875K->11821K(42248K), 0.0196665 secs]
31.177: [GC 31.177: [DefNew: 53K->0K(3008K), 0.0004783 secs]31.177: [Tenured: 15727K->15727K(39240K), 0.0188401 secs] 15781K->15727K(42248K), 0.0194511 secs]
31.202: [GC 31.202: [DefNew: 53K->0K(3008K), 0.0007308 secs]31.203: [Tenured: 19634K->19634K(39240K), 0.0188205 secs] 19687K->19634K(42248K), 0.0196835 secs]
31.232: [Full GC 31.232: [Tenured: 23540K->23540K(39240K), 0.0193958 secs] 23540K->23540K(42248K), [Perm : 19K->19K(8192K)], 0.0195069 secs]
31.259: [Full GC 31.259: [Tenured: 23540K->11821K(39240K), 0.0397643 secs] 23594K->11821K(42248K), [Perm : 19K->19K(8192K)], 0.0398822 secs]
31.304: [GC 31.304: [DefNew: 53K->0K(3008K), 0.0004255 secs]31.304: [Tenured: 11821K->11821K(39240K), 0.0191304 secs] 11875K->11821K(42248K), 0.0196885 secs]
31.333: [GC 31.333: [DefNew: 53K->0K(3008K), 0.0004797 secs]31.334: [Tenured: 15728K->15728K(39240K), 0.0187826 secs] 15781K->15728K(42248K), 0.0193927 secs]
31.361: [GC 31.361: [DefNew: 53K->0K(3008K), 0.0005202 secs]31.362: [Tenured: 19634K->19634K(39240K), 0.0189745 secs] 19688K->19634K(42248K), 0.0198020 secs]
31.390: [Full GC 31.390: [Tenured: 23540K->23540K(39240K), 0.0337233 secs] 23540K->23540K(42248K), [Perm : 19K->19K(8192K)], 0.0338445 secs]
31.426: [Full GC 31.426: [Tenured: 23540K->11821K(39240K), 0.0398009 secs] 23594K->11821K(42248K), [Perm : 19K->19K(8192K)], 0.0399135 secs]
31.467: [GC 31.467: [DefNew: 53K->0K(3008K), 0.0004112 secs]31.467: [Tenured: 11821K->11821K(39240K), 0.0186130 secs] 11875K->11821K(42248K), 0.0191429 secs]
31.496: [GC 31.496: [DefNew: 53K->0K(3008K), 0.0004780 secs]31.496: [Tenured: 15727K->15727K(39240K), 0.0187488 secs] 15781K->15727K(42248K), 0.0193567 secs]
31.520: [GC 31.520: [DefNew: 53K->0K(3008K), 0.0005526 secs]31.520: [Tenured: 19634K->19634K(39240K), 0.0188247 secs] 19687K->19634K(42248K), 0.0195039 secs]
31.544: [Full GC 31.544: [Tenured: 23540K->23540K(39240K), 0.0191373 secs] 23540K->23540K(42248K), [Perm : 19K->19K(8192K)], 0.0192516 secs]
31.569: [Full GC 31.569: [Tenured: 23540K->11821K(39240K), 0.0397581 secs] 23594K->11821K(42248K), [Perm : 19K->19K(8192K)], 0.0398721 secs]
31.614: [GC 31.614: [DefNew: 53K->0K(3008K), 0.0004252 secs]31.614: [Tenured: 11821K->11821K(39240K), 0.0186177 secs] 11875K->11821K(42248K), 0.0191678 secs]
31.637: [GC 31.638: [DefNew: 53K->0K(3008K), 0.0004637 secs]31.638: [Tenured: 15728K->15727K(39240K), 0.0235052 secs] 15781K->15727K(42248K), 0.0241089 secs]
31.667: [GC 31.667: [DefNew: 53K->0K(3008K), 0.0005646 secs]31.668: [Tenured: 19634K->19634K(39240K), 0.0191558 secs] 19687K->19634K(42248K), 0.0198567 secs]
31.696: [Full GC 31.696: [Tenured: 23540K->23540K(39240K), 0.0189348 secs] 23540K->23540K(42248K), [Perm : 19K->19K(8192K)], 0.0190421 secs]
31.717: [Full GC 31.717: [Tenured: 23540K->11821K(39240K), 0.0396302 secs] 23594K->11821K(42248K), [Perm : 19K->19K(8192K)], 0.0397388 secs]
31.757: [GC 31.758: [DefNew: 53K->0K(3008K), 0.0004001 secs]31.758: [Tenured: 11821K->11821K(39240K), 0.0186946 secs] 11875K->11821K(42248K), 0.0192161 secs]
31.782: [GC 31.782: [DefNew: 53K->0K(3008K), 0.0004777 secs]31.782: [Tenured: 15728K->15728K(39240K), 0.0187373 secs] 15781K->15728K(42248K), 0.0193444 secs]
31.807: [GC 31.807: [DefNew: 53K->0K(3008K), 0.0005143 secs]31.808: [Tenured: 19634K->19634K(39240K), 0.0188773 secs] 19688K->19634K(42248K), 0.0195226 secs]
31.831: [Full GC 31.831: [Tenured: 23540K->23540K(39240K), 0.0190133 secs] 23540K->23540K(42248K), [Perm : 19K->19K(8192K)], 0.0191203 secs]
31.852: [Full GC 31.852: [Tenured: 23540K->11821K(39240K), 0.0396824 secs] 23594K->11821K(42248K), [Perm : 19K->19K(8192K)], 0.0397877 secs]
31.892: [GC 31.892: [DefNew: 53K->0K(3008K), 0.0003961 secs]31.892: [Tenured: 11821K->11821K(39240K), 0.0186155 secs] 11875K->11821K(42248K), 0.0191276 secs]
31.916: [GC 31.916: [DefNew: 53K->0K(3008K), 0.0004679 secs]31.916: [Tenured: 15728K->15728K(39240K), 0.0187596 secs] 15781K->15728K(42248K), 0.0193564 secs]
31.940: [GC 31.940: [DefNew: 53K->0K(3008K), 0.0005182 secs]31.941: [Tenured: 19634K->19634K(39240K), 0.0188245 secs] 19688K->19634K(42248K), 0.0194723 secs]
31.964: [Full GC 31.965: [Tenured: 23540K->23540K(39240K), 0.0336655 secs] 23540K->23540K(42248K), [Perm : 19K->19K(8192K)], 0.0337836 secs]
32.000: [Full GC 32.000: [Tenured: 23540K->11821K(39240K), 0.0396768 secs] 23594K->11821K(42248K), [Perm : 19K->19K(8192K)], 0.0398129 secs]
32.040: [GC 32.040: [DefNew: 53K->0K(3008K), 0.0004001 secs]32.040: [Tenured: 11821K->11821K(39240K), 0.0186211 secs] 11875K->11821K(42248K), 0.0191385 secs]
32.064: [GC 32.064: [DefNew: 53K->0K(3008K), 0.0004635 secs]32.064: [Tenured: 15728K->15728K(39240K), 0.0187490 secs] 15781K->15728K(42248K), 0.0193407 secs]
32.088: [GC 32.088: [DefNew: 53K->0K(3008K), 0.0005084 secs]32.089: [Tenured: 19634K->19634K(39240K), 0.0189728 secs] 19688K->19634K(42248K), 0.0196089 secs]
32.119: [Full GC 32.119: [Tenured: 23540K->23540K(39240K), 0.0189334 secs] 23540K->23540K(42248K), [Perm : 19K->19K(8192K)], 0.0190404 secs]
32.139: [Full GC 32.139: [Tenured: 23540K->11821K(39240K), 0.0397335 secs] 23594K->11821K(42248K), [Perm : 19K->19K(8192K)], 0.0398394 secs]
32.179: [GC 32.179: [DefNew: 53K->0K(3008K), 0.0004045 secs]32.180: [Tenured: 11821K->11821K(39240K), 0.0187873 secs] 11875K->11821K(42248K), 0.0193114 secs]
32.203: [GC 32.203: [DefNew: 53K->0K(3008K), 0.0004632 secs]32.204: [Tenured: 15728K->15727K(39240K), 0.0235432 secs] 15781K->15727K(42248K), 0.0241425 secs]
32.233: [GC 32.233: [DefNew: 53K->0K(3008K), 0.0005520 secs]32.233: [Tenured: 19634K->19634K(39240K), 0.0188203 secs] 19687K->19634K(42248K), 0.0194975 secs]
32.257: [Full GC 32.257: [Tenured: 23540K->23540K(39240K), 0.0189569 secs] 23540K->23540K(42248K), [Perm : 19K->19K(8192K)], 0.0190650 secs]
32.277: [Full GC 32.277: [Tenured: 23540K->11821K(39240K), 0.0398187 secs] 23594K->11821K(42248K), [Perm : 19K->19K(8192K)], 0.0399257 secs]
32.318: [GC 32.318: [DefNew: 53K->0K(3008K), 0.0004037 secs]32.318: [Tenured: 11821K->11821K(39240K), 0.0186884 secs] 11875K->11821K(42248K), 0.0192114 secs]
32.343: [GC 32.343: [DefNew: 53K->0K(3008K), 0.0004794 secs]32.343: [Tenured: 15728K->15728K(39240K), 0.0187543 secs] 15781K->15728K(42248K), 0.0193645 secs]
32.367: [GC 32.367: [DefNew: 53K->0K(3008K), 0.0005040 secs]32.367: [Tenured: 19634K->19634K(39240K), 0.0189105 secs] 19688K->19634K(42248K), 0.0195444 secs]
32.391: [Full GC 32.391: [Tenured: 23540K->23540K(39240K), 0.0190790 secs] 23540K->23540K(42248K), [Perm : 19K->19K(8192K)], 0.0191868 secs]
32.412: [Full GC 32.412: [Tenured: 23540K->11821K(39240K), 0.0399688 secs] 23594K->11821K(42248K), [Perm : 19K->19K(8192K)], 0.0400791 secs]
32.452: [GC 32.452: [DefNew: 53K->0K(3008K), 0.0004087 secs]32.453: [Tenured: 11821K->11821K(39240K), 0.0186161 secs] 11875K->11821K(42248K), 0.0191443 secs]
32.476: [GC 32.476: [DefNew: 53K->0K(3008K), 0.0004618 secs]32.477: [Tenured: 15727K->15727K(39240K), 0.0188409 secs] 15781K->15727K(42248K), 0.0194332 secs]
32.501: [GC 32.501: [DefNew: 53K->0K(3008K), 0.0005657 secs]32.502: [Tenured: 19634K->19634K(39240K), 0.0188261 secs] 19687K->19634K(42248K), 0.0196667 secs]
32.526: [Full GC 32.526: [Tenured: 23540K->23540K(39240K), 0.0189055 secs] 23540K->23540K(42248K), [Perm : 19K->19K(8192K)], 0.0190111 secs]
32.546: [Full GC 32.546: [Tenured: 23540K->11821K(39240K), 0.0396346 secs] 23594K->11821K(42248K), [Perm : 19K->19K(8192K)], 0.0397402 secs]
32.586: [GC 32.586: [DefNew: 53K->0K(3008K), 0.0003998 secs]32.586: [Tenured: 11821K->11821K(39240K), 0.0188088 secs] 11875K->11821K(42248K), 0.0193276 secs]
32.610: [GC 32.610: [DefNew: 53K->0K(3008K), 0.0004749 secs]32.611: [Tenured: 15728K->15728K(39240K), 0.0187566 secs] 15781K->15728K(42248K), 0.0193608 secs]
32.635: [GC 32.635: [DefNew: 53K->0K(3008K), 0.0005182 secs]32.635: [Tenured: 19634K->19634K(39240K), 0.0285235 secs] 19688K->19634K(42248K), 0.0291794 secs]
32.669: [Full GC 32.669: [Tenured: 23540K->23540K(39240K), 0.0188971 secs] 23540K->23540K(42248K), [Perm : 19K->19K(8192K)], 0.0189985 secs]
32.689: [Full GC 32.689: [Tenured: 23540K->11821K(39240K), 0.0398182 secs] 23594K->11821K(42248K), [Perm : 19K->19K(8192K)], 0.0399294 secs]
32.729: [GC 32.729: [DefNew: 53K->0K(3008K), 0.0004026 secs]32.730: [Tenured: 11821K->11821K(39240K), 0.0186233 secs] 11875K->11821K(42248K), 0.0191429 secs]
32.753: [GC 32.753: [DefNew: 53K->0K(3008K), 0.0004618 secs]32.754: [Tenured: 15728K->15728K(39240K), 0.0187384 secs] 15781K->15728K(42248K), 0.0193254 secs]
32.778: [GC 32.778: [DefNew: 53K->0K(3008K), 0.0005191 secs]32.778: [Tenured: 19634K->19634K(39240K), 0.0188303 secs] 19688K->19634K(42248K), 0.0194779 secs]
32.802: [Full GC 32.802: [Tenured: 23540K->23540K(39240K), 0.0191041 secs] 23540K->23540K(42248K), [Perm : 19K->19K(8192K)], 0.0192125 secs]
32.823: [Full GC 32.823: [Tenured: 23540K->11821K(39240K), 0.0397984 secs] 23594K->11821K(42248K), [Perm : 19K->19K(8192K)], 0.0399109 secs]
32.864: [GC 32.864: [DefNew: 53K->0K(3008K), 0.0004165 secs]32.865: [Tenured: 11821K->11821K(39240K), 0.0187194 secs] 11875K->11821K(42248K), 0.0192586 secs]
32.888: [GC 32.888: [DefNew: 53K->0K(3008K), 0.0004607 secs]32.889: [Tenured: 15727K->15727K(39240K), 0.0187365 secs] 15781K->15727K(42248K), 0.0193385 secs]
32.912: [GC 32.913: [DefNew: 53K->0K(3008K), 0.0005529 secs]32.913: [Tenured: 19634K->19634K(39240K), 0.0189080 secs] 19687K->19634K(42248K), 0.0195905 secs]
32.937: [Full GC 32.937: [Tenured: 23540K->23540K(39240K), 0.0189153 secs] 23540K->23540K(42248K), [Perm : 19K->19K(8192K)], 0.0190186 secs]
32.957: [Full GC 32.957: [Tenured: 23540K->11821K(39240K), 0.0396137 secs] 23594K->11821K(42248K), [Perm : 19K->19K(8192K)], 0.0397201 secs]
32.997: [GC 32.997: [DefNew: 53K->0K(3008K), 0.0003992 secs]32.997: [Tenured: 11821K->11821K(39240K), 0.0187675 secs] 11875K->11821K(42248K), 0.0192860 secs]
33.021: [GC 33.021: [DefNew: 53K->0K(3008K), 0.0004657 secs]33.021: [Tenured: 15728K->15728K(39240K), 0.0187664 secs] 15781K->15728K(42248K), 0.0193589 secs]
33.045: [GC 33.046: [DefNew: 53K->0K(3008K), 0.0005202 secs]33.046: [Tenured: 19634K->19634K(39240K), 0.0188390 secs] 19688K->19634K(42248K), 0.0194896 secs]
33.070: [Full GC 33.070: [Tenured: 23540K->23540K(39240K), 0.0192552 secs] 23540K->23540K(42248K), [Perm : 19K->19K(8192K)], 0.0193603 secs]
33.090: [Full GC 33.090: [Tenured: 23540K->11821K(39240K), 0.0398774 secs] 23594K->11821K(42248K), [Perm : 19K->19K(8192K)], 0.0399866 secs]
33.131: [GC 33.131: [DefNew: 53K->0K(3008K), 0.0004028 secs]33.131: [Tenured: 11821K->11821K(39240K), 0.0186339 secs] 11875K->11821K(42248K), 0.0191549 secs]
33.154: [GC 33.154: [DefNew: 53K->0K(3008K), 0.0004629 secs]33.155: [Tenured: 15728K->15728K(39240K), 0.0187474 secs] 15781K->15728K(42248K), 0.0193368 secs]
33.178: [GC 33.178: [DefNew: 53K->0K(3008K), 0.0005037 secs]33.179: [Tenured: 19634K->19634K(39240K), 0.0188946 secs] 19688K->19634K(42248K), 0.0195276 secs]
33.203: [Full GC 33.203: [Tenured: 23540K->23540K(39240K), 0.0188896 secs] 23540K->23540K(42248K), [Perm : 19K->19K(8192K)], 0.0189912 secs]
33.223: [Full GC 33.223: [Tenured: 23540K->11821K(39240K), 0.0396841 secs] 23594K->11821K(42248K), [Perm : 19K->19K(8192K)], 0.0397891 secs]
33.265: [GC 33.265: [DefNew: 53K->0K(3008K), 0.0004241 secs]33.266: [Tenured: 11821K->11821K(39240K), 0.0186230 secs] 11875K->11821K(42248K), 0.0191731 secs]
33.289: [GC 33.289: [DefNew: 53K->0K(3008K), 0.0004802 secs]33.290: [Tenured: 15728K->15727K(39240K), 0.0234602 secs] 15781K->15727K(42248K), 0.0240751 secs]
33.319: [GC 33.319: [DefNew: 53K->0K(3008K), 0.0005640 secs]33.319: [Tenured: 19634K->19634K(39240K), 0.0189259 secs] 19687K->19634K(42248K), 0.0196243 secs]
33.344: [Full GC 33.344: [Tenured: 23540K->23540K(39240K), 0.0189845 secs] 23540K->23540K(42248K), [Perm : 19K->19K(8192K)], 0.0190943 secs]
33.365: [Full GC 33.365: [Tenured: 23540K->11821K(39240K), 0.0396235 secs] 23594K->11821K(42248K), [Perm : 19K->19K(8192K)], 0.0397299 secs]
33.405: [GC 33.405: [DefNew: 53K->0K(3008K), 0.0004006 secs]33.405: [Tenured: 11821K->11821K(39240K), 0.0189429 secs] 11875K->11821K(42248K), 0.0194650 secs]
33.429: [GC 33.429: [DefNew: 53K->0K(3008K), 0.0004671 secs]33.429: [Tenured: 15727K->15727K(39240K), 0.0188982 secs] 15781K->15727K(42248K), 0.0194938 secs]
33.453: [GC 33.453: [DefNew: 53K->0K(3008K), 0.0005624 secs]33.454: [Tenured: 19634K->19634K(39240K), 0.0188172 secs] 19687K->19634K(42248K), 0.0195081 secs]
33.478: [Full GC 33.478: [Tenured: 23540K->23540K(39240K), 0.0189734 secs] 23540K->23540K(42248K), [Perm : 19K->19K(8192K)], 0.0190829 secs]
33.499: [Full GC 33.499: [Tenured: 23540K->11821K(39240K), 0.0398271 secs] 23594K->11821K(42248K), [Perm : 19K->19K(8192K)], 0.0399394 secs]
33.539: [GC 33.539: [DefNew: 53K->0K(3008K), 0.0004040 secs]33.539: [Tenured: 11821K->11821K(39240K), 0.0186314 secs] 11875K->11821K(42248K), 0.0191538 secs]
33.563: [GC 33.563: [DefNew: 53K->0K(3008K), 0.0004615 secs]33.563: [Tenured: 15728K->15728K(39240K), 0.0187434 secs] 15781K->15728K(42248K), 0.0193315 secs]
33.588: [GC 33.588: [DefNew: 53K->0K(3008K), 0.0005193 secs]33.588: [Tenured: 19634K->19634K(39240K), 0.0188231 secs] 19688K->19634K(42248K), 0.0194701 secs]
33.612: [Full GC 33.612: [Tenured: 23540K->23540K(39240K), 0.0335425 secs] 23540K->23540K(42248K), [Perm : 19K->19K(8192K)], 0.0336786 secs]
33.647: [Full GC 33.647: [Tenured: 23540K->11821K(39240K), 0.0396654 secs] 23594K->11821K(42248K), [Perm : 19K->19K(8192K)], 0.0397721 secs]
33.687: [GC 33.687: [DefNew: 53K->0K(3008K), 0.0004101 secs]33.688: [Tenured: 11821K->11821K(39240K), 0.0186080 secs] 11875K->11821K(42248K), 0.0191368 secs]
33.711: [GC 33.711: [DefNew: 53K->0K(3008K), 0.0004590 secs]33.711: [Tenured: 15728K->15728K(39240K), 0.0189773 secs] 15781K->15728K(42248K), 0.0195648 secs]
33.735: [GC 33.735: [DefNew: 53K->0K(3008K), 0.0005138 secs]33.736: [Tenured: 19634K->19634K(39240K), 0.0285718 secs] 19688K->19634K(42248K), 0.0292261 secs]
33.770: [Full GC 33.770: [Tenured: 23540K->23540K(39240K), 0.0189055 secs] 23540K->23540K(42248K), [Perm : 19K->19K(8192K)], 0.0190119 secs]
33.790: [Full GC 33.790: [Tenured: 23540K->11821K(39240K), 0.0396045 secs] 23594K->11821K(42248K), [Perm : 19K->19K(8192K)], 0.0397123 secs]
33.831: [GC 33.831: [DefNew: 53K->0K(3008K), 0.0004045 secs]33.831: [Tenured: 11821K->11821K(39240K), 0.0187745 secs] 11875K->11821K(42248K), 0.0192994 secs]
33.856: [GC 33.856: [DefNew: 53K->0K(3008K), 0.0004802 secs]33.857: [Tenured: 15728K->15727K(39240K), 0.0235290 secs] 15781K->15727K(42248K), 0.0241528 secs]
33.886: [GC 33.886: [DefNew: 53K->0K(3008K), 0.0005640 secs]33.886: [Tenured: 19634K->19634K(39240K), 0.0189094 secs] 19687K->19634K(42248K), 0.0196039 secs]
33.910: [Full GC 33.910: [Tenured: 23540K->23540K(39240K), 0.0189094 secs] 23540K->23540K(42248K), [Perm : 19K->19K(8192K)], 0.0190122 secs]
33.930: [Full GC 33.930: [Tenured: 23540K->11821K(39240K), 0.0395469 secs] 23594K->11821K(42248K), [Perm : 19K->19K(8192K)], 0.0396531 secs]
33.970: [GC 33.970: [DefNew: 53K->0K(3008K), 0.0003998 secs]33.971: [Tenured: 11821K->11821K(39240K), 0.0186306 secs] 11875K->11821K(42248K), 0.0191491 secs]
33.994: [GC 33.994: [DefNew: 53K->0K(3008K), 0.0004713 secs]33.995: [Tenured: 15727K->15727K(39240K), 0.0187440 secs] 15781K->15727K(42248K), 0.0193438 secs]
34.018: [GC 34.018: [DefNew: 53K->0K(3008K), 0.0005598 secs]34.019: [Tenured: 19634K->19634K(39240K), 0.0188245 secs] 19687K->19634K(42248K), 0.0195128 secs]
34.043: [Full GC 34.043: [Tenured: 23540K->23540K(39240K), 0.0189007 secs] 23540K->23540K(42248K), [Perm : 19K->19K(8192K)], 0.0190044 secs]
34.065: [Full GC 34.065: [Tenured: 23540K->11821K(39240K), 0.0393282 secs] 23594K->11821K(42248K), [Perm : 19K->19K(8192K)], 0.0394399 secs]
34.105: [GC 34.105: [DefNew: 53K->0K(3008K), 0.0004020 secs]34.105: [Tenured: 11821K->11821K(39240K), 0.0186256 secs] 11875K->11821K(42248K), 0.0191449 secs]
34.130: [GC 34.130: [DefNew: 53K->0K(3008K), 0.0004786 secs]34.130: [Tenured: 15728K->15728K(39240K), 0.0187359 secs] 15781K->15728K(42248K), 0.0193751 secs]
34.154: [GC 34.154: [DefNew: 53K->0K(3008K), 0.0005057 secs]34.154: [Tenured: 19634K->19634K(39240K), 0.0188197 secs] 19688K->19634K(42248K), 0.0194497 secs]
34.178: [Full GC 34.178: [Tenured: 23540K->23540K(39240K), 0.0335121 secs] 23540K->23540K(42248K), [Perm : 19K->19K(8192K)], 0.0336241 secs]
34.214: [Full GC 34.214: [Tenured: 23540K->11821K(39240K), 0.0398070 secs] 23594K->11821K(42248K), [Perm : 19K->19K(8192K)], 0.0399204 secs]
34.254: [GC 34.254: [DefNew: 53K->0K(3008K), 0.0004009 secs]34.255: [Tenured: 11821K->11821K(39240K), 0.0186222 secs] 11875K->11821K(42248K), 0.0191396 secs]
34.278: [GC 34.278: [DefNew: 53K->0K(3008K), 0.0004607 secs]34.279: [Tenured: 15727K->15727K(39240K), 0.0187429 secs] 15781K->15727K(42248K), 0.0193290 secs]
34.303: [GC 34.303: [DefNew: 53K->0K(3008K), 0.0005632 secs]34.304: [Tenured: 19634K->19634K(39240K), 0.0189102 secs] 19687K->19634K(42248K), 0.0196072 secs]
34.327: [Full GC 34.327: [Tenured: 23540K->23540K(39240K), 0.0190686 secs] 23540K->23540K(42248K), [Perm : 19K->19K(8192K)], 0.0191770 secs]
34.347: [Full GC 34.348: [Tenured: 23540K->11821K(39240K), 0.0396724 secs] 23594K->11821K(42248K), [Perm : 19K->19K(8192K)], 0.0397766 secs]
34.389: [GC 34.389: [DefNew: 53K->0K(3008K), 0.0004224 secs]34.389: [Tenured: 11821K->11821K(39240K), 0.0186116 secs] 11875K->11821K(42248K), 0.0191737 secs]
34.413: [GC 34.413: [DefNew: 53K->0K(3008K), 0.0004615 secs]34.413: [Tenured: 15728K->15727K(39240K), 0.0236709 secs] 15781K->15727K(42248K), 0.0242754 secs]
34.442: [GC 34.442: [DefNew: 53K->0K(3008K), 0.0005590 secs]34.443: [Tenured: 19634K->19634K(39240K), 0.0199581 secs] 19687K->19634K(42248K), 0.0206515 secs]
34.468: [Full GC 34.468: [Tenured: 23540K->23540K(39240K), 0.0189220 secs] 23540K->23540K(42248K), [Perm : 19K->19K(8192K)], 0.0190298 secs]
34.488: [Full GC 34.488: [Tenured: 23540K->11821K(39240K), 0.0396598 secs] 23594K->11821K(42248K), [Perm : 19K->19K(8192K)], 0.0397673 secs]
34.528: [GC 34.528: [DefNew: 53K->0K(3008K), 0.0004045 secs]34.528: [Tenured: 11821K->11821K(39240K), 0.0186311 secs] 11875K->11821K(42248K), 0.0191561 secs]
34.552: [GC 34.553: [DefNew: 53K->0K(3008K), 0.0004766 secs]34.553: [Tenured: 15728K->15728K(39240K), 0.0187630 secs] 15781K->15728K(42248K), 0.0193701 secs]
34.577: [GC 34.577: [DefNew: 53K->0K(3008K), 0.0005009 secs]34.577: [Tenured: 19634K->19634K(39240K), 0.0188264 secs] 19688K->19634K(42248K), 0.0194530 secs]
34.601: [Full GC 34.601: [Tenured: 23540K->23540K(39240K), 0.0189295 secs] 23540K->23540K(42248K), [Perm : 19K->19K(8192K)], 0.0190334 secs]
34.621: [Full GC 34.621: [Tenured: 23540K->11821K(39240K), 0.0397545 secs] 23594K->11821K(42248K), [Perm : 19K->19K(8192K)], 0.0398634 secs]
34.662: [GC 34.662: [DefNew: 53K->0K(3008K), 0.0004121 secs]34.662: [Tenured: 11821K->11821K(39240K), 0.0186342 secs] 11875K->11821K(42248K), 0.0191642 secs]
34.685: [GC 34.685: [DefNew: 53K->0K(3008K), 0.0004596 secs]34.686: [Tenured: 15727K->15727K(39240K), 0.0187429 secs] 15781K->15727K(42248K), 0.0193282 secs]
34.709: [GC 34.709: [DefNew: 53K->0K(3008K), 0.0005481 secs]34.710: [Tenured: 19634K->19634K(39240K), 0.0188901 secs] 19687K->19634K(42248K), 0.0195667 secs]
34.734: [Full GC 34.734: [Tenured: 23540K->23540K(39240K), 0.0189032 secs] 23540K->23540K(42248K), [Perm : 19K->19K(8192K)], 0.0190083 secs]
34.754: [Full GC 34.754: [Tenured: 23540K->11821K(39240K), 0.0393075 secs] 23594K->11821K(42248K), [Perm : 19K->19K(8192K)], 0.0394165 secs]
34.794: [GC 34.794: [DefNew: 53K->0K(3008K), 0.0003984 secs]34.794: [Tenured: 11821K->11821K(39240K), 0.0186236 secs] 11875K->11821K(42248K), 0.0191390 secs]
34.818: [GC 34.818: [DefNew: 53K->0K(3008K), 0.0004626 secs]34.818: [Tenured: 15728K->15728K(39240K), 0.0187546 secs] 15781K->15728K(42248K), 0.0193427 secs]
34.842: [GC 34.842: [DefNew: 53K->0K(3008K), 0.0005051 secs]34.842: [Tenured: 19634K->19634K(39240K), 0.0189884 secs] 19688K->19634K(42248K), 0.0196226 secs]
34.866: [Full GC 34.866: [Tenured: 23540K->23540K(39240K), 0.0189287 secs] 23540K->23540K(42248K), [Perm : 19K->19K(8192K)], 0.0190337 secs]
34.887: [Full GC 34.887: [Tenured: 23540K->11821K(39240K), 0.0399054 secs] 23594K->11821K(42248K), [Perm : 19K->19K(8192K)], 0.0400207 secs]
34.929: [GC 34.929: [DefNew: 53K->0K(3008K), 0.0004230 secs]34.929: [Tenured: 11821K->11821K(39240K), 0.0186482 secs] 11875K->11821K(42248K), 0.0191983 secs]
34.954: [GC 34.954: [DefNew: 53K->0K(3008K), 0.0004777 secs]34.954: [Tenured: 15728K->15727K(39240K), 0.0236826 secs] 15781K->15727K(42248K), 0.0243025 secs]
34.983: [GC 34.983: [DefNew: 53K->0K(3008K), 0.0005531 secs]34.983: [Tenured: 19634K->19634K(39240K), 0.0188242 secs] 19687K->19634K(42248K), 0.0195033 secs]
35.007: [Full GC 35.007: [Tenured: 23540K->23540K(39240K), 0.0192167 secs] 23540K->23540K(42248K), [Perm : 19K->19K(8192K)], 0.0193262 secs]
35.028: [Full GC 35.028: [Tenured: 23540K->11821K(39240K), 0.0398120 secs] 23594K->11821K(42248K), [Perm : 19K->19K(8192K)], 0.0399227 secs]
35.068: [GC 35.068: [DefNew: 53K->0K(3008K), 0.0004012 secs]35.068: [Tenured: 11821K->11821K(39240K), 0.0186331 secs] 11875K->11821K(42248K), 0.0191516 secs]
35.092: [GC 35.092: [DefNew: 53K->0K(3008K), 0.0004612 secs]35.092: [Tenured: 15727K->15727K(39240K), 0.0187312 secs] 15781K->15727K(42248K), 0.0193184 secs]
35.116: [GC 35.116: [DefNew: 53K->0K(3008K), 0.0005498 secs]35.116: [Tenured: 19634K->19634K(39240K), 0.0189356 secs] 19687K->19634K(42248K), 0.0196352 secs]
35.140: [Full GC 35.140: [Tenured: 23540K->23540K(39240K), 0.0189105 secs] 23540K->23540K(42248K), [Perm : 19K->19K(8192K)], 0.0190169 secs]
35.160: [Full GC 35.160: [Tenured: 23540K->11821K(39240K), 0.0395061 secs] 23594K->11821K(42248K), [Perm : 19K->19K(8192K)], 0.0396145 secs]
35.201: [GC 35.201: [DefNew: 53K->0K(3008K), 0.0004034 secs]35.201: [Tenured: 11821K->11821K(39240K), 0.0186147 secs] 11875K->11821K(42248K), 0.0191365 secs]
35.225: [GC 35.225: [DefNew: 53K->0K(3008K), 0.0004763 secs]35.225: [Tenured: 15728K->15728K(39240K), 0.0187772 secs] 15781K->15728K(42248K), 0.0193854 secs]
35.249: [GC 35.249: [DefNew: 53K->0K(3008K), 0.0005126 secs]35.250: [Tenured: 19634K->19634K(39240K), 0.0189887 secs] 19688K->19634K(42248K), 0.0196324 secs]
35.273: [Full GC 35.273: [Tenured: 23540K->23540K(39240K), 0.0335506 secs] 23540K->23540K(42248K), [Perm : 19K->19K(8192K)], 0.0336652 secs]
35.311: [Full GC 35.311: [Tenured: 23540K->11821K(39240K), 0.0393494 secs] 23594K->11821K(42248K), [Perm : 19K->19K(8192K)], 0.0394623 secs]
35.350: [GC 35.350: [DefNew: 53K->0K(3008K), 0.0003989 secs]35.351: [Tenured: 11821K->11821K(39240K), 0.0188186 secs] 11875K->11821K(42248K), 0.0193371 secs]
35.375: [GC 35.375: [DefNew: 53K->0K(3008K), 0.0004721 secs]35.375: [Tenured: 15727K->15727K(39240K), 0.0187510 secs] 15781K->15727K(42248K), 0.0193519 secs]
35.399: [GC 35.399: [DefNew: 53K->0K(3008K), 0.0005688 secs]35.399: [Tenured: 19634K->19634K(39240K), 0.0193868 secs] 19687K->19634K(42248K), 0.0200883 secs]
35.423: [Full GC 35.424: [Tenured: 23540K->23540K(39240K), 0.0189088 secs] 23540K->23540K(42248K), [Perm : 19K->19K(8192K)], 0.0190128 secs]
35.445: [Full GC 35.445: [Tenured: 23540K->11821K(39240K), 0.0396411 secs] 23594K->11821K(42248K), [Perm : 19K->19K(8192K)], 0.0397539 secs]
35.486: [GC 35.486: [DefNew: 53K->0K(3008K), 0.0004221 secs]35.487: [Tenured: 11821K->11821K(39240K), 0.0186624 secs] 11875K->11821K(42248K), 0.0192142 secs]
35.510: [GC 35.510: [DefNew: 53K->0K(3008K), 0.0004651 secs]35.511: [Tenured: 15728K->15728K(39240K), 0.0187420 secs] 15781K->15728K(42248K), 0.0193340 secs]
35.534: [GC 35.535: [DefNew: 53K->0K(3008K), 0.0005193 secs]35.535: [Tenured: 19634K->19634K(39240K), 0.0188437 secs] 19688K->19634K(42248K), 0.0194924 secs]
35.559: [Full GC 35.559: [Tenured: 23540K->23540K(39240K), 0.0190675 secs] 23540K->23540K(42248K), [Perm : 19K->19K(8192K)], 0.0191767 secs]
35.580: [Full GC 35.581: [Tenured: 23540K->11821K(39240K), 0.0397475 secs] 23594K->11821K(42248K), [Perm : 19K->19K(8192K)], 0.0398595 secs]
35.621: [GC 35.621: [DefNew: 53K->0K(3008K), 0.0004020 secs]35.621: [Tenured: 11821K->11821K(39240K), 0.0186283 secs] 11875K->11821K(42248K), 0.0191488 secs]
35.645: [GC 35.645: [DefNew: 53K->0K(3008K), 0.0004794 secs]35.646: [Tenured: 15728K->15728K(39240K), 0.0188027 secs] 15781K->15728K(42248K), 0.0194134 secs]
35.670: [GC 35.670: [DefNew: 53K->0K(3008K), 0.0005057 secs]35.670: [Tenured: 19634K->19634K(39240K), 0.0188331 secs] 19688K->19634K(42248K), 0.0194636 secs]
35.694: [Full GC 35.694: [Tenured: 23540K->23540K(39240K), 0.0189144 secs] 23540K->23540K(42248K), [Perm : 19K->19K(8192K)], 0.0190167 secs]
35.714: [Full GC 35.714: [Tenured: 23540K->11821K(39240K), 0.0397182 secs] 23594K->11821K(42248K), [Perm : 19K->19K(8192K)], 0.0398260 secs]
35.754: [GC 35.754: [DefNew: 53K->0K(3008K), 0.0004090 secs]35.755: [Tenured: 11821K->11821K(39240K), 0.0186105 secs] 11875K->11821K(42248K), 0.0191390 secs]
35.778: [GC 35.779: [DefNew: 53K->0K(3008K), 0.0004688 secs]35.779: [Tenured: 15727K->15727K(39240K), 0.0187359 secs] 15781K->15727K(42248K), 0.0193335 secs]
35.803: [GC 35.803: [DefNew: 53K->0K(3008K), 0.0005638 secs]35.804: [Tenured: 19634K->19634K(39240K), 0.0188887 secs] 19687K->19634K(42248K), 0.0195849 secs]
35.827: [Full GC 35.827: [Tenured: 23540K->23540K(39240K), 0.0188985 secs] 23540K->23540K(42248K), [Perm : 19K->19K(8192K)], 0.0190005 secs]
35.848: [Full GC 35.848: [Tenured: 23540K->11821K(39240K), 0.0398037 secs] 23594K->11821K(42248K), [Perm : 19K->19K(8192K)], 0.0399277 secs]
35.889: [GC 35.889: [DefNew: 53K->0K(3008K), 0.0004199 secs]35.890: [Tenured: 11821K->11821K(39240K), 0.0186233 secs] 11875K->11821K(42248K), 0.0191653 secs]
35.913: [GC 35.913: [DefNew: 53K->0K(3008K), 0.0004760 secs]35.914: [Tenured: 15728K->15728K(39240K), 0.0188281 secs] 15781K->15728K(42248K), 0.0194363 secs]
35.938: [GC 35.938: [DefNew: 53K->0K(3008K), 0.0005065 secs]35.938: [Tenured: 19634K->19634K(39240K), 0.0287232 secs] 19688K->19634K(42248K), 0.0293716 secs]
35.973: [Full GC 35.973: [Tenured: 23540K->23540K(39240K), 0.0190725 secs] 23540K->23540K(42248K), [Perm : 19K->19K(8192K)], 0.0191818 secs]
35.994: [Full GC 35.994: [Tenured: 23540K->11821K(39240K), 0.0393402 secs] 23594K->11821K(42248K), [Perm : 19K->19K(8192K)], 0.0394539 secs]
36.033: [GC 36.033: [DefNew: 53K->0K(3008K), 0.0003995 secs]36.034: [Tenured: 11821K->11821K(39240K), 0.0186214 secs] 11875K->11821K(42248K), 0.0191360 secs]
36.057: [GC 36.057: [DefNew: 53K->0K(3008K), 0.0004632 secs]36.058: [Tenured: 15728K->15728K(39240K), 0.0187488 secs] 15781K->15728K(42248K), 0.0193382 secs]
36.081: [GC 36.081: [DefNew: 53K->0K(3008K), 0.0005034 secs]36.082: [Tenured: 19634K->19634K(39240K), 0.0189675 secs] 19688K->19634K(42248K), 0.0195989 secs]
36.106: [Full GC 36.106: [Tenured: 23540K->23540K(39240K), 0.0189248 secs] 23540K->23540K(42248K), [Perm : 19K->19K(8192K)], 0.0190315 secs]
36.126: [Full GC 36.126: [Tenured: 23540K->11821K(39240K), 0.0397349 secs] 23594K->11821K(42248K), [Perm : 19K->19K(8192K)], 0.0398408 secs]
36.166: [GC 36.166: [DefNew: 53K->0K(3008K), 0.0004001 secs]36.167: [Tenured: 11821K->11821K(39240K), 0.0186183 secs] 11875K->11821K(42248K), 0.0191340 secs]
36.190: [GC 36.190: [DefNew: 53K->0K(3008K), 0.0004766 secs]36.191: [Tenured: 15728K->15728K(39240K), 0.0187415 secs] 15781K->15728K(42248K), 0.0193488 secs]
36.215: [GC 36.215: [DefNew: 53K->0K(3008K), 0.0005112 secs]36.215: [Tenured: 19634K->19634K(39240K), 0.0188267 secs] 19688K->19634K(42248K), 0.0194659 secs]
36.239: [Full GC 36.239: [Tenured: 23540K->23540K(39240K), 0.0188951 secs] 23540K->23540K(42248K), [Perm : 19K->19K(8192K)], 0.0189965 secs]
36.262: [Full GC 36.262: [Tenured: 23540K->11821K(39240K), 0.0398861 secs] 23594K->11821K(42248K), [Perm : 19K->19K(8192K)], 0.0399981 secs]
36.302: [GC 36.302: [DefNew: 53K->0K(3008K), 0.0004037 secs]36.303: [Tenured: 11821K->11821K(39240K), 0.0186462 secs] 11875K->11821K(42248K), 0.0191670 secs]
36.326: [GC 36.326: [DefNew: 53K->0K(3008K), 0.0004735 secs]36.327: [Tenured: 15728K->15728K(39240K), 0.0187641 secs] 15781K->15728K(42248K), 0.0193687 secs]
36.350: [GC 36.350: [DefNew: 53K->0K(3008K), 0.0005017 secs]36.351: [Tenured: 19634K->19634K(39240K), 0.0189044 secs] 19688K->19634K(42248K), 0.0195354 secs]
36.374: [Full GC 36.374: [Tenured: 23540K->23540K(39240K), 0.0190510 secs] 23540K->23540K(42248K), [Perm : 19K->19K(8192K)], 0.0191547 secs]
36.395: [Full GC 36.395: [Tenured: 23540K->11821K(39240K), 0.0398579 secs] 23594K->11821K(42248K), [Perm : 19K->19K(8192K)], 0.0399665 secs]
36.435: [GC 36.435: [DefNew: 53K->0K(3008K), 0.0004068 secs]36.436: [Tenured: 11821K->11821K(39240K), 0.0188088 secs] 11875K->11821K(42248K), 0.0193371 secs]
36.459: [GC 36.459: [DefNew: 53K->0K(3008K), 0.0004646 secs]36.460: [Tenured: 15728K->15728K(39240K), 0.0187879 secs] 15781K->15728K(42248K), 0.0193812 secs]
36.485: [GC 36.485: [DefNew: 53K->0K(3008K), 0.0005182 secs]36.485: [Tenured: 19634K->19634K(39240K), 0.0288201 secs] 19688K->19634K(42248K), 0.0294848 secs]
36.520: [Full GC 36.520: [Tenured: 23540K->23540K(39240K), 0.0189180 secs] 23540K->23540K(42248K), [Perm : 19K->19K(8192K)], 0.0190256 secs]
36.540: [Full GC 36.540: [Tenured: 23540K->11821K(39240K), 0.0396802 secs] 23594K->11821K(42248K), [Perm : 19K->19K(8192K)], 0.0397903 secs]
36.580: [GC 36.580: [DefNew: 53K->0K(3008K), 0.0003992 secs]36.581: [Tenured: 11821K->11821K(39240K), 0.0187733 secs] 11875K->11821K(42248K), 0.0192896 secs]
36.605: [GC 36.605: [DefNew: 53K->0K(3008K), 0.0004738 secs]36.605: [Tenured: 15728K->15728K(39240K), 0.0187415 secs] 15781K->15728K(42248K), 0.0193648 secs]
36.629: [GC 36.629: [DefNew: 53K->0K(3008K), 0.0005174 secs]36.629: [Tenured: 19634K->19634K(39240K), 0.0188435 secs] 19688K->19634K(42248K), 0.0194902 secs]
36.653: [Full GC 36.653: [Tenured: 23540K->23540K(39240K), 0.0189197 secs] 23540K->23540K(42248K), [Perm : 19K->19K(8192K)], 0.0190259 secs]
36.674: [Full GC 36.674: [Tenured: 23540K->11821K(39240K), 0.0399294 secs] 23594K->11821K(42248K), [Perm : 19K->19K(8192K)], 0.0400445 secs]
36.715: [GC 36.715: [DefNew: 53K->0K(3008K), 0.0004020 secs]36.715: [Tenured: 11821K->11821K(39240K), 0.0186303 secs] 11875K->11821K(42248K), 0.0191494 secs]
36.739: [GC 36.739: [DefNew: 53K->0K(3008K), 0.0004774 secs]36.739: [Tenured: 15728K->15728K(39240K), 0.0187356 secs] 15781K->15728K(42248K), 0.0193416 secs]
36.764: [GC 36.764: [DefNew: 53K->0K(3008K), 0.0005168 secs]36.764: [Tenured: 19634K->19634K(39240K), 0.0188549 secs] 19688K->19634K(42248K), 0.0195002 secs]
36.788: [Full GC 36.788: [Tenured: 23540K->23540K(39240K), 0.0194245 secs] 23540K->23540K(42248K), [Perm : 19K->19K(8192K)], 0.0195343 secs]
36.809: [Full GC 36.809: [Tenured: 23540K->11821K(39240K), 0.0397229 secs] 23594K->11821K(42248K), [Perm : 19K->19K(8192K)], 0.0398324 secs]
36.849: [GC 36.849: [DefNew: 53K->0K(3008K), 0.0003998 secs]36.849: [Tenured: 11821K->11821K(39240K), 0.0186524 secs] 11875K->11821K(42248K), 0.0191681 secs]
36.873: [GC 36.873: [DefNew: 53K->0K(3008K), 0.0004735 secs]36.873: [Tenured: 15728K->15728K(39240K), 0.0187630 secs] 15781K->15728K(42248K), 0.0193661 secs]
36.897: [GC 36.897: [DefNew: 53K->0K(3008K), 0.0005034 secs]36.898: [Tenured: 19634K->19634K(39240K), 0.0190728 secs] 19688K->19634K(42248K), 0.0197067 secs]
36.921: [Full GC 36.921: [Tenured: 23540K->23540K(39240K), 0.0189044 secs] 23540K->23540K(42248K), [Perm : 19K->19K(8192K)], 0.0190069 secs]
36.941: [Full GC 36.941: [Tenured: 23540K->11821K(39240K), 0.0398305 secs] 23594K->11821K(42248K), [Perm : 19K->19K(8192K)], 0.0399392 secs]
36.983: [GC 36.983: [DefNew: 53K->0K(3008K), 0.0004213 secs]36.984: [Tenured: 11821K->11821K(39240K), 0.0186228 secs] 11875K->11821K(42248K), 0.0191675 secs]
37.007: [GC 37.007: [DefNew: 53K->0K(3008K), 0.0004623 secs]37.008: [Tenured: 15728K->15728K(39240K), 0.0187580 secs] 15781K->15728K(42248K), 0.0193463 secs]
37.032: [GC 37.032: [DefNew: 53K->0K(3008K), 0.0005179 secs]37.032: [Tenured: 19634K->19634K(39240K), 0.0286045 secs] 19688K->19634K(42248K), 0.0292643 secs]
37.066: [Full GC 37.066: [Tenured: 23540K->23540K(39240K), 0.0189027 secs] 23540K->23540K(42248K), [Perm : 19K->19K(8192K)], 0.0190047 secs]
37.089: [Full GC 37.089: [Tenured: 23540K->11821K(39240K), 0.0398031 secs] 23594K->11821K(42248K), [Perm : 19K->19K(8192K)], 0.0399174 secs]
37.129: [GC 37.129: [DefNew: 53K->0K(3008K), 0.0004020 secs]37.129: [Tenured: 11821K->11821K(39240K), 0.0186144 secs] 11875K->11821K(42248K), 0.0191329 secs]
37.153: [GC 37.153: [DefNew: 53K->0K(3008K), 0.0004632 secs]37.153: [Tenured: 15727K->15727K(39240K), 0.0187339 secs] 15781K->15727K(42248K), 0.0193234 secs]
37.177: [GC 37.177: [DefNew: 53K->0K(3008K), 0.0005554 secs]37.178: [Tenured: 19634K->19634K(39240K), 0.0188876 secs] 19687K->19634K(42248K), 0.0195712 secs]
37.201: [Full GC 37.201: [Tenured: 23540K->23540K(39240K), 0.0189155 secs] 23540K->23540K(42248K), [Perm : 19K->19K(8192K)], 0.0190217 secs]
37.221: [Full GC 37.221: [Tenured: 23540K->11821K(39240K), 0.0395983 secs] 23594K->11821K(42248K), [Perm : 19K->19K(8192K)], 0.0397023 secs]
37.262: [GC 37.262: [DefNew: 53K->0K(3008K), 0.0004065 secs]37.262: [Tenured: 11821K->11821K(39240K), 0.0186188 secs] 11875K->11821K(42248K), 0.0191424 secs]
37.286: [GC 37.286: [DefNew: 53K->0K(3008K), 0.0004769 secs]37.287: [Tenured: 15727K->15727K(39240K), 0.0187881 secs] 15781K->15727K(42248K), 0.0193960 secs]
37.310: [GC 37.310: [DefNew: 53K->0K(3008K), 0.0005598 secs]37.311: [Tenured: 19634K->19634K(39240K), 0.0189812 secs] 19687K->19634K(42248K), 0.0196721 secs]
37.335: [Full GC 37.335: [Tenured: 23540K->23540K(39240K), 0.0189477 secs] 23540K->23540K(42248K), [Perm : 19K->19K(8192K)], 0.0190549 secs]
37.355: [Full GC 37.355: [Tenured: 23540K->11821K(39240K), 0.0396162 secs] 23594K->11821K(42248K), [Perm : 19K->19K(8192K)], 0.0397218 secs]
37.395: [GC 37.395: [DefNew: 53K->0K(3008K), 0.0003992 secs]37.395: [Tenured: 11821K->11821K(39240K), 0.0186188 secs] 11875K->11821K(42248K), 0.0191334 secs]
37.419: [GC 37.419: [DefNew: 53K->0K(3008K), 0.0004758 secs]37.420: [Tenured: 15728K->15728K(39240K), 0.0187476 secs] 15781K->15728K(42248K), 0.0193544 secs]
37.443: [GC 37.443: [DefNew: 53K->0K(3008K), 0.0005031 secs]37.444: [Tenured: 19634K->19634K(39240K), 0.0190276 secs] 19688K->19634K(42248K), 0.0196614 secs]
37.468: [Full GC 37.468: [Tenured: 23540K->23540K(39240K), 0.0339965 secs] 23540K->23540K(42248K), [Perm : 19K->19K(8192K)], 0.0341194 secs]
37.505: [Full GC 37.505: [Tenured: 23540K->11821K(39240K), 0.0419355 secs] 23594K->11821K(42248K), [Perm : 19K->19K(8192K)], 0.0420492 secs]
37.548: [GC 37.548: [DefNew: 53K->0K(3008K), 0.0004221 secs]37.549: [Tenured: 11821K->11821K(39240K), 0.0188057 secs] 11875K->11821K(42248K), 0.0193564 secs]
37.572: [GC 37.572: [DefNew: 53K->0K(3008K), 0.0004626 secs]37.573: [Tenured: 15728K->15728K(39240K), 0.0209705 secs] 15781K->15728K(42248K), 0.0215628 secs]
37.599: [GC 37.599: [DefNew: 53K->0K(3008K), 0.0005149 secs]37.599: [Tenured: 19634K->19634K(39240K), 0.0287411 secs] 19688K->19634K(42248K), 0.0293979 secs]
37.633: [Full GC 37.633: [Tenured: 23540K->23540K(39240K), 0.0212619 secs] 23540K->23540K(42248K), [Perm : 19K->19K(8192K)], 0.0213712 secs]
37.656: [Full GC 37.656: [Tenured: 23540K->11821K(39240K), 0.0397866 secs] 23594K->11821K(42248K), [Perm : 19K->19K(8192K)], 0.0398956 secs]
37.696: [GC 37.696: [DefNew: 53K->0K(3008K), 0.0004051 secs]37.697: [Tenured: 11821K->11821K(39240K), 0.0210083 secs] 11875K->11821K(42248K), 0.0215363 secs]
37.722: [GC 37.722: [DefNew: 53K->0K(3008K), 0.0004674 secs]37.723: [Tenured: 15728K->15727K(39240K), 0.0238039 secs] 15781K->15727K(42248K), 0.0244126 secs]
37.752: [GC 37.752: [DefNew: 53K->0K(3008K), 0.0005526 secs]37.752: [Tenured: 19634K->19634K(39240K), 0.0188390 secs] 19687K->19634K(42248K), 0.0195192 secs]
37.779: [Full GC 37.779: [Tenured: 23540K->23540K(39240K), 0.0190625 secs] 23540K->23540K(42248K), [Perm : 19K->19K(8192K)], 0.0191714 secs]
37.799: [Full GC 37.799: [Tenured: 23540K->11821K(39240K), 0.0418955 secs] 23594K->11821K(42248K), [Perm : 19K->19K(8192K)], 0.0420073 secs]
37.841: [GC 37.841: [DefNew: 53K->0K(3008K), 0.0004017 secs]37.842: [Tenured: 11821K->11821K(39240K), 0.0186295 secs] 11875K->11821K(42248K), 0.0191485 secs]
37.865: [GC 37.865: [DefNew: 53K->0K(3008K), 0.0004626 secs]37.866: [Tenured: 15728K->15728K(39240K), 0.0193569 secs] 15781K->15728K(42248K), 0.0199509 secs]
37.890: [GC 37.890: [DefNew: 53K->0K(3008K), 0.0005157 secs]37.891: [Tenured: 19634K->19634K(39240K), 0.0214156 secs] 19688K->19634K(42248K), 0.0220662 secs]
37.917: [Full GC 37.917: [Tenured: 23540K->23540K(39240K), 0.0190918 secs] 23540K->23540K(42248K), [Perm : 19K->19K(8192K)], 0.0192013 secs]
37.938: [Full GC 37.938: [Tenured: 23540K->11821K(39240K), 0.0419623 secs] 23594K->11821K(42248K), [Perm : 19K->19K(8192K)], 0.0420704 secs]
37.980: [GC 37.980: [DefNew: 53K->0K(3008K), 0.0004028 secs]37.980: [Tenured: 11821K->11821K(39240K), 0.0189432 secs] 11875K->11821K(42248K), 0.0194690 secs]
38.005: [GC 38.005: [DefNew: 53K->0K(3008K), 0.0004780 secs]38.006: [Tenured: 15727K->15727K(39240K), 0.0217363 secs] 15781K->15727K(42248K), 0.0223495 secs]
38.032: [GC 38.033: [DefNew: 53K->0K(3008K), 0.0005562 secs]38.033: [Tenured: 19634K->19634K(39240K), 0.0188127 secs] 19687K->19634K(42248K), 0.0194952 secs]
38.058: [Full GC 38.058: [Tenured: 23540K->23540K(39240K), 0.0189186 secs] 23540K->23540K(42248K), [Perm : 19K->19K(8192K)], 0.0190256 secs]
38.078: [Full GC 38.078: [Tenured: 23540K->11821K(39240K), 0.0419746 secs] 23594K->11821K(42248K), [Perm : 19K->19K(8192K)], 0.0420844 secs]
38.120: [GC 38.120: [DefNew: 53K->0K(3008K), 0.0004056 secs]38.121: [Tenured: 11821K->11821K(39240K), 0.0186267 secs] 11875K->11821K(42248K), 0.0191502 secs]
38.144: [GC 38.144: [DefNew: 53K->0K(3008K), 0.0004626 secs]38.145: [Tenured: 15728K->15728K(39240K), 0.0209367 secs] 15781K->15728K(42248K), 0.0215287 secs]
38.170: [GC 38.171: [DefNew: 53K->0K(3008K), 0.0005065 secs]38.171: [Tenured: 19634K->19634K(39240K), 0.0188200 secs] 19688K->19634K(42248K), 0.0194511 secs]
38.195: [Full GC 38.195: [Tenured: 23540K->23540K(39240K), 0.0189393 secs] 23540K->23540K(42248K), [Perm : 19K->19K(8192K)], 0.0190460 secs]
38.215: [Full GC 38.215: [Tenured: 23540K->11821K(39240K), 0.0398528 secs] 23594K->11821K(42248K), [Perm : 19K->19K(8192K)], 0.0399595 secs]
38.255: [GC 38.255: [DefNew: 53K->0K(3008K), 0.0004028 secs]38.255: [Tenured: 11821K->11821K(39240K), 0.0186602 secs] 11875K->11821K(42248K), 0.0191826 secs]
38.279: [GC 38.279: [DefNew: 53K->0K(3008K), 0.0004663 secs]38.279: [Tenured: 15728K->15728K(39240K), 0.0187384 secs] 15781K->15728K(42248K), 0.0193296 secs]
38.303: [GC 38.303: [DefNew: 53K->0K(3008K), 0.0005037 secs]38.304: [Tenured: 19634K->19634K(39240K), 0.0189234 secs] 19688K->19634K(42248K), 0.0195561 secs]
38.328: [Full GC 38.328: [Tenured: 23540K->23540K(39240K), 0.0189231 secs] 23540K->23540K(42248K), [Perm : 19K->19K(8192K)], 0.0190298 secs]
38.348: [Full GC 38.348: [Tenured: 23540K->11821K(39240K), 0.0396760 secs] 23594K->11821K(42248K), [Perm : 19K->19K(8192K)], 0.0397799 secs]
38.388: [GC 38.388: [DefNew: 53K->0K(3008K), 0.0003987 secs]38.389: [Tenured: 11821K->11821K(39240K), 0.0186188 secs] 11875K->11821K(42248K), 0.0191346 secs]
38.412: [GC 38.412: [DefNew: 53K->0K(3008K), 0.0004615 secs]38.412: [Tenured: 15728K->15728K(39240K), 0.0189379 secs] 15781K->15728K(42248K), 0.0195282 secs]
38.436: [GC 38.436: [DefNew: 53K->0K(3008K), 0.0005054 secs]38.437: [Tenured: 19634K->19634K(39240K), 0.0191111 secs] 19688K->19634K(42248K), 0.0197472 secs]
38.461: [Full GC 38.461: [Tenured: 23540K->23540K(39240K), 0.0189451 secs] 23540K->23540K(42248K), [Perm : 19K->19K(8192K)], 0.0190507 secs]
38.481: [Full GC 38.481: [Tenured: 23540K->11821K(39240K), 0.0398377 secs] 23594K->11821K(42248K), [Perm : 19K->19K(8192K)], 0.0399484 secs]
38.523: [GC 38.523: [DefNew: 53K->0K(3008K), 0.0004216 secs]38.523: [Tenured: 11821K->11821K(39240K), 0.0186691 secs] 11875K->11821K(42248K), 0.0192178 secs]
38.547: [GC 38.547: [DefNew: 53K->0K(3008K), 0.0004735 secs]38.548: [Tenured: 15728K->15728K(39240K), 0.0187434 secs] 15781K->15728K(42248K), 0.0193460 secs]
38.572: [GC 38.572: [DefNew: 53K->0K(3008K), 0.0005040 secs]38.572: [Tenured: 19634K->19634K(39240K), 0.0188147 secs] 19688K->19634K(42248K), 0.0194427 secs]
38.596: [Full GC 38.596: [Tenured: 23540K->23540K(39240K), 0.0335325 secs] 23540K->23540K(42248K), [Perm : 19K->19K(8192K)], 0.0336498 secs]
38.631: [Full GC 38.631: [Tenured: 23540K->11821K(39240K), 0.0398288 secs] 23594K->11821K(42248K), [Perm : 19K->19K(8192K)], 0.0399392 secs]
38.671: [GC 38.671: [DefNew: 53K->0K(3008K), 0.0003987 secs]38.672: [Tenured: 11821K->11821K(39240K), 0.0186191 secs] 11875K->11821K(42248K), 0.0191326 secs]
38.695: [GC 38.695: [DefNew: 53K->0K(3008K), 0.0004629 secs]38.696: [Tenured: 15728K->15728K(39240K), 0.0188214 secs] 15781K->15728K(42248K), 0.0194136 secs]
38.719: [GC 38.719: [DefNew: 53K->0K(3008K), 0.0005065 secs]38.720: [Tenured: 19634K->19634K(39240K), 0.0188289 secs] 19688K->19634K(42248K), 0.0194634 secs]
38.744: [Full GC 38.744: [Tenured: 23540K->23540K(39240K), 0.0190524 secs] 23540K->23540K(42248K), [Perm : 19K->19K(8192K)], 0.0191608 secs]
38.767: [Full GC 38.767: [Tenured: 23540K->11821K(39240K), 0.0394092 secs] 23594K->11821K(42248K), [Perm : 19K->19K(8192K)], 0.0395226 secs]
38.806: [GC 38.806: [DefNew: 53K->0K(3008K), 0.0003984 secs]38.807: [Tenured: 11821K->11821K(39240K), 0.0186225 secs] 11875K->11821K(42248K), 0.0191362 secs]
38.831: [GC 38.831: [DefNew: 53K->0K(3008K), 0.0004780 secs]38.831: [Tenured: 15727K->15727K(39240K), 0.0187697 secs] 15781K->15727K(42248K), 0.0193790 secs]
38.855: [GC 38.855: [DefNew: 53K->0K(3008K), 0.0005643 secs]38.856: [Tenured: 19634K->19634K(39240K), 0.0188074 secs] 19687K->19634K(42248K), 0.0195000 secs]
38.880: [Full GC 38.880: [Tenured: 23540K->23540K(39240K), 0.0188957 secs] 23540K->23540K(42248K), [Perm : 19K->19K(8192K)], 0.0189971 secs]
38.900: [Full GC 38.900: [Tenured: 23540K->11821K(39240K), 0.0396662 secs] 23594K->11821K(42248K), [Perm : 19K->19K(8192K)], 0.0397752 secs]
38.940: [GC 38.940: [DefNew: 53K->0K(3008K), 0.0004001 secs]38.940: [Tenured: 11821K->11821K(39240K), 0.0187820 secs] 11875K->11821K(42248K), 0.0193002 secs]
38.964: [GC 38.964: [DefNew: 53K->0K(3008K), 0.0004732 secs]38.965: [Tenured: 15728K->15728K(39240K), 0.0187367 secs] 15781K->15728K(42248K), 0.0193388 secs]
38.988: [GC 38.988: [DefNew: 53K->0K(3008K), 0.0005017 secs]38.989: [Tenured: 19634K->19634K(39240K), 0.0188136 secs] 19688K->19634K(42248K), 0.0194393 secs]
39.012: [Full GC 39.013: [Tenured: 23540K->23540K(39240K), 0.0189692 secs] 23540K->23540K(42248K), [Perm : 19K->19K(8192K)], 0.0190767 secs]
39.033: [Full GC 39.033: [Tenured: 23540K->11821K(39240K), 0.0398928 secs] 23594K->11821K(42248K), [Perm : 19K->19K(8192K)], 0.0400056 secs]
39.074: [GC 39.074: [DefNew: 53K->0K(3008K), 0.0004090 secs]39.075: [Tenured: 11821K->11821K(39240K), 0.0186211 secs] 11875K->11821K(42248K), 0.0191491 secs]
39.098: [GC 39.098: [DefNew: 53K->0K(3008K), 0.0004772 secs]39.099: [Tenured: 15728K->15728K(39240K), 0.0187406 secs] 15781K->15728K(42248K), 0.0193469 secs]
39.122: [GC 39.122: [DefNew: 53K->0K(3008K), 0.0005062 secs]39.123: [Tenured: 19634K->19634K(39240K), 0.0188233 secs] 19688K->19634K(42248K), 0.0194558 secs]
39.146: [Full GC 39.147: [Tenured: 23540K->23540K(39240K), 0.0335003 secs] 23540K->23540K(42248K), [Perm : 19K->19K(8192K)], 0.0336107 secs]
39.181: [Full GC 39.182: [Tenured: 23540K->11821K(39240K), 0.0396000 secs] 23594K->11821K(42248K), [Perm : 19K->19K(8192K)], 0.0397059 secs]
39.222: [GC 39.222: [DefNew: 53K->0K(3008K), 0.0004017 secs]39.222: [Tenured: 11821K->11821K(39240K), 0.0186219 secs] 11875K->11821K(42248K), 0.0191418 secs]
39.246: [GC 39.246: [DefNew: 53K->0K(3008K), 0.0004691 secs]39.246: [Tenured: 15728K->15728K(39240K), 0.0187423 secs] 15781K->15728K(42248K), 0.0193393 secs]
39.270: [GC 39.270: [DefNew: 53K->0K(3008K), 0.0005165 secs]39.271: [Tenured: 19634K->19634K(39240K), 0.0285799 secs] 19688K->19634K(42248K), 0.0292367 secs]
39.305: [Full GC 39.305: [Tenured: 23540K->23540K(39240K), 0.0189999 secs] 23540K->23540K(42248K), [Perm : 19K->19K(8192K)], 0.0191105 secs]
39.327: [Full GC 39.327: [Tenured: 23540K->11821K(39240K), 0.0397788 secs] 23594K->11821K(42248K), [Perm : 19K->19K(8192K)], 0.0398886 secs]
39.367: [GC 39.367: [DefNew: 53K->0K(3008K), 0.0004020 secs]39.367: [Tenured: 11821K->11821K(39240K), 0.0186987 secs] 11875K->11821K(42248K), 0.0192214 secs]
39.391: [GC 39.391: [DefNew: 53K->0K(3008K), 0.0004713 secs]39.392: [Tenured: 15728K->15727K(39240K), 0.0236832 secs] 15781K->15727K(42248K), 0.0242939 secs]
39.421: [GC 39.421: [DefNew: 53K->0K(3008K), 0.0005596 secs]39.421: [Tenured: 19634K->19634K(39240K), 0.0188465 secs] 19687K->19634K(42248K), 0.0195354 secs]
39.445: [Full GC 39.445: [Tenured: 23540K->23540K(39240K), 0.0191130 secs] 23540K->23540K(42248K), [Perm : 19K->19K(8192K)], 0.0192184 secs]
39.466: [Full GC 39.466: [Tenured: 23540K->11821K(39240K), 0.0396383 secs] 23594K->11821K(42248K), [Perm : 19K->19K(8192K)], 0.0397467 secs]
39.505: [GC 39.506: [DefNew: 53K->0K(3008K), 0.0003984 secs]39.506: [Tenured: 11821K->11821K(39240K), 0.0187286 secs] 11875K->11821K(42248K), 0.0192446 secs]
39.531: [GC 39.531: [DefNew: 53K->0K(3008K), 0.0004802 secs]39.532: [Tenured: 15728K->15728K(39240K), 0.0188275 secs] 15781K->15728K(42248K), 0.0194396 secs]
39.555: [GC 39.555: [DefNew: 53K->0K(3008K), 0.0005068 secs]39.556: [Tenured: 19634K->19634K(39240K), 0.0189884 secs] 19688K->19634K(42248K), 0.0196433 secs]
39.580: [Full GC 39.580: [Tenured: 23540K->23540K(39240K), 0.0189256 secs] 23540K->23540K(42248K), [Perm : 19K->19K(8192K)], 0.0190315 secs]
39.600: [Full GC 39.600: [Tenured: 23540K->11821K(39240K), 0.0397151 secs] 23594K->11821K(42248K), [Perm : 19K->19K(8192K)], 0.0398218 secs]
39.641: [GC 39.641: [DefNew: 53K->0K(3008K), 0.0004006 secs]39.641: [Tenured: 11821K->11821K(39240K), 0.0186236 secs] 11875K->11821K(42248K), 0.0191415 secs]
39.664: [GC 39.664: [DefNew: 53K->0K(3008K), 0.0004808 secs]39.665: [Tenured: 15727K->15727K(39240K), 0.0190633 secs] 15781K->15727K(42248K), 0.0196721 secs]
39.689: [GC 39.689: [DefNew: 53K->0K(3008K), 0.0005481 secs]39.689: [Tenured: 19634K->19634K(39240K), 0.0188161 secs] 19687K->19634K(42248K), 0.0194899 secs]
39.713: [Full GC 39.713: [Tenured: 23540K->23540K(39240K), 0.0189248 secs] 23540K->23540K(42248K), [Perm : 19K->19K(8192K)], 0.0190309 secs]
39.733: [Full GC 39.733: [Tenured: 23540K->11821K(39240K), 0.0397785 secs] 23594K->11821K(42248K), [Perm : 19K->19K(8192K)], 0.0398824 secs]
39.773: [GC 39.773: [DefNew: 53K->0K(3008K), 0.0004009 secs]39.774: [Tenured: 11821K->11821K(39240K), 0.0186954 secs] 11875K->11821K(42248K), 0.0192178 secs]
39.797: [GC 39.797: [DefNew: 53K->0K(3008K), 0.0004718 secs]39.798: [Tenured: 15728K->15728K(39240K), 0.0187446 secs] 15781K->15728K(42248K), 0.0193444 secs]
39.822: [GC 39.822: [DefNew: 53K->0K(3008K), 0.0005076 secs]39.823: [Tenured: 19634K->19634K(39240K), 0.0285246 secs] 19688K->19634K(42248K), 0.0291660 secs]
39.856: [Full GC 39.856: [Tenured: 23540K->23540K(39240K), 0.0189278 secs] 23540K->23540K(42248K), [Perm : 19K->19K(8192K)], 0.0190340 secs]
39.876: [Full GC 39.876: [Tenured: 23540K->11821K(39240K), 0.0396416 secs] 23594K->11821K(42248K), [Perm : 19K->19K(8192K)], 0.0397470 secs]
39.916: [GC 39.916: [DefNew: 53K->0K(3008K), 0.0004001 secs]39.917: [Tenured: 11821K->11821K(39240K), 0.0186443 secs] 11875K->11821K(42248K), 0.0191608 secs]
39.941: [GC 39.941: [DefNew: 53K->0K(3008K), 0.0004786 secs]39.941: [Tenured: 15728K->15727K(39240K), 0.0234971 secs] 15781K->15727K(42248K), 0.0241154 secs]
39.970: [GC 39.970: [DefNew: 53K->0K(3008K), 0.0005487 secs]39.970: [Tenured: 19634K->19634K(39240K), 0.0189871 secs] 19687K->19634K(42248K), 0.0196642 secs]
39.995: [Full GC 39.995: [Tenured: 23540K->23540K(39240K), 0.0189197 secs] 23540K->23540K(42248K), [Perm : 19K->19K(8192K)], 0.0190259 secs]
40.017: [Full GC 40.017: [Tenured: 23540K->11821K(39240K), 0.0395184 secs] 23594K->11821K(42248K), [Perm : 19K->19K(8192K)], 0.0396358 secs]
40.057: [GC 40.057: [DefNew: 53K->0K(3008K), 0.0004037 secs]40.057: [Tenured: 11821K->11821K(39240K), 0.0186395 secs] 11875K->11821K(42248K), 0.0191611 secs]
40.083: [GC 40.083: [DefNew: 53K->0K(3008K), 0.0004802 secs]40.083: [Tenured: 15728K->15728K(39240K), 0.0188205 secs] 15781K->15728K(42248K), 0.0194363 secs]
40.107: [GC 40.107: [DefNew: 53K->0K(3008K), 0.0005124 secs]40.108: [Tenured: 19634K->19634K(39240K), 0.0188328 secs] 19688K->19634K(42248K), 0.0194748 secs]
40.131: [Full GC 40.131: [Tenured: 23540K->23540K(39240K), 0.0189739 secs] 23540K->23540K(42248K), [Perm : 19K->19K(8192K)], 0.0190790 secs]
40.152: [Full GC 40.152: [Tenured: 23540K->11821K(39240K), 0.0399090 secs] 23594K->11821K(42248K), [Perm : 19K->19K(8192K)], 0.0400230 secs]
40.192: [GC 40.192: [DefNew: 53K->0K(3008K), 0.0004014 secs]40.193: [Tenured: 11821K->11821K(39240K), 0.0186278 secs] 11875K->11821K(42248K), 0.0191452 secs]
40.216: [GC 40.216: [DefNew: 53K->0K(3008K), 0.0004718 secs]40.217: [Tenured: 15727K->15727K(39240K), 0.0187373 secs] 15781K->15727K(42248K), 0.0193385 secs]
40.240: [GC 40.240: [DefNew: 53K->0K(3008K), 0.0005484 secs]40.241: [Tenured: 19634K->19634K(39240K), 0.0189018 secs] 19687K->19634K(42248K), 0.0195785 secs]
40.265: [Full GC 40.265: [Tenured: 23540K->23540K(39240K), 0.0190549 secs] 23540K->23540K(42248K), [Perm : 19K->19K(8192K)], 0.0191605 secs]
40.286: [Full GC 40.286: [Tenured: 23540K->11821K(39240K), 0.0393301 secs] 23594K->11821K(42248K), [Perm : 19K->19K(8192K)], 0.0394422 secs]
40.326: [GC 40.326: [DefNew: 53K->0K(3008K), 0.0004023 secs]40.326: [Tenured: 11821K->11821K(39240K), 0.0186418 secs] 11875K->11821K(42248K), 0.0191807 secs]
40.350: [GC 40.350: [DefNew: 53K->0K(3008K), 0.0004788 secs]40.351: [Tenured: 15728K->15728K(39240K), 0.0187761 secs] 15781K->15728K(42248K), 0.0193851 secs]
40.374: [GC 40.374: [DefNew: 53K->0K(3008K), 0.0005029 secs]40.375: [Tenured: 19634K->19634K(39240K), 0.0289836 secs] 19688K->19634K(42248K), 0.0296258 secs]
40.416: [Full GC 40.416: [Tenured: 23540K->23540K(39240K), 0.0191466 secs] 23540K->23540K(42248K), [Perm : 19K->19K(8192K)], 0.0192594 secs]
40.472: [Full GC 40.472: [Tenured: 23540K->11821K(39240K), 0.0400942 secs] 23594K->11821K(42248K), [Perm : 19K->19K(8192K)], 0.0402127 secs]
40.512: [GC 40.512: [DefNew: 53K->0K(3008K), 0.0004028 secs]40.513: [Tenured: 11821K->11821K(39240K), 0.0188686 secs] 11875K->11821K(42248K), 0.0193885 secs]
40.537: [GC 40.537: [DefNew: 53K->0K(3008K), 0.0004744 secs]40.537: [Tenured: 15727K->15727K(39240K), 0.0190588 secs] 15781K->15727K(42248K), 0.0196698 secs]
40.562: [GC 40.562: [DefNew: 53K->0K(3008K), 0.0005652 secs]40.563: [Tenured: 19634K->19634K(39240K), 0.0191175 secs] 19687K->19634K(42248K), 0.0198159 secs]
40.588: [Full GC 40.588: [Tenured: 23540K->23540K(39240K), 0.0192977 secs] 23540K->23540K(42248K), [Perm : 19K->19K(8192K)], 0.0194081 secs]
40.608: [Full GC 40.608: [Tenured: 23540K->11821K(39240K), 0.0398498 secs] 23594K->11821K(42248K), [Perm : 19K->19K(8192K)], 0.0399548 secs]
40.648: [GC 40.649: [DefNew: 53K->0K(3008K), 0.0003992 secs]40.649: [Tenured: 11821K->11821K(39240K), 0.0189370 secs] 11875K->11821K(42248K), 0.0194575 secs]
40.673: [GC 40.673: [DefNew: 53K->0K(3008K), 0.0004738 secs]40.673: [Tenured: 15728K->15728K(39240K), 0.0190304 secs] 15781K->15728K(42248K), 0.0196371 secs]
40.698: [GC 40.698: [DefNew: 53K->0K(3008K), 0.0005199 secs]40.698: [Tenured: 19634K->19634K(39240K), 0.0190544 secs] 19688K->19634K(42248K), 0.0197031 secs]
40.722: [Full GC 40.722: [Tenured: 23540K->23540K(39240K), 0.0191206 secs] 23540K->23540K(42248K), [Perm : 19K->19K(8192K)], 0.0192220 secs]
40.742: [Full GC 40.742: [Tenured: 23540K->11821K(39240K), 0.0399263 secs] 23594K->11821K(42248K), [Perm : 19K->19K(8192K)], 0.0400308 secs]
40.783: [GC 40.783: [DefNew: 53K->0K(3008K), 0.0004062 secs]40.784: [Tenured: 11821K->11821K(39240K), 0.0189904 secs] 11875K->11821K(42248K), 0.0195170 secs]
40.808: [GC 40.808: [DefNew: 53K->0K(3008K), 0.0004713 secs]40.808: [Tenured: 15728K->15728K(39240K), 0.0189762 secs] 15781K->15728K(42248K), 0.0195768 secs]
40.832: [GC 40.833: [DefNew: 53K->0K(3008K), 0.0005179 secs]40.833: [Tenured: 19634K->19634K(39240K), 0.0190524 secs] 19688K->19634K(42248K), 0.0196997 secs]
40.857: [Full GC 40.857: [Tenured: 23540K->23540K(39240K), 0.0340817 secs] 23540K->23540K(42248K), [Perm : 19K->19K(8192K)], 0.0341976 secs]
40.892: [Full GC 40.892: [Tenured: 23540K->11821K(39240K), 0.0399246 secs] 23594K->11821K(42248K), [Perm : 19K->19K(8192K)], 0.0400327 secs]
40.933: [GC 40.933: [DefNew: 53K->0K(3008K), 0.0004121 secs]40.934: [Tenured: 11821K->11821K(39240K), 0.0188496 secs] 11875K->11821K(42248K), 0.0193804 secs]
40.957: [GC 40.957: [DefNew: 53K->0K(3008K), 0.0004607 secs]40.958: [Tenured: 15728K->15728K(39240K), 0.0189655 secs] 15781K->15728K(42248K), 0.0195514 secs]
40.982: [GC 40.982: [DefNew: 53K->0K(3008K), 0.0005143 secs]40.982: [Tenured: 19634K->19634K(39240K), 0.0289495 secs] 19688K->19634K(42248K), 0.0296063 secs]
41.017: [Full GC 41.017: [Tenured: 23540K->23540K(39240K), 0.0191393 secs] 23540K->23540K(42248K), [Perm : 19K->19K(8192K)], 0.0192443 secs]
41.037: [Full GC 41.037: [Tenured: 23540K->11821K(39240K), 0.0399925 secs] 23594K->11821K(42248K), [Perm : 19K->19K(8192K)], 0.0401001 secs]
41.079: [GC 41.079: [DefNew: 53K->0K(3008K), 0.0004218 secs]41.080: [Tenured: 11821K->11821K(39240K), 0.0189063 secs] 11875K->11821K(42248K), 0.0194555 secs]
41.103: [GC 41.104: [DefNew: 53K->0K(3008K), 0.0004618 secs]41.104: [Tenured: 15728K->15727K(39240K), 0.0237078 secs] 15781K->15727K(42248K), 0.0243059 secs]
41.134: [GC 41.134: [DefNew: 53K->0K(3008K), 0.0005649 secs]41.135: [Tenured: 19634K->19634K(39240K), 0.0190569 secs] 19687K->19634K(42248K), 0.0197693 secs]
41.158: [Full GC 41.158: [Tenured: 23540K->23540K(39240K), 0.0191175 secs] 23540K->23540K(42248K), [Perm : 19K->19K(8192K)], 0.0192195 secs]
41.179: [Full GC 41.179: [Tenured: 23540K->11821K(39240K), 0.0398986 secs] 23594K->11821K(42248K), [Perm : 19K->19K(8192K)], 0.0400087 secs]
41.220: [GC 41.220: [DefNew: 53K->0K(3008K), 0.0004003 secs]41.220: [Tenured: 11821K->11821K(39240K), 0.0188694 secs] 11875K->11821K(42248K), 0.0193896 secs]
41.244: [GC 41.244: [DefNew: 53K->0K(3008K), 0.0004732 secs]41.244: [Tenured: 15728K->15728K(39240K), 0.0189809 secs] 15781K->15728K(42248K), 0.0195835 secs]
41.268: [GC 41.268: [DefNew: 53K->0K(3008K), 0.0005065 secs]41.269: [Tenured: 19634K->19634K(39240K), 0.0190485 secs] 19688K->19634K(42248K), 0.0196829 secs]
41.293: [Full GC 41.293: [Tenured: 23540K->23540K(39240K), 0.0191360 secs] 23540K->23540K(42248K), [Perm : 19K->19K(8192K)], 0.0192410 secs]
41.314: [Full GC 41.314: [Tenured: 23540K->11821K(39240K), 0.0400207 secs] 23594K->11821K(42248K), [Perm : 19K->19K(8192K)], 0.0401342 secs]
41.355: [GC 41.355: [DefNew: 53K->0K(3008K), 0.0004068 secs]41.355: [Tenured: 11821K->11821K(39240K), 0.0188591 secs] 11875K->11821K(42248K), 0.0193846 secs]
41.379: [GC 41.380: [DefNew: 53K->0K(3008K), 0.0004797 secs]41.380: [Tenured: 15728K->15728K(39240K), 0.0189720 secs] 15781K->15728K(42248K), 0.0196360 secs]
41.404: [GC 41.404: [DefNew: 53K->0K(3008K), 0.0005054 secs]41.404: [Tenured: 19634K->19634K(39240K), 0.0192335 secs] 19688K->19634K(42248K), 0.0198679 secs]
41.428: [Full GC 41.429: [Tenured: 23540K->23540K(39240K), 0.0339177 secs] 23540K->23540K(42248K), [Perm : 19K->19K(8192K)], 0.0340331 secs]
41.464: [Full GC 41.464: [Tenured: 23540K->11821K(39240K), 0.0399026 secs] 23594K->11821K(42248K), [Perm : 19K->19K(8192K)], 0.0400157 secs]
41.505: [GC 41.505: [DefNew: 53K->0K(3008K), 0.0004012 secs]41.505: [Tenured: 11821K->11821K(39240K), 0.0188507 secs] 11875K->11821K(42248K), 0.0194279 secs]
41.529: [GC 41.529: [DefNew: 53K->0K(3008K), 0.0004752 secs]41.530: [Tenured: 15727K->15727K(39240K), 0.0189655 secs] 15781K->15727K(42248K), 0.0195726 secs]
41.554: [GC 41.554: [DefNew: 53K->0K(3008K), 0.0005503 secs]41.554: [Tenured: 19634K->19634K(39240K), 0.0191295 secs] 19687K->19634K(42248K), 0.0198106 secs]
41.579: [Full GC 41.579: [Tenured: 23540K->23540K(39240K), 0.0191482 secs] 23540K->23540K(42248K), [Perm : 19K->19K(8192K)], 0.0192558 secs]
41.599: [Full GC 41.599: [Tenured: 23540K->11821K(39240K), 0.0400288 secs] 23594K->11821K(42248K), [Perm : 19K->19K(8192K)], 0.0401369 secs]
41.640: [GC 41.640: [DefNew: 53K->0K(3008K), 0.0004090 secs]41.640: [Tenured: 11821K->11821K(39240K), 0.0188460 secs] 11875K->11821K(42248K), 0.0193740 secs]
41.664: [GC 41.664: [DefNew: 53K->0K(3008K), 0.0004660 secs]41.665: [Tenured: 15728K->15728K(39240K), 0.0190010 secs] 15781K->15728K(42248K), 0.0195966 secs]
41.688: [GC 41.689: [DefNew: 53K->0K(3008K), 0.0005138 secs]41.689: [Tenured: 19634K->19634K(39240K), 0.0190586 secs] 19688K->19634K(42248K), 0.0197025 secs]
41.713: [Full GC 41.713: [Tenured: 23540K->23540K(39240K), 0.0191399 secs] 23540K->23540K(42248K), [Perm : 19K->19K(8192K)], 0.0192457 secs]
41.737: [Full GC 41.737: [Tenured: 23540K->11821K(39240K), 0.0399230 secs] 23594K->11821K(42248K), [Perm : 19K->19K(8192K)], 0.0400347 secs]
41.777: [GC 41.777: [DefNew: 53K->0K(3008K), 0.0003992 secs]41.777: [Tenured: 11821K->11821K(39240K), 0.0188608 secs] 11875K->11821K(42248K), 0.0193776 secs]
41.801: [GC 41.801: [DefNew: 53K->0K(3008K), 0.0004730 secs]41.802: [Tenured: 15728K->15728K(39240K), 0.0191242 secs] 15781K->15728K(42248K), 0.0197279 secs]
41.826: [GC 41.826: [DefNew: 53K->0K(3008K), 0.0005065 secs]41.826: [Tenured: 19634K->19634K(39240K), 0.0190457 secs] 19688K->19634K(42248K), 0.0196793 secs]
41.851: [Full GC 41.851: [Tenured: 23540K->23540K(39240K), 0.0191751 secs] 23540K->23540K(42248K), [Perm : 19K->19K(8192K)], 0.0192821 secs]
41.871: [Full GC 41.871: [Tenured: 23540K->11821K(39240K), 0.0399433 secs] 23594K->11821K(42248K), [Perm : 19K->19K(8192K)], 0.0400699 secs]
41.912: [GC 41.912: [DefNew: 53K->0K(3008K), 0.0004190 secs]41.913: [Tenured: 11821K->11821K(39240K), 0.0190485 secs] 11875K->11821K(42248K), 0.0195910 secs]
41.936: [GC 41.937: [DefNew: 53K->0K(3008K), 0.0004623 secs]41.937: [Tenured: 15728K->15728K(39240K), 0.0189725 secs] 15781K->15728K(42248K), 0.0195614 secs]
41.961: [GC 41.961: [DefNew: 53K->0K(3008K), 0.0005009 secs]41.961: [Tenured: 19634K->19634K(39240K), 0.0191290 secs] 19688K->19634K(42248K), 0.0197584 secs]
41.985: [Full GC 41.985: [Tenured: 23540K->23540K(39240K), 0.0337440 secs] 23540K->23540K(42248K), [Perm : 19K->19K(8192K)], 0.0338565 secs]
42.020: [Full GC 42.021: [Tenured: 23540K->11821K(39240K), 0.0398123 secs] 23594K->11821K(42248K), [Perm : 19K->19K(8192K)], 0.0399249 secs]
42.061: [GC 42.061: [DefNew: 53K->0K(3008K), 0.0004014 secs]42.061: [Tenured: 11821K->11821K(39240K), 0.0188557 secs] 11875K->11821K(42248K), 0.0193754 secs]
42.086: [GC 42.086: [DefNew: 53K->0K(3008K), 0.0004950 secs]42.087: [Tenured: 15727K->15727K(39240K), 0.0190206 secs] 15781K->15727K(42248K), 0.0196511 secs]
42.111: [GC 42.111: [DefNew: 53K->0K(3008K), 0.0005501 secs]42.111: [Tenured: 19634K->19634K(39240K), 0.0192726 secs] 19687K->19634K(42248K), 0.0199520 secs]
42.136: [Full GC 42.136: [Tenured: 23540K->23540K(39240K), 0.0191530 secs] 23540K->23540K(42248K), [Perm : 19K->19K(8192K)], 0.0192594 secs]
42.156: [Full GC 42.156: [Tenured: 23540K->11821K(39240K), 0.0398978 secs] 23594K->11821K(42248K), [Perm : 19K->19K(8192K)], 0.0400087 secs]
42.196: [GC 42.196: [DefNew: 53K->0K(3008K), 0.0003987 secs]42.197: [Tenured: 11821K->11821K(39240K), 0.0188502 secs] 11875K->11821K(42248K), 0.0193648 secs]
42.220: [GC 42.221: [DefNew: 53K->0K(3008K), 0.0004623 secs]42.221: [Tenured: 15728K->15728K(39240K), 0.0191315 secs] 15781K->15728K(42248K), 0.0197215 secs]
42.245: [GC 42.246: [DefNew: 53K->0K(3008K), 0.0005191 secs]42.246: [Tenured: 19634K->19634K(39240K), 0.0190524 secs] 19688K->19634K(42248K), 0.0197008 secs]
42.270: [Full GC 42.270: [Tenured: 23540K->23540K(39240K), 0.0191287 secs] 23540K->23540K(42248K), [Perm : 19K->19K(8192K)], 0.0192326 secs]
42.290: [Full GC 42.290: [Tenured: 23540K->11821K(39240K), 0.0399378 secs] 23594K->11821K(42248K), [Perm : 19K->19K(8192K)], 0.0400470 secs]
42.331: [GC 42.331: [DefNew: 53K->0K(3008K), 0.0003981 secs]42.331: [Tenured: 11821K->11821K(39240K), 0.0190139 secs] 11875K->11821K(42248K), 0.0195310 secs]
42.355: [GC 42.355: [DefNew: 53K->0K(3008K), 0.0004763 secs]42.356: [Tenured: 15728K->15728K(39240K), 0.0189773 secs] 15781K->15728K(42248K), 0.0195829 secs]
42.380: [GC 42.380: [DefNew: 53K->0K(3008K), 0.0005001 secs]42.380: [Tenured: 19634K->19634K(39240K), 0.0191005 secs] 19688K->19634K(42248K), 0.0197276 secs]
42.404: [Full GC 42.405: [Tenured: 23540K->23540K(39240K), 0.0193206 secs] 23540K->23540K(42248K), [Perm : 19K->19K(8192K)], 0.0194318 secs]
42.425: [Full GC 42.425: [Tenured: 23540K->11821K(39240K), 0.0400721 secs] 23594K->11821K(42248K), [Perm : 19K->19K(8192K)], 0.0401814 secs]
42.466: [GC 42.466: [DefNew: 53K->0K(3008K), 0.0004023 secs]42.466: [Tenured: 11821K->11821K(39240K), 0.0188605 secs] 11875K->11821K(42248K), 0.0193821 secs]
42.490: [GC 42.490: [DefNew: 53K->0K(3008K), 0.0004607 secs]42.490: [Tenured: 15728K->15728K(39240K), 0.0190186 secs] 15781K->15728K(42248K), 0.0196072 secs]
42.514: [GC 42.514: [DefNew: 53K->0K(3008K), 0.0005043 secs]42.515: [Tenured: 19634K->19634K(39240K), 0.0190608 secs] 19688K->19634K(42248K), 0.0196913 secs]
42.539: [Full GC 42.539: [Tenured: 23540K->23540K(39240K), 0.0191603 secs] 23540K->23540K(42248K), [Perm : 19K->19K(8192K)], 0.0192687 secs]
42.560: [Full GC 42.560: [Tenured: 23540K->11821K(39240K), 0.0399928 secs] 23594K->11821K(42248K), [Perm : 19K->19K(8192K)], 0.0401040 secs]
42.602: [GC 42.602: [DefNew: 53K->0K(3008K), 0.0004213 secs]42.602: [Tenured: 11821K->11821K(39240K), 0.0188616 secs] 11875K->11821K(42248K), 0.0194064 secs]
42.626: [GC 42.626: [DefNew: 53K->0K(3008K), 0.0004593 secs]42.626: [Tenured: 15728K->15728K(39240K), 0.0190675 secs] 15781K->15728K(42248K), 0.0196743 secs]
42.651: [GC 42.651: [DefNew: 53K->0K(3008K), 0.0005174 secs]42.651: [Tenured: 19634K->19634K(39240K), 0.0287754 secs] 19688K->19634K(42248K), 0.0294311 secs]
42.685: [Full GC 42.686: [Tenured: 23540K->23540K(39240K), 0.0191591 secs] 23540K->23540K(42248K), [Perm : 19K->19K(8192K)], 0.0192673 secs]
42.706: [Full GC 42.706: [Tenured: 23540K->11821K(39240K), 0.0400414 secs] 23594K->11821K(42248K), [Perm : 19K->19K(8192K)], 0.0401495 secs]
42.746: [GC 42.746: [DefNew: 53K->0K(3008K), 0.0004017 secs]42.747: [Tenured: 11821K->11821K(39240K), 0.0188563 secs] 11875K->11821K(42248K), 0.0193729 secs]
42.770: [GC 42.770: [DefNew: 53K->0K(3008K), 0.0004615 secs]42.771: [Tenured: 15728K->15728K(39240K), 0.0190371 secs] 15781K->15728K(42248K), 0.0196271 secs]
42.795: [GC 42.795: [DefNew: 53K->0K(3008K), 0.0005079 secs]42.795: [Tenured: 19634K->19634K(39240K), 0.0190630 secs] 19688K->19634K(42248K), 0.0196980 secs]
42.820: [Full GC 42.820: [Tenured: 23540K->23540K(39240K), 0.0191709 secs] 23540K->23540K(42248K), [Perm : 19K->19K(8192K)], 0.0192768 secs]
42.840: [Full GC 42.840: [Tenured: 23540K->11821K(39240K), 0.0398428 secs] 23594K->11821K(42248K), [Perm : 19K->19K(8192K)], 0.0399556 secs]
42.881: [GC 42.881: [DefNew: 53K->0K(3008K), 0.0004006 secs]42.881: [Tenured: 11821K->11821K(39240K), 0.0188842 secs] 11875K->11821K(42248K), 0.0194027 secs]
42.905: [GC 42.905: [DefNew: 53K->0K(3008K), 0.0004794 secs]42.906: [Tenured: 15728K->15728K(39240K), 0.0190217 secs] 15781K->15728K(42248K), 0.0196318 secs]
42.930: [GC 42.930: [DefNew: 53K->0K(3008K), 0.0005355 secs]42.930: [Tenured: 19634K->19634K(39240K), 0.0192536 secs] 19688K->19634K(42248K), 0.0199238 secs]
42.955: [Full GC 42.955: [Tenured: 23540K->23540K(39240K), 0.0191401 secs] 23540K->23540K(42248K), [Perm : 19K->19K(8192K)], 0.0192471 secs]
42.976: [Full GC 42.976: [Tenured: 23540K->11821K(39240K), 0.0399294 secs] 23594K->11821K(42248K), [Perm : 19K->19K(8192K)], 0.0400355 secs]
43.016: [GC 43.016: [DefNew: 53K->0K(3008K), 0.0003987 secs]43.016: [Tenured: 11821K->11821K(39240K), 0.0188591 secs] 11875K->11821K(42248K), 0.0193779 secs]
43.040: [GC 43.040: [DefNew: 53K->0K(3008K), 0.0004732 secs]43.041: [Tenured: 15728K->15728K(39240K), 0.0191393 secs] 15781K->15728K(42248K), 0.0197439 secs]
43.065: [GC 43.066: [DefNew: 53K->0K(3008K), 0.0005193 secs]43.066: [Tenured: 19634K->19634K(39240K), 0.0190524 secs] 19688K->19634K(42248K), 0.0197025 secs]
43.090: [Full GC 43.090: [Tenured: 23540K->23540K(39240K), 0.0338551 secs] 23540K->23540K(42248K), [Perm : 19K->19K(8192K)], 0.0339711 secs]
43.130: [Full GC 43.130: [Tenured: 23540K->11821K(39240K), 0.0398025 secs] 23594K->11821K(42248K), [Perm : 19K->19K(8192K)], 0.0399202 secs]
43.170: [GC 43.170: [DefNew: 53K->0K(3008K), 0.0004126 secs]43.171: [Tenured: 11821K->11821K(39240K), 0.0188563 secs] 11875K->11821K(42248K), 0.0193879 secs]
43.194: [GC 43.194: [DefNew: 53K->0K(3008K), 0.0004621 secs]43.195: [Tenured: 15728K->15728K(39240K), 0.0190510 secs] 15781K->15728K(42248K), 0.0196427 secs]
43.219: [GC 43.219: [DefNew: 53K->0K(3008K), 0.0005057 secs]43.219: [Tenured: 19634K->19634K(39240K), 0.0190513 secs] 19688K->19634K(42248K), 0.0196821 secs]
43.244: [Full GC 43.244: [Tenured: 23540K->23540K(39240K), 0.0190918 secs] 23540K->23540K(42248K), [Perm : 19K->19K(8192K)], 0.0191960 secs]
43.265: [Full GC 43.265: [Tenured: 23540K->11821K(39240K), 0.0399696 secs] 23594K->11821K(42248K), [Perm : 19K->19K(8192K)], 0.0400794 secs]
43.306: [GC 43.306: [DefNew: 53K->0K(3008K), 0.0004154 secs]43.306: [Tenured: 11821K->11821K(39240K), 0.0188398 secs] 11875K->11821K(42248K), 0.0193748 secs]
43.330: [GC 43.330: [DefNew: 53K->0K(3008K), 0.0004601 secs]43.330: [Tenured: 15728K->15727K(39240K), 0.0237941 secs] 15781K->15727K(42248K), 0.0243953 secs]
43.359: [GC 43.359: [DefNew: 53K->0K(3008K), 0.0005557 secs]43.360: [Tenured: 19634K->19634K(39240K), 0.0190513 secs] 19687K->19634K(42248K), 0.0197335 secs]
43.384: [Full GC 43.384: [Tenured: 23540K->23540K(39240K), 0.0191251 secs] 23540K->23540K(42248K), [Perm : 19K->19K(8192K)], 0.0192471 secs]
43.405: [Full GC 43.405: [Tenured: 23540K->11821K(39240K), 0.0400646 secs] 23594K->11821K(42248K), [Perm : 19K->19K(8192K)], 0.0401788 secs]
43.447: [GC 43.447: [DefNew: 53K->0K(3008K), 0.0004202 secs]43.447: [Tenured: 11821K->11821K(39240K), 0.0188340 secs] 11875K->11821K(42248K), 0.0193787 secs]
43.471: [GC 43.471: [DefNew: 53K->0K(3008K), 0.0004590 secs]43.472: [Tenured: 15727K->15727K(39240K), 0.0189622 secs] 15781K->15727K(42248K), 0.0195472 secs]
43.496: [GC 43.496: [DefNew: 53K->0K(3008K), 0.0005585 secs]43.496: [Tenured: 19634K->19634K(39240K), 0.0190616 secs] 19687K->19634K(42248K), 0.0197503 secs]
43.521: [Full GC 43.521: [Tenured: 23540K->23540K(39240K), 0.0191611 secs] 23540K->23540K(42248K), [Perm : 19K->19K(8192K)], 0.0192673 secs]
43.541: [Full GC 43.541: [Tenured: 23540K->11821K(39240K), 0.0401842 secs] 23594K->11821K(42248K), [Perm : 19K->19K(8192K)], 0.0402979 secs]
43.582: [GC 43.582: [DefNew: 53K->0K(3008K), 0.0004017 secs]43.582: [Tenured: 11821K->11821K(39240K), 0.0188608 secs] 11875K->11821K(42248K), 0.0193801 secs]
43.606: [GC 43.606: [DefNew: 53K->0K(3008K), 0.0004732 secs]43.607: [Tenured: 15728K->15728K(39240K), 0.0189843 secs] 15781K->15728K(42248K), 0.0195888 secs]
43.631: [GC 43.631: [DefNew: 53K->0K(3008K), 0.0005202 secs]43.632: [Tenured: 19634K->19634K(39240K), 0.0191441 secs] 19688K->19634K(42248K), 0.0197978 secs]
43.656: [Full GC 43.656: [Tenured: 23540K->23540K(39240K), 0.0340985 secs] 23540K->23540K(42248K), [Perm : 19K->19K(8192K)], 0.0342155 secs]
43.692: [Full GC 43.692: [Tenured: 23540K->11821K(39240K), 0.0399012 secs] 23594K->11821K(42248K), [Perm : 19K->19K(8192K)], 0.0400112 secs]
43.732: [GC 43.733: [DefNew: 53K->0K(3008K), 0.0004109 secs]43.733: [Tenured: 11821K->11821K(39240K), 0.0188446 secs] 11875K->11821K(42248K), 0.0193743 secs]
43.757: [GC 43.757: [DefNew: 53K->0K(3008K), 0.0004601 secs]43.757: [Tenured: 15727K->15727K(39240K), 0.0192150 secs] 15781K->15727K(42248K), 0.0198059 secs]
43.781: [GC 43.781: [DefNew: 53K->0K(3008K), 0.0005537 secs]43.782: [Tenured: 19634K->19634K(39240K), 0.0190541 secs] 19687K->19634K(42248K), 0.0197344 secs]
43.805: [Full GC 43.805: [Tenured: 23540K->23540K(39240K), 0.0191245 secs] 23540K->23540K(42248K), [Perm : 19K->19K(8192K)], 0.0192253 secs]
43.827: [Full GC 43.827: [Tenured: 23540K->11821K(39240K), 0.0399218 secs] 23594K->11821K(42248K), [Perm : 19K->19K(8192K)], 0.0400347 secs]
43.867: [GC 43.867: [DefNew: 53K->0K(3008K), 0.0004034 secs]43.868: [Tenured: 11821K->11821K(39240K), 0.0188745 secs] 11875K->11821K(42248K), 0.0193966 secs]
43.891: [GC 43.891: [DefNew: 53K->0K(3008K), 0.0004651 secs]43.892: [Tenured: 15728K->15728K(39240K), 0.0189762 secs] 15781K->15728K(42248K), 0.0195676 secs]
43.916: [GC 43.916: [DefNew: 53K->0K(3008K), 0.0005090 secs]43.916: [Tenured: 19634K->19634K(39240K), 0.0190575 secs] 19688K->19634K(42248K), 0.0196927 secs]
43.940: [Full GC 43.940: [Tenured: 23540K->23540K(39240K), 0.0191432 secs] 23540K->23540K(42248K), [Perm : 19K->19K(8192K)], 0.0192497 secs]
43.961: [Full GC 43.961: [Tenured: 23540K->11821K(39240K), 0.0399861 secs] 23594K->11821K(42248K), [Perm : 19K->19K(8192K)], 0.0400939 secs]
44.002: [GC 44.002: [DefNew: 53K->0K(3008K), 0.0004210 secs]44.003: [Tenured: 11821K->11821K(39240K), 0.0188368 secs] 11875K->11821K(42248K), 0.0193810 secs]
44.026: [GC 44.026: [DefNew: 53K->0K(3008K), 0.0004607 secs]44.027: [Tenured: 15727K->15727K(39240K), 0.0189700 secs] 15781K->15727K(42248K), 0.0195570 secs]
44.051: [GC 44.051: [DefNew: 53K->0K(3008K), 0.0005610 secs]44.051: [Tenured: 19634K->19634K(39240K), 0.0190717 secs] 19687K->19634K(42248K), 0.0197615 secs]
44.075: [Full GC 44.075: [Tenured: 23540K->23540K(39240K), 0.0194522 secs] 23540K->23540K(42248K), [Perm : 19K->19K(8192K)], 0.0195553 secs]
44.096: [Full GC 44.096: [Tenured: 23540K->11821K(39240K), 0.0400062 secs] 23594K->11821K(42248K), [Perm : 19K->19K(8192K)], 0.0401185 secs]
44.137: [GC 44.137: [DefNew: 53K->0K(3008K), 0.0004048 secs]44.137: [Tenured: 11821K->11821K(39240K), 0.0188513 secs] 11875K->11821K(42248K), 0.0193905 secs]
44.162: [GC 44.162: [DefNew: 53K->0K(3008K), 0.0004802 secs]44.163: [Tenured: 15728K->15728K(39240K), 0.0192631 secs] 15781K->15728K(42248K), 0.0198793 secs]
44.187: [GC 44.187: [DefNew: 53K->0K(3008K), 0.0005101 secs]44.187: [Tenured: 19634K->19634K(39240K), 0.0190664 secs] 19688K->19634K(42248K), 0.0197067 secs]
44.211: [Full GC 44.211: [Tenured: 23540K->23540K(39240K), 0.0337747 secs] 23540K->23540K(42248K), [Perm : 19K->19K(8192K)], 0.0338864 secs]
44.247: [Full GC 44.247: [Tenured: 23540K->11821K(39240K), 0.0399758 secs] 23594K->11821K(42248K), [Perm : 19K->19K(8192K)], 0.0400869 secs]
44.287: [GC 44.287: [DefNew: 53K->0K(3008K), 0.0004001 secs]44.288: [Tenured: 11821K->11821K(39240K), 0.0189354 secs] 11875K->11821K(42248K), 0.0194567 secs]
44.312: [GC 44.312: [DefNew: 53K->0K(3008K), 0.0004741 secs]44.313: [Tenured: 15727K->15727K(39240K), 0.0189778 secs] 15781K->15727K(42248K), 0.0195821 secs]
44.336: [GC 44.337: [DefNew: 53K->0K(3008K), 0.0005752 secs]44.337: [Tenured: 19634K->19634K(39240K), 0.0190653 secs] 19687K->19634K(42248K), 0.0197704 secs]
44.361: [Full GC 44.361: [Tenured: 23540K->23540K(39240K), 0.0192835 secs] 23540K->23540K(42248K), [Perm : 19K->19K(8192K)], 0.0193902 secs]
44.384: [Full GC 44.384: [Tenured: 23540K->11821K(39240K), 0.0396997 secs] 23594K->11821K(42248K), [Perm : 19K->19K(8192K)], 0.0398146 secs]
44.424: [GC 44.424: [DefNew: 53K->0K(3008K), 0.0004056 secs]44.425: [Tenured: 11821K->11821K(39240K), 0.0188652 secs] 11875K->11821K(42248K), 0.0193891 secs]
44.448: [GC 44.448: [DefNew: 53K->0K(3008K), 0.0004682 secs]44.449: [Tenured: 15728K->15728K(39240K), 0.0189968 secs] 15781K->15728K(42248K), 0.0195958 secs]
44.473: [GC 44.473: [DefNew: 53K->0K(3008K), 0.0005151 secs]44.474: [Tenured: 19634K->19634K(39240K), 0.0192184 secs] 19688K->19634K(42248K), 0.0198657 secs]
44.498: [Full GC 44.498: [Tenured: 23540K->23540K(39240K), 0.0191421 secs] 23540K->23540K(42248K), [Perm : 19K->19K(8192K)], 0.0192485 secs]
44.519: [Full GC 44.519: [Tenured: 23540K->11821K(39240K), 0.0399316 secs] 23594K->11821K(42248K), [Perm : 19K->19K(8192K)], 0.0400378 secs]
44.560: [GC 44.560: [DefNew: 53K->0K(3008K), 0.0004160 secs]44.560: [Tenured: 11821K->11821K(39240K), 0.0188569 secs] 11875K->11821K(42248K), 0.0193946 secs]
44.584: [GC 44.584: [DefNew: 53K->0K(3008K), 0.0006152 secs]44.585: [Tenured: 15727K->15727K(39240K), 0.0190368 secs] 15781K->15727K(42248K), 0.0197855 secs]
44.609: [GC 44.609: [DefNew: 53K->0K(3008K), 0.0005590 secs]44.609: [Tenured: 19634K->19634K(39240K), 0.0190482 secs] 19687K->19634K(42248K), 0.0197363 secs]
44.633: [Full GC 44.633: [Tenured: 23540K->23540K(39240K), 0.0191826 secs] 23540K->23540K(42248K), [Perm : 19K->19K(8192K)], 0.0192874 secs]
44.654: [Full GC 44.654: [Tenured: 23540K->11821K(39240K), 0.0400649 secs] 23594K->11821K(42248K), [Perm : 19K->19K(8192K)], 0.0401772 secs]
44.695: [GC 44.695: [DefNew: 53K->0K(3008K), 0.0004042 secs]44.695: [Tenured: 11821K->11821K(39240K), 0.0189306 secs] 11875K->11821K(42248K), 0.0194553 secs]
44.719: [GC 44.720: [DefNew: 53K->0K(3008K), 0.0004763 secs]44.720: [Tenured: 15728K->15728K(39240K), 0.0189650 secs] 15781K->15728K(42248K), 0.0195718 secs]
44.744: [GC 44.744: [DefNew: 53K->0K(3008K), 0.0005177 secs]44.745: [Tenured: 19634K->19634K(39240K), 0.0190778 secs] 19688K->19634K(42248K), 0.0197249 secs]
44.769: [Full GC 44.769: [Tenured: 23540K->23540K(39240K), 0.0339258 secs] 23540K->23540K(42248K), [Perm : 19K->19K(8192K)], 0.0340443 secs]
44.804: [Full GC 44.804: [Tenured: 23540K->11821K(39240K), 0.0400713 secs] 23594K->11821K(42248K), [Perm : 19K->19K(8192K)], 0.0401844 secs]
44.848: [GC 44.848: [DefNew: 53K->0K(3008K), 0.0004246 secs]44.849: [Tenured: 11821K->11821K(39240K), 0.0192181 secs] 11875K->11821K(42248K), 0.0198542 secs]
44.876: [GC 44.877: [DefNew: 53K->0K(3008K), 0.0004816 secs]44.877: [Tenured: 15728K->15728K(39240K), 0.0191329 secs] 15781K->15728K(42248K), 0.0197472 secs]
44.901: [GC 44.902: [DefNew: 53K->0K(3008K), 0.0005191 secs]44.902: [Tenured: 19634K->19634K(39240K), 0.0290545 secs] 19688K->19634K(42248K), 0.0297401 secs]
44.940: [Full GC 44.940: [Tenured: 23540K->23540K(39240K), 0.0191522 secs] 23540K->23540K(42248K), [Perm : 19K->19K(8192K)], 0.0192600 secs]
44.960: [Full GC 44.960: [Tenured: 23540K->11821K(39240K), 0.0400062 secs] 23594K->11821K(42248K), [Perm : 19K->19K(8192K)], 0.0401115 secs]
45.001: [GC 45.001: [DefNew: 53K->0K(3008K), 0.0004157 secs]45.002: [Tenured: 11821K->11821K(39240K), 0.0188613 secs] 11875K->11821K(42248K), 0.0193991 secs]
45.026: [GC 45.026: [DefNew: 53K->0K(3008K), 0.0004732 secs]45.026: [Tenured: 15728K->15727K(39240K), 0.0236988 secs] 15781K->15727K(42248K), 0.0243095 secs]
45.055: [GC 45.055: [DefNew: 53K->0K(3008K), 0.0005794 secs]45.056: [Tenured: 19634K->19634K(39240K), 0.0191094 secs] 19687K->19634K(42248K), 0.0198207 secs]
45.080: [Full GC 45.080: [Tenured: 23540K->23540K(39240K), 0.0192815 secs] 23540K->23540K(42248K), [Perm : 19K->19K(8192K)], 0.0193857 secs]
45.100: [Full GC 45.100: [Tenured: 23540K->11821K(39240K), 0.0398520 secs] 23594K->11821K(42248K), [Perm : 19K->19K(8192K)], 0.0399579 secs]
45.141: [GC 45.141: [DefNew: 53K->0K(3008K), 0.0004140 secs]45.142: [Tenured: 11821K->11821K(39240K), 0.0189379 secs] 11875K->11821K(42248K), 0.0194751 secs]
45.167: [GC 45.167: [DefNew: 53K->0K(3008K), 0.0004788 secs]45.167: [Tenured: 15727K->15727K(39240K), 0.0189711 secs] 15781K->15727K(42248K), 0.0195790 secs]
45.191: [GC 45.191: [DefNew: 53K->0K(3008K), 0.0005638 secs]45.192: [Tenured: 19634K->19634K(39240K), 0.0190619 secs] 19687K->19634K(42248K), 0.0197553 secs]
45.216: [Full GC 45.216: [Tenured: 23540K->23540K(39240K), 0.0194569 secs] 23540K->23540K(42248K), [Perm : 19K->19K(8192K)], 0.0195614 secs]
45.236: [Full GC 45.236: [Tenured: 23540K->11821K(39240K), 0.0398774 secs] 23594K->11821K(42248K), [Perm : 19K->19K(8192K)], 0.0399839 secs]
45.277: [GC 45.277: [DefNew: 53K->0K(3008K), 0.0004087 secs]45.278: [Tenured: 11821K->11821K(39240K), 0.0188474 secs] 11875K->11821K(42248K), 0.0193748 secs]
45.302: [GC 45.302: [DefNew: 53K->0K(3008K), 0.0004774 secs]45.302: [Tenured: 15728K->15728K(39240K), 0.0190290 secs] 15781K->15728K(42248K), 0.0196383 secs]
45.326: [GC 45.326: [DefNew: 53K->0K(3008K), 0.0005059 secs]45.327: [Tenured: 19634K->19634K(39240K), 0.0190597 secs] 19688K->19634K(42248K), 0.0196916 secs]
45.350: [Full GC 45.350: [Tenured: 23540K->23540K(39240K), 0.0337697 secs] 23540K->23540K(42248K), [Perm : 19K->19K(8192K)], 0.0338800 secs]
45.385: [Full GC 45.386: [Tenured: 23540K->11821K(39240K), 0.0400048 secs] 23594K->11821K(42248K), [Perm : 19K->19K(8192K)], 0.0401149 secs]
45.426: [GC 45.426: [DefNew: 53K->0K(3008K), 0.0004051 secs]45.426: [Tenured: 11821K->11821K(39240K), 0.0188423 secs] 11875K->11821K(42248K), 0.0193653 secs]
45.450: [GC 45.450: [DefNew: 53K->0K(3008K), 0.0004671 secs]45.451: [Tenured: 15727K->15727K(39240K), 0.0189681 secs] 15781K->15727K(42248K), 0.0195611 secs]
45.475: [GC 45.475: [DefNew: 53K->0K(3008K), 0.0005582 secs]45.475: [Tenured: 19634K->19634K(39240K), 0.0191614 secs] 19687K->19634K(42248K), 0.0198536 secs]
45.499: [Full GC 45.499: [Tenured: 23540K->23540K(39240K), 0.0193030 secs] 23540K->23540K(42248K), [Perm : 19K->19K(8192K)], 0.0194111 secs]
45.520: [Full GC 45.520: [Tenured: 23540K->11821K(39240K), 0.0398383 secs] 23594K->11821K(42248K), [Perm : 19K->19K(8192K)], 0.0399425 secs]
45.561: [GC 45.561: [DefNew: 53K->0K(3008K), 0.0004207 secs]45.561: [Tenured: 11821K->11821K(39240K), 0.0188373 secs] 11875K->11821K(42248K), 0.0193804 secs]
45.585: [GC 45.585: [DefNew: 53K->0K(3008K), 0.0004640 secs]45.585: [Tenured: 15728K->15727K(39240K), 0.0239218 secs] 15781K->15727K(42248K), 0.0245271 secs]
45.614: [GC 45.615: [DefNew: 53K->0K(3008K), 0.0005624 secs]45.615: [Tenured: 19634K->19634K(39240K), 0.0191452 secs] 19687K->19634K(42248K), 0.0198388 secs]
45.639: [Full GC 45.639: [Tenured: 23540K->23540K(39240K), 0.0191396 secs] 23540K->23540K(42248K), [Perm : 19K->19K(8192K)], 0.0192441 secs]
45.660: [Full GC 45.660: [Tenured: 23540K->11821K(39240K), 0.0398268 secs] 23594K->11821K(42248K), [Perm : 19K->19K(8192K)], 0.0399350 secs]
45.700: [GC 45.700: [DefNew: 53K->0K(3008K), 0.0003992 secs]45.701: [Tenured: 11821K->11821K(39240K), 0.0190181 secs] 11875K->11821K(42248K), 0.0195360 secs]
45.725: [GC 45.725: [DefNew: 53K->0K(3008K), 0.0004735 secs]45.725: [Tenured: 15728K->15728K(39240K), 0.0190493 secs] 15781K->15728K(42248K), 0.0196550 secs]
45.749: [GC 45.749: [DefNew: 53K->0K(3008K), 0.0005082 secs]45.750: [Tenured: 19634K->19634K(39240K), 0.0190695 secs] 19688K->19634K(42248K), 0.0197056 secs]
45.774: [Full GC 45.774: [Tenured: 23540K->23540K(39240K), 0.0191468 secs] 23540K->23540K(42248K), [Perm : 19K->19K(8192K)], 0.0192511 secs]
45.797: [Full GC 45.797: [Tenured: 23540K->11821K(39240K), 0.0396626 secs] 23594K->11821K(42248K), [Perm : 19K->19K(8192K)], 0.0397774 secs]
45.837: [GC 45.837: [DefNew: 53K->0K(3008K), 0.0004149 secs]45.838: [Tenured: 11821K->11821K(39240K), 0.0188571 secs] 11875K->11821K(42248K), 0.0193932 secs]
45.863: [GC 45.863: [DefNew: 53K->0K(3008K), 0.0004811 secs]45.863: [Tenured: 15728K->15728K(39240K), 0.0189711 secs] 15781K->15728K(42248K), 0.0195815 secs]
45.887: [GC 45.887: [DefNew: 53K->0K(3008K), 0.0005070 secs]45.888: [Tenured: 19634K->19634K(39240K), 0.0190544 secs] 19688K->19634K(42248K), 0.0196885 secs]
45.912: [Full GC 45.912: [Tenured: 23540K->23540K(39240K), 0.0339420 secs] 23540K->23540K(42248K), [Perm : 19K->19K(8192K)], 0.0340613 secs]
45.948: [Full GC 45.948: [Tenured: 23540K->11821K(39240K), 0.0398246 secs] 23594K->11821K(42248K), [Perm : 19K->19K(8192K)], 0.0399311 secs]
45.988: [GC 45.988: [DefNew: 53K->0K(3008K), 0.0003973 secs]45.989: [Tenured: 11821K->11821K(39240K), 0.0188538 secs] 11875K->11821K(42248K), 0.0193661 secs]
46.012: [GC 46.012: [DefNew: 53K->0K(3008K), 0.0004705 secs]46.013: [Tenured: 15728K->15728K(39240K), 0.0189767 secs] 15781K->15728K(42248K), 0.0195757 secs]
46.037: [GC 46.037: [DefNew: 53K->0K(3008K), 0.0005171 secs]46.038: [Tenured: 19634K->19634K(39240K), 0.0287810 secs] 19688K->19634K(42248K), 0.0294381 secs]
46.072: [Full GC 46.072: [Tenured: 23540K->23540K(39240K), 0.0194385 secs] 23540K->23540K(42248K), [Perm : 19K->19K(8192K)], 0.0195430 secs]
46.093: [Full GC 46.093: [Tenured: 23540K->11821K(39240K), 0.0399791 secs] 23594K->11821K(42248K), [Perm : 19K->19K(8192K)], 0.0400864 secs]
46.133: [GC 46.133: [DefNew: 53K->0K(3008K), 0.0003992 secs]46.133: [Tenured: 11821K->11821K(39240K), 0.0189407 secs] 11875K->11821K(42248K), 0.0194586 secs]
46.158: [GC 46.158: [DefNew: 53K->0K(3008K), 0.0004808 secs]46.158: [Tenured: 15728K->15728K(39240K), 0.0189851 secs] 15781K->15728K(42248K), 0.0195986 secs]
46.183: [GC 46.183: [DefNew: 53K->0K(3008K), 0.0005174 secs]46.184: [Tenured: 19634K->19634K(39240K), 0.0190471 secs] 19688K->19634K(42248K), 0.0196938 secs]
46.208: [Full GC 46.208: [Tenured: 23540K->23540K(39240K), 0.0192798 secs] 23540K->23540K(42248K), [Perm : 19K->19K(8192K)], 0.0193829 secs]
46.229: [Full GC 46.229: [Tenured: 23540K->11821K(39240K), 0.0399671 secs] 23594K->11821K(42248K), [Perm : 19K->19K(8192K)], 0.0400755 secs]
46.269: [GC 46.269: [DefNew: 53K->0K(3008K), 0.0004009 secs]46.270: [Tenured: 11821K->11821K(39240K), 0.0188773 secs] 11875K->11821K(42248K), 0.0193974 secs]
46.294: [GC 46.294: [DefNew: 53K->0K(3008K), 0.0004730 secs]46.294: [Tenured: 15727K->15727K(39240K), 0.0189728 secs] 15781K->15727K(42248K), 0.0195740 secs]
46.318: [GC 46.318: [DefNew: 53K->0K(3008K), 0.0005598 secs]46.319: [Tenured: 19634K->19634K(39240K), 0.0193201 secs] 19687K->19634K(42248K), 0.0200118 secs]
46.343: [Full GC 46.343: [Tenured: 23540K->23540K(39240K), 0.0191614 secs] 23540K->23540K(42248K), [Perm : 19K->19K(8192K)], 0.0192692 secs]
46.363: [Full GC 46.363: [Tenured: 23540K->11821K(39240K), 0.0398458 secs] 23594K->11821K(42248K), [Perm : 19K->19K(8192K)], 0.0399514 secs]
46.405: [GC 46.405: [DefNew: 53K->0K(3008K), 0.0004154 secs]46.405: [Tenured: 11821K->11821K(39240K), 0.0190304 secs] 11875K->11821K(42248K), 0.0195715 secs]
46.429: [GC 46.429: [DefNew: 53K->0K(3008K), 0.0004679 secs]46.430: [Tenured: 15728K->15728K(39240K), 0.0191373 secs] 15781K->15728K(42248K), 0.0197349 secs]
46.453: [GC 46.453: [DefNew: 53K->0K(3008K), 0.0005037 secs]46.454: [Tenured: 19634K->19634K(39240K), 0.0190642 secs] 19688K->19634K(42248K), 0.0196936 secs]
46.478: [Full GC 46.478: [Tenured: 23540K->23540K(39240K), 0.0343884 secs] 23540K->23540K(42248K), [Perm : 19K->19K(8192K)], 0.0345108 secs]
46.514: [Full GC 46.514: [Tenured: 23540K->11821K(39240K), 0.0400330 secs] 23594K->11821K(42248K), [Perm : 19K->19K(8192K)], 0.0401425 secs]
46.554: [GC 46.554: [DefNew: 53K->0K(3008K), 0.0004017 secs]46.555: [Tenured: 11821K->11821K(39240K), 0.0188882 secs] 11875K->11821K(42248K), 0.0194069 secs]
46.579: [GC 46.579: [DefNew: 53K->0K(3008K), 0.0004755 secs]46.579: [Tenured: 15728K->15728K(39240K), 0.0189823 secs] 15781K->15728K(42248K), 0.0195891 secs]
46.604: [GC 46.604: [DefNew: 53K->0K(3008K), 0.0005199 secs]46.604: [Tenured: 19634K->19634K(39240K), 0.0289450 secs] 19688K->19634K(42248K), 0.0296024 secs]
46.638: [Full GC 46.638: [Tenured: 23540K->23540K(39240K), 0.0191569 secs] 23540K->23540K(42248K), [Perm : 19K->19K(8192K)], 0.0192642 secs]
46.661: [Full GC 46.661: [Tenured: 23540K->11821K(39240K), 0.0397872 secs] 23594K->11821K(42248K), [Perm : 19K->19K(8192K)], 0.0399048 secs]
46.702: [GC 46.702: [DefNew: 53K->0K(3008K), 0.0004087 secs]46.702: [Tenured: 11821K->11821K(39240K), 0.0188639 secs] 11875K->11821K(42248K), 0.0193902 secs]
46.726: [GC 46.726: [DefNew: 53K->0K(3008K), 0.0004623 secs]46.726: [Tenured: 15728K->15727K(39240K), 0.0239695 secs] 15781K->15727K(42248K), 0.0245727 secs]
46.756: [GC 46.756: [DefNew: 53K->0K(3008K), 0.0005607 secs]46.756: [Tenured: 19634K->19634K(39240K), 0.0191284 secs] 19687K->19634K(42248K), 0.0198207 secs]
46.780: [Full GC 46.780: [Tenured: 23540K->23540K(39240K), 0.0191382 secs] 23540K->23540K(42248K), [Perm : 19K->19K(8192K)], 0.0192402 secs]
46.801: [Full GC 46.801: [Tenured: 23540K->11821K(39240K), 0.0400772 secs] 23594K->11821K(42248K), [Perm : 19K->19K(8192K)], 0.0401897 secs]
46.841: [GC 46.841: [DefNew: 53K->0K(3008K), 0.0004023 secs]46.842: [Tenured: 11821K->11821K(39240K), 0.0188979 secs] 11875K->11821K(42248K), 0.0194178 secs]
46.866: [GC 46.866: [DefNew: 53K->0K(3008K), 0.0004794 secs]46.867: [Tenured: 15728K->15728K(39240K), 0.0190616 secs] 15781K->15728K(42248K), 0.0196743 secs]
46.891: [GC 46.891: [DefNew: 53K->0K(3008K), 0.0005090 secs]46.892: [Tenured: 19634K->19634K(39240K), 0.0190709 secs] 19688K->19634K(42248K), 0.0197078 secs]
46.915: [Full GC 46.916: [Tenured: 23540K->23540K(39240K), 0.0191491 secs] 23540K->23540K(42248K), [Perm : 19K->19K(8192K)], 0.0192530 secs]
46.936: [Full GC 46.936: [Tenured: 23540K->11821K(39240K), 0.0399056 secs] 23594K->11821K(42248K), [Perm : 19K->19K(8192K)], 0.0400140 secs]
46.976: [GC 46.976: [DefNew: 53K->0K(3008K), 0.0004017 secs]46.977: [Tenured: 11821K->11821K(39240K), 0.0188817 secs] 11875K->11821K(42248K), 0.0194011 secs]
47.000: [GC 47.000: [DefNew: 53K->0K(3008K), 0.0004632 secs]47.001: [Tenured: 15728K->15728K(39240K), 0.0189773 secs] 15781K->15728K(42248K), 0.0195662 secs]
47.027: [GC 47.027: [DefNew: 53K->0K(3008K), 0.0005093 secs]47.028: [Tenured: 19634K->19634K(39240K), 0.0192061 secs] 19688K->19634K(42248K), 0.0198433 secs]
47.052: [Full GC 47.052: [Tenured: 23540K->23540K(39240K), 0.0337884 secs] 23540K->23540K(42248K), [Perm : 19K->19K(8192K)], 0.0339012 secs]
47.087: [Full GC 47.087: [Tenured: 23540K->11821K(39240K), 0.0398316 secs] 23594K->11821K(42248K), [Perm : 19K->19K(8192K)], 0.0399361 secs]
47.134: [GC 47.134: [DefNew: 53K->0K(3008K), 0.0004333 secs]47.134: [Tenured: 11821K->11821K(39240K), 0.0190242 secs] 11875K->11821K(42248K), 0.0195922 secs]
47.159: [GC 47.159: [DefNew: 53K->0K(3008K), 0.0004802 secs]47.159: [Tenured: 15728K->15728K(39240K), 0.0189859 secs] 15781K->15728K(42248K), 0.0195961 secs]
47.184: [GC 47.184: [DefNew: 53K->0K(3008K), 0.0005191 secs]47.185: [Tenured: 19634K->19634K(39240K), 0.0289512 secs] 19688K->19634K(42248K), 0.0296149 secs]
47.219: [Full GC 47.219: [Tenured: 23540K->23540K(39240K), 0.0191561 secs] 23540K->23540K(42248K), [Perm : 19K->19K(8192K)], 0.0192603 secs]
47.239: [Full GC 47.239: [Tenured: 23540K->11821K(39240K), 0.0399098 secs] 23594K->11821K(42248K), [Perm : 19K->19K(8192K)], 0.0400157 secs]
47.279: [GC 47.279: [DefNew: 53K->0K(3008K), 0.0004020 secs]47.280: [Tenured: 11821K->11821K(39240K), 0.0188859 secs] 11875K->11821K(42248K), 0.0194064 secs]
47.304: [GC 47.304: [DefNew: 53K->0K(3008K), 0.0004710 secs]47.304: [Tenured: 15728K->15727K(39240K), 0.0237329 secs] 15781K->15727K(42248K), 0.0243430 secs]
47.333: [GC 47.333: [DefNew: 53K->0K(3008K), 0.0005559 secs]47.334: [Tenured: 19634K->19634K(39240K), 0.0192899 secs] 19687K->19634K(42248K), 0.0199774 secs]
47.358: [Full GC 47.358: [Tenured: 23540K->23540K(39240K), 0.0191477 secs] 23540K->23540K(42248K), [Perm : 19K->19K(8192K)], 0.0192477 secs]
47.378: [Full GC 47.379: [Tenured: 23540K->11821K(39240K), 0.0400534 secs] 23594K->11821K(42248K), [Perm : 19K->19K(8192K)], 0.0401666 secs]
47.419: [GC 47.419: [DefNew: 53K->0K(3008K), 0.0004143 secs]47.420: [Tenured: 11821K->11821K(39240K), 0.0188619 secs] 11875K->11821K(42248K), 0.0193960 secs]
47.444: [GC 47.444: [DefNew: 53K->0K(3008K), 0.0004780 secs]47.444: [Tenured: 15728K->15728K(39240K), 0.0207596 secs] 15781K->15728K(42248K), 0.0213709 secs]
47.470: [GC 47.470: [DefNew: 53K->0K(3008K), 0.0005104 secs]47.471: [Tenured: 19634K->19634K(39240K), 0.0190616 secs] 19688K->19634K(42248K), 0.0197005 secs]
47.494: [Full GC 47.495: [Tenured: 23540K->23540K(39240K), 0.0191471 secs] 23540K->23540K(42248K), [Perm : 19K->19K(8192K)], 0.0192519 secs]
47.515: [Full GC 47.515: [Tenured: 23540K->11821K(39240K), 0.0401369 secs] 23594K->11821K(42248K), [Perm : 19K->19K(8192K)], 0.0402479 secs]
47.556: [GC 47.556: [DefNew: 53K->0K(3008K), 0.0004051 secs]47.556: [Tenured: 11821K->11821K(39240K), 0.0188767 secs] 11875K->11821K(42248K), 0.0193997 secs]
47.580: [GC 47.581: [DefNew: 53K->0K(3008K), 0.0004766 secs]47.581: [Tenured: 15728K->15728K(39240K), 0.0189784 secs] 15781K->15728K(42248K), 0.0195866 secs]
47.605: [GC 47.606: [DefNew: 53K->0K(3008K), 0.0005196 secs]47.606: [Tenured: 19634K->19634K(39240K), 0.0190695 secs] 19688K->19634K(42248K), 0.0197181 secs]
47.630: [Full GC 47.630: [Tenured: 23540K->23540K(39240K), 0.0339434 secs] 23540K->23540K(42248K), [Perm : 19K->19K(8192K)], 0.0340574 secs]
47.666: [Full GC 47.667: [Tenured: 23540K->11821K(39240K), 0.0395447 secs] 23594K->11821K(42248K), [Perm : 19K->19K(8192K)], 0.0396553 secs]
47.706: [GC 47.706: [DefNew: 53K->0K(3008K), 0.0003975 secs]47.707: [Tenured: 11821K->11821K(39240K), 0.0188666 secs] 11875K->11821K(42248K), 0.0193810 secs]
47.730: [GC 47.731: [DefNew: 53K->0K(3008K), 0.0004677 secs]47.731: [Tenured: 15728K->15728K(39240K), 0.0189918 secs] 15781K->15728K(42248K), 0.0195857 secs]
47.755: [GC 47.755: [DefNew: 53K->0K(3008K), 0.0005026 secs]47.755: [Tenured: 19634K->19634K(39240K), 0.0192474 secs] 19688K->19634K(42248K), 0.0198768 secs]
47.780: [Full GC 47.780: [Tenured: 23540K->23540K(39240K), 0.0195463 secs] 23540K->23540K(42248K), [Perm : 19K->19K(8192K)], 0.0196550 secs]
47.800: [Full GC 47.801: [Tenured: 23540K->11821K(39240K), 0.0399341 secs] 23594K->11821K(42248K), [Perm : 19K->19K(8192K)], 0.0400411 secs]
47.841: [GC 47.841: [DefNew: 53K->0K(3008K), 0.0003992 secs]47.841: [Tenured: 11821K->11821K(39240K), 0.0188901 secs] 11875K->11821K(42248K), 0.0194064 secs]
47.865: [GC 47.865: [DefNew: 53K->0K(3008K), 0.0004710 secs]47.866: [Tenured: 15728K->15728K(39240K), 0.0190225 secs] 15781K->15728K(42248K), 0.0196243 secs]
47.890: [GC 47.890: [DefNew: 53K->0K(3008K), 0.0005138 secs]47.890: [Tenured: 19634K->19634K(39240K), 0.0190667 secs] 19688K->19634K(42248K), 0.0197081 secs]
47.914: [Full GC 47.914: [Tenured: 23540K->23540K(39240K), 0.0192438 secs] 23540K->23540K(42248K), [Perm : 19K->19K(8192K)], 0.0193483 secs]
47.935: [Full GC 47.935: [Tenured: 23540K->11821K(39240K), 0.0400551 secs] 23594K->11821K(42248K), [Perm : 19K->19K(8192K)], 0.0401643 secs]
47.976: [GC 47.976: [DefNew: 53K->0K(3008K), 0.0004014 secs]47.976: [Tenured: 11821K->11821K(39240K), 0.0189627 secs] 11875K->11821K(42248K), 0.0194860 secs]
48.000: [GC 48.000: [DefNew: 53K->0K(3008K), 0.0004738 secs]48.001: [Tenured: 15727K->15727K(39240K), 0.0189943 secs] 15781K->15727K(42248K), 0.0195969 secs]
48.024: [GC 48.024: [DefNew: 53K->0K(3008K), 0.0005543 secs]48.025: [Tenured: 19634K->19634K(39240K), 0.0190507 secs] 19687K->19634K(42248K), 0.0197327 secs]
48.049: [Full GC 48.049: [Tenured: 23540K->23540K(39240K), 0.0193008 secs] 23540K->23540K(42248K), [Perm : 19K->19K(8192K)], 0.0194047 secs]
48.069: [Full GC 48.069: [Tenured: 23540K->11821K(39240K), 0.0398634 secs] 23594K->11821K(42248K), [Perm : 19K->19K(8192K)], 0.0399676 secs]
48.109: [GC 48.110: [DefNew: 53K->0K(3008K), 0.0004006 secs]48.110: [Tenured: 11821K->11821K(39240K), 0.0188742 secs] 11875K->11821K(42248K), 0.0193921 secs]
48.134: [GC 48.134: [DefNew: 53K->0K(3008K), 0.0004632 secs]48.134: [Tenured: 15727K->15727K(39240K), 0.0189926 secs] 15781K->15727K(42248K), 0.0195824 secs]
48.158: [GC 48.158: [DefNew: 53K->0K(3008K), 0.0005520 secs]48.159: [Tenured: 19634K->19634K(39240K), 0.0192279 secs] 19687K->19634K(42248K), 0.0199073 secs]
48.184: [Full GC 48.184: [Tenured: 23540K->23540K(39240K), 0.0191667 secs] 23540K->23540K(42248K), [Perm : 19K->19K(8192K)], 0.0192742 secs]
48.205: [Full GC 48.205: [Tenured: 23540K->11821K(39240K), 0.0399777 secs] 23594K->11821K(42248K), [Perm : 19K->19K(8192K)], 0.0400878 secs]
48.246: [GC 48.246: [DefNew: 53K->0K(3008K), 0.0004026 secs]48.246: [Tenured: 11821K->11821K(39240K), 0.0188851 secs] 11875K->11821K(42248K), 0.0194055 secs]
48.270: [GC 48.270: [DefNew: 53K->0K(3008K), 0.0004635 secs]48.270: [Tenured: 15728K->15728K(39240K), 0.0191357 secs] 15781K->15728K(42248K), 0.0197260 secs]
48.295: [GC 48.295: [DefNew: 53K->0K(3008K), 0.0005179 secs]48.295: [Tenured: 19634K->19634K(39240K), 0.0289182 secs] 19688K->19634K(42248K), 0.0295809 secs]
48.329: [Full GC 48.329: [Tenured: 23540K->23540K(39240K), 0.0194762 secs] 23540K->23540K(42248K), [Perm : 19K->19K(8192K)], 0.0195804 secs]
48.350: [Full GC 48.350: [Tenured: 23540K->11821K(39240K), 0.0400199 secs] 23594K->11821K(42248K), [Perm : 19K->19K(8192K)], 0.0401258 secs]
48.390: [GC 48.390: [DefNew: 53K->0K(3008K), 0.0004037 secs]48.391: [Tenured: 11821K->11821K(39240K), 0.0188644 secs] 11875K->11821K(42248K), 0.0193857 secs]
48.414: [GC 48.415: [DefNew: 53K->0K(3008K), 0.0005858 secs]48.415: [Tenured: 15728K->15727K(39240K), 0.0237893 secs] 15781K->15727K(42248K), 0.0245157 secs]
48.444: [GC 48.444: [DefNew: 53K->0K(3008K), 0.0005515 secs]48.445: [Tenured: 19634K->19634K(39240K), 0.0192868 secs] 19687K->19634K(42248K), 0.0199696 secs]
48.469: [Full GC 48.469: [Tenured: 23540K->23540K(39240K), 0.0193304 secs] 23540K->23540K(42248K), [Perm : 19K->19K(8192K)], 0.0194391 secs]
48.490: [Full GC 48.490: [Tenured: 23540K->11821K(39240K), 0.0399026 secs] 23594K->11821K(42248K), [Perm : 19K->19K(8192K)], 0.0400098 secs]
48.530: [GC 48.530: [DefNew: 53K->0K(3008K), 0.0003995 secs]48.530: [Tenured: 11821K->11821K(39240K), 0.0188655 secs] 11875K->11821K(42248K), 0.0193818 secs]
48.554: [GC 48.554: [DefNew: 53K->0K(3008K), 0.0004774 secs]48.555: [Tenured: 15728K->15728K(39240K), 0.0190128 secs] 15781K->15728K(42248K), 0.0196201 secs]
48.579: [GC 48.579: [DefNew: 53K->0K(3008K), 0.0005163 secs]48.580: [Tenured: 19634K->19634K(39240K), 0.0190806 secs] 19688K->19634K(42248K), 0.0197274 secs]
48.604: [Full GC 48.604: [Tenured: 23540K->23540K(39240K), 0.0194759 secs] 23540K->23540K(42248K), [Perm : 19K->19K(8192K)], 0.0195810 secs]
48.624: [Full GC 48.624: [Tenured: 23540K->11821K(39240K), 0.0400227 secs] 23594K->11821K(42248K), [Perm : 19K->19K(8192K)], 0.0401291 secs]
48.665: [GC 48.665: [DefNew: 53K->0K(3008K), 0.0004034 secs]48.665: [Tenured: 11821K->11821K(39240K), 0.0190153 secs] 11875K->11821K(42248K), 0.0195592 secs]
48.689: [GC 48.689: [DefNew: 53K->0K(3008K), 0.0004705 secs]48.690: [Tenured: 15728K->15728K(39240K), 0.0189974 secs] 15781K->15728K(42248K), 0.0196125 secs]
48.714: [GC 48.714: [DefNew: 53K->0K(3008K), 0.0005207 secs]48.715: [Tenured: 19634K->19634K(39240K), 0.0190728 secs] 19688K->19634K(42248K), 0.0197218 secs]
48.739: [Full GC 48.739: [Tenured: 23540K->23540K(39240K), 0.0337828 secs] 23540K->23540K(42248K), [Perm : 19K->19K(8192K)], 0.0339001 secs]
48.774: [Full GC 48.774: [Tenured: 23540K->11821K(39240K), 0.0398615 secs] 23594K->11821K(42248K), [Perm : 19K->19K(8192K)], 0.0399668 secs]
48.821: [GC 48.821: [DefNew: 53K->0K(3008K), 0.0004330 secs]48.822: [Tenured: 11821K->11821K(39240K), 0.0188781 secs] 11875K->11821K(42248K), 0.0194444 secs]
48.846: [GC 48.846: [DefNew: 53K->0K(3008K), 0.0004760 secs]48.846: [Tenured: 15728K->15728K(39240K), 0.0189896 secs] 15781K->15728K(42248K), 0.0195958 secs]
48.870: [GC 48.870: [DefNew: 53K->0K(3008K), 0.0005135 secs]48.871: [Tenured: 19634K->19634K(39240K), 0.0289931 secs] 19688K->19634K(42248K), 0.0296482 secs]
48.905: [Full GC 48.905: [Tenured: 23540K->23540K(39240K), 0.0195005 secs] 23540K->23540K(42248K), [Perm : 19K->19K(8192K)], 0.0196036 secs]
48.925: [Full GC 48.925: [Tenured: 23540K->11821K(39240K), 0.0398567 secs] 23594K->11821K(42248K), [Perm : 19K->19K(8192K)], 0.0399595 secs]
48.965: [GC 48.966: [DefNew: 53K->0K(3008K), 0.0003989 secs]48.966: [Tenured: 11821K->11821K(39240K), 0.0188823 secs] 11875K->11821K(42248K), 0.0193980 secs]
48.990: [GC 48.990: [DefNew: 53K->0K(3008K), 0.0004780 secs]48.991: [Tenured: 15728K->15727K(39240K), 0.0237547 secs] 15781K->15727K(42248K), 0.0243732 secs]
49.020: [GC 49.020: [DefNew: 53K->0K(3008K), 0.0005568 secs]49.020: [Tenured: 19634K->19634K(39240K), 0.0190703 secs] 19687K->19634K(42248K), 0.0197550 secs]
49.044: [Full GC 49.044: [Tenured: 23540K->23540K(39240K), 0.0194743 secs] 23540K->23540K(42248K), [Perm : 19K->19K(8192K)], 0.0195779 secs]
49.065: [Full GC 49.065: [Tenured: 23540K->11821K(39240K), 0.0400610 secs] 23594K->11821K(42248K), [Perm : 19K->19K(8192K)], 0.0401685 secs]
49.105: [GC 49.105: [DefNew: 53K->0K(3008K), 0.0004048 secs]49.106: [Tenured: 11821K->11821K(39240K), 0.0188703 secs] 11875K->11821K(42248K), 0.0193924 secs]
49.129: [GC 49.129: [DefNew: 53K->0K(3008K), 0.0004626 secs]49.130: [Tenured: 15727K->15727K(39240K), 0.0189896 secs] 15781K->15727K(42248K), 0.0195773 secs]
49.154: [GC 49.154: [DefNew: 53K->0K(3008K), 0.0005531 secs]49.154: [Tenured: 19634K->19634K(39240K), 0.0190605 secs] 19687K->19634K(42248K), 0.0197394 secs]
49.178: [Full GC 49.178: [Tenured: 23540K->23540K(39240K), 0.0193282 secs] 23540K->23540K(42248K), [Perm : 19K->19K(8192K)], 0.0194352 secs]
49.199: [Full GC 49.199: [Tenured: 23540K->11821K(39240K), 0.0399054 secs] 23594K->11821K(42248K), [Perm : 19K->19K(8192K)], 0.0400121 secs]
49.241: [GC 49.241: [DefNew: 53K->0K(3008K), 0.0004241 secs]49.241: [Tenured: 11821K->11821K(39240K), 0.0189817 secs] 11875K->11821K(42248K), 0.0195343 secs]
49.265: [GC 49.265: [DefNew: 53K->0K(3008K), 0.0004615 secs]49.265: [Tenured: 15728K->15728K(39240K), 0.0189960 secs] 15781K->15728K(42248K), 0.0195841 secs]
49.289: [GC 49.289: [DefNew: 53K->0K(3008K), 0.0005029 secs]49.290: [Tenured: 19634K->19634K(39240K), 0.0194005 secs] 19688K->19634K(42248K), 0.0200338 secs]
49.315: [Full GC 49.315: [Tenured: 23540K->23540K(39240K), 0.0338526 secs] 23540K->23540K(42248K), [Perm : 19K->19K(8192K)], 0.0339736 secs]
49.350: [Full GC 49.350: [Tenured: 23540K->11821K(39240K), 0.0399232 secs] 23594K->11821K(42248K), [Perm : 19K->19K(8192K)], 0.0400316 secs]
49.390: [GC 49.390: [DefNew: 53K->0K(3008K), 0.0003987 secs]49.391: [Tenured: 11821K->11821K(39240K), 0.0190253 secs] 11875K->11821K(42248K), 0.0195408 secs]
49.414: [GC 49.414: [DefNew: 53K->0K(3008K), 0.0004621 secs]49.415: [Tenured: 15727K->15727K(39240K), 0.0192315 secs] 15781K->15727K(42248K), 0.0198249 secs]
49.439: [GC 49.439: [DefNew: 53K->0K(3008K), 0.0005585 secs]49.440: [Tenured: 19634K->19634K(39240K), 0.0207649 secs] 19687K->19634K(42248K), 0.0214555 secs]
49.465: [Full GC 49.465: [Tenured: 23540K->23540K(39240K), 0.0191619 secs] 23540K->23540K(42248K), [Perm : 19K->19K(8192K)], 0.0192673 secs]
49.486: [Full GC 49.486: [Tenured: 23540K->11821K(39240K), 0.0400811 secs] 23594K->11821K(42248K), [Perm : 19K->19K(8192K)], 0.0401942 secs]
49.526: [GC 49.526: [DefNew: 53K->0K(3008K), 0.0004001 secs]49.527: [Tenured: 11821K->11821K(39240K), 0.0188753 secs] 11875K->11821K(42248K), 0.0193907 secs]
49.550: [GC 49.551: [DefNew: 53K->0K(3008K), 0.0004623 secs]49.551: [Tenured: 15728K->15728K(39240K), 0.0189887 secs] 15781K->15728K(42248K), 0.0195787 secs]
49.576: [GC 49.576: [DefNew: 53K->0K(3008K), 0.0005199 secs]49.576: [Tenured: 19634K->19634K(39240K), 0.0190709 secs] 19688K->19634K(42248K), 0.0197207 secs]
49.600: [Full GC 49.600: [Tenured: 23540K->23540K(39240K), 0.0193586 secs] 23540K->23540K(42248K), [Perm : 19K->19K(8192K)], 0.0194676 secs]
49.621: [Full GC 49.621: [Tenured: 23540K->11821K(39240K), 0.0399766 secs] 23594K->11821K(42248K), [Perm : 19K->19K(8192K)], 0.0400858 secs]
49.661: [GC 49.661: [DefNew: 53K->0K(3008K), 0.0004023 secs]49.662: [Tenured: 11821K->11821K(39240K), 0.0189133 secs] 11875K->11821K(42248K), 0.0194343 secs]
49.686: [GC 49.686: [DefNew: 53K->0K(3008K), 0.0004713 secs]49.686: [Tenured: 15727K->15727K(39240K), 0.0191371 secs] 15781K->15727K(42248K), 0.0197391 secs]
49.710: [GC 49.710: [DefNew: 53K->0K(3008K), 0.0005531 secs]49.711: [Tenured: 19634K->19634K(39240K), 0.0191326 secs] 19687K->19634K(42248K), 0.0198148 secs]
49.736: [Full GC 49.736: [Tenured: 23540K->23540K(39240K), 0.0191575 secs] 23540K->23540K(42248K), [Perm : 19K->19K(8192K)], 0.0192647 secs]
49.757: [Full GC 49.757: [Tenured: 23540K->11821K(39240K), 0.0398844 secs] 23594K->11821K(42248K), [Perm : 19K->19K(8192K)], 0.0399900 secs]
49.797: [GC 49.797: [DefNew: 53K->0K(3008K), 0.0004006 secs]49.798: [Tenured: 11821K->11821K(39240K), 0.0190206 secs] 11875K->11821K(42248K), 0.0195402 secs]
49.821: [GC 49.821: [DefNew: 53K->0K(3008K), 0.0004640 secs]49.822: [Tenured: 15728K->15728K(39240K), 0.0189873 secs] 15781K->15728K(42248K), 0.0195768 secs]
49.846: [GC 49.846: [DefNew: 53K->0K(3008K), 0.0005048 secs]49.846: [Tenured: 19634K->19634K(39240K), 0.0191360 secs] 19688K->19634K(42248K), 0.0197693 secs]
49.870: [Full GC 49.871: [Tenured: 23540K->23540K(39240K), 0.0338079 secs] 23540K->23540K(42248K), [Perm : 19K->19K(8192K)], 0.0339258 secs]
49.906: [Full GC 49.906: [Tenured: 23540K->11821K(39240K), 0.0398268 secs] 23594K->11821K(42248K), [Perm : 19K->19K(8192K)], 0.0399352 secs]
49.946: [GC 49.946: [DefNew: 53K->0K(3008K), 0.0004165 secs]49.946: [Tenured: 11821K->11821K(39240K), 0.0188661 secs] 11875K->11821K(42248K), 0.0193997 secs]
49.970: [GC 49.970: [DefNew: 53K->0K(3008K), 0.0004637 secs]49.970: [Tenured: 15728K->15728K(39240K), 0.0189862 secs] 15781K->15728K(42248K), 0.0195771 secs]
49.995: [GC 49.995: [DefNew: 53K->0K(3008K), 0.0005207 secs]49.995: [Tenured: 19634K->19634K(39240K), 0.0192410 secs] 19688K->19634K(42248K), 0.0198941 secs]
50.020: [Full GC 50.020: [Tenured: 23540K->23540K(39240K), 0.0191611 secs] 23540K->23540K(42248K), [Perm : 19K->19K(8192K)], 0.0192673 secs]
50.040: [Full GC 50.040: [Tenured: 23540K->11821K(39240K), 0.0399690 secs] 23594K->11821K(42248K), [Perm : 19K->19K(8192K)], 0.0400727 secs]
50.081: [GC 50.081: [DefNew: 53K->0K(3008K), 0.0004115 secs]50.081: [Tenured: 11821K->11821K(39240K), 0.0188627 secs] 11875K->11821K(42248K), 0.0193955 secs]
50.105: [GC 50.105: [DefNew: 53K->0K(3008K), 0.0004610 secs]50.106: [Tenured: 15728K->15727K(39240K), 0.0238854 secs] 15781K->15727K(42248K), 0.0244847 secs]
50.135: [GC 50.135: [DefNew: 53K->0K(3008K), 0.0005638 secs]50.136: [Tenured: 19634K->19634K(39240K), 0.0190854 secs] 19687K->19634K(42248K), 0.0197779 secs]
50.159: [Full GC 50.159: [Tenured: 23540K->23540K(39240K), 0.0191471 secs] 23540K->23540K(42248K), [Perm : 19K->19K(8192K)], 0.0192508 secs]
50.180: [Full GC 50.180: [Tenured: 23540K->11821K(39240K), 0.0400579 secs] 23594K->11821K(42248K), [Perm : 19K->19K(8192K)], 0.0401643 secs]
50.220: [GC 50.220: [DefNew: 53K->0K(3008K), 0.0004014 secs]50.220: [Tenured: 11821K->11821K(39240K), 0.0188862 secs] 11875K->11821K(42248K), 0.0194226 secs]
50.246: [GC 50.246: [DefNew: 53K->0K(3008K), 0.0004808 secs]50.246: [Tenured: 15728K->15728K(39240K), 0.0189868 secs] 15781K->15728K(42248K), 0.0195975 secs]
50.270: [GC 50.270: [DefNew: 53K->0K(3008K), 0.0005062 secs]50.271: [Tenured: 19634K->19634K(39240K), 0.0191762 secs] 19688K->19634K(42248K), 0.0198112 secs]
50.295: [Full GC 50.295: [Tenured: 23540K->23540K(39240K), 0.0191468 secs] 23540K->23540K(42248K), [Perm : 19K->19K(8192K)], 0.0192519 secs]
50.315: [Full GC 50.315: [Tenured: 23540K->11821K(39240K), 0.0399942 secs] 23594K->11821K(42248K), [Perm : 19K->19K(8192K)], 0.0401034 secs]
50.355: [GC 50.355: [DefNew: 53K->0K(3008K), 0.0004023 secs]50.356: [Tenured: 11821K->11821K(39240K), 0.0189164 secs] 11875K->11821K(42248K), 0.0194382 secs]
50.380: [GC 50.380: [DefNew: 53K->0K(3008K), 0.0004774 secs]50.380: [Tenured: 15728K->15728K(39240K), 0.0190491 secs] 15781K->15728K(42248K), 0.0196564 secs]
50.404: [GC 50.404: [DefNew: 53K->0K(3008K), 0.0005045 secs]50.405: [Tenured: 19634K->19634K(39240K), 0.0192575 secs] 19688K->19634K(42248K), 0.0198916 secs]
50.429: [Full GC 50.429: [Tenured: 23540K->23540K(39240K), 0.0339390 secs] 23540K->23540K(42248K), [Perm : 19K->19K(8192K)], 0.0340538 secs]
50.464: [Full GC 50.464: [Tenured: 23540K->11821K(39240K), 0.0398917 secs] 23594K->11821K(42248K), [Perm : 19K->19K(8192K)], 0.0399995 secs]
50.505: [GC 50.505: [DefNew: 53K->0K(3008K), 0.0004076 secs]50.505: [Tenured: 11821K->11821K(39240K), 0.0190625 secs] 11875K->11821K(42248K), 0.0195902 secs]
50.529: [GC 50.529: [DefNew: 53K->0K(3008K), 0.0004738 secs]50.530: [Tenured: 15727K->15727K(39240K), 0.0189868 secs] 15781K->15727K(42248K), 0.0195899 secs]
50.554: [GC 50.554: [DefNew: 53K->0K(3008K), 0.0005490 secs]50.554: [Tenured: 19634K->19634K(39240K), 0.0191206 secs] 19687K->19634K(42248K), 0.0197967 secs]
50.578: [Full GC 50.579: [Tenured: 23540K->23540K(39240K), 0.0191608 secs] 23540K->23540K(42248K), [Perm : 19K->19K(8192K)], 0.0192678 secs]
50.602: [Full GC 50.602: [Tenured: 23540K->11821K(39240K), 0.0401076 secs] 23594K->11821K(42248K), [Perm : 19K->19K(8192K)], 0.0402247 secs]
50.643: [GC 50.643: [DefNew: 53K->0K(3008K), 0.0004090 secs]50.643: [Tenured: 11821K->11821K(39240K), 0.0188834 secs] 11875K->11821K(42248K), 0.0194128 secs]
50.667: [GC 50.667: [DefNew: 53K->0K(3008K), 0.0004799 secs]50.668: [Tenured: 15728K->15727K(39240K), 0.0237228 secs] 15781K->15727K(42248K), 0.0243436 secs]
50.697: [GC 50.697: [DefNew: 53K->0K(3008K), 0.0005582 secs]50.698: [Tenured: 19634K->19634K(39240K), 0.0190697 secs] 19687K->19634K(42248K), 0.0197539 secs]
50.721: [Full GC 50.721: [Tenured: 23540K->23540K(39240K), 0.0193170 secs] 23540K->23540K(42248K), [Perm : 19K->19K(8192K)], 0.0194226 secs]
50.743: [Full GC 50.743: [Tenured: 23540K->11821K(39240K), 0.0399143 secs] 23594K->11821K(42248K), [Perm : 19K->19K(8192K)], 0.0400238 secs]
50.784: [GC 50.784: [DefNew: 53K->0K(3008K), 0.0004137 secs]50.784: [Tenured: 11821K->11821K(39240K), 0.0188703 secs] 11875K->11821K(42248K), 0.0194041 secs]
50.808: [GC 50.808: [DefNew: 53K->0K(3008K), 0.0004713 secs]50.809: [Tenured: 15727K->15727K(39240K), 0.0189834 secs] 15781K->15727K(42248K), 0.0195827 secs]
50.833: [GC 50.833: [DefNew: 53K->0K(3008K), 0.0005596 secs]50.833: [Tenured: 19634K->19634K(39240K), 0.0191262 secs] 19687K->19634K(42248K), 0.0198148 secs]
50.857: [Full GC 50.857: [Tenured: 23540K->23540K(39240K), 0.0191452 secs] 23540K->23540K(42248K), [Perm : 19K->19K(8192K)], 0.0192455 secs]
50.877: [Full GC 50.877: [Tenured: 23540K->11821K(39240K), 0.0399481 secs] 23594K->11821K(42248K), [Perm : 19K->19K(8192K)], 0.0400543 secs]
50.918: [GC 50.918: [DefNew: 53K->0K(3008K), 0.0004070 secs]50.919: [Tenured: 11821K->11821K(39240K), 0.0190242 secs] 11875K->11821K(42248K), 0.0195511 secs]
50.942: [GC 50.942: [DefNew: 53K->0K(3008K), 0.0004651 secs]50.943: [Tenured: 15728K->15728K(39240K), 0.0190133 secs] 15781K->15728K(42248K), 0.0196031 secs]
50.967: [GC 50.967: [DefNew: 53K->0K(3008K), 0.0005177 secs]50.968: [Tenured: 19634K->19634K(39240K), 0.0190790 secs] 19688K->19634K(42248K), 0.0197447 secs]
50.992: [Full GC 50.992: [Tenured: 23540K->23540K(39240K), 0.0338018 secs] 23540K->23540K(42248K), [Perm : 19K->19K(8192K)], 0.0339160 secs]
51.027: [Full GC 51.027: [Tenured: 23540K->11821K(39240K), 0.0399040 secs] 23594K->11821K(42248K), [Perm : 19K->19K(8192K)], 0.0400146 secs]
51.067: [GC 51.068: [DefNew: 53K->0K(3008K), 0.0004006 secs]51.068: [Tenured: 11821K->11821K(39240K), 0.0188912 secs] 11875K->11821K(42248K), 0.0194075 secs]
51.092: [GC 51.092: [DefNew: 53K->0K(3008K), 0.0004621 secs]51.092: [Tenured: 15728K->15728K(39240K), 0.0190047 secs] 15781K->15728K(42248K), 0.0195916 secs]
51.116: [GC 51.116: [DefNew: 53K->0K(3008K), 0.0005034 secs]51.116: [Tenured: 19634K->19634K(39240K), 0.0191625 secs] 19688K->19634K(42248K), 0.0197950 secs]
51.141: [Full GC 51.141: [Tenured: 23540K->23540K(39240K), 0.0191661 secs] 23540K->23540K(42248K), [Perm : 19K->19K(8192K)], 0.0192728 secs]
51.161: [Full GC 51.161: [Tenured: 23540K->11821K(39240K), 0.0399107 secs] 23594K->11821K(42248K), [Perm : 19K->19K(8192K)], 0.0400132 secs]
51.201: [GC 51.201: [DefNew: 53K->0K(3008K), 0.0003992 secs]51.202: [Tenured: 11821K->11821K(39240K), 0.0188739 secs] 11875K->11821K(42248K), 0.0193891 secs]
51.226: [GC 51.226: [DefNew: 53K->0K(3008K), 0.0004799 secs]51.227: [Tenured: 15728K->15727K(39240K), 0.0237463 secs] 15781K->15727K(42248K), 0.0243676 secs]
51.256: [GC 51.256: [DefNew: 53K->0K(3008K), 0.0005657 secs]51.257: [Tenured: 19634K->19634K(39240K), 0.0191538 secs] 19687K->19634K(42248K), 0.0198525 secs]
51.281: [Full GC 51.281: [Tenured: 23540K->23540K(39240K), 0.0191658 secs] 23540K->23540K(42248K), [Perm : 19K->19K(8192K)], 0.0192731 secs]
51.302: [Full GC 51.302: [Tenured: 23540K->11821K(39240K), 0.0399735 secs] 23594K->11821K(42248K), [Perm : 19K->19K(8192K)], 0.0400858 secs]
51.343: [GC 51.343: [DefNew: 53K->0K(3008K), 0.0003995 secs]51.343: [Tenured: 11821K->11821K(39240K), 0.0188929 secs] 11875K->11821K(42248K), 0.0194122 secs]
51.367: [GC 51.367: [DefNew: 53K->0K(3008K), 0.0004713 secs]51.367: [Tenured: 15727K->15727K(39240K), 0.0190055 secs] 15781K->15727K(42248K), 0.0196053 secs]
51.391: [GC 51.391: [DefNew: 53K->0K(3008K), 0.0005492 secs]51.392: [Tenured: 19634K->19634K(39240K), 0.0191292 secs] 19687K->19634K(42248K), 0.0198064 secs]
51.416: [Full GC 51.416: [Tenured: 23540K->23540K(39240K), 0.0194787 secs] 23540K->23540K(42248K), [Perm : 19K->19K(8192K)], 0.0195841 secs]
51.436: [Full GC 51.436: [Tenured: 23540K->11821K(39240K), 0.0399101 secs] 23594K->11821K(42248K), [Perm : 19K->19K(8192K)], 0.0400168 secs]
51.477: [GC 51.477: [DefNew: 53K->0K(3008K), 0.0004028 secs]51.477: [Tenured: 11821K->11821K(39240K), 0.0190966 secs] 11875K->11821K(42248K), 0.0196251 secs]
51.502: [GC 51.502: [DefNew: 53K->0K(3008K), 0.0004794 secs]51.503: [Tenured: 15728K->15728K(39240K), 0.0189957 secs] 15781K->15728K(42248K), 0.0196064 secs]
51.527: [GC 51.527: [DefNew: 53K->0K(3008K), 0.0005196 secs]51.528: [Tenured: 19634K->19634K(39240K), 0.0190837 secs] 19688K->19634K(42248K), 0.0197324 secs]
51.552: [Full GC 51.552: [Tenured: 23540K->23540K(39240K), 0.0337982 secs] 23540K->23540K(42248K), [Perm : 19K->19K(8192K)], 0.0339130 secs]
51.587: [Full GC 51.587: [Tenured: 23540K->11821K(39240K), 0.0398808 secs] 23594K->11821K(42248K), [Perm : 19K->19K(8192K)], 0.0399886 secs]
51.627: [GC 51.627: [DefNew: 53K->0K(3008K), 0.0003981 secs]51.628: [Tenured: 11821K->11821K(39240K), 0.0188801 secs] 11875K->11821K(42248K), 0.0193946 secs]
51.652: [GC 51.652: [DefNew: 53K->0K(3008K), 0.0004760 secs]51.652: [Tenured: 15728K->15728K(39240K), 0.0189843 secs] 15781K->15728K(42248K), 0.0195888 secs]
51.676: [GC 51.676: [DefNew: 53K->0K(3008K), 0.0005040 secs]51.677: [Tenured: 19634K->19634K(39240K), 0.0190756 secs] 19688K->19634K(42248K), 0.0197067 secs]
51.701: [Full GC 51.701: [Tenured: 23540K->23540K(39240K), 0.0191781 secs] 23540K->23540K(42248K), [Perm : 19K->19K(8192K)], 0.0192837 secs]
51.721: [Full GC 51.721: [Tenured: 23540K->11821K(39240K), 0.0400649 secs] 23594K->11821K(42248K), [Perm : 19K->19K(8192K)], 0.0401886 secs]
51.763: [GC 51.763: [DefNew: 53K->0K(3008K), 0.0004224 secs]51.763: [Tenured: 11821K->11821K(39240K), 0.0188619 secs] 11875K->11821K(42248K), 0.0194075 secs]
51.787: [GC 51.787: [DefNew: 53K->0K(3008K), 0.0004760 secs]51.788: [Tenured: 15728K->15727K(39240K), 0.0237664 secs] 15781K->15727K(42248K), 0.0243835 secs]
51.817: [GC 51.817: [DefNew: 53K->0K(3008K), 0.0005601 secs]51.818: [Tenured: 19634K->19634K(39240K), 0.0190723 secs] 19687K->19634K(42248K), 0.0197603 secs]
51.841: [Full GC 51.841: [Tenured: 23540K->23540K(39240K), 0.0193086 secs] 23540K->23540K(42248K), [Perm : 19K->19K(8192K)], 0.0194164 secs]
51.865: [Full GC 51.865: [Tenured: 23540K->11821K(39240K), 0.0398830 secs] 23594K->11821K(42248K), [Perm : 19K->19K(8192K)], 0.0399950 secs]
51.905: [GC 51.905: [DefNew: 53K->0K(3008K), 0.0003987 secs]51.905: [Tenured: 11821K->11821K(39240K), 0.0189650 secs] 11875K->11821K(42248K), 0.0194860 secs]
51.930: [GC 51.930: [DefNew: 53K->0K(3008K), 0.0004797 secs]51.930: [Tenured: 15728K->15728K(39240K), 0.0190083 secs] 15781K->15728K(42248K), 0.0196181 secs]
51.954: [GC 51.954: [DefNew: 53K->0K(3008K), 0.0005020 secs]51.954: [Tenured: 19634K->19634K(39240K), 0.0192242 secs] 19688K->19634K(42248K), 0.0198528 secs]
51.979: [Full GC 51.979: [Tenured: 23540K->23540K(39240K), 0.0191569 secs] 23540K->23540K(42248K), [Perm : 19K->19K(8192K)], 0.0192611 secs]
51.999: [Full GC 51.999: [Tenured: 23540K->11821K(39240K), 0.0399730 secs] 23594K->11821K(42248K), [Perm : 19K->19K(8192K)], 0.0400802 secs]
52.040: [GC 52.040: [DefNew: 53K->0K(3008K), 0.0004115 secs]52.040: [Tenured: 11821K->11821K(39240K), 0.0188689 secs] 11875K->11821K(42248K), 0.0193997 secs]
52.064: [GC 52.064: [DefNew: 53K->0K(3008K), 0.0004660 secs]52.065: [Tenured: 15728K->15728K(39240K), 0.0189845 secs] 15781K->15728K(42248K), 0.0195776 secs]
52.089: [GC 52.089: [DefNew: 53K->0K(3008K), 0.0005171 secs]52.089: [Tenured: 19634K->19634K(39240K), 0.0190681 secs] 19688K->19634K(42248K), 0.0197137 secs]
52.113: [Full GC 52.113: [Tenured: 23540K->23540K(39240K), 0.0337780 secs] 23540K->23540K(42248K), [Perm : 19K->19K(8192K)], 0.0338909 secs]
52.148: [Full GC 52.148: [Tenured: 23540K->11821K(39240K), 0.0400529 secs] 23594K->11821K(42248K), [Perm : 19K->19K(8192K)], 0.0401610 secs]
52.189: [GC 52.189: [DefNew: 53K->0K(3008K), 0.0004031 secs]52.189: [Tenured: 11821K->11821K(39240K), 0.0188826 secs] 11875K->11821K(42248K), 0.0194027 secs]
52.213: [GC 52.213: [DefNew: 53K->0K(3008K), 0.0004637 secs]52.213: [Tenured: 15728K->15728K(39240K), 0.0189851 secs] 15781K->15728K(42248K), 0.0195740 secs]
52.237: [GC 52.237: [DefNew: 53K->0K(3008K), 0.0005121 secs]52.238: [Tenured: 19634K->19634K(39240K), 0.0289752 secs] 19688K->19634K(42248K), 0.0296267 secs]
52.273: [Full GC 52.273: [Tenured: 23540K->23540K(39240K), 0.0192471 secs] 23540K->23540K(42248K), [Perm : 19K->19K(8192K)], 0.0193564 secs]
52.294: [Full GC 52.294: [Tenured: 23540K->11821K(39240K), 0.0399847 secs] 23594K->11821K(42248K), [Perm : 19K->19K(8192K)], 0.0400967 secs]
52.335: [GC 52.335: [DefNew: 53K->0K(3008K), 0.0004023 secs]52.335: [Tenured: 11821K->11821K(39240K), 0.0189639 secs] 11875K->11821K(42248K), 0.0194877 secs]
52.359: [GC 52.359: [DefNew: 53K->0K(3008K), 0.0004651 secs]52.360: [Tenured: 15728K->15727K(39240K), 0.0237228 secs] 15781K->15727K(42248K), 0.0243238 secs]
52.389: [GC 52.389: [DefNew: 53K->0K(3008K), 0.0005612 secs]52.389: [Tenured: 19634K->19634K(39240K), 0.0190734 secs] 19687K->19634K(42248K), 0.0197640 secs]
52.413: [Full GC 52.413: [Tenured: 23540K->23540K(39240K), 0.0194567 secs] 23540K->23540K(42248K), [Perm : 19K->19K(8192K)], 0.0195639 secs]
52.434: [Full GC 52.434: [Tenured: 23540K->11821K(39240K), 0.0401998 secs] 23594K->11821K(42248K), [Perm : 19K->19K(8192K)], 0.0403074 secs]
52.474: [GC 52.474: [DefNew: 53K->0K(3008K), 0.0003984 secs]52.475: [Tenured: 11821K->11821K(39240K), 0.0189586 secs] 11875K->11821K(42248K), 0.0194751 secs]
52.498: [GC 52.498: [DefNew: 53K->0K(3008K), 0.0004741 secs]52.499: [Tenured: 15728K->15728K(39240K), 0.0189949 secs] 15781K->15728K(42248K), 0.0196179 secs]
52.523: [GC 52.523: [DefNew: 53K->0K(3008K), 0.0005062 secs]52.523: [Tenured: 19634K->19634K(39240K), 0.0191058 secs] 19688K->19634K(42248K), 0.0197380 secs]
52.547: [Full GC 52.547: [Tenured: 23540K->23540K(39240K), 0.0191474 secs] 23540K->23540K(42248K), [Perm : 19K->19K(8192K)], 0.0192497 secs]
52.568: [Full GC 52.569: [Tenured: 23540K->11821K(39240K), 0.0398106 secs] 23594K->11821K(42248K), [Perm : 19K->19K(8192K)], 0.0399238 secs]
52.609: [GC 52.609: [DefNew: 53K->0K(3008K), 0.0004076 secs]52.610: [Tenured: 11821K->11821K(39240K), 0.0188650 secs] 11875K->11821K(42248K), 0.0193913 secs]
52.633: [GC 52.633: [DefNew: 53K->0K(3008K), 0.0005210 secs]52.634: [Tenured: 15728K->15728K(39240K), 0.0190033 secs] 15781K->15728K(42248K), 0.0196533 secs]
52.658: [GC 52.658: [DefNew: 53K->0K(3008K), 0.0005068 secs]52.658: [Tenured: 19634K->19634K(39240K), 0.0192307 secs] 19688K->19634K(42248K), 0.0198657 secs]
52.683: [Full GC 52.683: [Tenured: 23540K->23540K(39240K), 0.0338029 secs] 23540K->23540K(42248K), [Perm : 19K->19K(8192K)], 0.0339197 secs]
52.718: [Full GC 52.718: [Tenured: 23540K->11821K(39240K), 0.0399006 secs] 23594K->11821K(42248K), [Perm : 19K->19K(8192K)], 0.0400068 secs]
52.759: [GC 52.759: [DefNew: 53K->0K(3008K), 0.0004160 secs]52.759: [Tenured: 11821K->11821K(39240K), 0.0190373 secs] 11875K->11821K(42248K), 0.0195709 secs]
52.784: [GC 52.784: [DefNew: 53K->0K(3008K), 0.0004811 secs]52.785: [Tenured: 15728K->15728K(39240K), 0.0189932 secs] 15781K->15728K(42248K), 0.0196047 secs]
52.810: [GC 52.810: [DefNew: 53K->0K(3008K), 0.0005207 secs]52.811: [Tenured: 19634K->19634K(39240K), 0.0288171 secs] 19688K->19634K(42248K), 0.0294792 secs]
52.844: [Full GC 52.844: [Tenured: 23540K->23540K(39240K), 0.0191717 secs] 23540K->23540K(42248K), [Perm : 19K->19K(8192K)], 0.0192790 secs]
52.865: [Full GC 52.865: [Tenured: 23540K->11821K(39240K), 0.0400196 secs] 23594K->11821K(42248K), [Perm : 19K->19K(8192K)], 0.0401305 secs]
52.906: [GC 52.906: [DefNew: 53K->0K(3008K), 0.0004001 secs]52.906: [Tenured: 11821K->11821K(39240K), 0.0188988 secs] 11875K->11821K(42248K), 0.0194170 secs]
52.930: [GC 52.930: [DefNew: 53K->0K(3008K), 0.0004621 secs]52.930: [Tenured: 15728K->15727K(39240K), 0.0238734 secs] 15781K->15727K(42248K), 0.0244777 secs]
52.959: [GC 52.959: [DefNew: 53K->0K(3008K), 0.0005621 secs]52.960: [Tenured: 19634K->19634K(39240K), 0.0190921 secs] 19687K->19634K(42248K), 0.0197827 secs]
52.984: [Full GC 52.984: [Tenured: 23540K->23540K(39240K), 0.0191544 secs] 23540K->23540K(42248K), [Perm : 19K->19K(8192K)], 0.0192569 secs]
53.005: [Full GC 53.005: [Tenured: 23540K->11821K(39240K), 0.0399084 secs] 23594K->11821K(42248K), [Perm : 19K->19K(8192K)], 0.0400182 secs]
53.045: [GC 53.045: [DefNew: 53K->0K(3008K), 0.0004023 secs]53.045: [Tenured: 11821K->11821K(39240K), 0.0188831 secs] 11875K->11821K(42248K), 0.0194036 secs]
53.070: [GC 53.070: [DefNew: 53K->0K(3008K), 0.0004802 secs]53.071: [Tenured: 15728K->15728K(39240K), 0.0192214 secs] 15781K->15728K(42248K), 0.0198363 secs]
53.095: [GC 53.095: [DefNew: 53K->0K(3008K), 0.0005062 secs]53.095: [Tenured: 19634K->19634K(39240K), 0.0190622 secs] 19688K->19634K(42248K), 0.0196936 secs]
53.119: [Full GC 53.119: [Tenured: 23540K->23540K(39240K), 0.0191474 secs] 23540K->23540K(42248K), [Perm : 19K->19K(8192K)], 0.0192488 secs]
53.139: [Full GC 53.139: [Tenured: 23540K->11821K(39240K), 0.0399741 secs] 23594K->11821K(42248K), [Perm : 19K->19K(8192K)], 0.0400791 secs]
53.180: [GC 53.180: [DefNew: 53K->0K(3008K), 0.0004020 secs]53.180: [Tenured: 11821K->11821K(39240K), 0.0190597 secs] 11875K->11821K(42248K), 0.0195813 secs]
53.204: [GC 53.204: [DefNew: 53K->0K(3008K), 0.0004783 secs]53.205: [Tenured: 15728K->15728K(39240K), 0.0190027 secs] 15781K->15728K(42248K), 0.0196106 secs]
53.229: [GC 53.229: [DefNew: 53K->0K(3008K), 0.0005068 secs]53.229: [Tenured: 19634K->19634K(39240K), 0.0190709 secs] 19688K->19634K(42248K), 0.0197031 secs]
53.253: [Full GC 53.253: [Tenured: 23540K->23540K(39240K), 0.0338188 secs] 23540K->23540K(42248K), [Perm : 19K->19K(8192K)], 0.0339353 secs]
53.291: [Full GC 53.292: [Tenured: 23540K->11821K(39240K), 0.0395310 secs] 23594K->11821K(42248K), [Perm : 19K->19K(8192K)], 0.0396422 secs]
53.332: [GC 53.332: [DefNew: 53K->0K(3008K), 0.0004056 secs]53.332: [Tenured: 11821K->11821K(39240K), 0.0188837 secs] 11875K->11821K(42248K), 0.0194097 secs]
53.356: [GC 53.356: [DefNew: 53K->0K(3008K), 0.0004738 secs]53.357: [Tenured: 15728K->15728K(39240K), 0.0189918 secs] 15781K->15728K(42248K), 0.0195930 secs]
53.381: [GC 53.381: [DefNew: 53K->0K(3008K), 0.0005202 secs]53.382: [Tenured: 19634K->19634K(39240K), 0.0289788 secs] 19688K->19634K(42248K), 0.0296429 secs]
53.416: [Full GC 53.416: [Tenured: 23540K->23540K(39240K), 0.0191580 secs] 23540K->23540K(42248K), [Perm : 19K->19K(8192K)], 0.0192647 secs]
53.437: [Full GC 53.437: [Tenured: 23540K->11821K(39240K), 0.0399084 secs] 23594K->11821K(42248K), [Perm : 19K->19K(8192K)], 0.0400154 secs]
53.477: [GC 53.477: [DefNew: 53K->0K(3008K), 0.0004135 secs]53.478: [Tenured: 11821K->11821K(39240K), 0.0191536 secs] 11875K->11821K(42248K), 0.0196933 secs]
53.501: [GC 53.501: [DefNew: 53K->0K(3008K), 0.0004707 secs]53.502: [Tenured: 15728K->15728K(39240K), 0.0190147 secs] 15781K->15728K(42248K), 0.0196145 secs]
53.526: [GC 53.526: [DefNew: 53K->0K(3008K), 0.0005193 secs]53.527: [Tenured: 19634K->19634K(39240K), 0.0190762 secs] 19688K->19634K(42248K), 0.0197246 secs]
53.551: [Full GC 53.551: [Tenured: 23540K->23540K(39240K), 0.0191505 secs] 23540K->23540K(42248K), [Perm : 19K->19K(8192K)], 0.0192522 secs]
53.571: [Full GC 53.571: [Tenured: 23540K->11821K(39240K), 0.0400772 secs] 23594K->11821K(42248K), [Perm : 19K->19K(8192K)], 0.0401833 secs]
53.612: [GC 53.612: [DefNew: 53K->0K(3008K), 0.0004224 secs]53.613: [Tenured: 11821K->11821K(39240K), 0.0188753 secs] 11875K->11821K(42248K), 0.0194215 secs]
53.637: [GC 53.637: [DefNew: 53K->0K(3008K), 0.0004718 secs]53.637: [Tenured: 15727K->15727K(39240K), 0.0189893 secs] 15781K->15727K(42248K), 0.0195888 secs]
53.661: [GC 53.661: [DefNew: 53K->0K(3008K), 0.0005571 secs]53.662: [Tenured: 19634K->19634K(39240K), 0.0191273 secs] 19687K->19634K(42248K), 0.0198129 secs]
53.686: [Full GC 53.686: [Tenured: 23540K->23540K(39240K), 0.0193150 secs] 23540K->23540K(42248K), [Perm : 19K->19K(8192K)], 0.0194226 secs]
53.706: [Full GC 53.706: [Tenured: 23540K->11821K(39240K), 0.0398676 secs] 23594K->11821K(42248K), [Perm : 19K->19K(8192K)], 0.0399716 secs]
53.747: [GC 53.747: [DefNew: 53K->0K(3008K), 0.0004014 secs]53.747: [Tenured: 11821K->11821K(39240K), 0.0188692 secs] 11875K->11821K(42248K), 0.0193874 secs]
53.771: [GC 53.771: [DefNew: 53K->0K(3008K), 0.0004596 secs]53.771: [Tenured: 15728K->15728K(39240K), 0.0190063 secs] 15781K->15728K(42248K), 0.0195896 secs]
53.796: [GC 53.796: [DefNew: 53K->0K(3008K), 0.0005205 secs]53.797: [Tenured: 19634K->19634K(39240K), 0.0192262 secs] 19688K->19634K(42248K), 0.0198771 secs]
53.821: [Full GC 53.821: [Tenured: 23540K->23540K(39240K), 0.0338130 secs] 23540K->23540K(42248K), [Perm : 19K->19K(8192K)], 0.0339283 secs]
53.856: [Full GC 53.856: [Tenured: 23540K->11821K(39240K), 0.0399151 secs] 23594K->11821K(42248K), [Perm : 19K->19K(8192K)], 0.0400252 secs]
53.897: [GC 53.897: [DefNew: 53K->0K(3008K), 0.0004012 secs]53.897: [Tenured: 11821K->11821K(39240K), 0.0190563 secs] 11875K->11821K(42248K), 0.0195773 secs]
53.921: [GC 53.921: [DefNew: 53K->0K(3008K), 0.0004772 secs]53.922: [Tenured: 15728K->15728K(39240K), 0.0190016 secs] 15781K->15728K(42248K), 0.0196072 secs]
53.946: [GC 53.946: [DefNew: 53K->0K(3008K), 0.0005009 secs]53.946: [Tenured: 19634K->19634K(39240K), 0.0288551 secs] 19688K->19634K(42248K), 0.0295314 secs]
53.980: [Full GC 53.980: [Tenured: 23540K->23540K(39240K), 0.0191544 secs] 23540K->23540K(42248K), [Perm : 19K->19K(8192K)], 0.0192597 secs]
54.001: [Full GC 54.001: [Tenured: 23540K->11821K(39240K), 0.0398559 secs] 23594K->11821K(42248K), [Perm : 19K->19K(8192K)], 0.0399674 secs]
54.041: [GC 54.042: [DefNew: 53K->0K(3008K), 0.0004020 secs]54.042: [Tenured: 11821K->11821K(39240K), 0.0188854 secs] 11875K->11821K(42248K), 0.0194223 secs]
54.066: [GC 54.066: [DefNew: 53K->0K(3008K), 0.0004629 secs]54.066: [Tenured: 15728K->15728K(39240K), 0.0190030 secs] 15781K->15728K(42248K), 0.0195933 secs]
54.090: [GC 54.090: [DefNew: 53K->0K(3008K), 0.0005196 secs]54.091: [Tenured: 19634K->19634K(39240K), 0.0192159 secs] 19688K->19634K(42248K), 0.0198659 secs]
54.115: [Full GC 54.115: [Tenured: 23540K->23540K(39240K), 0.0191762 secs] 23540K->23540K(42248K), [Perm : 19K->19K(8192K)], 0.0192832 secs]
54.136: [Full GC 54.136: [Tenured: 23540K->11821K(39240K), 0.0399688 secs] 23594K->11821K(42248K), [Perm : 19K->19K(8192K)], 0.0400730 secs]
54.176: [GC 54.176: [DefNew: 53K->0K(3008K), 0.0004012 secs]54.177: [Tenured: 11821K->11821K(39240K), 0.0188817 secs] 11875K->11821K(42248K), 0.0194000 secs]
54.200: [GC 54.200: [DefNew: 53K->0K(3008K), 0.0004718 secs]54.201: [Tenured: 15727K->15727K(39240K), 0.0191435 secs] 15781K->15727K(42248K), 0.0197458 secs]
54.225: [GC 54.225: [DefNew: 53K->0K(3008K), 0.0005596 secs]54.226: [Tenured: 19634K->19634K(39240K), 0.0191608 secs] 19687K->19634K(42248K), 0.0198508 secs]
54.250: [Full GC 54.250: [Tenured: 23540K->23540K(39240K), 0.0191692 secs] 23540K->23540K(42248K), [Perm : 19K->19K(8192K)], 0.0192756 secs]
54.270: [Full GC 54.270: [Tenured: 23540K->11821K(39240K), 0.0398668 secs] 23594K->11821K(42248K), [Perm : 19K->19K(8192K)], 0.0399713 secs]
54.312: [GC 54.312: [DefNew: 53K->0K(3008K), 0.0005618 secs]54.313: [Tenured: 11821K->11821K(39240K), 0.0188652 secs] 11875K->11821K(42248K), 0.0195530 secs]
54.336: [GC 54.336: [DefNew: 53K->0K(3008K), 0.0004844 secs]54.337: [Tenured: 15728K->15728K(39240K), 0.0190049 secs] 15781K->15728K(42248K), 0.0196167 secs]
54.361: [GC 54.361: [DefNew: 53K->0K(3008K), 0.0005179 secs]54.362: [Tenured: 19634K->19634K(39240K), 0.0191751 secs] 19688K->19634K(42248K), 0.0198232 secs]
54.386: [Full GC 54.386: [Tenured: 23540K->23540K(39240K), 0.0340761 secs] 23540K->23540K(42248K), [Perm : 19K->19K(8192K)], 0.0341974 secs]
54.421: [Full GC 54.421: [Tenured: 23540K->11821K(39240K), 0.0400378 secs] 23594K->11821K(42248K), [Perm : 19K->19K(8192K)], 0.0401445 secs]
54.462: [GC 54.462: [DefNew: 53K->0K(3008K), 0.0004020 secs]54.462: [Tenured: 11821K->11821K(39240K), 0.0188815 secs] 11875K->11821K(42248K), 0.0194000 secs]
54.486: [GC 54.486: [DefNew: 53K->0K(3008K), 0.0004615 secs]54.487: [Tenured: 15728K->15728K(39240K), 0.0190946 secs] 15781K->15728K(42248K), 0.0196852 secs]
54.511: [GC 54.511: [DefNew: 53K->0K(3008K), 0.0005177 secs]54.512: [Tenured: 19634K->19634K(39240K), 0.0288143 secs] 19688K->19634K(42248K), 0.0294711 secs]
54.546: [Full GC 54.546: [Tenured: 23540K->23540K(39240K), 0.0191767 secs] 23540K->23540K(42248K), [Perm : 19K->19K(8192K)], 0.0192826 secs]
54.566: [Full GC 54.566: [Tenured: 23540K->11821K(39240K), 0.0399109 secs] 23594K->11821K(42248K), [Perm : 19K->19K(8192K)], 0.0400163 secs]
54.609: [GC 54.609: [DefNew: 53K->0K(3008K), 0.0004241 secs]54.610: [Tenured: 11821K->11821K(39240K), 0.0190753 secs] 11875K->11821K(42248K), 0.0196282 secs]
54.634: [GC 54.634: [DefNew: 53K->0K(3008K), 0.0004685 secs]54.634: [Tenured: 15728K->15727K(39240K), 0.0237891 secs] 15781K->15727K(42248K), 0.0244003 secs]
54.663: [GC 54.663: [DefNew: 53K->0K(3008K), 0.0005596 secs]54.664: [Tenured: 19634K->19634K(39240K), 0.0190854 secs] 19687K->19634K(42248K), 0.0197737 secs]
54.688: [Full GC 54.688: [Tenured: 23540K->23540K(39240K), 0.0191471 secs] 23540K->23540K(42248K), [Perm : 19K->19K(8192K)], 0.0192488 secs]
54.708: [Full GC 54.708: [Tenured: 23540K->11821K(39240K), 0.0397472 secs] 23594K->11821K(42248K), [Perm : 19K->19K(8192K)], 0.0398598 secs]
54.749: [GC 54.749: [DefNew: 53K->0K(3008K), 0.0004009 secs]54.749: [Tenured: 11821K->11821K(39240K), 0.0189007 secs] 11875K->11821K(42248K), 0.0194215 secs]
54.773: [GC 54.773: [DefNew: 53K->0K(3008K), 0.0004705 secs]54.773: [Tenured: 15727K->15727K(39240K), 0.0190664 secs] 15781K->15727K(42248K), 0.0196684 secs]
54.797: [GC 54.797: [DefNew: 53K->0K(3008K), 0.0005545 secs]54.798: [Tenured: 19634K->19634K(39240K), 0.0190658 secs] 19687K->19634K(42248K), 0.0197461 secs]
54.823: [Full GC 54.823: [Tenured: 23540K->23540K(39240K), 0.0194634 secs] 23540K->23540K(42248K), [Perm : 19K->19K(8192K)], 0.0195681 secs]
54.843: [Full GC 54.843: [Tenured: 23540K->11821K(39240K), 0.0399252 secs] 23594K->11821K(42248K), [Perm : 19K->19K(8192K)], 0.0400325 secs]
54.884: [GC 54.884: [DefNew: 53K->0K(3008K), 0.0004177 secs]54.885: [Tenured: 11821K->11821K(39240K), 0.0188566 secs] 11875K->11821K(42248K), 0.0193935 secs]
54.908: [GC 54.908: [DefNew: 53K->0K(3008K), 0.0004612 secs]54.909: [Tenured: 15728K->15728K(39240K), 0.0189963 secs] 15781K->15728K(42248K), 0.0195827 secs]
54.933: [GC 54.933: [DefNew: 53K->0K(3008K), 0.0005093 secs]54.933: [Tenured: 19634K->19634K(39240K), 0.0190725 secs] 19688K->19634K(42248K), 0.0197087 secs]
54.957: [Full GC 54.957: [Tenured: 23540K->23540K(39240K), 0.0337976 secs] 23540K->23540K(42248K), [Perm : 19K->19K(8192K)], 0.0339146 secs]
54.993: [Full GC 54.993: [Tenured: 23540K->11821K(39240K), 0.0401057 secs] 23594K->11821K(42248K), [Perm : 19K->19K(8192K)], 0.0402146 secs]
55.033: [GC 55.033: [DefNew: 53K->0K(3008K), 0.0004040 secs]55.034: [Tenured: 11821K->11821K(39240K), 0.0188781 secs] 11875K->11821K(42248K), 0.0193986 secs]
55.057: [GC 55.057: [DefNew: 53K->0K(3008K), 0.0004629 secs]55.058: [Tenured: 15728K->15728K(39240K), 0.0189957 secs] 15781K->15728K(42248K), 0.0195843 secs]
55.082: [GC 55.082: [DefNew: 53K->0K(3008K), 0.0005165 secs]55.082: [Tenured: 19634K->19634K(39240K), 0.0288115 secs] 19688K->19634K(42248K), 0.0294685 secs]
55.116: [Full GC 55.116: [Tenured: 23540K->23540K(39240K), 0.0193980 secs] 23540K->23540K(42248K), [Perm : 19K->19K(8192K)], 0.0195086 secs]
55.137: [Full GC 55.137: [Tenured: 23540K->11821K(39240K), 0.0398869 secs] 23594K->11821K(42248K), [Perm : 19K->19K(8192K)], 0.0399956 secs]
55.177: [GC 55.177: [DefNew: 53K->0K(3008K), 0.0003992 secs]55.178: [Tenured: 11821K->11821K(39240K), 0.0189289 secs] 11875K->11821K(42248K), 0.0194452 secs]
55.202: [GC 55.202: [DefNew: 53K->0K(3008K), 0.0004635 secs]55.202: [Tenured: 15727K->15727K(39240K), 0.0189965 secs] 15781K->15727K(42248K), 0.0195888 secs]
55.226: [GC 55.226: [DefNew: 53K->0K(3008K), 0.0005587 secs]55.227: [Tenured: 19634K->19634K(39240K), 0.0192460 secs] 19687K->19634K(42248K), 0.0199358 secs]
55.251: [Full GC 55.251: [Tenured: 23540K->23540K(39240K), 0.0191605 secs] 23540K->23540K(42248K), [Perm : 19K->19K(8192K)], 0.0192628 secs]
55.271: [Full GC 55.271: [Tenured: 23540K->11821K(39240K), 0.0398526 secs] 23594K->11821K(42248K), [Perm : 19K->19K(8192K)], 0.0399556 secs]
55.311: [GC 55.311: [DefNew: 53K->0K(3008K), 0.0003970 secs]55.312: [Tenured: 11821K->11821K(39240K), 0.0188887 secs] 11875K->11821K(42248K), 0.0194025 secs]
55.338: [GC 55.338: [DefNew: 53K->0K(3008K), 0.0004741 secs]55.338: [Tenured: 15728K->15728K(39240K), 0.0189924 secs] 15781K->15728K(42248K), 0.0195944 secs]
55.362: [GC 55.362: [DefNew: 53K->0K(3008K), 0.0005048 secs]55.362: [Tenured: 19634K->19634K(39240K), 0.0190873 secs] 19688K->19634K(42248K), 0.0197179 secs]
55.387: [Full GC 55.387: [Tenured: 23540K->23540K(39240K), 0.0192617 secs] 23540K->23540K(42248K), [Perm : 19K->19K(8192K)], 0.0193703 secs]
55.407: [Full GC 55.407: [Tenured: 23540K->11821K(39240K), 0.0404233 secs] 23594K->11821K(42248K), [Perm : 19K->19K(8192K)], 0.0405350 secs]
55.448: [GC 55.448: [DefNew: 53K->0K(3008K), 0.0004045 secs]55.449: [Tenured: 11821K->11821K(39240K), 0.0188700 secs] 11875K->11821K(42248K), 0.0193919 secs]
55.472: [GC 55.472: [DefNew: 53K->0K(3008K), 0.0004635 secs]55.473: [Tenured: 15728K->15728K(39240K), 0.0189977 secs] 15781K->15728K(42248K), 0.0195866 secs]
55.497: [GC 55.497: [DefNew: 53K->0K(3008K), 0.0005177 secs]55.498: [Tenured: 19634K->19634K(39240K), 0.0190787 secs] 19688K->19634K(42248K), 0.0197251 secs]
55.522: [Full GC 55.522: [Tenured: 23540K->23540K(39240K), 0.0339596 secs] 23540K->23540K(42248K), [Perm : 19K->19K(8192K)], 0.0341068 secs]
55.557: [Full GC 55.557: [Tenured: 23540K->11821K(39240K), 0.0399392 secs] 23594K->11821K(42248K), [Perm : 19K->19K(8192K)], 0.0400470 secs]
55.597: [GC 55.597: [DefNew: 53K->0K(3008K), 0.0004037 secs]55.598: [Tenured: 11821K->11821K(39240K), 0.0188764 secs] 11875K->11821K(42248K), 0.0193974 secs]
55.622: [GC 55.622: [DefNew: 53K->0K(3008K), 0.0004749 secs]55.623: [Tenured: 15728K->15728K(39240K), 0.0190016 secs] 15781K->15728K(42248K), 0.0196081 secs]
55.647: [GC 55.647: [DefNew: 53K->0K(3008K), 0.0005149 secs]55.647: [Tenured: 19634K->19634K(39240K), 0.0288741 secs] 19688K->19634K(42248K), 0.0295303 secs]
55.681: [Full GC 55.682: [Tenured: 23540K->23540K(39240K), 0.0191795 secs] 23540K->23540K(42248K), [Perm : 19K->19K(8192K)], 0.0192876 secs]
55.702: [Full GC 55.702: [Tenured: 23540K->11821K(39240K), 0.0398981 secs] 23594K->11821K(42248K), [Perm : 19K->19K(8192K)], 0.0400062 secs]
55.742: [GC 55.742: [DefNew: 53K->0K(3008K), 0.0003987 secs]55.743: [Tenured: 11821K->11821K(39240K), 0.0190385 secs] 11875K->11821K(42248K), 0.0195547 secs]
55.766: [GC 55.766: [DefNew: 53K->0K(3008K), 0.0004649 secs]55.767: [Tenured: 15728K->15728K(39240K), 0.0190038 secs] 15781K->15728K(42248K), 0.0195955 secs]
55.791: [GC 55.791: [DefNew: 53K->0K(3008K), 0.0005168 secs]55.792: [Tenured: 19634K->19634K(39240K), 0.0190778 secs] 19688K->19634K(42248K), 0.0197226 secs]
55.816: [Full GC 55.816: [Tenured: 23540K->23540K(39240K), 0.0191647 secs] 23540K->23540K(42248K), [Perm : 19K->19K(8192K)], 0.0192703 secs]
55.837: [Full GC 55.837: [Tenured: 23540K->11821K(39240K), 0.0400615 secs] 23594K->11821K(42248K), [Perm : 19K->19K(8192K)], 0.0401900 secs]
55.880: [GC 55.880: [DefNew: 53K->0K(3008K), 0.0004246 secs]55.880: [Tenured: 11821K->11821K(39240K), 0.0188907 secs] 11875K->11821K(42248K), 0.0194430 secs]
55.904: [GC 55.904: [DefNew: 53K->0K(3008K), 0.0004721 secs]55.905: [Tenured: 15727K->15727K(39240K), 0.0190231 secs] 15781K->15727K(42248K), 0.0196251 secs]
55.929: [GC 55.929: [DefNew: 53K->0K(3008K), 0.0005523 secs]55.929: [Tenured: 19634K->19634K(39240K), 0.0190907 secs] 19687K->19634K(42248K), 0.0197704 secs]
55.954: [Full GC 55.954: [Tenured: 23540K->23540K(39240K), 0.0191625 secs] 23540K->23540K(42248K), [Perm : 19K->19K(8192K)], 0.0192695 secs]
55.975: [Full GC 55.975: [Tenured: 23540K->11821K(39240K), 0.0399512 secs] 23594K->11821K(42248K), [Perm : 19K->19K(8192K)], 0.0400612 secs]
56.015: [GC 56.015: [DefNew: 53K->0K(3008K), 0.0004040 secs]56.016: [Tenured: 11821K->11821K(39240K), 0.0188815 secs] 11875K->11821K(42248K), 0.0194030 secs]
56.039: [GC 56.040: [DefNew: 53K->0K(3008K), 0.0005478 secs]56.040: [Tenured: 15728K->15728K(39240K), 0.0191969 secs] 15781K->15728K(42248K), 0.0198807 secs]
56.064: [GC 56.064: [DefNew: 53K->0K(3008K), 0.0005115 secs]56.065: [Tenured: 19634K->19634K(39240K), 0.0190728 secs] 19688K->19634K(42248K), 0.0197126 secs]
56.089: [Full GC 56.089: [Tenured: 23540K->23540K(39240K), 0.0338292 secs] 23540K->23540K(42248K), [Perm : 19K->19K(8192K)], 0.0339434 secs]
56.124: [Full GC 56.124: [Tenured: 23540K->11821K(39240K), 0.0400177 secs] 23594K->11821K(42248K), [Perm : 19K->19K(8192K)], 0.0401233 secs]
56.164: [GC 56.164: [DefNew: 53K->0K(3008K), 0.0003989 secs]56.165: [Tenured: 11821K->11821K(39240K), 0.0189491 secs] 11875K->11821K(42248K), 0.0194670 secs]
56.188: [GC 56.188: [DefNew: 53K->0K(3008K), 0.0004663 secs]56.189: [Tenured: 15728K->15728K(39240K), 0.0189940 secs] 15781K->15728K(42248K), 0.0195866 secs]
56.213: [GC 56.213: [DefNew: 53K->0K(3008K), 0.0005196 secs]56.214: [Tenured: 19634K->19634K(39240K), 0.0287956 secs] 19688K->19634K(42248K), 0.0294540 secs]
56.248: [Full GC 56.248: [Tenured: 23540K->23540K(39240K), 0.0191631 secs] 23540K->23540K(42248K), [Perm : 19K->19K(8192K)], 0.0192706 secs]
56.268: [Full GC 56.268: [Tenured: 23540K->11821K(39240K), 0.0398481 secs] 23594K->11821K(42248K), [Perm : 19K->19K(8192K)], 0.0399517 secs]
56.308: [GC 56.309: [DefNew: 53K->0K(3008K), 0.0003989 secs]56.309: [Tenured: 11821K->11821K(39240K), 0.0188764 secs] 11875K->11821K(42248K), 0.0193927 secs]
56.334: [GC 56.334: [DefNew: 53K->0K(3008K), 0.0004786 secs]56.334: [Tenured: 15728K->15727K(39240K), 0.0237703 secs] 15781K->15727K(42248K), 0.0243914 secs]
56.363: [GC 56.363: [DefNew: 53K->0K(3008K), 0.0005598 secs]56.364: [Tenured: 19634K->19634K(39240K), 0.0190751 secs] 19687K->19634K(42248K), 0.0197628 secs]
56.388: [Full GC 56.388: [Tenured: 23540K->23540K(39240K), 0.0191583 secs] 23540K->23540K(42248K), [Perm : 19K->19K(8192K)], 0.0192636 secs]
56.408: [Full GC 56.408: [Tenured: 23540K->11821K(39240K), 0.0403208 secs] 23594K->11821K(42248K), [Perm : 19K->19K(8192K)], 0.0404292 secs]
56.449: [GC 56.449: [DefNew: 53K->0K(3008K), 0.0004146 secs]56.450: [Tenured: 11821K->11821K(39240K), 0.0190357 secs] 11875K->11821K(42248K), 0.0195732 secs]
56.474: [GC 56.474: [DefNew: 53K->0K(3008K), 0.0004727 secs]56.474: [Tenured: 15727K->15727K(39240K), 0.0190745 secs] 15781K->15727K(42248K), 0.0196785 secs]
56.498: [GC 56.498: [DefNew: 53K->0K(3008K), 0.0005565 secs]56.499: [Tenured: 19634K->19634K(39240K), 0.0190764 secs] 19687K->19634K(42248K), 0.0197615 secs]
56.523: [Full GC 56.523: [Tenured: 23540K->23540K(39240K), 0.0191734 secs] 23540K->23540K(42248K), [Perm : 19K->19K(8192K)], 0.0192779 secs]
56.543: [Full GC 56.543: [Tenured: 23540K->11821K(39240K), 0.0401174 secs] 23594K->11821K(42248K), [Perm : 19K->19K(8192K)], 0.0402291 secs]
56.584: [GC 56.584: [DefNew: 53K->0K(3008K), 0.0004048 secs]56.584: [Tenured: 11821K->11821K(39240K), 0.0189007 secs] 11875K->11821K(42248K), 0.0194240 secs]
56.608: [GC 56.609: [DefNew: 53K->0K(3008K), 0.0004752 secs]56.609: [Tenured: 15727K->15727K(39240K), 0.0189918 secs] 15781K->15727K(42248K), 0.0195980 secs]
56.633: [GC 56.633: [DefNew: 53K->0K(3008K), 0.0005515 secs]56.633: [Tenured: 19634K->19634K(39240K), 0.0191809 secs] 19687K->19634K(42248K), 0.0198626 secs]
56.657: [Full GC 56.657: [Tenured: 23540K->23540K(39240K), 0.0193192 secs] 23540K->23540K(42248K), [Perm : 19K->19K(8192K)], 0.0194262 secs]
56.679: [Full GC 56.679: [Tenured: 23540K->11821K(39240K), 0.0398850 secs] 23594K->11821K(42248K), [Perm : 19K->19K(8192K)], 0.0399931 secs]
56.719: [GC 56.719: [DefNew: 53K->0K(3008K), 0.0004082 secs]56.720: [Tenured: 11821K->11821K(39240K), 0.0188650 secs] 11875K->11821K(42248K), 0.0193924 secs]
56.744: [GC 56.744: [DefNew: 53K->0K(3008K), 0.0004788 secs]56.744: [Tenured: 15728K->15728K(39240K), 0.0189876 secs] 15781K->15728K(42248K), 0.0195969 secs]
56.768: [GC 56.768: [DefNew: 53K->0K(3008K), 0.0005017 secs]56.769: [Tenured: 19634K->19634K(39240K), 0.0290193 secs] 19688K->19634K(42248K), 0.0296610 secs]
56.803: [Full GC 56.803: [Tenured: 23540K->23540K(39240K), 0.0191804 secs] 23540K->23540K(42248K), [Perm : 19K->19K(8192K)], 0.0192818 secs]
56.824: [Full GC 56.824: [Tenured: 23540K->11821K(39240K), 0.0399042 secs] 23594K->11821K(42248K), [Perm : 19K->19K(8192K)], 0.0400160 secs]
56.865: [GC 56.865: [DefNew: 53K->0K(3008K), 0.0004034 secs]56.865: [Tenured: 11821K->11821K(39240K), 0.0190547 secs] 11875K->11821K(42248K), 0.0195773 secs]
56.889: [GC 56.889: [DefNew: 53K->0K(3008K), 0.0004657 secs]56.889: [Tenured: 15728K->15728K(39240K), 0.0189857 secs] 15781K->15728K(42248K), 0.0195765 secs]
56.913: [GC 56.913: [DefNew: 53K->0K(3008K), 0.0005037 secs]56.914: [Tenured: 19634K->19634K(39240K), 0.0191823 secs] 19688K->19634K(42248K), 0.0198148 secs]
56.938: [Full GC 56.938: [Tenured: 23540K->23540K(39240K), 0.0191692 secs] 23540K->23540K(42248K), [Perm : 19K->19K(8192K)], 0.0192762 secs]
56.958: [Full GC 56.958: [Tenured: 23540K->11821K(39240K), 0.0400579 secs] 23594K->11821K(42248K), [Perm : 19K->19K(8192K)], 0.0401643 secs]
56.999: [GC 56.999: [DefNew: 53K->0K(3008K), 0.0004118 secs]56.999: [Tenured: 11821K->11821K(39240K), 0.0188742 secs] 11875K->11821K(42248K), 0.0194067 secs]
57.023: [GC 57.023: [DefNew: 53K->0K(3008K), 0.0004623 secs]57.024: [Tenured: 15727K->15727K(39240K), 0.0190225 secs] 15781K->15727K(42248K), 0.0196123 secs]
57.048: [GC 57.048: [DefNew: 53K->0K(3008K), 0.0005601 secs]57.048: [Tenured: 19634K->19634K(39240K), 0.0190742 secs] 19687K->19634K(42248K), 0.0197791 secs]
57.072: [Full GC 57.072: [Tenured: 23540K->23540K(39240K), 0.0191594 secs] 23540K->23540K(42248K), [Perm : 19K->19K(8192K)], 0.0192642 secs]
57.093: [Full GC 57.093: [Tenured: 23540K->11821K(39240K), 0.0399260 secs] 23594K->11821K(42248K), [Perm : 19K->19K(8192K)], 0.0400305 secs]
57.133: [GC 57.133: [DefNew: 53K->0K(3008K), 0.0004026 secs]57.133: [Tenured: 11821K->11821K(39240K), 0.0188960 secs] 11875K->11821K(42248K), 0.0194159 secs]
57.157: [GC 57.157: [DefNew: 53K->0K(3008K), 0.0004724 secs]57.158: [Tenured: 15728K->15728K(39240K), 0.0189924 secs] 15781K->15728K(42248K), 0.0195930 secs]
57.182: [GC 57.182: [DefNew: 53K->0K(3008K), 0.0005096 secs]57.182: [Tenured: 19634K->19634K(39240K), 0.0190795 secs] 19688K->19634K(42248K), 0.0197159 secs]
57.206: [Full GC 57.206: [Tenured: 23540K->23540K(39240K), 0.0337945 secs] 23540K->23540K(42248K), [Perm : 19K->19K(8192K)], 0.0339068 secs]
57.245: [Full GC 57.245: [Tenured: 23540K->11821K(39240K), 0.0397196 secs] 23594K->11821K(42248K), [Perm : 19K->19K(8192K)], 0.0398330 secs]
57.286: [GC 57.286: [DefNew: 53K->0K(3008K), 0.0004135 secs]57.286: [Tenured: 11821K->11821K(39240K), 0.0188915 secs] 11875K->11821K(42248K), 0.0194257 secs]
57.310: [GC 57.310: [DefNew: 53K->0K(3008K), 0.0004685 secs]57.310: [Tenured: 15728K->15728K(39240K), 0.0190175 secs] 15781K->15728K(42248K), 0.0196134 secs]
57.335: [GC 57.335: [DefNew: 53K->0K(3008K), 0.0005199 secs]57.335: [Tenured: 19634K->19634K(39240K), 0.0288366 secs] 19688K->19634K(42248K), 0.0294973 secs]
57.370: [Full GC 57.370: [Tenured: 23540K->23540K(39240K), 0.0193452 secs] 23540K->23540K(42248K), [Perm : 19K->19K(8192K)], 0.0194553 secs]
57.391: [Full GC 57.391: [Tenured: 23540K->11821K(39240K), 0.0400540 secs] 23594K->11821K(42248K), [Perm : 19K->19K(8192K)], 0.0401643 secs]
57.431: [GC 57.431: [DefNew: 53K->0K(3008K), 0.0004045 secs]57.432: [Tenured: 11821K->11821K(39240K), 0.0191239 secs] 11875K->11821K(42248K), 0.0196497 secs]
57.456: [GC 57.456: [DefNew: 53K->0K(3008K), 0.0004674 secs]57.456: [Tenured: 15728K->15728K(39240K), 0.0189999 secs] 15781K->15728K(42248K), 0.0195922 secs]
57.480: [GC 57.480: [DefNew: 53K->0K(3008K), 0.0005174 secs]57.481: [Tenured: 19634K->19634K(39240K), 0.0193153 secs] 19688K->19634K(42248K), 0.0199701 secs]
57.505: [Full GC 57.505: [Tenured: 23540K->23540K(39240K), 0.0192019 secs] 23540K->23540K(42248K), [Perm : 19K->19K(8192K)], 0.0193080 secs]
57.526: [Full GC 57.526: [Tenured: 23540K->11821K(39240K), 0.0399808 secs] 23594K->11821K(42248K), [Perm : 19K->19K(8192K)], 0.0400886 secs]
57.566: [GC 57.566: [DefNew: 53K->0K(3008K), 0.0004012 secs]57.567: [Tenured: 11821K->11821K(39240K), 0.0188893 secs] 11875K->11821K(42248K), 0.0194072 secs]
57.591: [GC 57.591: [DefNew: 53K->0K(3008K), 0.0004702 secs]57.591: [Tenured: 15727K->15727K(39240K), 0.0190368 secs] 15781K->15727K(42248K), 0.0196383 secs]
57.616: [GC 57.616: [DefNew: 53K->0K(3008K), 0.0005638 secs]57.616: [Tenured: 19634K->19634K(39240K), 0.0191913 secs] 19687K->19634K(42248K), 0.0198880 secs]
57.640: [Full GC 57.640: [Tenured: 23540K->23540K(39240K), 0.0191636 secs] 23540K->23540K(42248K), [Perm : 19K->19K(8192K)], 0.0192636 secs]
57.660: [Full GC 57.660: [Tenured: 23540K->11821K(39240K), 0.0400221 secs] 23594K->11821K(42248K), [Perm : 19K->19K(8192K)], 0.0401272 secs]
57.701: [GC 57.701: [DefNew: 53K->0K(3008K), 0.0004037 secs]57.701: [Tenured: 11821K->11821K(39240K), 0.0189018 secs] 11875K->11821K(42248K), 0.0194240 secs]
57.725: [GC 57.725: [DefNew: 53K->0K(3008K), 0.0004730 secs]57.726: [Tenured: 15728K->15728K(39240K), 0.0190354 secs] 15781K->15728K(42248K), 0.0196380 secs]
57.750: [GC 57.750: [DefNew: 53K->0K(3008K), 0.0005082 secs]57.750: [Tenured: 19634K->19634K(39240K), 0.0190915 secs] 19688K->19634K(42248K), 0.0197276 secs]
57.774: [Full GC 57.774: [Tenured: 23540K->23540K(39240K), 0.0338007 secs] 23540K->23540K(42248K), [Perm : 19K->19K(8192K)], 0.0339138 secs]
57.810: [Full GC 57.810: [Tenured: 23540K->11821K(39240K), 0.0399266 secs] 23594K->11821K(42248K), [Perm : 19K->19K(8192K)], 0.0400361 secs]
57.850: [GC 57.850: [DefNew: 53K->0K(3008K), 0.0004023 secs]57.850: [Tenured: 11821K->11821K(39240K), 0.0189150 secs] 11875K->11821K(42248K), 0.0194346 secs]
57.876: [GC 57.876: [DefNew: 53K->0K(3008K), 0.0004797 secs]57.877: [Tenured: 15728K->15728K(39240K), 0.0190376 secs] 15781K->15728K(42248K), 0.0196477 secs]
57.901: [GC 57.901: [DefNew: 53K->0K(3008K), 0.0005138 secs]57.901: [Tenured: 19634K->19634K(39240K), 0.0288266 secs] 19688K->19634K(42248K), 0.0294767 secs]
57.936: [Full GC 57.936: [Tenured: 23540K->23540K(39240K), 0.0191949 secs] 23540K->23540K(42248K), [Perm : 19K->19K(8192K)], 0.0193030 secs]
57.957: [Full GC 57.957: [Tenured: 23540K->11821K(39240K), 0.0399439 secs] 23594K->11821K(42248K), [Perm : 19K->19K(8192K)], 0.0400543 secs]
57.997: [GC 57.997: [DefNew: 53K->0K(3008K), 0.0004017 secs]57.997: [Tenured: 11821K->11821K(39240K), 0.0190639 secs] 11875K->11821K(42248K), 0.0195843 secs]
58.021: [GC 58.021: [DefNew: 53K->0K(3008K), 0.0004657 secs]58.022: [Tenured: 15728K->15728K(39240K), 0.0190709 secs] 15781K->15728K(42248K), 0.0196659 secs]
58.046: [GC 58.046: [DefNew: 53K->0K(3008K), 0.0005068 secs]58.046: [Tenured: 19634K->19634K(39240K), 0.0191010 secs] 19688K->19634K(42248K), 0.0197360 secs]
58.071: [Full GC 58.071: [Tenured: 23540K->23540K(39240K), 0.0192061 secs] 23540K->23540K(42248K), [Perm : 19K->19K(8192K)], 0.0193131 secs]
58.091: [Full GC 58.092: [Tenured: 23540K->11821K(39240K), 0.0400897 secs] 23594K->11821K(42248K), [Perm : 19K->19K(8192K)], 0.0402001 secs]
58.132: [GC 58.132: [DefNew: 53K->0K(3008K), 0.0004017 secs]58.133: [Tenured: 11821K->11821K(39240K), 0.0189437 secs] 11875K->11821K(42248K), 0.0194659 secs]
58.156: [GC 58.156: [DefNew: 53K->0K(3008K), 0.0004640 secs]58.157: [Tenured: 15728K->15728K(39240K), 0.0190100 secs] 15781K->15728K(42248K), 0.0196022 secs]
58.181: [GC 58.181: [DefNew: 53K->0K(3008K), 0.0005151 secs]58.181: [Tenured: 19634K->19634K(39240K), 0.0190834 secs] 19688K->19634K(42248K), 0.0197271 secs]
58.206: [Full GC 58.206: [Tenured: 23540K->23540K(39240K), 0.0191915 secs] 23540K->23540K(42248K), [Perm : 19K->19K(8192K)], 0.0192977 secs]
58.226: [Full GC 58.226: [Tenured: 23540K->11821K(39240K), 0.0399945 secs] 23594K->11821K(42248K), [Perm : 19K->19K(8192K)], 0.0400992 secs]
58.267: [GC 58.267: [DefNew: 53K->0K(3008K), 0.0004014 secs]58.267: [Tenured: 11821K->11821K(39240K), 0.0188957 secs] 11875K->11821K(42248K), 0.0194145 secs]
58.291: [GC 58.291: [DefNew: 53K->0K(3008K), 0.0004730 secs]58.292: [Tenured: 15728K->15728K(39240K), 0.0191488 secs] 15781K->15728K(42248K), 0.0197525 secs]
58.315: [GC 58.316: [DefNew: 53K->0K(3008K), 0.0005096 secs]58.316: [Tenured: 19634K->19634K(39240K), 0.0190940 secs] 19688K->19634K(42248K), 0.0197307 secs]
58.340: [Full GC 58.341: [Tenured: 23540K->23540K(39240K), 0.0338420 secs] 23540K->23540K(42248K), [Perm : 19K->19K(8192K)], 0.0339607 secs]
58.377: [Full GC 58.377: [Tenured: 23540K->11821K(39240K), 0.0400794 secs] 23594K->11821K(42248K), [Perm : 19K->19K(8192K)], 0.0401909 secs]
58.418: [GC 58.418: [DefNew: 53K->0K(3008K), 0.0004056 secs]58.418: [Tenured: 11821K->11821K(39240K), 0.0189030 secs] 11875K->11821K(42248K), 0.0194271 secs]
58.442: [GC 58.442: [DefNew: 53K->0K(3008K), 0.0004657 secs]58.442: [Tenured: 15727K->15727K(39240K), 0.0191292 secs] 15781K->15727K(42248K), 0.0197235 secs]
58.467: [GC 58.467: [DefNew: 53K->0K(3008K), 0.0005646 secs]58.467: [Tenured: 19634K->19634K(39240K), 0.0191943 secs] 19687K->19634K(42248K), 0.0198900 secs]
58.491: [Full GC 58.491: [Tenured: 23540K->23540K(39240K), 0.0192751 secs] 23540K->23540K(42248K), [Perm : 19K->19K(8192K)], 0.0193810 secs]
58.512: [Full GC 58.512: [Tenured: 23540K->11821K(39240K), 0.0398917 secs] 23594K->11821K(42248K), [Perm : 19K->19K(8192K)], 0.0400001 secs]
58.553: [GC 58.553: [DefNew: 53K->0K(3008K), 0.0004185 secs]58.553: [Tenured: 11821K->11821K(39240K), 0.0189535 secs] 11875K->11821K(42248K), 0.0194966 secs]
58.578: [GC 58.578: [DefNew: 53K->0K(3008K), 0.0004780 secs]58.578: [Tenured: 15728K->15727K(39240K), 0.0237416 secs] 15781K->15727K(42248K), 0.0243805 secs]
58.610: [GC 58.610: [DefNew: 53K->0K(3008K), 0.0005663 secs]58.611: [Tenured: 19634K->19634K(39240K), 0.0193147 secs] 19687K->19634K(42248K), 0.0200143 secs]
58.635: [Full GC 58.635: [Tenured: 23540K->23540K(39240K), 0.0191952 secs] 23540K->23540K(42248K), [Perm : 19K->19K(8192K)], 0.0193025 secs]
58.655: [Full GC 58.655: [Tenured: 23540K->11821K(39240K), 0.0398724 secs] 23594K->11821K(42248K), [Perm : 19K->19K(8192K)], 0.0399783 secs]
58.696: [GC 58.696: [DefNew: 53K->0K(3008K), 0.0003984 secs]58.696: [Tenured: 11821K->11821K(39240K), 0.0189625 secs] 11875K->11821K(42248K), 0.0194810 secs]
58.720: [GC 58.720: [DefNew: 53K->0K(3008K), 0.0004713 secs]58.721: [Tenured: 15728K->15728K(39240K), 0.0190077 secs] 15781K->15728K(42248K), 0.0196072 secs]
58.745: [GC 58.745: [DefNew: 53K->0K(3008K), 0.0005154 secs]58.745: [Tenured: 19634K->19634K(39240K), 0.0191133 secs] 19688K->19634K(42248K), 0.0197592 secs]
58.769: [Full GC 58.769: [Tenured: 23540K->23540K(39240K), 0.0191807 secs] 23540K->23540K(42248K), [Perm : 19K->19K(8192K)], 0.0192879 secs]
58.790: [Full GC 58.790: [Tenured: 23540K->11821K(39240K), 0.0399336 secs] 23594K->11821K(42248K), [Perm : 19K->19K(8192K)], 0.0400358 secs]
58.831: [GC 58.831: [DefNew: 53K->0K(3008K), 0.0004174 secs]58.831: [Tenured: 11821K->11821K(39240K), 0.0188725 secs] 11875K->11821K(42248K), 0.0194117 secs]
58.855: [GC 58.855: [DefNew: 53K->0K(3008K), 0.0004660 secs]58.855: [Tenured: 15728K->15728K(39240K), 0.0190169 secs] 15781K->15728K(42248K), 0.0196123 secs]
58.880: [GC 58.881: [DefNew: 53K->0K(3008K), 0.0005202 secs]58.881: [Tenured: 19634K->19634K(39240K), 0.0191569 secs] 19688K->19634K(42248K), 0.0198089 secs]
58.905: [Full GC 58.905: [Tenured: 23540K->23540K(39240K), 0.0337839 secs] 23540K->23540K(42248K), [Perm : 19K->19K(8192K)], 0.0338945 secs]
58.940: [Full GC 58.940: [Tenured: 23540K->11821K(39240K), 0.0399730 secs] 23594K->11821K(42248K), [Perm : 19K->19K(8192K)], 0.0400786 secs]
58.980: [GC 58.980: [DefNew: 53K->0K(3008K), 0.0004056 secs]58.981: [Tenured: 11821K->11821K(39240K), 0.0188856 secs] 11875K->11821K(42248K), 0.0194072 secs]
59.005: [GC 59.005: [DefNew: 53K->0K(3008K), 0.0004615 secs]59.005: [Tenured: 15728K->15728K(39240K), 0.0191589 secs] 15781K->15728K(42248K), 0.0197472 secs]
59.029: [GC 59.029: [DefNew: 53K->0K(3008K), 0.0005110 secs]59.030: [Tenured: 19634K->19634K(39240K), 0.0288098 secs] 19688K->19634K(42248K), 0.0294560 secs]
59.063: [Full GC 59.063: [Tenured: 23540K->23540K(39240K), 0.0191664 secs] 23540K->23540K(42248K), [Perm : 19K->19K(8192K)], 0.0192681 secs]
59.084: [Full GC 59.084: [Tenured: 23540K->11821K(39240K), 0.0399238 secs] 23594K->11821K(42248K), [Perm : 19K->19K(8192K)], 0.0400294 secs]
59.124: [GC 59.124: [DefNew: 53K->0K(3008K), 0.0004012 secs]59.124: [Tenured: 11821K->11821K(39240K), 0.0191033 secs] 11875K->11821K(42248K), 0.0196248 secs]
59.149: [GC 59.149: [DefNew: 53K->0K(3008K), 0.0004984 secs]59.150: [Tenured: 15728K->15727K(39240K), 0.0237779 secs] 15781K->15727K(42248K), 0.0244196 secs]
59.178: [GC 59.178: [DefNew: 53K->0K(3008K), 0.0005506 secs]59.179: [Tenured: 19634K->19634K(39240K), 0.0191164 secs] 19687K->19634K(42248K), 0.0197925 secs]
59.203: [Full GC 59.203: [Tenured: 23540K->23540K(39240K), 0.0191670 secs] 23540K->23540K(42248K), [Perm : 19K->19K(8192K)], 0.0192717 secs]
59.224: [Full GC 59.224: [Tenured: 23540K->11821K(39240K), 0.0399431 secs] 23594K->11821K(42248K), [Perm : 19K->19K(8192K)], 0.0400534 secs]
59.265: [GC 59.265: [DefNew: 53K->0K(3008K), 0.0004014 secs]59.265: [Tenured: 11821K->11821K(39240K), 0.0188742 secs] 11875K->11821K(42248K), 0.0193927 secs]
59.289: [GC 59.289: [DefNew: 53K->0K(3008K), 0.0004607 secs]59.289: [Tenured: 15727K->15727K(39240K), 0.0190837 secs] 15781K->15727K(42248K), 0.0196737 secs]
59.314: [GC 59.314: [DefNew: 53K->0K(3008K), 0.0005635 secs]59.314: [Tenured: 19634K->19634K(39240K), 0.0192416 secs] 19687K->19634K(42248K), 0.0199369 secs]
59.339: [Full GC 59.339: [Tenured: 23540K->23540K(39240K), 0.0192195 secs] 23540K->23540K(42248K), [Perm : 19K->19K(8192K)], 0.0193458 secs]
59.359: [Full GC 59.359: [Tenured: 23540K->11821K(39240K), 0.0399313 secs] 23594K->11821K(42248K), [Perm : 19K->19K(8192K)], 0.0400394 secs]
59.401: [GC 59.401: [DefNew: 53K->0K(3008K), 0.0004216 secs]59.401: [Tenured: 11821K->11821K(39240K), 0.0190399 secs] 11875K->11821K(42248K), 0.0195885 secs]
59.425: [GC 59.425: [DefNew: 53K->0K(3008K), 0.0004651 secs]59.426: [Tenured: 15728K->15728K(39240K), 0.0193941 secs] 15781K->15728K(42248K), 0.0199919 secs]
59.461: [GC 59.461: [DefNew: 53K->0K(3008K), 0.0005492 secs]59.462: [Tenured: 19634K->19634K(39240K), 0.0195142 secs] 19688K->19634K(42248K), 0.0202009 secs]
59.490: [Full GC 59.490: [Tenured: 23540K->23540K(39240K), 0.0343982 secs] 23540K->23540K(42248K), [Perm : 19K->19K(8192K)], 0.0345251 secs]
59.530: [Full GC 59.530: [Tenured: 23540K->11821K(39240K), 0.0400568 secs] 23594K->11821K(42248K), [Perm : 19K->19K(8192K)], 0.0401713 secs]
59.574: [GC 59.574: [DefNew: 53K->0K(3008K), 0.0004269 secs]59.575: [Tenured: 11821K->11821K(39240K), 0.0188820 secs] 11875K->11821K(42248K), 0.0194343 secs]
59.598: [GC 59.599: [DefNew: 53K->0K(3008K), 0.0004663 secs]59.599: [Tenured: 15727K->15727K(39240K), 0.0190183 secs] 15781K->15727K(42248K), 0.0196265 secs]
59.627: [GC 59.627: [DefNew: 53K->0K(3008K), 0.0005666 secs]59.628: [Tenured: 19634K->19634K(39240K), 0.0191404 secs] 19687K->19634K(42248K), 0.0198394 secs]
59.652: [Full GC 59.652: [Tenured: 23540K->23540K(39240K), 0.0194812 secs] 23540K->23540K(42248K), [Perm : 19K->19K(8192K)], 0.0195941 secs]
59.677: [Full GC 59.677: [Tenured: 23540K->11821K(39240K), 0.0399308 secs] 23594K->11821K(42248K), [Perm : 19K->19K(8192K)], 0.0400408 secs]
59.717: [GC 59.717: [DefNew: 53K->0K(3008K), 0.0004012 secs]59.717: [Tenured: 11821K->11821K(39240K), 0.0188882 secs] 11875K->11821K(42248K), 0.0194064 secs]
59.741: [GC 59.741: [DefNew: 53K->0K(3008K), 0.0004744 secs]59.742: [Tenured: 15728K->15728K(39240K), 0.0193639 secs] 15781K->15728K(42248K), 0.0199749 secs]
59.769: [GC 59.769: [DefNew: 53K->0K(3008K), 0.0005230 secs]59.770: [Tenured: 19634K->19634K(39240K), 0.0190949 secs] 19688K->19634K(42248K), 0.0197483 secs]
59.794: [Full GC 59.794: [Tenured: 23540K->23540K(39240K), 0.0193620 secs] 23540K->23540K(42248K), [Perm : 19K->19K(8192K)], 0.0194731 secs]
59.817: [Full GC 59.817: [Tenured: 23540K->11821K(39240K), 0.0401559 secs] 23594K->11821K(42248K), [Perm : 19K->19K(8192K)], 0.0402691 secs]
59.858: [GC 59.858: [DefNew: 53K->0K(3008K), 0.0004042 secs]59.858: [Tenured: 11821K->11821K(39240K), 0.0189032 secs] 11875K->11821K(42248K), 0.0194262 secs]
59.882: [GC 59.882: [DefNew: 53K->0K(3008K), 0.0004716 secs]59.883: [Tenured: 15727K->15727K(39240K), 0.0190927 secs] 15781K->15727K(42248K), 0.0196958 secs]
59.911: [GC 59.911: [DefNew: 53K->0K(3008K), 0.0005677 secs]59.912: [Tenured: 19634K->19634K(39240K), 0.0194181 secs] 19687K->19634K(42248K), 0.0201224 secs]
59.939: [Full GC 59.939: [Tenured: 23540K->23540K(39240K), 0.0193237 secs] 23540K->23540K(42248K), [Perm : 19K->19K(8192K)], 0.0194338 secs]
59.962: [Full GC 59.962: [Tenured: 23540K->11821K(39240K), 0.0398718 secs] 23594K->11821K(42248K), [Perm : 19K->19K(8192K)], 0.0399889 secs]
60.006: [GC 60.006: [DefNew: 53K->0K(3008K), 0.0004258 secs]60.007: [Tenured: 11821K->11821K(39240K), 0.0192206 secs] 11875K->11821K(42248K), 0.0197799 secs]
60.031: [GC 60.031: [DefNew: 53K->0K(3008K), 0.0004738 secs]60.031: [Tenured: 15728K->15728K(39240K), 0.0190172 secs] 15781K->15728K(42248K), 0.0196184 secs]
60.055: [GC 60.055: [DefNew: 53K->0K(3008K), 0.0005255 secs]60.056: [Tenured: 19634K->19634K(39240K), 0.0190921 secs] 19688K->19634K(42248K), 0.0197430 secs]
60.080: [Full GC 60.080: [Tenured: 23540K->23540K(39240K), 0.0191731 secs] 23540K->23540K(42248K), [Perm : 19K->19K(8192K)], 0.0192784 secs]
60.100: [Full GC 60.100: [Tenured: 23540K->11821K(39240K), 0.0399629 secs] 23594K->11821K(42248K), [Perm : 19K->19K(8192K)], 0.0400713 secs]
60.141: [GC 60.141: [DefNew: 53K->0K(3008K), 0.0004014 secs]60.141: [Tenured: 11821K->11821K(39240K), 0.0192145 secs] 11875K->11821K(42248K), 0.0197556 secs]
60.170: [GC 60.170: [DefNew: 53K->0K(3008K), 0.0004816 secs]60.170: [Tenured: 15728K->15728K(39240K), 0.0190189 secs] 15781K->15728K(42248K), 0.0196310 secs]
60.194: [GC 60.194: [DefNew: 53K->0K(3008K), 0.0005017 secs]60.195: [Tenured: 19634K->19634K(39240K), 0.0288763 secs] 19688K->19634K(42248K), 0.0295166 secs]
60.229: [Full GC 60.229: [Tenured: 23540K->23540K(39240K), 0.0193525 secs] 23540K->23540K(42248K), [Perm : 19K->19K(8192K)], 0.0194614 secs]
60.249: [Full GC 60.249: [Tenured: 23540K->11821K(39240K), 0.0401260 secs] 23594K->11821K(42248K), [Perm : 19K->19K(8192K)], 0.0402378 secs]
60.293: [GC 60.294: [DefNew: 53K->0K(3008K), 0.0004260 secs]60.294: [Tenured: 11821K->11821K(39240K), 0.0188856 secs] 11875K->11821K(42248K), 0.0194365 secs]
60.318: [GC 60.318: [DefNew: 53K->0K(3008K), 0.0004640 secs]60.318: [Tenured: 15728K->15728K(39240K), 0.0190731 secs] 15781K->15728K(42248K), 0.0196645 secs]
60.342: [GC 60.342: [DefNew: 53K->0K(3008K), 0.0005104 secs]60.343: [Tenured: 19634K->19634K(39240K), 0.0195469 secs] 19688K->19634K(42248K), 0.0201911 secs]
60.371: [Full GC 60.371: [Tenured: 23540K->23540K(39240K), 0.0191943 secs] 23540K->23540K(42248K), [Perm : 19K->19K(8192K)], 0.0193005 secs]
60.392: [Full GC 60.392: [Tenured: 23540K->11821K(39240K), 0.0401540 secs] 23594K->11821K(42248K), [Perm : 19K->19K(8192K)], 0.0402663 secs]
60.433: [GC 60.433: [DefNew: 53K->0K(3008K), 0.0004224 secs]60.434: [Tenured: 11821K->11821K(39240K), 0.0190144 secs] 11875K->11821K(42248K), 0.0195648 secs]
60.458: [GC 60.458: [DefNew: 53K->0K(3008K), 0.0004741 secs]60.458: [Tenured: 15727K->15727K(39240K), 0.0190348 secs] 15781K->15727K(42248K), 0.0196992 secs]
60.483: [GC 60.483: [DefNew: 53K->0K(3008K), 0.0005618 secs]60.483: [Tenured: 19634K->19634K(39240K), 0.0191223 secs] 19687K->19634K(42248K), 0.0198168 secs]
60.507: [Full GC 60.507: [Tenured: 23540K->23540K(39240K), 0.0192999 secs] 23540K->23540K(42248K), [Perm : 19K->19K(8192K)], 0.0194053 secs]
60.528: [Full GC 60.528: [Tenured: 23540K->11821K(39240K), 0.0399115 secs] 23594K->11821K(42248K), [Perm : 19K->19K(8192K)], 0.0400204 secs]
60.568: [GC 60.568: [DefNew: 53K->0K(3008K), 0.0003992 secs]60.568: [Tenured: 11821K->11821K(39240K), 0.0189155 secs] 11875K->11821K(42248K), 0.0194298 secs]
60.592: [GC 60.592: [DefNew: 53K->0K(3008K), 0.0004741 secs]60.593: [Tenured: 15728K->15728K(39240K), 0.0190102 secs] 15781K->15728K(42248K), 0.0196128 secs]
60.616: [GC 60.617: [DefNew: 53K->0K(3008K), 0.0005026 secs]60.617: [Tenured: 19634K->19634K(39240K), 0.0192212 secs] 19688K->19634K(42248K), 0.0198542 secs]
60.641: [Full GC 60.641: [Tenured: 23540K->23540K(39240K), 0.0191846 secs] 23540K->23540K(42248K), [Perm : 19K->19K(8192K)], 0.0192935 secs]
60.662: [Full GC 60.662: [Tenured: 23540K->11821K(39240K), 0.0400163 secs] 23594K->11821K(42248K), [Perm : 19K->19K(8192K)], 0.0401227 secs]
60.702: [GC 60.703: [DefNew: 53K->0K(3008K), 0.0004056 secs]60.703: [Tenured: 11821K->11821K(39240K), 0.0188854 secs] 11875K->11821K(42248K), 0.0194092 secs]
60.727: [GC 60.727: [DefNew: 53K->0K(3008K), 0.0005084 secs]60.728: [Tenured: 15728K->15728K(39240K), 0.0189996 secs] 15781K->15728K(42248K), 0.0196388 secs]
60.752: [GC 60.752: [DefNew: 53K->0K(3008K), 0.0005115 secs]60.752: [Tenured: 19634K->19634K(39240K), 0.0290355 secs] 19688K->19634K(42248K), 0.0296892 secs]
60.786: [Full GC 60.786: [Tenured: 23540K->23540K(39240K), 0.0191681 secs] 23540K->23540K(42248K), [Perm : 19K->19K(8192K)], 0.0192698 secs]
60.807: [Full GC 60.807: [Tenured: 23540K->11821K(39240K), 0.0399210 secs] 23594K->11821K(42248K), [Perm : 19K->19K(8192K)], 0.0400327 secs]
60.848: [GC 60.848: [DefNew: 53K->0K(3008K), 0.0004020 secs]60.848: [Tenured: 11821K->11821K(39240K), 0.0190410 secs] 11875K->11821K(42248K), 0.0195606 secs]
60.872: [GC 60.872: [DefNew: 53K->0K(3008K), 0.0004651 secs]60.872: [Tenured: 15727K->15727K(39240K), 0.0189949 secs] 15781K->15727K(42248K), 0.0195852 secs]
60.896: [GC 60.896: [DefNew: 53K->0K(3008K), 0.0005557 secs]60.897: [Tenured: 19634K->19634K(39240K), 0.0192089 secs] 19687K->19634K(42248K), 0.0199154 secs]
60.921: [Full GC 60.921: [Tenured: 23540K->23540K(39240K), 0.0191756 secs] 23540K->23540K(42248K), [Perm : 19K->19K(8192K)], 0.0192815 secs]
60.941: [Full GC 60.941: [Tenured: 23540K->11821K(39240K), 0.0400367 secs] 23594K->11821K(42248K), [Perm : 19K->19K(8192K)], 0.0401456 secs]
60.987: [GC 60.987: [DefNew: 53K->0K(3008K), 0.0004246 secs]60.988: [Tenured: 11821K->11821K(39240K), 0.0193896 secs] 11875K->11821K(42248K), 0.0199444 secs]
61.017: [GC 61.017: [DefNew: 53K->0K(3008K), 0.0004794 secs]61.017: [Tenured: 15727K->15727K(39240K), 0.0192175 secs] 15781K->15727K(42248K), 0.0198327 secs]
61.045: [GC 61.045: [DefNew: 53K->0K(3008K), 0.0005671 secs]61.046: [Tenured: 19634K->19634K(39240K), 0.0191161 secs] 19687K->19634K(42248K), 0.0198126 secs]
61.070: [Full GC 61.070: [Tenured: 23540K->23540K(39240K), 0.0193351 secs] 23540K->23540K(42248K), [Perm : 19K->19K(8192K)], 0.0194396 secs]
61.090: [Full GC 61.091: [Tenured: 23540K->11821K(39240K), 0.0400956 secs] 23594K->11821K(42248K), [Perm : 19K->19K(8192K)], 0.0402104 secs]
61.138: [GC 61.138: [DefNew: 53K->0K(3008K), 0.0004271 secs]61.139: [Tenured: 11821K->11821K(39240K), 0.0193913 secs] 11875K->11821K(42248K), 0.0199509 secs]
61.171: [GC 61.171: [DefNew: 53K->0K(3008K), 0.0004816 secs]61.172: [Tenured: 15728K->15728K(39240K), 0.0193684 secs] 15781K->15728K(42248K), 0.0199855 secs]
61.200: [GC 61.200: [DefNew: 53K->0K(3008K), 0.0005235 secs]61.200: [Tenured: 19634K->19634K(39240K), 0.0194435 secs] 19688K->19634K(42248K), 0.0201034 secs]
61.232: [Full GC 61.232: [Tenured: 23540K->23540K(39240K), 0.0345125 secs] 23540K->23540K(42248K), [Perm : 19K->19K(8192K)], 0.0346374 secs]
61.276: [Full GC 61.276: [Tenured: 23540K->11821K(39240K), 0.0401436 secs] 23594K->11821K(42248K), [Perm : 19K->19K(8192K)], 0.0402585 secs]
61.321: [GC 61.321: [DefNew: 53K->0K(3008K), 0.0004271 secs]61.321: [Tenured: 11821K->11821K(39240K), 0.0189831 secs] 11875K->11821K(42248K), 0.0195388 secs]
61.349: [GC 61.349: [DefNew: 53K->0K(3008K), 0.0004805 secs]61.349: [Tenured: 15728K->15728K(39240K), 0.0192754 secs] 15781K->15728K(42248K), 0.0198928 secs]
61.377: [GC 61.377: [DefNew: 53K->0K(3008K), 0.0005216 secs]61.378: [Tenured: 19634K->19634K(39240K), 0.0197556 secs] 19688K->19634K(42248K), 0.0204127 secs]
61.409: [Full GC 61.409: [Tenured: 23540K->23540K(39240K), 0.0193712 secs] 23540K->23540K(42248K), [Perm : 19K->19K(8192K)], 0.0194826 secs]
61.431: [Full GC 61.431: [Tenured: 23540K->11821K(39240K), 0.0403093 secs] 23594K->11821K(42248K), [Perm : 19K->19K(8192K)], 0.0404389 secs]
61.475: [GC 61.475: [DefNew: 53K->0K(3008K), 0.0004266 secs]61.476: [Tenured: 11821K->11821K(39240K), 0.0196226 secs] 11875K->11821K(42248K), 0.0201836 secs]
61.507: [GC 61.507: [DefNew: 53K->0K(3008K), 0.0004805 secs]61.508: [Tenured: 15728K->15727K(39240K), 0.0240598 secs] 15781K->15727K(42248K), 0.0246900 secs]
61.541: [GC 61.541: [DefNew: 53K->0K(3008K), 0.0005660 secs]61.542: [Tenured: 19634K->19634K(39240K), 0.0195335 secs] 19687K->19634K(42248K), 0.0202336 secs]
61.574: [Full GC 61.574: [Tenured: 23540K->23540K(39240K), 0.0193569 secs] 23540K->23540K(42248K), [Perm : 19K->19K(8192K)], 0.0194656 secs]
61.595: [Full GC 61.595: [Tenured: 23540K->11821K(39240K), 0.0403347 secs] 23594K->11821K(42248K), [Perm : 19K->19K(8192K)], 0.0404498 secs]
61.640: [GC 61.640: [DefNew: 53K->0K(3008K), 0.0004263 secs]61.641: [Tenured: 11821K->11821K(39240K), 0.0188848 secs] 11875K->11821K(42248K), 0.0194368 secs]
61.665: [GC 61.665: [DefNew: 53K->0K(3008K), 0.0004967 secs]61.665: [Tenured: 15727K->15727K(39240K), 0.0192429 secs] 15781K->15727K(42248K), 0.0198735 secs]
61.693: [GC 61.693: [DefNew: 53K->0K(3008K), 0.0005668 secs]61.694: [Tenured: 19634K->19634K(39240K), 0.0194935 secs] 19687K->19634K(42248K), 0.0201947 secs]
61.722: [Full GC 61.722: [Tenured: 23540K->23540K(39240K), 0.0191846 secs] 23540K->23540K(42248K), [Perm : 19K->19K(8192K)], 0.0192913 secs]
61.742: [Full GC 61.742: [Tenured: 23540K->11821K(39240K), 0.0402696 secs] 23594K->11821K(42248K), [Perm : 19K->19K(8192K)], 0.0406219 secs]
61.787: [GC 61.787: [DefNew: 53K->0K(3008K), 0.0004269 secs]61.788: [Tenured: 11821K->11821K(39240K), 0.0190566 secs] 11875K->11821K(42248K), 0.0196117 secs]
61.812: [GC 61.812: [DefNew: 53K->0K(3008K), 0.0004769 secs]61.813: [Tenured: 15728K->15728K(39240K), 0.0194108 secs] 15781K->15728K(42248K), 0.0200255 secs]
61.842: [GC 61.842: [DefNew: 53K->0K(3008K), 0.0005196 secs]61.842: [Tenured: 19634K->19634K(39240K), 0.0192807 secs] 19688K->19634K(42248K), 0.0199361 secs]
61.868: [Full GC 61.868: [Tenured: 23540K->23540K(39240K), 0.0346184 secs] 23540K->23540K(42248K), [Perm : 19K->19K(8192K)], 0.0347458 secs]
61.905: [Full GC 61.905: [Tenured: 23540K->11821K(39240K), 0.0401146 secs] 23594K->11821K(42248K), [Perm : 19K->19K(8192K)], 0.0402291 secs]
61.946: [GC 61.946: [DefNew: 53K->0K(3008K), 0.0004394 secs]61.947: [Tenured: 11821K->11821K(39240K), 0.0191888 secs] 11875K->11821K(42248K), 0.0197567 secs]
61.972: [GC 61.972: [DefNew: 53K->0K(3008K), 0.0004816 secs]61.973: [Tenured: 15728K->15728K(39240K), 0.0190119 secs] 15781K->15728K(42248K), 0.0196234 secs]
61.997: [GC 61.997: [DefNew: 53K->0K(3008K), 0.0005188 secs]61.998: [Tenured: 19634K->19634K(39240K), 0.0291104 secs] 19688K->19634K(42248K), 0.0297770 secs]
62.035: [Full GC 62.035: [Tenured: 23540K->23540K(39240K), 0.0193849 secs] 23540K->23540K(42248K), [Perm : 19K->19K(8192K)], 0.0194983 secs]
62.057: [Full GC 62.057: [Tenured: 23540K->11821K(39240K), 0.0403135 secs] 23594K->11821K(42248K), [Perm : 19K->19K(8192K)], 0.0404300 secs]
62.099: [GC 62.099: [DefNew: 53K->0K(3008K), 0.0004232 secs]62.099: [Tenured: 11821K->11821K(39240K), 0.0188627 secs] 11875K->11821K(42248K), 0.0194078 secs]
62.123: [GC 62.123: [DefNew: 53K->0K(3008K), 0.0004621 secs]62.123: [Tenured: 15728K->15727K(39240K), 0.0237441 secs] 15781K->15727K(42248K), 0.0243433 secs]
62.152: [GC 62.152: [DefNew: 53K->0K(3008K), 0.0005624 secs]62.153: [Tenured: 19634K->19634K(39240K), 0.0193511 secs] 19687K->19634K(42248K), 0.0200484 secs]
62.178: [Full GC 62.178: [Tenured: 23540K->23540K(39240K), 0.0191999 secs] 23540K->23540K(42248K), [Perm : 19K->19K(8192K)], 0.0193072 secs]
62.198: [Full GC 62.198: [Tenured: 23540K->11821K(39240K), 0.0400914 secs] 23594K->11821K(42248K), [Perm : 19K->19K(8192K)], 0.0402040 secs]
62.241: [GC 62.241: [DefNew: 53K->0K(3008K), 0.0004232 secs]62.241: [Tenured: 11821K->11821K(39240K), 0.0191488 secs] 11875K->11821K(42248K), 0.0197028 secs]
62.266: [GC 62.266: [DefNew: 53K->0K(3008K), 0.0004774 secs]62.267: [Tenured: 15727K->15727K(39240K), 0.0190181 secs] 15781K->15727K(42248K), 0.0196262 secs]
62.291: [GC 62.291: [DefNew: 53K->0K(3008K), 0.0005652 secs]62.292: [Tenured: 19634K->19634K(39240K), 0.0192407 secs] 19687K->19634K(42248K), 0.0199347 secs]
62.316: [Full GC 62.316: [Tenured: 23540K->23540K(39240K), 0.0191658 secs] 23540K->23540K(42248K), [Perm : 19K->19K(8192K)], 0.0192675 secs]
62.336: [Full GC 62.336: [Tenured: 23540K->11821K(39240K), 0.0399478 secs] 23594K->11821K(42248K), [Perm : 19K->19K(8192K)], 0.0400540 secs]
62.377: [GC 62.377: [DefNew: 53K->0K(3008K), 0.0004042 secs]62.377: [Tenured: 11821K->11821K(39240K), 0.0188764 secs] 11875K->11821K(42248K), 0.0193986 secs]
62.401: [GC 62.401: [DefNew: 53K->0K(3008K), 0.0004705 secs]62.401: [Tenured: 15728K->15728K(39240K), 0.0195184 secs] 15781K->15728K(42248K), 0.0201243 secs]
62.428: [GC 62.428: [DefNew: 53K->0K(3008K), 0.0005202 secs]62.428: [Tenured: 19634K->19634K(39240K), 0.0201283 secs] 19688K->19634K(42248K), 0.0207864 secs]
62.454: [Full GC 62.454: [Tenured: 23540K->23540K(39240K), 0.0348863 secs] 23540K->23540K(42248K), [Perm : 19K->19K(8192K)], 0.0350112 secs]
62.493: [Full GC 62.493: [Tenured: 23540K->11821K(39240K), 0.0405359 secs] 23594K->11821K(42248K), [Perm : 19K->19K(8192K)], 0.0406507 secs]
62.537: [GC 62.537: [DefNew: 53K->0K(3008K), 0.0004246 secs]62.538: [Tenured: 11821K->11821K(39240K), 0.0193346 secs] 11875K->11821K(42248K), 0.0198914 secs]
62.564: [GC 62.564: [DefNew: 53K->0K(3008K), 0.0004794 secs]62.564: [Tenured: 15728K->15728K(39240K), 0.0197601 secs] 15781K->15728K(42248K), 0.0203959 secs]
62.590: [GC 62.590: [DefNew: 53K->0K(3008K), 0.0006735 secs]62.591: [Tenured: 19634K->19634K(39240K), 0.0297786 secs] 19688K->19634K(42248K), 0.0306025 secs]
62.628: [Full GC 62.628: [Tenured: 23540K->23540K(39240K), 0.0198070 secs] 23540K->23540K(42248K), [Perm : 19K->19K(8192K)], 0.0199196 secs]
62.650: [Full GC 62.650: [Tenured: 23540K->11821K(39240K), 0.0403797 secs] 23594K->11821K(42248K), [Perm : 19K->19K(8192K)], 0.0404956 secs]
62.692: [GC 62.692: [DefNew: 53K->0K(3008K), 0.0004227 secs]62.693: [Tenured: 11821K->11821K(39240K), 0.0197218 secs] 11875K->11821K(42248K), 0.0202727 secs]
62.718: [GC 62.718: [DefNew: 53K->0K(3008K), 0.0004788 secs]62.719: [Tenured: 15728K->15727K(39240K), 0.0242584 secs] 15781K->15727K(42248K), 0.0248850 secs]
62.749: [GC 62.749: [DefNew: 53K->0K(3008K), 0.0005674 secs]62.750: [Tenured: 19634K->19634K(39240K), 0.0197145 secs] 19687K->19634K(42248K), 0.0204171 secs]
62.776: [Full GC 62.776: [Tenured: 23540K->23540K(39240K), 0.0195078 secs] 23540K->23540K(42248K), [Perm : 19K->19K(8192K)], 0.0196179 secs]
62.815: [Full GC 62.815: [Tenured: 23540K->11821K(39240K), 0.0404990 secs] 23594K->11821K(42248K), [Perm : 19K->19K(8192K)], 0.0406147 secs]
62.856: [GC 62.857: [DefNew: 53K->0K(3008K), 0.0004238 secs]62.857: [Tenured: 11821K->11821K(39240K), 0.0193810 secs] 11875K->11821K(42248K), 0.0199358 secs]
62.883: [GC 62.883: [DefNew: 53K->0K(3008K), 0.0004813 secs]62.883: [Tenured: 15728K->15728K(39240K), 0.0196240 secs] 15781K->15728K(42248K), 0.0202431 secs]
62.909: [GC 62.909: [DefNew: 53K->0K(3008K), 0.0005210 secs]62.909: [Tenured: 19634K->19634K(39240K), 0.0198190 secs] 19688K->19634K(42248K), 0.0204761 secs]
62.985: [Full GC 62.985: [Tenured: 23540K->23540K(39240K), 0.0197014 secs] 23540K->23540K(42248K), [Perm : 19K->19K(8192K)], 0.0198143 secs]
63.007: [Full GC 63.007: [Tenured: 23540K->11821K(39240K), 0.0408636 secs] 23594K->11821K(42248K), [Perm : 19K->19K(8192K)], 0.0409798 secs]
63.050: [GC 63.051: [DefNew: 53K->0K(3008K), 0.0004252 secs]63.051: [Tenured: 11821K->11821K(39240K), 0.0193094 secs] 11875K->11821K(42248K), 0.0198654 secs]
63.104: [GC 63.104: [DefNew: 53K->0K(3008K), 0.0004786 secs]63.105: [Tenured: 15728K->15728K(39240K), 0.0194759 secs] 15781K->15728K(42248K), 0.0200900 secs]
63.133: [GC 63.133: [DefNew: 53K->0K(3008K), 0.0005509 secs]63.134: [Tenured: 19634K->19634K(39240K), 0.0198377 secs] 19688K->19634K(42248K), 0.0205266 secs]
63.160: [Full GC 63.160: [Tenured: 23540K->23540K(39240K), 0.0345396 secs] 23540K->23540K(42248K), [Perm : 19K->19K(8192K)], 0.0346633 secs]
63.197: [Full GC 63.197: [Tenured: 23540K->11821K(39240K), 0.0407007 secs] 23594K->11821K(42248K), [Perm : 19K->19K(8192K)], 0.0408161 secs]
63.239: [GC 63.239: [DefNew: 53K->0K(3008K), 0.0005626 secs]63.239: [Tenured: 11821K->11821K(39240K), 0.0194726 secs] 11875K->11821K(42248K), 0.0203185 secs]
63.265: [GC 63.265: [DefNew: 53K->0K(3008K), 0.0004805 secs]63.266: [Tenured: 15728K->15728K(39240K), 0.0190133 secs] 15781K->15728K(42248K), 0.0196237 secs]
63.289: [GC 63.290: [DefNew: 53K->0K(3008K), 0.0005045 secs]63.290: [Tenured: 19634K->19634K(39240K), 0.0191077 secs] 19688K->19634K(42248K), 0.0197788 secs]
63.315: [Full GC 63.315: [Tenured: 23540K->23540K(39240K), 0.0193664 secs] 23540K->23540K(42248K), [Perm : 19K->19K(8192K)], 0.0194759 secs]
63.335: [Full GC 63.335: [Tenured: 23540K->11821K(39240K), 0.0402235 secs] 23594K->11821K(42248K), [Perm : 19K->19K(8192K)], 0.0403347 secs]
63.379: [GC 63.379: [DefNew: 53K->0K(3008K), 0.0004263 secs]63.379: [Tenured: 11821K->11821K(39240K), 0.0188993 secs] 11875K->11821K(42248K), 0.0194525 secs]
63.403: [GC 63.403: [DefNew: 53K->0K(3008K), 0.0004677 secs]63.404: [Tenured: 15728K->15728K(39240K), 0.0194329 secs] 15781K->15728K(42248K), 0.0200347 secs]
63.435: [GC 63.435: [DefNew: 53K->0K(3008K), 0.0005219 secs]63.436: [Tenured: 19634K->19634K(39240K), 0.0192594 secs] 19688K->19634K(42248K), 0.0199143 secs]
63.460: [Full GC 63.460: [Tenured: 23540K->23540K(39240K), 0.0192234 secs] 23540K->23540K(42248K), [Perm : 19K->19K(8192K)], 0.0193312 secs]
63.481: [Full GC 63.481: [Tenured: 23540K->11821K(39240K), 0.0403392 secs] 23594K->11821K(42248K), [Perm : 19K->19K(8192K)], 0.0404523 secs]
63.522: [GC 63.522: [DefNew: 53K->0K(3008K), 0.0004165 secs]63.522: [Tenured: 11821K->11821K(39240K), 0.0189211 secs] 11875K->11821K(42248K), 0.0194586 secs]
63.548: [GC 63.548: [DefNew: 53K->0K(3008K), 0.0004808 secs]63.548: [Tenured: 15728K->15728K(39240K), 0.0190206 secs] 15781K->15728K(42248K), 0.0196315 secs]
63.573: [GC 63.573: [DefNew: 53K->0K(3008K), 0.0005193 secs]63.574: [Tenured: 19634K->19634K(39240K), 0.0191030 secs] 19688K->19634K(42248K), 0.0197506 secs]
63.598: [Full GC 63.598: [Tenured: 23540K->23540K(39240K), 0.0195955 secs] 23540K->23540K(42248K), [Perm : 19K->19K(8192K)], 0.0197103 secs]
63.620: [Full GC 63.620: [Tenured: 23540K->11821K(39240K), 0.0401185 secs] 23594K->11821K(42248K), [Perm : 19K->19K(8192K)], 0.0402330 secs]
63.662: [GC 63.662: [DefNew: 53K->0K(3008K), 0.0004235 secs]63.662: [Tenured: 11821K->11821K(39240K), 0.0193416 secs] 11875K->11821K(42248K), 0.0198972 secs]
63.687: [GC 63.687: [DefNew: 53K->0K(3008K), 0.0004777 secs]63.687: [Tenured: 15728K->15728K(39240K), 0.0190379 secs] 15781K->15728K(42248K), 0.0196469 secs]
63.740: [GC 63.740: [DefNew: 53K->0K(3008K), 0.0005188 secs]63.740: [Tenured: 19634K->19634K(39240K), 0.0191287 secs] 19688K->19634K(42248K), 0.0197765 secs]
63.766: [Full GC 63.766: [Tenured: 23540K->23540K(39240K), 0.0341753 secs] 23540K->23540K(42248K), [Perm : 19K->19K(8192K)], 0.0343010 secs]
63.805: [Full GC 63.805: [Tenured: 23540K->11821K(39240K), 0.0400478 secs] 23594K->11821K(42248K), [Perm : 19K->19K(8192K)], 0.0401601 secs]
63.846: [GC 63.846: [DefNew: 53K->0K(3008K), 0.0004218 secs]63.847: [Tenured: 11821K->11821K(39240K), 0.0189018 secs] 11875K->11821K(42248K), 0.0194483 secs]
63.871: [GC 63.871: [DefNew: 53K->0K(3008K), 0.0004760 secs]63.871: [Tenured: 15727K->15727K(39240K), 0.0190223 secs] 15781K->15727K(42248K), 0.0196293 secs]
63.896: [GC 63.896: [DefNew: 53K->0K(3008K), 0.0005638 secs]63.897: [Tenured: 19634K->19634K(39240K), 0.0191988 secs] 19687K->19634K(42248K), 0.0198939 secs]
63.921: [Full GC 63.921: [Tenured: 23540K->23540K(39240K), 0.0193396 secs] 23540K->23540K(42248K), [Perm : 19K->19K(8192K)], 0.0194460 secs]
63.942: [Full GC 63.942: [Tenured: 23540K->11821K(39240K), 0.0399023 secs] 23594K->11821K(42248K), [Perm : 19K->19K(8192K)], 0.0400132 secs]
63.982: [GC 63.982: [DefNew: 53K->0K(3008K), 0.0004076 secs]63.983: [Tenured: 11821K->11821K(39240K), 0.0188873 secs] 11875K->11821K(42248K), 0.0194128 secs]
64.007: [GC 64.007: [DefNew: 53K->0K(3008K), 0.0004735 secs]64.007: [Tenured: 15728K->15727K(39240K), 0.0237720 secs] 15781K->15727K(42248K), 0.0243844 secs]
64.036: [GC 64.036: [DefNew: 53K->0K(3008K), 0.0005598 secs]64.037: [Tenured: 19634K->19634K(39240K), 0.0192983 secs] 19687K->19634K(42248K), 0.0199894 secs]
64.062: [Full GC 64.062: [Tenured: 23540K->23540K(39240K), 0.0191963 secs] 23540K->23540K(42248K), [Perm : 19K->19K(8192K)], 0.0193039 secs]
64.082: [Full GC 64.082: [Tenured: 23540K->11821K(39240K), 0.0399062 secs] 23594K->11821K(42248K), [Perm : 19K->19K(8192K)], 0.0400115 secs]
64.123: [GC 64.123: [DefNew: 53K->0K(3008K), 0.0004095 secs]64.123: [Tenured: 11821K->11821K(39240K), 0.0188991 secs] 11875K->11821K(42248K), 0.0194279 secs]
64.148: [GC 64.148: [DefNew: 53K->0K(3008K), 0.0004780 secs]64.148: [Tenured: 15728K->15728K(39240K), 0.0190452 secs] 15781K->15728K(42248K), 0.0196559 secs]
64.172: [GC 64.172: [DefNew: 53K->0K(3008K), 0.0005034 secs]64.173: [Tenured: 19634K->19634K(39240K), 0.0190921 secs] 19688K->19634K(42248K), 0.0197209 secs]
64.197: [Full GC 64.197: [Tenured: 23540K->23540K(39240K), 0.0195067 secs] 23540K->23540K(42248K), [Perm : 19K->19K(8192K)], 0.0196117 secs]
64.218: [Full GC 64.218: [Tenured: 23540K->11821K(39240K), 0.0401716 secs] 23594K->11821K(42248K), [Perm : 19K->19K(8192K)], 0.0402839 secs]
64.259: [GC 64.259: [DefNew: 53K->0K(3008K), 0.0004045 secs]64.259: [Tenured: 11821K->11821K(39240K), 0.0188965 secs] 11875K->11821K(42248K), 0.0194184 secs]
64.283: [GC 64.283: [DefNew: 53K->0K(3008K), 0.0004626 secs]64.284: [Tenured: 15728K->15728K(39240K), 0.0190764 secs] 15781K->15728K(42248K), 0.0196670 secs]
64.308: [GC 64.308: [DefNew: 53K->0K(3008K), 0.0005193 secs]64.309: [Tenured: 19634K->19634K(39240K), 0.0190999 secs] 19688K->19634K(42248K), 0.0197480 secs]
64.333: [Full GC 64.333: [Tenured: 23540K->23540K(39240K), 0.0339700 secs] 23540K->23540K(42248K), [Perm : 19K->19K(8192K)], 0.0340865 secs]
64.368: [Full GC 64.369: [Tenured: 23540K->11821K(39240K), 0.0398855 secs] 23594K->11821K(42248K), [Perm : 19K->19K(8192K)], 0.0399920 secs]
64.411: [GC 64.411: [DefNew: 53K->0K(3008K), 0.0004246 secs]64.412: [Tenured: 11821K->11821K(39240K), 0.0191144 secs] 11875K->11821K(42248K), 0.0196690 secs]
64.436: [GC 64.436: [DefNew: 53K->0K(3008K), 0.0004657 secs]64.436: [Tenured: 15728K->15728K(39240K), 0.0192994 secs] 15781K->15728K(42248K), 0.0198953 secs]
64.460: [GC 64.460: [DefNew: 53K->0K(3008K), 0.0005040 secs]64.461: [Tenured: 19634K->19634K(39240K), 0.0288391 secs] 19688K->19634K(42248K), 0.0294792 secs]
64.495: [Full GC 64.495: [Tenured: 23540K->23540K(39240K), 0.0192044 secs] 23540K->23540K(42248K), [Perm : 19K->19K(8192K)], 0.0193114 secs]
64.516: [Full GC 64.516: [Tenured: 23540K->11821K(39240K), 0.0400258 secs] 23594K->11821K(42248K), [Perm : 19K->19K(8192K)], 0.0401495 secs]
64.558: [GC 64.558: [DefNew: 53K->0K(3008K), 0.0004213 secs]64.558: [Tenured: 11821K->11821K(39240K), 0.0188884 secs] 11875K->11821K(42248K), 0.0194329 secs]
64.582: [GC 64.582: [DefNew: 53K->0K(3008K), 0.0004604 secs]64.582: [Tenured: 15728K->15727K(39240K), 0.0237807 secs] 15781K->15727K(42248K), 0.0243796 secs]
64.611: [GC 64.611: [DefNew: 53K->0K(3008K), 0.0005587 secs]64.612: [Tenured: 19634K->19634K(39240K), 0.0192055 secs] 19687K->19634K(42248K), 0.0198950 secs]
64.636: [Full GC 64.636: [Tenured: 23540K->23540K(39240K), 0.0196318 secs] 23540K->23540K(42248K), [Perm : 19K->19K(8192K)], 0.0197377 secs]
64.657: [Full GC 64.657: [Tenured: 23540K->11821K(39240K), 0.0399570 secs] 23594K->11821K(42248K), [Perm : 19K->19K(8192K)], 0.0400668 secs]
64.698: [GC 64.698: [DefNew: 53K->0K(3008K), 0.0004090 secs]64.698: [Tenured: 11821K->11821K(39240K), 0.0189242 secs] 11875K->11821K(42248K), 0.0194530 secs]
64.722: [GC 64.722: [DefNew: 53K->0K(3008K), 0.0004738 secs]64.723: [Tenured: 15728K->15728K(39240K), 0.0190164 secs] 15781K->15728K(42248K), 0.0196201 secs]
64.747: [GC 64.747: [DefNew: 53K->0K(3008K), 0.0005174 secs]64.747: [Tenured: 19634K->19634K(39240K), 0.0190977 secs] 19688K->19634K(42248K), 0.0197433 secs]
64.771: [Full GC 64.771: [Tenured: 23540K->23540K(39240K), 0.0191971 secs] 23540K->23540K(42248K), [Perm : 19K->19K(8192K)], 0.0192988 secs]
64.792: [Full GC 64.792: [Tenured: 23540K->11821K(39240K), 0.0400459 secs] 23594K->11821K(42248K), [Perm : 19K->19K(8192K)], 0.0401540 secs]
64.832: [GC 64.832: [DefNew: 53K->0K(3008K), 0.0004040 secs]64.833: [Tenured: 11821K->11821K(39240K), 0.0188977 secs] 11875K->11821K(42248K), 0.0194192 secs]
64.856: [GC 64.856: [DefNew: 53K->0K(3008K), 0.0004621 secs]64.857: [Tenured: 15728K->15728K(39240K), 0.0190133 secs] 15781K->15728K(42248K), 0.0196019 secs]
64.881: [GC 64.881: [DefNew: 53K->0K(3008K), 0.0005124 secs]64.881: [Tenured: 19634K->19634K(39240K), 0.0191994 secs] 19688K->19634K(42248K), 0.0198425 secs]
64.905: [Full GC 64.905: [Tenured: 23540K->23540K(39240K), 0.0338258 secs] 23540K->23540K(42248K), [Perm : 19K->19K(8192K)], 0.0339403 secs]
64.940: [Full GC 64.940: [Tenured: 23540K->11821K(39240K), 0.0400850 secs] 23594K->11821K(42248K), [Perm : 19K->19K(8192K)], 0.0401934 secs]
64.981: [GC 64.981: [DefNew: 53K->0K(3008K), 0.0004160 secs]64.982: [Tenured: 11821K->11821K(39240K), 0.0188932 secs] 11875K->11821K(42248K), 0.0194276 secs]
65.005: [GC 65.006: [DefNew: 53K->0K(3008K), 0.0004607 secs]65.006: [Tenured: 15728K->15728K(39240K), 0.0190739 secs] 15781K->15728K(42248K), 0.0196614 secs]
65.030: [GC 65.030: [DefNew: 53K->0K(3008K), 0.0005101 secs]65.030: [Tenured: 19634K->19634K(39240K), 0.0288352 secs] 19688K->19634K(42248K), 0.0294828 secs]
65.065: [Full GC 65.065: [Tenured: 23540K->23540K(39240K), 0.0191885 secs] 23540K->23540K(42248K), [Perm : 19K->19K(8192K)], 0.0192969 secs]
65.086: [Full GC 65.086: [Tenured: 23540K->11821K(39240K), 0.0399595 secs] 23594K->11821K(42248K), [Perm : 19K->19K(8192K)], 0.0400707 secs]
65.126: [GC 65.126: [DefNew: 53K->0K(3008K), 0.0004003 secs]65.127: [Tenured: 11821K->11821K(39240K), 0.0189133 secs] 11875K->11821K(42248K), 0.0194296 secs]
65.151: [GC 65.151: [DefNew: 53K->0K(3008K), 0.0004646 secs]65.151: [Tenured: 15728K->15728K(39240K), 0.0190354 secs] 15781K->15728K(42248K), 0.0196274 secs]
65.175: [GC 65.175: [DefNew: 53K->0K(3008K), 0.0005154 secs]65.176: [Tenured: 19634K->19634K(39240K), 0.0191027 secs] 19688K->19634K(42248K), 0.0197480 secs]
65.200: [Full GC 65.200: [Tenured: 23540K->23540K(39240K), 0.0191938 secs] 23540K->23540K(42248K), [Perm : 19K->19K(8192K)], 0.0192985 secs]
65.220: [Full GC 65.220: [Tenured: 23540K->11821K(39240K), 0.0400023 secs] 23594K->11821K(42248K), [Perm : 19K->19K(8192K)], 0.0401098 secs]
65.261: [GC 65.261: [DefNew: 53K->0K(3008K), 0.0004087 secs]65.261: [Tenured: 11821K->11821K(39240K), 0.0189127 secs] 11875K->11821K(42248K), 0.0194407 secs]
65.285: [GC 65.285: [DefNew: 53K->0K(3008K), 0.0004772 secs]65.286: [Tenured: 15728K->15728K(39240K), 0.0190206 secs] 15781K->15728K(42248K), 0.0196265 secs]
65.310: [GC 65.310: [DefNew: 53K->0K(3008K), 0.0005057 secs]65.310: [Tenured: 19634K->19634K(39240K), 0.0191737 secs] 19688K->19634K(42248K), 0.0198078 secs]
65.334: [Full GC 65.334: [Tenured: 23540K->23540K(39240K), 0.0192175 secs] 23540K->23540K(42248K), [Perm : 19K->19K(8192K)], 0.0193215 secs]
65.355: [Full GC 65.355: [Tenured: 23540K->11821K(39240K), 0.0401280 secs] 23594K->11821K(42248K), [Perm : 19K->19K(8192K)], 0.0402370 secs]
65.395: [GC 65.395: [DefNew: 53K->0K(3008K), 0.0004040 secs]65.396: [Tenured: 11821K->11821K(39240K), 0.0188898 secs] 11875K->11821K(42248K), 0.0194108 secs]
65.420: [GC 65.420: [DefNew: 53K->0K(3008K), 0.0004721 secs]65.420: [Tenured: 15728K->15728K(39240K), 0.0190239 secs] 15781K->15728K(42248K), 0.0196276 secs]
65.444: [GC 65.444: [DefNew: 53K->0K(3008K), 0.0005157 secs]65.445: [Tenured: 19634K->19634K(39240K), 0.0193125 secs] 19688K->19634K(42248K), 0.0199612 secs]
65.469: [Full GC 65.469: [Tenured: 23540K->23540K(39240K), 0.0349033 secs] 23540K->23540K(42248K), [Perm : 19K->19K(8192K)], 0.0350248 secs]
65.506: [Full GC 65.506: [Tenured: 23540K->11821K(39240K), 0.0404166 secs] 23594K->11821K(42248K), [Perm : 19K->19K(8192K)], 0.0405331 secs]
65.548: [GC 65.548: [DefNew: 53K->0K(3008K), 0.0004232 secs]65.548: [Tenured: 11821K->11821K(39240K), 0.0193748 secs] 11875K->11821K(42248K), 0.0199271 secs]
65.575: [GC 65.575: [DefNew: 53K->0K(3008K), 0.0004788 secs]65.575: [Tenured: 15728K->15728K(39240K), 0.0198640 secs] 15781K->15728K(42248K), 0.0204797 secs]
65.601: [GC 65.601: [DefNew: 53K->0K(3008K), 0.0005193 secs]65.602: [Tenured: 19634K->19634K(39240K), 0.0294454 secs] 19688K->19634K(42248K), 0.0301122 secs]
65.637: [Full GC 65.637: [Tenured: 23540K->23540K(39240K), 0.0198771 secs] 23540K->23540K(42248K), [Perm : 19K->19K(8192K)], 0.0199894 secs]
65.662: [Full GC 65.662: [Tenured: 23540K->11821K(39240K), 0.0405811 secs] 23594K->11821K(42248K), [Perm : 19K->19K(8192K)], 0.0407010 secs]
65.707: [GC 65.707: [DefNew: 53K->0K(3008K), 0.0004252 secs]65.707: [Tenured: 11821K->11821K(39240K), 0.0192983 secs] 11875K->11821K(42248K), 0.0198550 secs]
65.789: [GC 65.789: [DefNew: 53K->0K(3008K), 0.0004825 secs]65.789: [Tenured: 15728K->15728K(39240K), 0.0198190 secs] 15781K->15728K(42248K), 0.0204403 secs]
65.817: [GC 65.817: [DefNew: 53K->0K(3008K), 0.0005146 secs]65.817: [Tenured: 19634K->19634K(39240K), 0.0195617 secs] 19688K->19634K(42248K), 0.0202126 secs]
65.909: [Full GC 65.909: [Tenured: 23540K->23540K(39240K), 0.0196662 secs] 23540K->23540K(42248K), [Perm : 19K->19K(8192K)], 0.0197813 secs]
65.931: [Full GC 65.931: [Tenured: 23540K->11821K(39240K), 0.0405004 secs] 23594K->11821K(42248K), [Perm : 19K->19K(8192K)], 0.0406172 secs]
65.973: [GC 65.973: [DefNew: 53K->0K(3008K), 0.0004252 secs]65.974: [Tenured: 11821K->11821K(39240K), 0.0198975 secs] 11875K->11821K(42248K), 0.0204523 secs]
66.001: [GC 66.001: [DefNew: 53K->0K(3008K), 0.0004772 secs]66.002: [Tenured: 15728K->15728K(39240K), 0.0195069 secs] 15781K->15728K(42248K), 0.0201182 secs]
66.028: [GC 66.028: [DefNew: 53K->0K(3008K), 0.0005210 secs]66.029: [Tenured: 19634K->19634K(39240K), 0.0199129 secs] 19688K->19634K(42248K), 0.0205699 secs]
66.054: [Full GC 66.054: [Tenured: 23540K->23540K(39240K), 0.0197285 secs] 23540K->23540K(42248K), [Perm : 19K->19K(8192K)], 0.0198419 secs]
66.078: [Full GC 66.078: [Tenured: 23540K->11821K(39240K), 0.0404610 secs] 23594K->11821K(42248K), [Perm : 19K->19K(8192K)], 0.0405781 secs]
66.121: [GC 66.121: [DefNew: 53K->0K(3008K), 0.0004238 secs]66.124: [Tenured: 11821K->11821K(39240K), 0.0198305 secs] 11875K->11821K(42248K), 0.0228037 secs]
66.150: [GC 66.150: [DefNew: 53K->0K(3008K), 0.0004794 secs]66.150: [Tenured: 15728K->15728K(39240K), 0.0199302 secs] 15781K->15728K(42248K), 0.0205462 secs]
66.177: [GC 66.177: [DefNew: 53K->0K(3008K), 0.0005135 secs]66.178: [Tenured: 19634K->19634K(39240K), 0.0196673 secs] 19688K->19634K(42248K), 0.0203138 secs]
66.205: [Full GC 66.205: [Tenured: 23540K->23540K(39240K), 0.0345765 secs] 23540K->23540K(42248K), [Perm : 19K->19K(8192K)], 0.0347016 secs]
66.242: [Full GC 66.242: [Tenured: 23540K->11821K(39240K), 0.0403702 secs] 23594K->11821K(42248K), [Perm : 19K->19K(8192K)], 0.0404867 secs]
66.283: [GC 66.283: [DefNew: 53K->0K(3008K), 0.0004202 secs]66.284: [Tenured: 11821K->11821K(39240K), 0.0193986 secs] 11875K->11821K(42248K), 0.0199442 secs]
66.309: [GC 66.309: [DefNew: 53K->0K(3008K), 0.0004808 secs]66.309: [Tenured: 15728K->15728K(39240K), 0.0193309 secs] 15781K->15728K(42248K), 0.0199486 secs]
66.335: [GC 66.335: [DefNew: 53K->0K(3008K), 0.0005213 secs]66.335: [Tenured: 19634K->19634K(39240K), 0.0194737 secs] 19688K->19634K(42248K), 0.0201330 secs]
66.364: [Full GC 66.364: [Tenured: 23540K->23540K(39240K), 0.0195757 secs] 23540K->23540K(42248K), [Perm : 19K->19K(8192K)], 0.0196885 secs]
66.385: [Full GC 66.385: [Tenured: 23540K->11821K(39240K), 0.0408474 secs] 23594K->11821K(42248K), [Perm : 19K->19K(8192K)], 0.0409622 secs]
66.428: [GC 66.428: [DefNew: 53K->0K(3008K), 0.0004246 secs]66.429: [Tenured: 11821K->11821K(39240K), 0.0221799 secs] 11875K->11821K(42248K), 0.0227370 secs]
66.456: [GC 66.456: [DefNew: 53K->0K(3008K), 0.0004735 secs]66.456: [Tenured: 15728K->15727K(39240K), 0.0246160 secs] 15781K->15727K(42248K), 0.0252395 secs]
66.486: [GC 66.486: [DefNew: 53K->0K(3008K), 0.0005610 secs]66.487: [Tenured: 19634K->19634K(39240K), 0.0197902 secs] 19687K->19634K(42248K), 0.0204884 secs]
66.516: [Full GC 66.516: [Tenured: 23540K->23540K(39240K), 0.0196282 secs] 23540K->23540K(42248K), [Perm : 19K->19K(8192K)], 0.0197411 secs]
66.541: [Full GC 66.541: [Tenured: 23540K->11821K(39240K), 0.0403454 secs] 23594K->11821K(42248K), [Perm : 19K->19K(8192K)], 0.0404613 secs]
66.585: [GC 66.585: [DefNew: 53K->0K(3008K), 0.0004249 secs]66.585: [Tenured: 11821K->11821K(39240K), 0.0230686 secs] 11875K->11821K(42248K), 0.0236242 secs]
66.613: [GC 66.613: [DefNew: 53K->0K(3008K), 0.0004749 secs]66.614: [Tenured: 15727K->15727K(39240K), 0.0196958 secs] 15781K->15727K(42248K), 0.0203090 secs]
66.639: [GC 66.639: [DefNew: 53K->0K(3008K), 0.0005649 secs]66.639: [Tenured: 19634K->19634K(39240K), 0.0196369 secs] 19687K->19634K(42248K), 0.0203392 secs]
66.670: [Full GC 66.670: [Tenured: 23540K->23540K(39240K), 0.0197201 secs] 23540K->23540K(42248K), [Perm : 19K->19K(8192K)], 0.0198330 secs]
66.691: [Full GC 66.691: [Tenured: 23540K->11821K(39240K), 0.0408474 secs] 23594K->11821K(42248K), [Perm : 19K->19K(8192K)], 0.0409594 secs]
66.732: [GC 66.732: [DefNew: 53K->0K(3008K), 0.0004098 secs]66.733: [Tenured: 11821K->11821K(39240K), 0.0194536 secs] 11875K->11821K(42248K), 0.0200048 secs]
66.757: [GC 66.757: [DefNew: 53K->0K(3008K), 0.0004777 secs]66.758: [Tenured: 15728K->15728K(39240K), 0.0196022 secs] 15781K->15728K(42248K), 0.0202182 secs]
66.787: [GC 66.787: [DefNew: 53K->0K(3008K), 0.0005235 secs]66.788: [Tenured: 19634K->19634K(39240K), 0.0195581 secs] 19688K->19634K(42248K), 0.0202188 secs]
66.815: [Full GC 66.815: [Tenured: 23540K->23540K(39240K), 0.0337965 secs] 23540K->23540K(42248K), [Perm : 19K->19K(8192K)], 0.0339132 secs]
66.853: [Full GC 66.853: [Tenured: 23540K->11821K(39240K), 0.0396933 secs] 23594K->11821K(42248K), [Perm : 19K->19K(8192K)], 0.0398095 secs]
66.893: [GC 66.893: [DefNew: 53K->0K(3008K), 0.0004045 secs]66.894: [Tenured: 11821K->11821K(39240K), 0.0190404 secs] 11875K->11821K(42248K), 0.0195639 secs]
66.918: [GC 66.918: [DefNew: 53K->0K(3008K), 0.0004679 secs]66.918: [Tenured: 15728K->15728K(39240K), 0.0190186 secs] 15781K->15728K(42248K), 0.0196125 secs]
66.945: [GC 66.945: [DefNew: 53K->0K(3008K), 0.0005199 secs]66.946: [Tenured: 19634K->19634K(39240K), 0.0289188 secs] 19688K->19634K(42248K), 0.0295820 secs]
66.980: [Full GC 66.980: [Tenured: 23540K->23540K(39240K), 0.0191890 secs] 23540K->23540K(42248K), [Perm : 19K->19K(8192K)], 0.0192944 secs]
67.000: [Full GC 67.000: [Tenured: 23540K->11821K(39240K), 0.0399844 secs] 23594K->11821K(42248K), [Perm : 19K->19K(8192K)], 0.0400939 secs]
67.040: [GC 67.040: [DefNew: 53K->0K(3008K), 0.0004001 secs]67.041: [Tenured: 11821K->11821K(39240K), 0.0189002 secs] 11875K->11821K(42248K), 0.0194173 secs]
67.065: [GC 67.065: [DefNew: 53K->0K(3008K), 0.0004635 secs]67.065: [Tenured: 15728K->15728K(39240K), 0.0190357 secs] 15781K->15728K(42248K), 0.0196271 secs]
67.092: [GC 67.092: [DefNew: 53K->0K(3008K), 0.0006166 secs]67.093: [Tenured: 19634K->19634K(39240K), 0.0191818 secs] 19688K->19634K(42248K), 0.0199293 secs]
67.117: [Full GC 67.117: [Tenured: 23540K->23540K(39240K), 0.0192105 secs] 23540K->23540K(42248K), [Perm : 19K->19K(8192K)], 0.0193184 secs]
67.138: [Full GC 67.138: [Tenured: 23540K->11821K(39240K), 0.0400408 secs] 23594K->11821K(42248K), [Perm : 19K->19K(8192K)], 0.0401518 secs]
67.185: [GC 67.185: [DefNew: 53K->0K(3008K), 0.0004255 secs]67.185: [Tenured: 11821K->11821K(39240K), 0.0212309 secs] 11875K->11821K(42248K), 0.0217841 secs]
67.211: [GC 67.211: [DefNew: 53K->0K(3008K), 0.0004632 secs]67.212: [Tenured: 15727K->15727K(39240K), 0.0192279 secs] 15781K->15727K(42248K), 0.0198215 secs]
67.236: [GC 67.236: [DefNew: 53K->0K(3008K), 0.0005531 secs]67.237: [Tenured: 19634K->19634K(39240K), 0.0192346 secs] 19687K->19634K(42248K), 0.0199154 secs]
67.267: [Full GC 67.268: [Tenured: 23540K->23540K(39240K), 0.0191974 secs] 23540K->23540K(42248K), [Perm : 19K->19K(8192K)], 0.0193055 secs]
67.288: [Full GC 67.288: [Tenured: 23540K->11821K(39240K), 0.0423766 secs] 23594K->11821K(42248K), [Perm : 19K->19K(8192K)], 0.0424858 secs]
67.331: [GC 67.331: [DefNew: 53K->0K(3008K), 0.0004034 secs]67.331: [Tenured: 11821K->11821K(39240K), 0.0189016 secs] 11875K->11821K(42248K), 0.0194234 secs]
67.355: [GC 67.356: [DefNew: 53K->0K(3008K), 0.0004802 secs]67.356: [Tenured: 15728K->15728K(39240K), 0.0190223 secs] 15781K->15728K(42248K), 0.0196327 secs]
67.380: [GC 67.380: [DefNew: 53K->0K(3008K), 0.0005082 secs]67.380: [Tenured: 19634K->19634K(39240K), 0.0191829 secs] 19688K->19634K(42248K), 0.0198212 secs]
67.405: [Full GC 67.405: [Tenured: 23540K->23540K(39240K), 0.0342270 secs] 23540K->23540K(42248K), [Perm : 19K->19K(8192K)], 0.0343499 secs]
67.441: [Full GC 67.441: [Tenured: 23540K->11821K(39240K), 0.0420646 secs] 23594K->11821K(42248K), [Perm : 19K->19K(8192K)], 0.0421760 secs]
67.485: [GC 67.485: [DefNew: 53K->0K(3008K), 0.0004140 secs]67.485: [Tenured: 11821K->11821K(39240K), 0.0212854 secs] 11875K->11821K(42248K), 0.0218240 secs]
67.511: [GC 67.511: [DefNew: 53K->0K(3008K), 0.0004688 secs]67.512: [Tenured: 15728K->15728K(39240K), 0.0190164 secs] 15781K->15728K(42248K), 0.0196117 secs]
67.536: [GC 67.536: [DefNew: 53K->0K(3008K), 0.0005129 secs]67.536: [Tenured: 19634K->19634K(39240K), 0.0289649 secs] 19688K->19634K(42248K), 0.0296415 secs]
67.570: [Full GC 67.570: [Tenured: 23540K->23540K(39240K), 0.0192240 secs] 23540K->23540K(42248K), [Perm : 19K->19K(8192K)], 0.0193307 secs]
67.601: [Full GC 67.601: [Tenured: 23540K->11821K(39240K), 0.0438072 secs] 23594K->11821K(42248K), [Perm : 19K->19K(8192K)], 0.0439288 secs]
67.646: [GC 67.646: [DefNew: 53K->0K(3008K), 0.0004210 secs]67.646: [Tenured: 11821K->11821K(39240K), 0.0198439 secs] 11875K->11821K(42248K), 0.0203953 secs]
67.672: [GC 67.672: [DefNew: 53K->0K(3008K), 0.0004777 secs]67.672: [Tenured: 15728K->15727K(39240K), 0.0250269 secs] 15781K->15727K(42248K), 0.0256591 secs]
67.703: [GC 67.703: [DefNew: 53K->0K(3008K), 0.0005626 secs]67.703: [Tenured: 19634K->19634K(39240K), 0.0200458 secs] 19687K->19634K(42248K), 0.0207459 secs]
67.733: [Full GC 67.733: [Tenured: 23540K->23540K(39240K), 0.0199735 secs] 23540K->23540K(42248K), [Perm : 19K->19K(8192K)], 0.0200900 secs]
67.754: [Full GC 67.754: [Tenured: 23540K->11821K(39240K), 0.0413634 secs] 23594K->11821K(42248K), [Perm : 19K->19K(8192K)], 0.0414787 secs]
67.796: [GC 67.796: [DefNew: 53K->0K(3008K), 0.0004062 secs]67.796: [Tenured: 11821K->11821K(39240K), 0.0197877 secs] 11875K->11821K(42248K), 0.0203207 secs]
67.821: [GC 67.821: [DefNew: 53K->0K(3008K), 0.0004962 secs]67.822: [Tenured: 15728K->15728K(39240K), 0.0201431 secs] 15781K->15728K(42248K), 0.0207795 secs]
67.847: [GC 67.847: [DefNew: 53K->0K(3008K), 0.0005163 secs]67.847: [Tenured: 19634K->19634K(39240K), 0.0202839 secs] 19688K->19634K(42248K), 0.0209390 secs]
67.888: [Full GC 67.888: [Tenured: 23540K->23540K(39240K), 0.0199537 secs] 23540K->23540K(42248K), [Perm : 19K->19K(8192K)], 0.0200693 secs]
67.916: [Full GC 67.917: [Tenured: 23540K->11821K(39240K), 0.0416444 secs] 23594K->11821K(42248K), [Perm : 19K->19K(8192K)], 0.0417679 secs]
67.958: [GC 67.958: [DefNew: 53K->0K(3008K), 0.0004076 secs]67.959: [Tenured: 11821K->11821K(39240K), 0.0199992 secs] 11875K->11821K(42248K), 0.0205347 secs]
67.985: [GC 67.985: [DefNew: 53K->0K(3008K), 0.0004794 secs]67.986: [Tenured: 15727K->15727K(39240K), 0.0199732 secs] 15781K->15727K(42248K), 0.0205909 secs]
68.017: [GC 68.018: [DefNew: 53K->0K(3008K), 0.0005674 secs]68.018: [Tenured: 19634K->19634K(39240K), 0.0202738 secs] 19687K->19634K(42248K), 0.0209798 secs]
68.043: [Full GC 68.044: [Tenured: 23540K->23540K(39240K), 0.0201297 secs] 23540K->23540K(42248K), [Perm : 19K->19K(8192K)], 0.0202434 secs]
68.082: [Full GC 68.082: [Tenured: 23540K->11821K(39240K), 0.0414215 secs] 23594K->11821K(42248K), [Perm : 19K->19K(8192K)], 0.0415430 secs]
68.124: [GC 68.125: [DefNew: 53K->0K(3008K), 0.0004137 secs]68.125: [Tenured: 11821K->11821K(39240K), 0.0200067 secs] 11875K->11821K(42248K), 0.0205498 secs]
68.150: [GC 68.150: [DefNew: 53K->0K(3008K), 0.0004760 secs]68.151: [Tenured: 15728K->15728K(39240K), 0.0200263 secs] 15781K->15728K(42248K), 0.0206409 secs]
68.176: [GC 68.176: [DefNew: 53K->0K(3008K), 0.0005135 secs]68.176: [Tenured: 19634K->19634K(39240K), 0.0200914 secs] 19688K->19634K(42248K), 0.0207443 secs]
68.203: [Full GC 68.203: [Tenured: 23540K->23540K(39240K), 0.0201221 secs] 23540K->23540K(42248K), [Perm : 19K->19K(8192K)], 0.0202369 secs]
68.225: [Full GC 68.225: [Tenured: 23540K->11821K(39240K), 0.0419894 secs] 23594K->11821K(42248K), [Perm : 19K->19K(8192K)], 0.0421107 secs]
68.268: [GC 68.268: [DefNew: 53K->0K(3008K), 0.0004095 secs]68.269: [Tenured: 11821K->11821K(39240K), 0.0198433 secs] 11875K->11821K(42248K), 0.0203819 secs]
68.293: [GC 68.293: [DefNew: 53K->0K(3008K), 0.0004721 secs]68.294: [Tenured: 15728K->15727K(39240K), 0.0246816 secs] 15781K->15727K(42248K), 0.0253029 secs]
68.324: [GC 68.324: [DefNew: 53K->0K(3008K), 0.0007568 secs]68.325: [Tenured: 19634K->19634K(39240K), 0.0199497 secs] 19687K->19634K(42248K), 0.0208454 secs]
68.350: [Full GC 68.350: [Tenured: 23540K->23540K(39240K), 0.0202475 secs] 23540K->23540K(42248K), [Perm : 19K->19K(8192K)], 0.0203638 secs]
68.372: [Full GC 68.372: [Tenured: 23540K->11821K(39240K), 0.0416366 secs] 23594K->11821K(42248K), [Perm : 19K->19K(8192K)], 0.0417718 secs]
68.414: [GC 68.414: [DefNew: 53K->0K(3008K), 0.0004054 secs]68.414: [Tenured: 11821K->11821K(39240K), 0.0200964 secs] 11875K->11821K(42248K), 0.0206275 secs]
68.440: [GC 68.440: [DefNew: 53K->0K(3008K), 0.0004797 secs]68.440: [Tenured: 15728K->15728K(39240K), 0.0202783 secs] 15781K->15728K(42248K), 0.0208979 secs]
68.466: [GC 68.466: [DefNew: 53K->0K(3008K), 0.0005146 secs]68.466: [Tenured: 19634K->19634K(39240K), 0.0200565 secs] 19688K->19634K(42248K), 0.0207082 secs]
68.497: [Full GC 68.497: [Tenured: 23540K->23540K(39240K), 0.0198464 secs] 23540K->23540K(42248K), [Perm : 19K->19K(8192K)], 0.0199609 secs]
68.518: [Full GC 68.518: [Tenured: 23540K->11821K(39240K), 0.0412234 secs] 23594K->11821K(42248K), [Perm : 19K->19K(8192K)], 0.0413388 secs]
68.562: [GC 68.562: [DefNew: 53K->0K(3008K), 0.0004269 secs]68.563: [Tenured: 11821K->11821K(39240K), 0.0193245 secs] 11875K->11821K(42248K), 0.0198855 secs]
68.590: [GC 68.590: [DefNew: 53K->0K(3008K), 0.0004805 secs]68.591: [Tenured: 15728K->15728K(39240K), 0.0197737 secs] 15781K->15728K(42248K), 0.0203914 secs]
68.617: [GC 68.617: [DefNew: 53K->0K(3008K), 0.0005199 secs]68.618: [Tenured: 19634K->19634K(39240K), 0.0196494 secs] 19688K->19634K(42248K), 0.0203034 secs]
68.644: [Full GC 68.644: [Tenured: 23540K->23540K(39240K), 0.0346991 secs] 23540K->23540K(42248K), [Perm : 19K->19K(8192K)], 0.0348234 secs]
68.681: [Full GC 68.681: [Tenured: 23540K->11821K(39240K), 0.0405518 secs] 23594K->11821K(42248K), [Perm : 19K->19K(8192K)], 0.0406680 secs]
68.722: [GC 68.722: [DefNew: 53K->0K(3008K), 0.0004129 secs]68.723: [Tenured: 11821K->11821K(39240K), 0.0191572 secs] 11875K->11821K(42248K), 0.0196941 secs]
68.747: [GC 68.748: [DefNew: 53K->0K(3008K), 0.0004763 secs]68.748: [Tenured: 15727K->15727K(39240K), 0.0195754 secs] 15781K->15727K(42248K), 0.0201892 secs]
68.773: [GC 68.774: [DefNew: 53K->0K(3008K), 0.0005660 secs]68.774: [Tenured: 19634K->19634K(39240K), 0.0200375 secs] 19687K->19634K(42248K), 0.0207403 secs]
68.800: [Full GC 68.800: [Tenured: 23540K->23540K(39240K), 0.0197779 secs] 23540K->23540K(42248K), [Perm : 19K->19K(8192K)], 0.0198941 secs]
68.822: [Full GC 68.822: [Tenured: 23540K->11821K(39240K), 0.0406345 secs] 23594K->11821K(42248K), [Perm : 19K->19K(8192K)], 0.0407510 secs]
68.863: [GC 68.863: [DefNew: 53K->0K(3008K), 0.0004140 secs]68.864: [Tenured: 11821K->11821K(39240K), 0.0194583 secs] 11875K->11821K(42248K), 0.0199972 secs]
68.889: [GC 68.889: [DefNew: 53K->0K(3008K), 0.0004674 secs]68.889: [Tenured: 15728K->15727K(39240K), 0.0240084 secs] 15781K->15727K(42248K), 0.0246216 secs]
68.919: [GC 68.919: [DefNew: 53K->0K(3008K), 0.0005640 secs]68.920: [Tenured: 19634K->19634K(39240K), 0.0195941 secs] 19687K->19634K(42248K), 0.0202939 secs]
68.944: [Full GC 68.944: [Tenured: 23540K->23540K(39240K), 0.0193645 secs] 23540K->23540K(42248K), [Perm : 19K->19K(8192K)], 0.0194737 secs]
68.965: [Full GC 68.965: [Tenured: 23540K->11821K(39240K), 0.0401311 secs] 23594K->11821K(42248K), [Perm : 19K->19K(8192K)], 0.0402425 secs]
69.005: [GC 69.005: [DefNew: 53K->0K(3008K), 0.0004112 secs]69.006: [Tenured: 11821K->11821K(39240K), 0.0193206 secs] 11875K->11821K(42248K), 0.0198570 secs]
69.030: [GC 69.030: [DefNew: 53K->0K(3008K), 0.0004777 secs]69.031: [Tenured: 15728K->15728K(39240K), 0.0194910 secs] 15781K->15728K(42248K), 0.0201051 secs]
69.055: [GC 69.056: [DefNew: 53K->0K(3008K), 0.0006942 secs]69.056: [Tenured: 19634K->19634K(39240K), 0.0198411 secs] 19688K->19634K(42248K), 0.0206741 secs]
69.082: [Full GC 69.082: [Tenured: 23540K->23540K(39240K), 0.0197263 secs] 23540K->23540K(42248K), [Perm : 19K->19K(8192K)], 0.0198386 secs]
69.103: [Full GC 69.103: [Tenured: 23540K->11821K(39240K), 0.0404979 secs] 23594K->11821K(42248K), [Perm : 19K->19K(8192K)], 0.0406258 secs]
69.145: [GC 69.145: [DefNew: 53K->0K(3008K), 0.0004255 secs]69.146: [Tenured: 11821K->11821K(39240K), 0.0195916 secs] 11875K->11821K(42248K), 0.0201503 secs]
69.172: [GC 69.172: [DefNew: 53K->0K(3008K), 0.0004791 secs]69.172: [Tenured: 15728K->15728K(39240K), 0.0194053 secs] 15781K->15728K(42248K), 0.0201442 secs]
69.197: [GC 69.197: [DefNew: 53K->0K(3008K), 0.0005104 secs]69.198: [Tenured: 19634K->19634K(39240K), 0.0197156 secs] 19688K->19634K(42248K), 0.0203582 secs]
69.226: [Full GC 69.226: [Tenured: 23540K->23540K(39240K), 0.0344605 secs] 23540K->23540K(42248K), [Perm : 19K->19K(8192K)], 0.0345862 secs]
69.262: [Full GC 69.263: [Tenured: 23540K->11821K(39240K), 0.0401084 secs] 23594K->11821K(42248K), [Perm : 19K->19K(8192K)], 0.0402224 secs]
69.304: [GC 69.304: [DefNew: 53K->0K(3008K), 0.0004249 secs]69.304: [Tenured: 11821K->11821K(39240K), 0.0193469 secs] 11875K->11821K(42248K), 0.0199023 secs]
69.330: [GC 69.330: [DefNew: 53K->0K(3008K), 0.0004786 secs]69.331: [Tenured: 15728K->15728K(39240K), 0.0192991 secs] 15781K->15728K(42248K), 0.0199140 secs]
69.355: [GC 69.355: [DefNew: 53K->0K(3008K), 0.0005168 secs]69.356: [Tenured: 19634K->19634K(39240K), 0.0297493 secs] 19688K->19634K(42248K), 0.0304145 secs]
69.391: [Full GC 69.391: [Tenured: 23540K->23540K(39240K), 0.0197304 secs] 23540K->23540K(42248K), [Perm : 19K->19K(8192K)], 0.0198439 secs]
69.413: [Full GC 69.413: [Tenured: 23540K->11821K(39240K), 0.0408398 secs] 23594K->11821K(42248K), [Perm : 19K->19K(8192K)], 0.0409580 secs]
69.455: [GC 69.455: [DefNew: 53K->0K(3008K), 0.0004179 secs]69.455: [Tenured: 11821K->11821K(39240K), 0.0194623 secs] 11875K->11821K(42248K), 0.0200081 secs]
69.480: [GC 69.480: [DefNew: 53K->0K(3008K), 0.0006696 secs]69.480: [Tenured: 15728K->15728K(39240K), 0.0192575 secs] 15781K->15728K(42248K), 0.0200688 secs]
69.505: [GC 69.505: [DefNew: 53K->0K(3008K), 0.0005193 secs]69.506: [Tenured: 19634K->19634K(39240K), 0.0195265 secs] 19688K->19634K(42248K), 0.0201802 secs]
69.530: [Full GC 69.530: [Tenured: 23540K->23540K(39240K), 0.0194952 secs] 23540K->23540K(42248K), [Perm : 19K->19K(8192K)], 0.0196078 secs]
69.551: [Full GC 69.551: [Tenured: 23540K->11821K(39240K), 0.0405295 secs] 23594K->11821K(42248K), [Perm : 19K->19K(8192K)], 0.0406443 secs]
69.593: [GC 69.593: [DefNew: 53K->0K(3008K), 0.0004126 secs]69.594: [Tenured: 11821K->11821K(39240K), 0.0188923 secs] 11875K->11821K(42248K), 0.0194234 secs]
69.617: [GC 69.617: [DefNew: 53K->0K(3008K), 0.0004607 secs]69.618: [Tenured: 15727K->15727K(39240K), 0.0190614 secs] 15781K->15727K(42248K), 0.0196500 secs]
69.643: [GC 69.644: [DefNew: 53K->0K(3008K), 0.0005660 secs]69.644: [Tenured: 19634K->19634K(39240K), 0.0190943 secs] 19687K->19634K(42248K), 0.0197891 secs]
69.669: [Full GC 69.670: [Tenured: 23540K->23540K(39240K), 0.0193326 secs] 23540K->23540K(42248K), [Perm : 19K->19K(8192K)], 0.0194430 secs]
69.690: [Full GC 69.690: [Tenured: 23540K->11821K(39240K), 0.0399327 secs] 23594K->11821K(42248K), [Perm : 19K->19K(8192K)], 0.0400397 secs]
69.730: [GC 69.730: [DefNew: 53K->0K(3008K), 0.0004012 secs]69.731: [Tenured: 11821K->11821K(39240K), 0.0191485 secs] 11875K->11821K(42248K), 0.0196712 secs]
69.760: [GC 69.760: [DefNew: 53K->0K(3008K), 0.0004816 secs]69.761: [Tenured: 15728K->15728K(39240K), 0.0199886 secs] 15781K->15728K(42248K), 0.0206074 secs]
69.787: [GC 69.787: [DefNew: 53K->0K(3008K), 0.0005185 secs]69.787: [Tenured: 19634K->19634K(39240K), 0.0197140 secs] 19688K->19634K(42248K), 0.0203688 secs]
69.812: [Full GC 69.812: [Tenured: 23540K->23540K(39240K), 0.0354146 secs] 23540K->23540K(42248K), [Perm : 19K->19K(8192K)], 0.0355403 secs]
69.849: [Full GC 69.849: [Tenured: 23540K->11821K(39240K), 0.0419009 secs] 23594K->11821K(42248K), [Perm : 19K->19K(8192K)], 0.0420165 secs]
69.891: [GC 69.891: [DefNew: 53K->0K(3008K), 0.0004056 secs]69.891: [Tenured: 11821K->11821K(39240K), 0.0198860 secs] 11875K->11821K(42248K), 0.0204191 secs]
69.917: [GC 69.917: [DefNew: 53K->0K(3008K), 0.0004713 secs]69.917: [Tenured: 15727K->15727K(39240K), 0.0199626 secs] 15781K->15727K(42248K), 0.0205694 secs]
69.943: [GC 69.943: [DefNew: 53K->0K(3008K), 0.0005657 secs]69.944: [Tenured: 19634K->19634K(39240K), 0.0201330 secs] 19687K->19634K(42248K), 0.0208376 secs]
69.969: [Full GC 69.969: [Tenured: 23540K->23540K(39240K), 0.0202453 secs] 23540K->23540K(42248K), [Perm : 19K->19K(8192K)], 0.0203769 secs]
69.991: [Full GC 69.991: [Tenured: 23540K->11821K(39240K), 0.0417439 secs] 23594K->11821K(42248K), [Perm : 19K->19K(8192K)], 0.0418598 secs]
70.086: [GC 70.087: [DefNew: 53K->0K(3008K), 0.0004285 secs]70.087: [Tenured: 11821K->11821K(39240K), 0.0195025 secs] 11875K->11821K(42248K), 0.0200646 secs]
70.125: [GC 70.125: [DefNew: 53K->0K(3008K), 0.0004802 secs]70.126: [Tenured: 15728K->15727K(39240K), 0.0239304 secs] 15781K->15727K(42248K), 0.0245587 secs]
70.155: [GC 70.156: [DefNew: 53K->0K(3008K), 0.0005668 secs]70.156: [Tenured: 19634K->19634K(39240K), 0.0191052 secs] 19687K->19634K(42248K), 0.0198025 secs]
70.180: [Full GC 70.180: [Tenured: 23540K->23540K(39240K), 0.0195374 secs] 23540K->23540K(42248K), [Perm : 19K->19K(8192K)], 0.0196422 secs]
70.204: [Full GC 70.204: [Tenured: 23540K->11821K(39240K), 0.0399777 secs] 23594K->11821K(42248K), [Perm : 19K->19K(8192K)], 0.0400914 secs]
70.244: [GC 70.244: [DefNew: 53K->0K(3008K), 0.0004028 secs]70.245: [Tenured: 11821K->11821K(39240K), 0.0189194 secs] 11875K->11821K(42248K), 0.0194421 secs]
70.269: [GC 70.269: [DefNew: 53K->0K(3008K), 0.0004727 secs]70.269: [Tenured: 15728K->15728K(39240K), 0.0191709 secs] 15781K->15728K(42248K), 0.0197746 secs]
70.294: [GC 70.294: [DefNew: 53K->0K(3008K), 0.0005207 secs]70.294: [Tenured: 19634K->19634K(39240K), 0.0194217 secs] 19688K->19634K(42248K), 0.0200780 secs]
70.319: [Full GC 70.319: [Tenured: 23540K->23540K(39240K), 0.0196215 secs] 23540K->23540K(42248K), [Perm : 19K->19K(8192K)], 0.0197352 secs]
70.341: [Full GC 70.341: [Tenured: 23540K->11821K(39240K), 0.0403755 secs] 23594K->11821K(42248K), [Perm : 19K->19K(8192K)], 0.0404909 secs]
70.383: [GC 70.383: [DefNew: 53K->0K(3008K), 0.0004232 secs]70.383: [Tenured: 11821K->11821K(39240K), 0.0195313 secs] 11875K->11821K(42248K), 0.0200852 secs]
70.408: [GC 70.408: [DefNew: 53K->0K(3008K), 0.0004772 secs]70.409: [Tenured: 15728K->15728K(39240K), 0.0193924 secs] 15781K->15728K(42248K), 0.0200065 secs]
70.433: [GC 70.433: [DefNew: 53K->0K(3008K), 0.0005160 secs]70.434: [Tenured: 19634K->19634K(39240K), 0.0195237 secs] 19688K->19634K(42248K), 0.0201713 secs]
70.458: [Full GC 70.458: [Tenured: 23540K->23540K(39240K), 0.0343055 secs] 23540K->23540K(42248K), [Perm : 19K->19K(8192K)], 0.0344281 secs]
70.494: [Full GC 70.494: [Tenured: 23540K->11821K(39240K), 0.0398766 secs] 23594K->11821K(42248K), [Perm : 19K->19K(8192K)], 0.0399833 secs]
70.535: [GC 70.535: [DefNew: 53K->0K(3008K), 0.0004037 secs]70.535: [Tenured: 11821K->11821K(39240K), 0.0188812 secs] 11875K->11821K(42248K), 0.0194022 secs]
70.559: [GC 70.559: [DefNew: 53K->0K(3008K), 0.0004780 secs]70.560: [Tenured: 15728K->15728K(39240K), 0.0190351 secs] 15781K->15728K(42248K), 0.0196424 secs]
70.584: [GC 70.584: [DefNew: 53K->0K(3008K), 0.0006747 secs]70.585: [Tenured: 19634K->19634K(39240K), 0.0295093 secs] 19688K->19634K(42248K), 0.0303346 secs]
70.621: [Full GC 70.621: [Tenured: 23540K->23540K(39240K), 0.0196645 secs] 23540K->23540K(42248K), [Perm : 19K->19K(8192K)], 0.0197771 secs]
70.644: [Full GC 70.644: [Tenured: 23540K->11821K(39240K), 0.0403859 secs] 23594K->11821K(42248K), [Perm : 19K->19K(8192K)], 0.0405046 secs]
70.687: [GC 70.687: [DefNew: 53K->0K(3008K), 0.0004246 secs]70.688: [Tenured: 11821K->11821K(39240K), 0.0195039 secs] 11875K->11821K(42248K), 0.0200618 secs]
70.714: [GC 70.714: [DefNew: 53K->0K(3008K), 0.0004802 secs]70.715: [Tenured: 15728K->15727K(39240K), 0.0241394 secs] 15781K->15727K(42248K), 0.0247691 secs]
70.747: [GC 70.747: [DefNew: 53K->0K(3008K), 0.0005666 secs]70.748: [Tenured: 19634K->19634K(39240K), 0.0195871 secs] 19687K->19634K(42248K), 0.0202911 secs]
70.790: [Full GC 70.790: [Tenured: 23540K->23540K(39240K), 0.0201392 secs] 23540K->23540K(42248K), [Perm : 19K->19K(8192K)], 0.0202548 secs]
70.813: [Full GC 70.813: [Tenured: 23540K->11821K(39240K), 0.0406094 secs] 23594K->11821K(42248K), [Perm : 19K->19K(8192K)], 0.0407261 secs]
70.870: [GC 70.870: [DefNew: 53K->0K(3008K), 0.0004260 secs]70.871: [Tenured: 11821K->11821K(39240K), 0.0195530 secs] 11875K->11821K(42248K), 0.0201252 secs]
70.896: [GC 70.896: [DefNew: 53K->0K(3008K), 0.0006417 secs]70.897: [Tenured: 15727K->15727K(39240K), 0.0197441 secs] 15781K->15727K(42248K), 0.0205241 secs]
70.924: [GC 70.924: [DefNew: 53K->0K(3008K), 0.0005666 secs]70.924: [Tenured: 19634K->19634K(39240K), 0.0197240 secs] 19687K->19634K(42248K), 0.0204258 secs]
70.950: [Full GC 70.950: [Tenured: 23540K->23540K(39240K), 0.0200422 secs] 23540K->23540K(42248K), [Perm : 19K->19K(8192K)], 0.0201554 secs]
70.972: [Full GC 70.973: [Tenured: 23540K->11821K(39240K), 0.0409505 secs] 23594K->11821K(42248K), [Perm : 19K->19K(8192K)], 0.0410670 secs]
71.016: [GC 71.016: [DefNew: 53K->0K(3008K), 0.0004238 secs]71.016: [Tenured: 11821K->11821K(39240K), 0.0195259 secs] 11875K->11821K(42248K), 0.0200816 secs]
71.042: [GC 71.042: [DefNew: 53K->0K(3008K), 0.0004791 secs]71.043: [Tenured: 15728K->15728K(39240K), 0.0192804 secs] 15781K->15728K(42248K), 0.0198947 secs]
71.069: [GC 71.069: [DefNew: 53K->0K(3008K), 0.0005191 secs]71.070: [Tenured: 19634K->19634K(39240K), 0.0197983 secs] 19688K->19634K(42248K), 0.0204554 secs]
71.098: [Full GC 71.098: [Tenured: 23540K->23540K(39240K), 0.0344907 secs] 23540K->23540K(42248K), [Perm : 19K->19K(8192K)], 0.0346125 secs]
71.134: [Full GC 71.135: [Tenured: 23540K->11821K(39240K), 0.0404507 secs] 23594K->11821K(42248K), [Perm : 19K->19K(8192K)], 0.0405655 secs]
71.177: [GC 71.177: [DefNew: 53K->0K(3008K), 0.0004238 secs]71.178: [Tenured: 11821K->11821K(39240K), 0.0194634 secs] 11875K->11821K(42248K), 0.0200157 secs]
71.207: [GC 71.207: [DefNew: 53K->0K(3008K), 0.0004822 secs]71.208: [Tenured: 15728K->15728K(39240K), 0.0192010 secs] 15781K->15728K(42248K), 0.0198162 secs]
71.232: [GC 71.232: [DefNew: 53K->0K(3008K), 0.0005193 secs]71.233: [Tenured: 19634K->19634K(39240K), 0.0288869 secs] 19688K->19634K(42248K), 0.0295496 secs]
71.266: [Full GC 71.266: [Tenured: 23540K->23540K(39240K), 0.0191924 secs] 23540K->23540K(42248K), [Perm : 19K->19K(8192K)], 0.0192944 secs]
71.287: [Full GC 71.287: [Tenured: 23540K->11821K(39240K), 0.0400414 secs] 23594K->11821K(42248K), [Perm : 19K->19K(8192K)], 0.0401470 secs]
71.327: [GC 71.327: [DefNew: 53K->0K(3008K), 0.0004070 secs]71.328: [Tenured: 11821K->11821K(39240K), 0.0193541 secs] 11875K->11821K(42248K), 0.0198866 secs]
71.354: [GC 71.355: [DefNew: 53K->0K(3008K), 0.0004794 secs]71.355: [Tenured: 15728K->15727K(39240K), 0.0240958 secs] 15781K->15727K(42248K), 0.0247235 secs]
71.386: [GC 71.386: [DefNew: 53K->0K(3008K), 0.0005668 secs]71.387: [Tenured: 19634K->19634K(39240K), 0.0193039 secs] 19687K->19634K(42248K), 0.0200056 secs]
71.412: [Full GC 71.412: [Tenured: 23540K->23540K(39240K), 0.0200305 secs] 23540K->23540K(42248K), [Perm : 19K->19K(8192K)], 0.0201447 secs]
71.435: [Full GC 71.435: [Tenured: 23540K->11821K(39240K), 0.0404730 secs] 23594K->11821K(42248K), [Perm : 19K->19K(8192K)], 0.0405895 secs]
71.477: [GC 71.477: [DefNew: 53K->0K(3008K), 0.0004232 secs]71.478: [Tenured: 11821K->11821K(39240K), 0.0193195 secs] 11875K->11821K(42248K), 0.0198724 secs]
71.503: [GC 71.503: [DefNew: 53K->0K(3008K), 0.0004783 secs]71.503: [Tenured: 15727K->15727K(39240K), 0.0192139 secs] 15781K->15727K(42248K), 0.0198260 secs]
71.528: [GC 71.528: [DefNew: 53K->0K(3008K), 0.0005632 secs]71.528: [Tenured: 19634K->19634K(39240K), 0.0191086 secs] 19687K->19634K(42248K), 0.0198020 secs]
71.552: [Full GC 71.552: [Tenured: 23540K->23540K(39240K), 0.0194463 secs] 23540K->23540K(42248K), [Perm : 19K->19K(8192K)], 0.0195581 secs]
71.575: [Full GC 71.575: [Tenured: 23540K->11821K(39240K), 0.0401434 secs] 23594K->11821K(42248K), [Perm : 19K->19K(8192K)], 0.0402585 secs]
71.621: [GC 71.621: [DefNew: 53K->0K(3008K), 0.0004244 secs]71.621: [Tenured: 11821K->11821K(39240K), 0.0190927 secs] 11875K->11821K(42248K), 0.0196483 secs]
71.653: [GC 71.653: [DefNew: 53K->0K(3008K), 0.0004805 secs]71.654: [Tenured: 15728K->15728K(39240K), 0.0198726 secs] 15781K->15728K(42248K), 0.0204886 secs]
71.683: [GC 71.683: [DefNew: 53K->0K(3008K), 0.0005207 secs]71.683: [Tenured: 19634K->19634K(39240K), 0.0193977 secs] 19688K->19634K(42248K), 0.0200713 secs]
71.717: [Full GC 71.717: [Tenured: 23540K->23540K(39240K), 0.0345019 secs] 23540K->23540K(42248K), [Perm : 19K->19K(8192K)], 0.0346270 secs]
71.754: [Full GC 71.754: [Tenured: 23540K->11821K(39240K), 0.0402509 secs] 23594K->11821K(42248K), [Perm : 19K->19K(8192K)], 0.0403652 secs]
71.799: [GC 71.799: [DefNew: 53K->0K(3008K), 0.0004255 secs]71.800: [Tenured: 11821K->11821K(39240K), 0.0191083 secs] 11875K->11821K(42248K), 0.0196659 secs]
71.828: [GC 71.828: [DefNew: 53K->0K(3008K), 0.0004786 secs]71.829: [Tenured: 15728K->15728K(39240K), 0.0191899 secs] 15781K->15728K(42248K), 0.0198036 secs]
71.862: [GC 71.862: [DefNew: 53K->0K(3008K), 0.0005207 secs]71.862: [Tenured: 19634K->19634K(39240K), 0.0291333 secs] 19688K->19634K(42248K), 0.0298004 secs]
71.900: [Full GC 71.900: [Tenured: 23540K->23540K(39240K), 0.0196112 secs] 23540K->23540K(42248K), [Perm : 19K->19K(8192K)], 0.0197232 secs]
71.925: [Full GC 71.925: [Tenured: 23540K->11821K(39240K), 0.0398945 secs] 23594K->11821K(42248K), [Perm : 19K->19K(8192K)], 0.0400098 secs]
71.966: [GC 71.966: [DefNew: 53K->0K(3008K), 0.0004059 secs]71.966: [Tenured: 11821K->11821K(39240K), 0.0189072 secs] 11875K->11821K(42248K), 0.0194293 secs]
71.990: [GC 71.990: [DefNew: 53K->0K(3008K), 0.0004629 secs]71.990: [Tenured: 15728K->15728K(39240K), 0.0193653 secs] 15781K->15728K(42248K), 0.0199556 secs]
72.015: [GC 72.015: [DefNew: 53K->0K(3008K), 0.0005188 secs]72.015: [Tenured: 19634K->19634K(39240K), 0.0196489 secs] 19688K->19634K(42248K), 0.0203037 secs]
72.043: [Full GC 72.044: [Tenured: 23540K->23540K(39240K), 0.0193580 secs] 23540K->23540K(42248K), [Perm : 19K->19K(8192K)], 0.0194706 secs]
72.070: [Full GC 72.070: [Tenured: 23540K->11821K(39240K), 0.0400070 secs] 23594K->11821K(42248K), [Perm : 19K->19K(8192K)], 0.0401255 secs]
72.116: [GC 72.116: [DefNew: 53K->0K(3008K), 0.0004269 secs]72.116: [Tenured: 11821K->11821K(39240K), 0.0193304 secs] 11875K->11821K(42248K), 0.0198888 secs]
72.148: [GC 72.148: [DefNew: 53K->0K(3008K), 0.0004805 secs]72.148: [Tenured: 15727K->15727K(39240K), 0.0193935 secs] 15781K->15727K(42248K), 0.0200112 secs]
72.176: [GC 72.176: [DefNew: 53K->0K(3008K), 0.0005674 secs]72.177: [Tenured: 19634K->19634K(39240K), 0.0191139 secs] 19687K->19634K(42248K), 0.0198115 secs]
72.202: [Full GC 72.202: [Tenured: 23540K->23540K(39240K), 0.0193966 secs] 23540K->23540K(42248K), [Perm : 19K->19K(8192K)], 0.0195097 secs]
72.226: [Full GC 72.226: [Tenured: 23540K->11821K(39240K), 0.0399721 secs] 23594K->11821K(42248K), [Perm : 19K->19K(8192K)], 0.0400861 secs]
72.267: [GC 72.267: [DefNew: 53K->0K(3008K), 0.0004093 secs]72.268: [Tenured: 11821K->11821K(39240K), 0.0189091 secs] 11875K->11821K(42248K), 0.0194374 secs]
72.291: [GC 72.291: [DefNew: 53K->0K(3008K), 0.0004702 secs]72.292: [Tenured: 15728K->15728K(39240K), 0.0190183 secs] 15781K->15728K(42248K), 0.0196156 secs]
72.316: [GC 72.316: [DefNew: 53K->0K(3008K), 0.0005185 secs]72.317: [Tenured: 19634K->19634K(39240K), 0.0192485 secs] 19688K->19634K(42248K), 0.0198972 secs]
72.341: [Full GC 72.341: [Tenured: 23540K->23540K(39240K), 0.0338683 secs] 23540K->23540K(42248K), [Perm : 19K->19K(8192K)], 0.0339834 secs]
72.376: [Full GC 72.376: [Tenured: 23540K->11821K(39240K), 0.0400635 secs] 23594K->11821K(42248K), [Perm : 19K->19K(8192K)], 0.0401727 secs]
72.417: [GC 72.417: [DefNew: 53K->0K(3008K), 0.0004042 secs]72.417: [Tenured: 11821K->11821K(39240K), 0.0189189 secs] 11875K->11821K(42248K), 0.0194405 secs]
72.441: [GC 72.441: [DefNew: 53K->0K(3008K), 0.0004772 secs]72.442: [Tenured: 15728K->15728K(39240K), 0.0191712 secs] 15781K->15728K(42248K), 0.0197793 secs]
72.466: [GC 72.466: [DefNew: 53K->0K(3008K), 0.0005073 secs]72.466: [Tenured: 19634K->19634K(39240K), 0.0289070 secs] 19688K->19634K(42248K), 0.0295568 secs]
72.500: [Full GC 72.500: [Tenured: 23540K->23540K(39240K), 0.0192075 secs] 23540K->23540K(42248K), [Perm : 19K->19K(8192K)], 0.0193122 secs]
72.521: [Full GC 72.521: [Tenured: 23540K->11821K(39240K), 0.0400892 secs] 23594K->11821K(42248K), [Perm : 19K->19K(8192K)], 0.0401953 secs]
72.561: [GC 72.561: [DefNew: 53K->0K(3008K), 0.0004028 secs]72.562: [Tenured: 11821K->11821K(39240K), 0.0189004 secs] 11875K->11821K(42248K), 0.0194198 secs]
72.585: [GC 72.585: [DefNew: 53K->0K(3008K), 0.0004713 secs]72.586: [Tenured: 15728K->15728K(39240K), 0.0190602 secs] 15781K->15728K(42248K), 0.0196634 secs]
72.610: [GC 72.611: [DefNew: 53K->0K(3008K), 0.0005174 secs]72.611: [Tenured: 19634K->19634K(39240K), 0.0190968 secs] 19688K->19634K(42248K), 0.0197441 secs]
72.636: [Full GC 72.636: [Tenured: 23540K->23540K(39240K), 0.0193670 secs] 23540K->23540K(42248K), [Perm : 19K->19K(8192K)], 0.0194762 secs]
72.656: [Full GC 72.656: [Tenured: 23540K->11821K(39240K), 0.0400059 secs] 23594K->11821K(42248K), [Perm : 19K->19K(8192K)], 0.0401132 secs]
72.698: [GC 72.698: [DefNew: 53K->0K(3008K), 0.0004190 secs]72.698: [Tenured: 11821K->11821K(39240K), 0.0188954 secs] 11875K->11821K(42248K), 0.0194396 secs]
72.722: [GC 72.722: [DefNew: 53K->0K(3008K), 0.0004718 secs]72.723: [Tenured: 15727K->15727K(39240K), 0.0190161 secs] 15781K->15727K(42248K), 0.0196181 secs]
72.747: [GC 72.747: [DefNew: 53K->0K(3008K), 0.0005649 secs]72.748: [Tenured: 19634K->19634K(39240K), 0.0191030 secs] 19687K->19634K(42248K), 0.0197967 secs]
72.772: [Full GC 72.772: [Tenured: 23540K->23540K(39240K), 0.0191876 secs] 23540K->23540K(42248K), [Perm : 19K->19K(8192K)], 0.0192885 secs]
72.792: [Full GC 72.792: [Tenured: 23540K->11821K(39240K), 0.0400232 secs] 23594K->11821K(42248K), [Perm : 19K->19K(8192K)], 0.0401314 secs]
72.833: [GC 72.833: [DefNew: 53K->0K(3008K), 0.0004059 secs]72.833: [Tenured: 11821K->11821K(39240K), 0.0190524 secs] 11875K->11821K(42248K), 0.0195779 secs]
72.857: [GC 72.857: [DefNew: 53K->0K(3008K), 0.0004640 secs]72.857: [Tenured: 15728K->15728K(39240K), 0.0190225 secs] 15781K->15728K(42248K), 0.0196123 secs]
72.882: [GC 72.882: [DefNew: 53K->0K(3008K), 0.0005188 secs]72.882: [Tenured: 19634K->19634K(39240K), 0.0191784 secs] 19688K->19634K(42248K), 0.0198299 secs]
72.907: [Full GC 72.907: [Tenured: 23540K->23540K(39240K), 0.0338292 secs] 23540K->23540K(42248K), [Perm : 19K->19K(8192K)], 0.0339482 secs]
72.942: [Full GC 72.942: [Tenured: 23540K->11821K(39240K), 0.0399190 secs] 23594K->11821K(42248K), [Perm : 19K->19K(8192K)], 0.0400280 secs]
72.983: [GC 72.983: [DefNew: 53K->0K(3008K), 0.0004017 secs]72.983: [Tenured: 11821K->11821K(39240K), 0.0188999 secs] 11875K->11821K(42248K), 0.0194178 secs]
73.007: [GC 73.007: [DefNew: 53K->0K(3008K), 0.0004746 secs]73.008: [Tenured: 15728K->15728K(39240K), 0.0191033 secs] 15781K->15728K(42248K), 0.0197100 secs]
73.032: [GC 73.032: [DefNew: 53K->0K(3008K), 0.0005121 secs]73.032: [Tenured: 19634K->19634K(39240K), 0.0290735 secs] 19688K->19634K(42248K), 0.0297300 secs]
73.067: [Full GC 73.067: [Tenured: 23540K->23540K(39240K), 0.0191848 secs] 23540K->23540K(42248K), [Perm : 19K->19K(8192K)], 0.0192910 secs]
73.087: [Full GC 73.087: [Tenured: 23540K->11821K(39240K), 0.0399366 secs] 23594K->11821K(42248K), [Perm : 19K->19K(8192K)], 0.0400442 secs]
73.128: [GC 73.128: [DefNew: 53K->0K(3008K), 0.0004003 secs]73.128: [Tenured: 11821K->11821K(39240K), 0.0188896 secs] 11875K->11821K(42248K), 0.0194064 secs]
73.153: [GC 73.153: [DefNew: 53K->0K(3008K), 0.0004780 secs]73.153: [Tenured: 15728K->15728K(39240K), 0.0191787 secs] 15781K->15728K(42248K), 0.0197891 secs]
73.177: [GC 73.177: [DefNew: 53K->0K(3008K), 0.0005168 secs]73.178: [Tenured: 19634K->19634K(39240K), 0.0191245 secs] 19688K->19634K(42248K), 0.0197693 secs]
73.203: [Full GC 73.203: [Tenured: 23540K->23540K(39240K), 0.0195184 secs] 23540K->23540K(42248K), [Perm : 19K->19K(8192K)], 0.0196243 secs]
73.224: [Full GC 73.224: [Tenured: 23540K->11821K(39240K), 0.0399917 secs] 23594K->11821K(42248K), [Perm : 19K->19K(8192K)], 0.0400973 secs]
73.264: [GC 73.264: [DefNew: 53K->0K(3008K), 0.0004012 secs]73.265: [Tenured: 11821K->11821K(39240K), 0.0189102 secs] 11875K->11821K(42248K), 0.0194298 secs]
73.289: [GC 73.289: [DefNew: 53K->0K(3008K), 0.0004755 secs]73.289: [Tenured: 15727K->15727K(39240K), 0.0190996 secs] 15781K->15727K(42248K), 0.0197084 secs]
73.313: [GC 73.313: [DefNew: 53K->0K(3008K), 0.0005626 secs]73.314: [Tenured: 19634K->19634K(39240K), 0.0191049 secs] 19687K->19634K(42248K), 0.0197964 secs]
73.338: [Full GC 73.338: [Tenured: 23540K->23540K(39240K), 0.0192030 secs] 23540K->23540K(42248K), [Perm : 19K->19K(8192K)], 0.0193066 secs]
73.361: [Full GC 73.361: [Tenured: 23540K->11821K(39240K), 0.0396517 secs] 23594K->11821K(42248K), [Perm : 19K->19K(8192K)], 0.0397662 secs]
73.402: [GC 73.402: [DefNew: 53K->0K(3008K), 0.0004213 secs]73.402: [Tenured: 11821K->11821K(39240K), 0.0190658 secs] 11875K->11821K(42248K), 0.0196125 secs]
73.426: [GC 73.426: [DefNew: 53K->0K(3008K), 0.0004763 secs]73.427: [Tenured: 15728K->15728K(39240K), 0.0190186 secs] 15781K->15728K(42248K), 0.0196234 secs]
73.451: [GC 73.451: [DefNew: 53K->0K(3008K), 0.0005090 secs]73.452: [Tenured: 19634K->19634K(39240K), 0.0192580 secs] 19688K->19634K(42248K), 0.0198964 secs]
73.476: [Full GC 73.476: [Tenured: 23540K->23540K(39240K), 0.0339035 secs] 23540K->23540K(42248K), [Perm : 19K->19K(8192K)], 0.0340236 secs]
73.511: [Full GC 73.511: [Tenured: 23540K->11821K(39240K), 0.0398827 secs] 23594K->11821K(42248K), [Perm : 19K->19K(8192K)], 0.0399869 secs]
73.551: [GC 73.551: [DefNew: 53K->0K(3008K), 0.0003981 secs]73.552: [Tenured: 11821K->11821K(39240K), 0.0190485 secs] 11875K->11821K(42248K), 0.0195628 secs]
73.576: [GC 73.576: [DefNew: 53K->0K(3008K), 0.0004730 secs]73.576: [Tenured: 15728K->15728K(39240K), 0.0190150 secs] 15781K->15728K(42248K), 0.0196165 secs]
73.600: [GC 73.600: [DefNew: 53K->0K(3008K), 0.0005151 secs]73.601: [Tenured: 19634K->19634K(39240K), 0.0288361 secs] 19688K->19634K(42248K), 0.0294915 secs]
73.635: [Full GC 73.635: [Tenured: 23540K->23540K(39240K), 0.0191935 secs] 23540K->23540K(42248K), [Perm : 19K->19K(8192K)], 0.0192999 secs]
73.656: [Full GC 73.656: [Tenured: 23540K->11821K(39240K), 0.0399475 secs] 23594K->11821K(42248K), [Perm : 19K->19K(8192K)], 0.0400593 secs]
73.696: [GC 73.696: [DefNew: 53K->0K(3008K), 0.0003984 secs]73.696: [Tenured: 11821K->11821K(39240K), 0.0189795 secs] 11875K->11821K(42248K), 0.0194977 secs]
73.722: [GC 73.722: [DefNew: 53K->0K(3008K), 0.0004813 secs]73.722: [Tenured: 15728K->15727K(39240K), 0.0237885 secs] 15781K->15727K(42248K), 0.0244112 secs]
73.751: [GC 73.751: [DefNew: 53K->0K(3008K), 0.0005598 secs]73.752: [Tenured: 19634K->19634K(39240K), 0.0192578 secs] 19687K->19634K(42248K), 0.0199472 secs]
73.776: [Full GC 73.776: [Tenured: 23540K->23540K(39240K), 0.0191807 secs] 23540K->23540K(42248K), [Perm : 19K->19K(8192K)], 0.0192843 secs]
73.796: [Full GC 73.796: [Tenured: 23540K->11821K(39240K), 0.0398637 secs] 23594K->11821K(42248K), [Perm : 19K->19K(8192K)], 0.0399665 secs]
73.836: [GC 73.836: [DefNew: 53K->0K(3008K), 0.0003992 secs]73.837: [Tenured: 11821K->11821K(39240K), 0.0191049 secs] 11875K->11821K(42248K), 0.0196279 secs]
73.861: [GC 73.861: [DefNew: 53K->0K(3008K), 0.0004755 secs]73.861: [Tenured: 15728K->15728K(39240K), 0.0191798 secs] 15781K->15728K(42248K), 0.0197872 secs]
73.886: [GC 73.886: [DefNew: 53K->0K(3008K), 0.0005202 secs]73.887: [Tenured: 19634K->19634K(39240K), 0.0190985 secs] 19688K->19634K(42248K), 0.0197489 secs]
73.911: [Full GC 73.911: [Tenured: 23540K->23540K(39240K), 0.0192133 secs] 23540K->23540K(42248K), [Perm : 19K->19K(8192K)], 0.0193203 secs]
73.931: [Full GC 73.931: [Tenured: 23540K->11821K(39240K), 0.0399456 secs] 23594K->11821K(42248K), [Perm : 19K->19K(8192K)], 0.0400498 secs]
73.972: [GC 73.972: [DefNew: 53K->0K(3008K), 0.0004017 secs]73.972: [Tenured: 11821K->11821K(39240K), 0.0190491 secs] 11875K->11821K(42248K), 0.0195687 secs]
73.996: [GC 73.996: [DefNew: 53K->0K(3008K), 0.0004682 secs]73.996: [Tenured: 15728K->15728K(39240K), 0.0190153 secs] 15781K->15728K(42248K), 0.0196089 secs]
74.020: [GC 74.020: [DefNew: 53K->0K(3008K), 0.0005124 secs]74.021: [Tenured: 19634K->19634K(39240K), 0.0191175 secs] 19688K->19634K(42248K), 0.0197578 secs]
74.045: [Full GC 74.045: [Tenured: 23540K->23540K(39240K), 0.0339898 secs] 23540K->23540K(42248K), [Perm : 19K->19K(8192K)], 0.0341082 secs]
74.081: [Full GC 74.081: [Tenured: 23540K->11821K(39240K), 0.0396919 secs] 23594K->11821K(42248K), [Perm : 19K->19K(8192K)], 0.0398037 secs]
74.121: [GC 74.121: [DefNew: 53K->0K(3008K), 0.0004009 secs]74.122: [Tenured: 11821K->11821K(39240K), 0.0188996 secs] 11875K->11821K(42248K), 0.0194170 secs]
74.146: [GC 74.146: [DefNew: 53K->0K(3008K), 0.0004710 secs]74.147: [Tenured: 15728K->15728K(39240K), 0.0190751 secs] 15781K->15728K(42248K), 0.0196757 secs]
74.171: [GC 74.171: [DefNew: 53K->0K(3008K), 0.0005191 secs]74.172: [Tenured: 19634K->19634K(39240K), 0.0288640 secs] 19688K->19634K(42248K), 0.0295230 secs]
74.205: [Full GC 74.206: [Tenured: 23540K->23540K(39240K), 0.0191885 secs] 23540K->23540K(42248K), [Perm : 19K->19K(8192K)], 0.0192952 secs]
74.226: [Full GC 74.226: [Tenured: 23540K->11821K(39240K), 0.0399545 secs] 23594K->11821K(42248K), [Perm : 19K->19K(8192K)], 0.0400593 secs]
74.267: [GC 74.267: [DefNew: 53K->0K(3008K), 0.0004157 secs]74.267: [Tenured: 11821K->11821K(39240K), 0.0190387 secs] 11875K->11821K(42248K), 0.0195787 secs]
74.291: [GC 74.291: [DefNew: 53K->0K(3008K), 0.0004760 secs]74.292: [Tenured: 15728K->15727K(39240K), 0.0237536 secs] 15781K->15727K(42248K), 0.0243696 secs]
74.321: [GC 74.321: [DefNew: 53K->0K(3008K), 0.0005850 secs]74.322: [Tenured: 19634K->19634K(39240K), 0.0191058 secs] 19687K->19634K(42248K), 0.0198212 secs]
74.346: [Full GC 74.346: [Tenured: 23540K->23540K(39240K), 0.0191848 secs] 23540K->23540K(42248K), [Perm : 19K->19K(8192K)], 0.0192916 secs]
74.366: [Full GC 74.366: [Tenured: 23540K->11821K(39240K), 0.0400713 secs] 23594K->11821K(42248K), [Perm : 19K->19K(8192K)], 0.0401786 secs]
74.407: [GC 74.407: [DefNew: 53K->0K(3008K), 0.0004020 secs]74.407: [Tenured: 11821K->11821K(39240K), 0.0191033 secs] 11875K->11821K(42248K), 0.0196257 secs]
74.432: [GC 74.432: [DefNew: 53K->0K(3008K), 0.0004791 secs]74.432: [Tenured: 15728K->15728K(39240K), 0.0191474 secs] 15781K->15728K(42248K), 0.0197578 secs]
74.456: [GC 74.456: [DefNew: 53K->0K(3008K), 0.0005098 secs]74.457: [Tenured: 19634K->19634K(39240K), 0.0191125 secs] 19688K->19634K(42248K), 0.0197517 secs]
74.481: [Full GC 74.481: [Tenured: 23540K->23540K(39240K), 0.0193812 secs] 23540K->23540K(42248K), [Perm : 19K->19K(8192K)], 0.0194907 secs]
74.501: [Full GC 74.502: [Tenured: 23540K->11821K(39240K), 0.0400034 secs] 23594K->11821K(42248K), [Perm : 19K->19K(8192K)], 0.0401104 secs]
74.542: [GC 74.542: [DefNew: 53K->0K(3008K), 0.0004034 secs]74.542: [Tenured: 11821K->11821K(39240K), 0.0188943 secs] 11875K->11821K(42248K), 0.0194142 secs]
74.566: [GC 74.566: [DefNew: 53K->0K(3008K), 0.0004607 secs]74.567: [Tenured: 15727K->15727K(39240K), 0.0190108 secs] 15781K->15727K(42248K), 0.0195966 secs]
74.591: [GC 74.591: [DefNew: 53K->0K(3008K), 0.0005632 secs]74.591: [Tenured: 19634K->19634K(39240K), 0.0191586 secs] 19687K->19634K(42248K), 0.0198536 secs]
74.615: [Full GC 74.615: [Tenured: 23540K->23540K(39240K), 0.0192195 secs] 23540K->23540K(42248K), [Perm : 19K->19K(8192K)], 0.0193215 secs]
74.638: [Full GC 74.638: [Tenured: 23540K->11821K(39240K), 0.0399816 secs] 23594K->11821K(42248K), [Perm : 19K->19K(8192K)], 0.0400962 secs]
74.679: [GC 74.679: [DefNew: 53K->0K(3008K), 0.0004227 secs]74.680: [Tenured: 11821K->11821K(39240K), 0.0191061 secs] 11875K->11821K(42248K), 0.0196556 secs]
74.704: [GC 74.704: [DefNew: 53K->0K(3008K), 0.0004665 secs]74.704: [Tenured: 15728K->15728K(39240K), 0.0190192 secs] 15781K->15728K(42248K), 0.0196120 secs]
74.729: [GC 74.729: [DefNew: 53K->0K(3008K), 0.0005149 secs]74.729: [Tenured: 19634K->19634K(39240K), 0.0288065 secs] 19688K->19634K(42248K), 0.0294582 secs]
74.765: [Full GC 74.765: [Tenured: 23540K->23540K(39240K), 0.0192136 secs] 23540K->23540K(42248K), [Perm : 19K->19K(8192K)], 0.0193240 secs]
74.786: [Full GC 74.786: [Tenured: 23540K->11821K(39240K), 0.0397615 secs] 23594K->11821K(42248K), [Perm : 19K->19K(8192K)], 0.0398771 secs]
74.826: [GC 74.827: [DefNew: 53K->0K(3008K), 0.0004042 secs]74.827: [Tenured: 11821K->11821K(39240K), 0.0189136 secs] 11875K->11821K(42248K), 0.0194363 secs]
74.851: [GC 74.851: [DefNew: 53K->0K(3008K), 0.0004654 secs]74.851: [Tenured: 15728K->15728K(39240K), 0.0192309 secs] 15781K->15728K(42248K), 0.0198268 secs]
74.875: [GC 74.875: [DefNew: 53K->0K(3008K), 0.0005140 secs]74.876: [Tenured: 19634K->19634K(39240K), 0.0191209 secs] 19688K->19634K(42248K), 0.0197640 secs]
74.900: [Full GC 74.900: [Tenured: 23540K->23540K(39240K), 0.0191703 secs] 23540K->23540K(42248K), [Perm : 19K->19K(8192K)], 0.0192765 secs]
74.921: [Full GC 74.921: [Tenured: 23540K->11821K(39240K), 0.0400235 secs] 23594K->11821K(42248K), [Perm : 19K->19K(8192K)], 0.0401328 secs]
74.962: [GC 74.962: [DefNew: 53K->0K(3008K), 0.0004299 secs]74.963: [Tenured: 11821K->11821K(39240K), 0.0188879 secs] 11875K->11821K(42248K), 0.0194371 secs]
74.986: [GC 74.986: [DefNew: 53K->0K(3008K), 0.0004741 secs]74.987: [Tenured: 15727K->15727K(39240K), 0.0191815 secs] 15781K->15727K(42248K), 0.0197872 secs]
75.011: [GC 75.011: [DefNew: 53K->0K(3008K), 0.0005607 secs]75.012: [Tenured: 19634K->19634K(39240K), 0.0190957 secs] 19687K->19634K(42248K), 0.0197852 secs]
75.036: [Full GC 75.036: [Tenured: 23540K->23540K(39240K), 0.0191860 secs] 23540K->23540K(42248K), [Perm : 19K->19K(8192K)], 0.0192932 secs]
75.057: [Full GC 75.057: [Tenured: 23540K->11821K(39240K), 0.0399218 secs] 23594K->11821K(42248K), [Perm : 19K->19K(8192K)], 0.0400291 secs]
75.097: [GC 75.097: [DefNew: 53K->0K(3008K), 0.0004020 secs]75.097: [Tenured: 11821K->11821K(39240K), 0.0190650 secs] 11875K->11821K(42248K), 0.0195866 secs]
75.122: [GC 75.122: [DefNew: 53K->0K(3008K), 0.0004744 secs]75.122: [Tenured: 15728K->15728K(39240K), 0.0190267 secs] 15781K->15728K(42248K), 0.0196304 secs]
75.146: [GC 75.146: [DefNew: 53K->0K(3008K), 0.0005171 secs]75.147: [Tenured: 19634K->19634K(39240K), 0.0191619 secs] 19688K->19634K(42248K), 0.0198092 secs]
75.172: [Full GC 75.172: [Tenured: 23540K->23540K(39240K), 0.0339649 secs] 23540K->23540K(42248K), [Perm : 19K->19K(8192K)], 0.0340845 secs]
75.207: [Full GC 75.207: [Tenured: 23540K->11821K(39240K), 0.0399517 secs] 23594K->11821K(42248K), [Perm : 19K->19K(8192K)], 0.0400590 secs]
75.247: [GC 75.247: [DefNew: 53K->0K(3008K), 0.0004020 secs]75.248: [Tenured: 11821K->11821K(39240K), 0.0188865 secs] 11875K->11821K(42248K), 0.0194058 secs]
75.272: [GC 75.272: [DefNew: 53K->0K(3008K), 0.0004623 secs]75.272: [Tenured: 15727K->15727K(39240K), 0.0191044 secs] 15781K->15727K(42248K), 0.0196961 secs]
75.297: [GC 75.297: [DefNew: 53K->0K(3008K), 0.0005649 secs]75.298: [Tenured: 19634K->19634K(39240K), 0.0192544 secs] 19687K->19634K(42248K), 0.0199503 secs]
75.323: [Full GC 75.323: [Tenured: 23540K->23540K(39240K), 0.0194966 secs] 23540K->23540K(42248K), [Perm : 19K->19K(8192K)], 0.0196014 secs]
75.344: [Full GC 75.344: [Tenured: 23540K->11821K(39240K), 0.0396377 secs] 23594K->11821K(42248K), [Perm : 19K->19K(8192K)], 0.0397481 secs]
75.384: [GC 75.384: [DefNew: 53K->0K(3008K), 0.0004054 secs]75.385: [Tenured: 11821K->11821K(39240K), 0.0189013 secs] 11875K->11821K(42248K), 0.0194240 secs]
75.408: [GC 75.408: [DefNew: 53K->0K(3008K), 0.0004643 secs]75.409: [Tenured: 15728K->15727K(39240K), 0.0239977 secs] 15781K->15727K(42248K), 0.0246068 secs]
75.438: [GC 75.438: [DefNew: 53K->0K(3008K), 0.0005649 secs]75.439: [Tenured: 19634K->19634K(39240K), 0.0192541 secs] 19687K->19634K(42248K), 0.0199492 secs]
75.463: [Full GC 75.463: [Tenured: 23540K->23540K(39240K), 0.0192066 secs] 23540K->23540K(42248K), [Perm : 19K->19K(8192K)], 0.0193131 secs]
75.484: [Full GC 75.484: [Tenured: 23540K->11821K(39240K), 0.0401314 secs] 23594K->11821K(42248K), [Perm : 19K->19K(8192K)], 0.0402451 secs]
75.525: [GC 75.525: [DefNew: 53K->0K(3008K), 0.0004037 secs]75.525: [Tenured: 11821K->11821K(39240K), 0.0189060 secs] 11875K->11821K(42248K), 0.0194268 secs]
75.549: [GC 75.549: [DefNew: 53K->0K(3008K), 0.0004640 secs]75.549: [Tenured: 15728K->15728K(39240K), 0.0190102 secs] 15781K->15728K(42248K), 0.0196167 secs]
75.574: [GC 75.574: [DefNew: 53K->0K(3008K), 0.0005188 secs]75.574: [Tenured: 19634K->19634K(39240K), 0.0191167 secs] 19688K->19634K(42248K), 0.0197670 secs]
75.598: [Full GC 75.598: [Tenured: 23540K->23540K(39240K), 0.0191927 secs] 23540K->23540K(42248K), [Perm : 19K->19K(8192K)], 0.0192983 secs]
75.619: [Full GC 75.619: [Tenured: 23540K->11821K(39240K), 0.0400375 secs] 23594K->11821K(42248K), [Perm : 19K->19K(8192K)], 0.0401445 secs]
75.659: [GC 75.659: [DefNew: 53K->0K(3008K), 0.0004003 secs]75.660: [Tenured: 11821K->11821K(39240K), 0.0188921 secs] 11875K->11821K(42248K), 0.0194092 secs]
75.683: [GC 75.683: [DefNew: 53K->0K(3008K), 0.0004610 secs]75.684: [Tenured: 15728K->15728K(39240K), 0.0190281 secs] 15781K->15728K(42248K), 0.0196162 secs]
75.708: [GC 75.708: [DefNew: 53K->0K(3008K), 0.0005199 secs]75.709: [Tenured: 19634K->19634K(39240K), 0.0193293 secs] 19688K->19634K(42248K), 0.0199813 secs]
75.734: [Full GC 75.734: [Tenured: 23540K->23540K(39240K), 0.0337987 secs] 23540K->23540K(42248K), [Perm : 19K->19K(8192K)], 0.0339155 secs]
75.768: [Full GC 75.768: [Tenured: 23540K->11821K(39240K), 0.0399406 secs] 23594K->11821K(42248K), [Perm : 19K->19K(8192K)], 0.0400475 secs]
75.810: [GC 75.810: [DefNew: 53K->0K(3008K), 0.0004213 secs]75.810: [Tenured: 11821K->11821K(39240K), 0.0190499 secs] 11875K->11821K(42248K), 0.0195966 secs]
75.834: [GC 75.834: [DefNew: 53K->0K(3008K), 0.0004629 secs]75.835: [Tenured: 15728K->15728K(39240K), 0.0190859 secs] 15781K->15728K(42248K), 0.0196768 secs]
75.858: [GC 75.858: [DefNew: 53K->0K(3008K), 0.0005051 secs]75.859: [Tenured: 19634K->19634K(39240K), 0.0289361 secs] 19688K->19634K(42248K), 0.0295755 secs]
75.893: [Full GC 75.893: [Tenured: 23540K->23540K(39240K), 0.0191840 secs] 23540K->23540K(42248K), [Perm : 19K->19K(8192K)], 0.0192854 secs]
75.913: [Full GC 75.913: [Tenured: 23540K->11821K(39240K), 0.0399847 secs] 23594K->11821K(42248K), [Perm : 19K->19K(8192K)], 0.0400950 secs]
75.954: [GC 75.954: [DefNew: 53K->0K(3008K), 0.0004098 secs]75.955: [Tenured: 11821K->11821K(39240K), 0.0189091 secs] 11875K->11821K(42248K), 0.0194385 secs]
75.979: [GC 75.979: [DefNew: 53K->0K(3008K), 0.0004791 secs]75.979: [Tenured: 15728K->15727K(39240K), 0.0237399 secs] 15781K->15727K(42248K), 0.0243584 secs]
76.008: [GC 76.008: [DefNew: 53K->0K(3008K), 0.0005531 secs]76.009: [Tenured: 19634K->19634K(39240K), 0.0192703 secs] 19687K->19634K(42248K), 0.0199525 secs]
76.033: [Full GC 76.033: [Tenured: 23540K->23540K(39240K), 0.0191988 secs] 23540K->23540K(42248K), [Perm : 19K->19K(8192K)], 0.0193052 secs]
76.057: [Full GC 76.057: [Tenured: 23540K->11821K(39240K), 0.0398998 secs] 23594K->11821K(42248K), [Perm : 19K->19K(8192K)], 0.0400096 secs]
76.097: [GC 76.097: [DefNew: 53K->0K(3008K), 0.0003984 secs]76.097: [Tenured: 11821K->11821K(39240K), 0.0188943 secs] 11875K->11821K(42248K), 0.0194069 secs]
76.121: [GC 76.121: [DefNew: 53K->0K(3008K), 0.0004649 secs]76.122: [Tenured: 15727K->15727K(39240K), 0.0190091 secs] 15781K->15727K(42248K), 0.0196003 secs]
76.146: [GC 76.146: [DefNew: 53K->0K(3008K), 0.0005534 secs]76.146: [Tenured: 19634K->19634K(39240K), 0.0192304 secs] 19687K->19634K(42248K), 0.0199140 secs]
76.170: [Full GC 76.171: [Tenured: 23540K->23540K(39240K), 0.0191890 secs] 23540K->23540K(42248K), [Perm : 19K->19K(8192K)], 0.0192946 secs]
76.191: [Full GC 76.191: [Tenured: 23540K->11821K(39240K), 0.0400216 secs] 23594K->11821K(42248K), [Perm : 19K->19K(8192K)], 0.0401272 secs]
76.232: [GC 76.232: [DefNew: 53K->0K(3008K), 0.0004146 secs]76.232: [Tenured: 11821K->11821K(39240K), 0.0188909 secs] 11875K->11821K(42248K), 0.0194251 secs]
76.256: [GC 76.256: [DefNew: 53K->0K(3008K), 0.0004660 secs]76.256: [Tenured: 15728K->15728K(39240K), 0.0190586 secs] 15781K->15728K(42248K), 0.0196522 secs]
76.280: [GC 76.280: [DefNew: 53K->0K(3008K), 0.0005135 secs]76.281: [Tenured: 19634K->19634K(39240K), 0.0191013 secs] 19688K->19634K(42248K), 0.0197430 secs]
76.305: [Full GC 76.305: [Tenured: 23540K->23540K(39240K), 0.0340250 secs] 23540K->23540K(42248K), [Perm : 19K->19K(8192K)], 0.0341426 secs]
76.341: [Full GC 76.341: [Tenured: 23540K->11821K(39240K), 0.0399003 secs] 23594K->11821K(42248K), [Perm : 19K->19K(8192K)], 0.0400079 secs]
76.381: [GC 76.381: [DefNew: 53K->0K(3008K), 0.0004003 secs]76.382: [Tenured: 11821K->11821K(39240K), 0.0190058 secs] 11875K->11821K(42248K), 0.0195273 secs]
76.406: [GC 76.406: [DefNew: 53K->0K(3008K), 0.0004746 secs]76.406: [Tenured: 15728K->15728K(39240K), 0.0192052 secs] 15781K->15728K(42248K), 0.0198131 secs]
76.430: [GC 76.431: [DefNew: 53K->0K(3008K), 0.0005339 secs]76.431: [Tenured: 19634K->19634K(39240K), 0.0193745 secs] 19688K->19634K(42248K), 0.0200394 secs]
76.455: [Full GC 76.455: [Tenured: 23540K->23540K(39240K), 0.0191888 secs] 23540K->23540K(42248K), [Perm : 19K->19K(8192K)], 0.0192952 secs]
76.476: [Full GC 76.476: [Tenured: 23540K->11821K(39240K), 0.0400255 secs] 23594K->11821K(42248K), [Perm : 19K->19K(8192K)], 0.0401339 secs]
76.516: [GC 76.516: [DefNew: 53K->0K(3008K), 0.0004014 secs]76.517: [Tenured: 11821K->11821K(39240K), 0.0190583 secs] 11875K->11821K(42248K), 0.0195790 secs]
76.541: [GC 76.541: [DefNew: 53K->0K(3008K), 0.0004786 secs]76.542: [Tenured: 15728K->15727K(39240K), 0.0237368 secs] 15781K->15727K(42248K), 0.0243548 secs]
76.570: [GC 76.570: [DefNew: 53K->0K(3008K), 0.0005548 secs]76.571: [Tenured: 19634K->19634K(39240K), 0.0191837 secs] 19687K->19634K(42248K), 0.0198693 secs]
76.595: [Full GC 76.595: [Tenured: 23540K->23540K(39240K), 0.0191935 secs] 23540K->23540K(42248K), [Perm : 19K->19K(8192K)], 0.0192991 secs]
76.615: [Full GC 76.615: [Tenured: 23540K->11821K(39240K), 0.0400649 secs] 23594K->11821K(42248K), [Perm : 19K->19K(8192K)], 0.0401707 secs]
76.657: [GC 76.657: [DefNew: 53K->0K(3008K), 0.0004151 secs]76.657: [Tenured: 11821K->11821K(39240K), 0.0189519 secs] 11875K->11821K(42248K), 0.0194891 secs]
76.681: [GC 76.681: [DefNew: 53K->0K(3008K), 0.0004654 secs]76.681: [Tenured: 15727K->15727K(39240K), 0.0190628 secs] 15781K->15727K(42248K), 0.0196584 secs]
76.705: [GC 76.705: [DefNew: 53K->0K(3008K), 0.0005526 secs]76.706: [Tenured: 19634K->19634K(39240K), 0.0190901 secs] 19687K->19634K(42248K), 0.0197682 secs]
76.730: [Full GC 76.730: [Tenured: 23540K->23540K(39240K), 0.0191837 secs] 23540K->23540K(42248K), [Perm : 19K->19K(8192K)], 0.0192910 secs]
76.750: [Full GC 76.750: [Tenured: 23540K->11821K(39240K), 0.0399425 secs] 23594K->11821K(42248K), [Perm : 19K->19K(8192K)], 0.0400484 secs]
76.791: [GC 76.791: [DefNew: 53K->0K(3008K), 0.0004182 secs]76.792: [Tenured: 11821K->11821K(39240K), 0.0188963 secs] 11875K->11821K(42248K), 0.0194349 secs]
76.816: [GC 76.816: [DefNew: 53K->0K(3008K), 0.0004674 secs]76.816: [Tenured: 15728K->15728K(39240K), 0.0190158 secs] 15781K->15728K(42248K), 0.0196103 secs]
76.842: [GC 76.842: [DefNew: 53K->0K(3008K), 0.0005205 secs]76.842: [Tenured: 19634K->19634K(39240K), 0.0191147 secs] 19688K->19634K(42248K), 0.0197648 secs]
76.867: [Full GC 76.867: [Tenured: 23540K->23540K(39240K), 0.0341772 secs] 23540K->23540K(42248K), [Perm : 19K->19K(8192K)], 0.0342951 secs]
76.903: [Full GC 76.903: [Tenured: 23540K->11821K(39240K), 0.0401330 secs] 23594K->11821K(42248K), [Perm : 19K->19K(8192K)], 0.0402439 secs]
76.944: [GC 76.944: [DefNew: 53K->0K(3008K), 0.0004006 secs]76.944: [Tenured: 11821K->11821K(39240K), 0.0193363 secs] 11875K->11821K(42248K), 0.0198648 secs]
76.969: [GC 76.969: [DefNew: 53K->0K(3008K), 0.0004805 secs]76.969: [Tenured: 15728K->15728K(39240K), 0.0190161 secs] 15781K->15728K(42248K), 0.0196274 secs]
76.994: [GC 76.994: [DefNew: 53K->0K(3008K), 0.0005118 secs]76.995: [Tenured: 19634K->19634K(39240K), 0.0288109 secs] 19688K->19634K(42248K), 0.0294593 secs]
77.029: [Full GC 77.029: [Tenured: 23540K->23540K(39240K), 0.0195061 secs] 23540K->23540K(42248K), [Perm : 19K->19K(8192K)], 0.0196114 secs]
77.049: [Full GC 77.050: [Tenured: 23540K->11821K(39240K), 0.0399850 secs] 23594K->11821K(42248K), [Perm : 19K->19K(8192K)], 0.0400956 secs]
77.091: [GC 77.091: [DefNew: 53K->0K(3008K), 0.0004241 secs]77.092: [Tenured: 11821K->11821K(39240K), 0.0188999 secs] 11875K->11821K(42248K), 0.0194670 secs]
77.116: [GC 77.116: [DefNew: 53K->0K(3008K), 0.0004780 secs]77.116: [Tenured: 15728K->15727K(39240K), 0.0237871 secs] 15781K->15727K(42248K), 0.0244070 secs]
77.145: [GC 77.145: [DefNew: 53K->0K(3008K), 0.0005607 secs]77.146: [Tenured: 19634K->19634K(39240K), 0.0194874 secs] 19687K->19634K(42248K), 0.0201883 secs]
77.170: [Full GC 77.171: [Tenured: 23540K->23540K(39240K), 0.0194469 secs] 23540K->23540K(42248K), [Perm : 19K->19K(8192K)], 0.0195597 secs]
77.216: [Full GC 77.216: [Tenured: 23540K->11821K(39240K), 0.0400892 secs] 23594K->11821K(42248K), [Perm : 19K->19K(8192K)], 0.0402020 secs]
77.257: [GC 77.257: [DefNew: 53K->0K(3008K), 0.0004070 secs]77.257: [Tenured: 11821K->11821K(39240K), 0.0189264 secs] 11875K->11821K(42248K), 0.0194530 secs]
77.283: [GC 77.283: [DefNew: 53K->0K(3008K), 0.0004777 secs]77.284: [Tenured: 15727K->15727K(39240K), 0.0190136 secs] 15781K->15727K(42248K), 0.0196223 secs]
77.311: [GC 77.311: [DefNew: 53K->0K(3008K), 0.0005660 secs]77.311: [Tenured: 19634K->19634K(39240K), 0.0191021 secs] 19687K->19634K(42248K), 0.0197958 secs]
77.335: [Full GC 77.335: [Tenured: 23540K->23540K(39240K), 0.0196726 secs] 23540K->23540K(42248K), [Perm : 19K->19K(8192K)], 0.0197818 secs]
77.360: [Full GC 77.360: [Tenured: 23540K->11821K(39240K), 0.0399626 secs] 23594K->11821K(42248K), [Perm : 19K->19K(8192K)], 0.0400769 secs]
77.400: [GC 77.400: [DefNew: 53K->0K(3008K), 0.0004034 secs]77.401: [Tenured: 11821K->11821K(39240K), 0.0190709 secs] 11875K->11821K(42248K), 0.0195961 secs]
77.425: [GC 77.425: [DefNew: 53K->0K(3008K), 0.0004772 secs]77.425: [Tenured: 15728K->15728K(39240K), 0.0190153 secs] 15781K->15728K(42248K), 0.0196229 secs]
77.450: [GC 77.450: [DefNew: 53K->0K(3008K), 0.0005182 secs]77.450: [Tenured: 19634K->19634K(39240K), 0.0191223 secs] 19688K->19634K(42248K), 0.0197726 secs]
77.475: [Full GC 77.475: [Tenured: 23540K->23540K(39240K), 0.0338691 secs] 23540K->23540K(42248K), [Perm : 19K->19K(8192K)], 0.0339892 secs]
77.510: [Full GC 77.510: [Tenured: 23540K->11821K(39240K), 0.0398769 secs] 23594K->11821K(42248K), [Perm : 19K->19K(8192K)], 0.0399827 secs]
77.551: [GC 77.551: [DefNew: 53K->0K(3008K), 0.0004014 secs]77.551: [Tenured: 11821K->11821K(39240K), 0.0189013 secs] 11875K->11821K(42248K), 0.0194198 secs]
77.575: [GC 77.575: [DefNew: 53K->0K(3008K), 0.0004769 secs]77.576: [Tenured: 15728K->15728K(39240K), 0.0190186 secs] 15781K->15728K(42248K), 0.0196251 secs]
77.600: [GC 77.600: [DefNew: 53K->0K(3008K), 0.0005126 secs]77.600: [Tenured: 19634K->19634K(39240K), 0.0288444 secs] 19688K->19634K(42248K), 0.0294937 secs]
77.635: [Full GC 77.635: [Tenured: 23540K->23540K(39240K), 0.0191773 secs] 23540K->23540K(42248K), [Perm : 19K->19K(8192K)], 0.0192840 secs]
77.655: [Full GC 77.655: [Tenured: 23540K->11821K(39240K), 0.0398308 secs] 23594K->11821K(42248K), [Perm : 19K->19K(8192K)], 0.0399375 secs]
77.695: [GC 77.695: [DefNew: 53K->0K(3008K), 0.0004012 secs]77.696: [Tenured: 11821K->11821K(39240K), 0.0190588 secs] 11875K->11821K(42248K), 0.0195841 secs]
77.720: [GC 77.720: [DefNew: 53K->0K(3008K), 0.0004777 secs]77.720: [Tenured: 15728K->15727K(39240K), 0.0237564 secs] 15781K->15727K(42248K), 0.0243727 secs]
77.749: [GC 77.749: [DefNew: 53K->0K(3008K), 0.0005610 secs]77.750: [Tenured: 19634K->19634K(39240K), 0.0192499 secs] 19687K->19634K(42248K), 0.0199425 secs]
77.774: [Full GC 77.774: [Tenured: 23540K->23540K(39240K), 0.0192801 secs] 23540K->23540K(42248K), [Perm : 19K->19K(8192K)], 0.0193860 secs]
77.794: [Full GC 77.795: [Tenured: 23540K->11821K(39240K), 0.0398486 secs] 23594K->11821K(42248K), [Perm : 19K->19K(8192K)], 0.0399520 secs]
77.835: [GC 77.835: [DefNew: 53K->0K(3008K), 0.0003967 secs]77.835: [Tenured: 11821K->11821K(39240K), 0.0189851 secs] 11875K->11821K(42248K), 0.0195002 secs]
77.860: [GC 77.860: [DefNew: 53K->0K(3008K), 0.0004783 secs]77.861: [Tenured: 15727K->15727K(39240K), 0.0191603 secs] 15781K->15727K(42248K), 0.0197693 secs]
77.885: [GC 77.885: [DefNew: 53K->0K(3008K), 0.0005585 secs]77.886: [Tenured: 19634K->19634K(39240K), 0.0191228 secs] 19687K->19634K(42248K), 0.0198288 secs]
77.910: [Full GC 77.910: [Tenured: 23540K->23540K(39240K), 0.0192033 secs] 23540K->23540K(42248K), [Perm : 19K->19K(8192K)], 0.0193103 secs]
77.930: [Full GC 77.930: [Tenured: 23540K->11821K(39240K), 0.0401272 secs] 23594K->11821K(42248K), [Perm : 19K->19K(8192K)], 0.0402364 secs]
77.971: [GC 77.971: [DefNew: 53K->0K(3008K), 0.0004003 secs]77.971: [Tenured: 11821K->11821K(39240K), 0.0189038 secs] 11875K->11821K(42248K), 0.0194226 secs]
77.995: [GC 77.995: [DefNew: 53K->0K(3008K), 0.0004752 secs]77.996: [Tenured: 15728K->15728K(39240K), 0.0190415 secs] 15781K->15728K(42248K), 0.0196477 secs]
78.021: [GC 78.021: [DefNew: 53K->0K(3008K), 0.0005179 secs]78.021: [Tenured: 19634K->19634K(39240K), 0.0191516 secs] 19688K->19634K(42248K), 0.0198022 secs]
78.045: [Full GC 78.045: [Tenured: 23540K->23540K(39240K), 0.0341786 secs] 23540K->23540K(42248K), [Perm : 19K->19K(8192K)], 0.0342979 secs]
78.083: [Full GC 78.083: [Tenured: 23540K->11821K(39240K), 0.0402741 secs] 23594K->11821K(42248K), [Perm : 19K->19K(8192K)], 0.0403917 secs]
78.124: [GC 78.125: [DefNew: 53K->0K(3008K), 0.0004244 secs]78.125: [Tenured: 11821K->11821K(39240K), 0.0190558 secs] 11875K->11821K(42248K), 0.0196098 secs]
78.150: [GC 78.150: [DefNew: 53K->0K(3008K), 0.0004732 secs]78.151: [Tenured: 15728K->15728K(39240K), 0.0189873 secs] 15781K->15728K(42248K), 0.0195894 secs]
78.175: [GC 78.175: [DefNew: 53K->0K(3008K), 0.0005140 secs]78.176: [Tenured: 19634K->19634K(39240K), 0.0288232 secs] 19688K->19634K(42248K), 0.0294744 secs]
78.209: [Full GC 78.209: [Tenured: 23540K->23540K(39240K), 0.0193234 secs] 23540K->23540K(42248K), [Perm : 19K->19K(8192K)], 0.0194296 secs]
78.230: [Full GC 78.230: [Tenured: 23540K->11821K(39240K), 0.0398671 secs] 23594K->11821K(42248K), [Perm : 19K->19K(8192K)], 0.0399718 secs]
78.270: [GC 78.270: [DefNew: 53K->0K(3008K), 0.0004003 secs]78.271: [Tenured: 11821K->11821K(39240K), 0.0190460 secs] 11875K->11821K(42248K), 0.0195651 secs]
78.295: [GC 78.295: [DefNew: 53K->0K(3008K), 0.0004724 secs]78.295: [Tenured: 15728K->15727K(39240K), 0.0237360 secs] 15781K->15727K(42248K), 0.0243447 secs]
78.324: [GC 78.324: [DefNew: 53K->0K(3008K), 0.0005615 secs]78.325: [Tenured: 19634K->19634K(39240K), 0.0191382 secs] 19687K->19634K(42248K), 0.0198299 secs]
78.349: [Full GC 78.349: [Tenured: 23540K->23540K(39240K), 0.0192013 secs] 23540K->23540K(42248K), [Perm : 19K->19K(8192K)], 0.0193086 secs]
78.371: [Full GC 78.371: [Tenured: 23540K->11821K(39240K), 0.0398534 secs] 23594K->11821K(42248K), [Perm : 19K->19K(8192K)], 0.0399635 secs]
78.411: [GC 78.411: [DefNew: 53K->0K(3008K), 0.0004056 secs]78.412: [Tenured: 11821K->11821K(39240K), 0.0190558 secs] 11875K->11821K(42248K), 0.0195829 secs]
78.436: [GC 78.436: [DefNew: 53K->0K(3008K), 0.0004763 secs]78.436: [Tenured: 15728K->15728K(39240K), 0.0191686 secs] 15781K->15728K(42248K), 0.0197774 secs]
78.460: [GC 78.460: [DefNew: 53K->0K(3008K), 0.0005129 secs]78.461: [Tenured: 19634K->19634K(39240K), 0.0192765 secs] 19688K->19634K(42248K), 0.0199201 secs]
78.485: [Full GC 78.485: [Tenured: 23540K->23540K(39240K), 0.0192189 secs] 23540K->23540K(42248K), [Perm : 19K->19K(8192K)], 0.0193259 secs]
78.505: [Full GC 78.505: [Tenured: 23540K->11821K(39240K), 0.0399517 secs] 23594K->11821K(42248K), [Perm : 19K->19K(8192K)], 0.0400551 secs]
78.546: [GC 78.546: [DefNew: 53K->0K(3008K), 0.0003987 secs]78.546: [Tenured: 11821K->11821K(39240K), 0.0189136 secs] 11875K->11821K(42248K), 0.0194298 secs]
78.570: [GC 78.570: [DefNew: 53K->0K(3008K), 0.0004713 secs]78.570: [Tenured: 15727K->15727K(39240K), 0.0192005 secs] 15781K->15727K(42248K), 0.0198028 secs]
78.594: [GC 78.595: [DefNew: 53K->0K(3008K), 0.0005523 secs]78.595: [Tenured: 19634K->19634K(39240K), 0.0190966 secs] 19687K->19634K(42248K), 0.0197737 secs]
78.621: [Full GC 78.621: [Tenured: 23540K->23540K(39240K), 0.0195083 secs] 23540K->23540K(42248K), [Perm : 19K->19K(8192K)], 0.0196131 secs]
78.642: [Full GC 78.642: [Tenured: 23540K->11821K(39240K), 0.0399243 secs] 23594K->11821K(42248K), [Perm : 19K->19K(8192K)], 0.0400501 secs]
78.683: [GC 78.684: [DefNew: 53K->0K(3008K), 0.0005615 secs]78.684: [Tenured: 11821K->11821K(39240K), 0.0188893 secs] 11875K->11821K(42248K), 0.0195748 secs]
78.708: [GC 78.708: [DefNew: 53K->0K(3008K), 0.0004610 secs]78.708: [Tenured: 15728K->15728K(39240K), 0.0190197 secs] 15781K->15728K(42248K), 0.0196061 secs]
78.732: [GC 78.732: [DefNew: 53K->0K(3008K), 0.0005098 secs]78.733: [Tenured: 19634K->19634K(39240K), 0.0288830 secs] 19688K->19634K(42248K), 0.0295325 secs]
78.767: [Full GC 78.767: [Tenured: 23540K->23540K(39240K), 0.0193363 secs] 23540K->23540K(42248K), [Perm : 19K->19K(8192K)], 0.0194438 secs]
78.787: [Full GC 78.788: [Tenured: 23540K->11821K(39240K), 0.0400679 secs] 23594K->11821K(42248K), [Perm : 19K->19K(8192K)], 0.0401769 secs]
78.829: [GC 78.829: [DefNew: 53K->0K(3008K), 0.0004235 secs]78.830: [Tenured: 11821K->11821K(39240K), 0.0190957 secs] 11875K->11821K(42248K), 0.0196483 secs]
78.855: [GC 78.855: [DefNew: 53K->0K(3008K), 0.0004791 secs]78.856: [Tenured: 15728K->15727K(39240K), 0.0241841 secs] 15781K->15727K(42248K), 0.0248113 secs]
78.889: [GC 78.889: [DefNew: 53K->0K(3008K), 0.0007375 secs]78.890: [Tenured: 19634K->19634K(39240K), 0.0194902 secs] 19687K->19634K(42248K), 0.0203663 secs]
78.916: [Full GC 78.916: [Tenured: 23540K->23540K(39240K), 0.0195170 secs] 23540K->23540K(42248K), [Perm : 19K->19K(8192K)], 0.0196299 secs]
78.940: [Full GC 78.940: [Tenured: 23540K->11821K(39240K), 0.0405384 secs] 23594K->11821K(42248K), [Perm : 19K->19K(8192K)], 0.0406552 secs]
78.982: [GC 78.982: [DefNew: 53K->0K(3008K), 0.0004218 secs]78.982: [Tenured: 11821K->11821K(39240K), 0.0195410 secs] 11875K->11821K(42248K), 0.0200911 secs]
79.008: [GC 79.008: [DefNew: 53K->0K(3008K), 0.0004777 secs]79.008: [Tenured: 15727K->15727K(39240K), 0.0198092 secs] 15781K->15727K(42248K), 0.0204249 secs]
79.035: [GC 79.035: [DefNew: 53K->0K(3008K), 0.0005582 secs]79.036: [Tenured: 19634K->19634K(39240K), 0.0195877 secs] 19687K->19634K(42248K), 0.0202780 secs]
79.062: [Full GC 79.062: [Tenured: 23540K->23540K(39240K), 0.0197718 secs] 23540K->23540K(42248K), [Perm : 19K->19K(8192K)], 0.0198838 secs]
79.084: [Full GC 79.084: [Tenured: 23540K->11821K(39240K), 0.0405842 secs] 23594K->11821K(42248K), [Perm : 19K->19K(8192K)], 0.0406993 secs]
79.154: [GC 79.154: [DefNew: 53K->0K(3008K), 0.0004266 secs]79.155: [Tenured: 11821K->11821K(39240K), 0.0192212 secs] 11875K->11821K(42248K), 0.0197796 secs]
79.180: [GC 79.180: [DefNew: 53K->0K(3008K), 0.0004805 secs]79.181: [Tenured: 15728K->15728K(39240K), 0.0195421 secs] 15781K->15728K(42248K), 0.0201598 secs]
79.207: [GC 79.207: [DefNew: 53K->0K(3008K), 0.0005199 secs]79.207: [Tenured: 19634K->19634K(39240K), 0.0196810 secs] 19688K->19634K(42248K), 0.0203369 secs]
79.232: [Full GC 79.233: [Tenured: 23540K->23540K(39240K), 0.0345854 secs] 23540K->23540K(42248K), [Perm : 19K->19K(8192K)], 0.0347092 secs]
79.270: [Full GC 79.270: [Tenured: 23540K->11821K(39240K), 0.0405345 secs] 23594K->11821K(42248K), [Perm : 19K->19K(8192K)], 0.0406524 secs]
79.312: [GC 79.312: [DefNew: 53K->0K(3008K), 0.0004218 secs]79.313: [Tenured: 11821K->11821K(39240K), 0.0196994 secs] 11875K->11821K(42248K), 0.0202489 secs]
79.367: [GC 79.367: [DefNew: 53K->0K(3008K), 0.0004797 secs]79.367: [Tenured: 15727K->15727K(39240K), 0.0198190 secs] 15781K->15727K(42248K), 0.0204378 secs]
79.395: [GC 79.395: [DefNew: 53K->0K(3008K), 0.0005657 secs]79.396: [Tenured: 19634K->19634K(39240K), 0.0196173 secs] 19687K->19634K(42248K), 0.0203185 secs]
79.422: [Full GC 79.422: [Tenured: 23540K->23540K(39240K), 0.0199623 secs] 23540K->23540K(42248K), [Perm : 19K->19K(8192K)], 0.0200746 secs]
79.445: [Full GC 79.445: [Tenured: 23540K->11821K(39240K), 0.0408136 secs] 23594K->11821K(42248K), [Perm : 19K->19K(8192K)], 0.0409323 secs]
79.488: [GC 79.488: [DefNew: 53K->0K(3008K), 0.0004252 secs]79.488: [Tenured: 11821K->11821K(39240K), 0.0196394 secs] 11875K->11821K(42248K), 0.0201992 secs]
79.515: [GC 79.515: [DefNew: 53K->0K(3008K), 0.0004752 secs]79.516: [Tenured: 15728K->15727K(39240K), 0.0241592 secs] 15781K->15727K(42248K), 0.0247990 secs]
79.547: [GC 79.547: [DefNew: 53K->0K(3008K), 0.0005557 secs]79.548: [Tenured: 19634K->19634K(39240K), 0.0193639 secs] 19687K->19634K(42248K), 0.0200509 secs]
79.573: [Full GC 79.573: [Tenured: 23540K->23540K(39240K), 0.0194687 secs] 23540K->23540K(42248K), [Perm : 19K->19K(8192K)], 0.0195813 secs]
79.595: [Full GC 79.596: [Tenured: 23540K->11821K(39240K), 0.0403297 secs] 23594K->11821K(42248K), [Perm : 19K->19K(8192K)], 0.0404442 secs]
79.637: [GC 79.637: [DefNew: 53K->0K(3008K), 0.0004221 secs]79.638: [Tenured: 11821K->11821K(39240K), 0.0191371 secs] 11875K->11821K(42248K), 0.0196860 secs]
79.663: [GC 79.663: [DefNew: 53K->0K(3008K), 0.0004802 secs]79.664: [Tenured: 15728K->15728K(39240K), 0.0195240 secs] 15781K->15728K(42248K), 0.0201417 secs]
79.689: [GC 79.689: [DefNew: 53K->0K(3008K), 0.0005193 secs]79.690: [Tenured: 19634K->19634K(39240K), 0.0195424 secs] 19688K->19634K(42248K), 0.0203629 secs]
79.715: [Full GC 79.715: [Tenured: 23540K->23540K(39240K), 0.0192399 secs] 23540K->23540K(42248K), [Perm : 19K->19K(8192K)], 0.0193488 secs]
79.736: [Full GC 79.736: [Tenured: 23540K->11821K(39240K), 0.0401126 secs] 23594K->11821K(42248K), [Perm : 19K->19K(8192K)], 0.0402241 secs]
79.777: [GC 79.777: [DefNew: 53K->0K(3008K), 0.0004149 secs]79.778: [Tenured: 11821K->11821K(39240K), 0.0191203 secs] 11875K->11821K(42248K), 0.0196617 secs]
79.803: [GC 79.803: [DefNew: 53K->0K(3008K), 0.0004777 secs]79.803: [Tenured: 15728K->15728K(39240K), 0.0192499 secs] 15781K->15728K(42248K), 0.0198623 secs]
79.827: [GC 79.827: [DefNew: 53K->0K(3008K), 0.0005076 secs]79.828: [Tenured: 19634K->19634K(39240K), 0.0191019 secs] 19688K->19634K(42248K), 0.0197366 secs]
79.852: [Full GC 79.852: [Tenured: 23540K->23540K(39240K), 0.0338370 secs] 23540K->23540K(42248K), [Perm : 19K->19K(8192K)], 0.0339496 secs]
79.888: [Full GC 79.888: [Tenured: 23540K->11821K(39240K), 0.0400448 secs] 23594K->11821K(42248K), [Perm : 19K->19K(8192K)], 0.0401559 secs]
79.928: [GC 79.928: [DefNew: 53K->0K(3008K), 0.0004031 secs]79.929: [Tenured: 11821K->11821K(39240K), 0.0192561 secs] 11875K->11821K(42248K), 0.0197832 secs]
79.954: [GC 79.954: [DefNew: 53K->0K(3008K), 0.0004786 secs]79.954: [Tenured: 15727K->15727K(39240K), 0.0190192 secs] 15781K->15727K(42248K), 0.0196262 secs]
79.979: [GC 79.979: [DefNew: 53K->0K(3008K), 0.0005582 secs]79.980: [Tenured: 19634K->19634K(39240K), 0.0191974 secs] 19687K->19634K(42248K), 0.0198830 secs]
80.004: [Full GC 80.004: [Tenured: 23540K->23540K(39240K), 0.0193483 secs] 23540K->23540K(42248K), [Perm : 19K->19K(8192K)], 0.0194555 secs]
80.065: [Full GC 80.065: [Tenured: 23540K->11821K(39240K), 0.0400199 secs] 23594K->11821K(42248K), [Perm : 19K->19K(8192K)], 0.0401367 secs]
80.106: [GC 80.106: [DefNew: 53K->0K(3008K), 0.0004137 secs]80.106: [Tenured: 11821K->11821K(39240K), 0.0188887 secs] 11875K->11821K(42248K), 0.0194203 secs]
80.130: [GC 80.130: [DefNew: 53K->0K(3008K), 0.0004618 secs]80.130: [Tenured: 15728K->15727K(39240K), 0.0242226 secs] 15781K->15727K(42248K), 0.0248289 secs]
80.163: [GC 80.163: [DefNew: 53K->0K(3008K), 0.0005629 secs]80.164: [Tenured: 19634K->19634K(39240K), 0.0195363 secs] 19687K->19634K(42248K), 0.0202333 secs]
80.190: [Full GC 80.191: [Tenured: 23540K->23540K(39240K), 0.0197067 secs] 23540K->23540K(42248K), [Perm : 19K->19K(8192K)], 0.0198184 secs]
80.213: [Full GC 80.213: [Tenured: 23540K->11821K(39240K), 0.0403733 secs] 23594K->11821K(42248K), [Perm : 19K->19K(8192K)], 0.0404903 secs]
80.257: [GC 80.257: [DefNew: 53K->0K(3008K), 0.0004271 secs]80.257: [Tenured: 11821K->11821K(39240K), 0.0195461 secs] 11875K->11821K(42248K), 0.0201076 secs]
80.283: [GC 80.283: [DefNew: 53K->0K(3008K), 0.0004802 secs]80.283: [Tenured: 15728K->15728K(39240K), 0.0190223 secs] 15781K->15728K(42248K), 0.0196332 secs]
80.307: [GC 80.307: [DefNew: 53K->0K(3008K), 0.0005096 secs]80.308: [Tenured: 19634K->19634K(39240K), 0.0192628 secs] 19688K->19634K(42248K), 0.0199023 secs]
80.332: [Full GC 80.332: [Tenured: 23540K->23540K(39240K), 0.0192005 secs] 23540K->23540K(42248K), [Perm : 19K->19K(8192K)], 0.0193086 secs]
80.352: [Full GC 80.353: [Tenured: 23540K->11821K(39240K), 0.0399595 secs] 23594K->11821K(42248K), [Perm : 19K->19K(8192K)], 0.0400635 secs]
80.394: [GC 80.394: [DefNew: 53K->0K(3008K), 0.0004151 secs]80.394: [Tenured: 11821K->11821K(39240K), 0.0188859 secs] 11875K->11821K(42248K), 0.0194226 secs]
80.418: [GC 80.418: [DefNew: 53K->0K(3008K), 0.0004732 secs]80.419: [Tenured: 15728K->15728K(39240K), 0.0191963 secs] 15781K->15728K(42248K), 0.0198056 secs]
80.446: [GC 80.446: [DefNew: 53K->0K(3008K), 0.0005213 secs]80.447: [Tenured: 19634K->19634K(39240K), 0.0198637 secs] 19688K->19634K(42248K), 0.0205219 secs]
80.476: [Full GC 80.476: [Tenured: 23540K->23540K(39240K), 0.0345234 secs] 23540K->23540K(42248K), [Perm : 19K->19K(8192K)], 0.0346497 secs]
80.518: [Full GC 80.518: [Tenured: 23540K->11821K(39240K), 0.0408865 secs] 23594K->11821K(42248K), [Perm : 19K->19K(8192K)], 0.0410049 secs]
80.567: [GC 80.567: [DefNew: 53K->0K(3008K), 0.0004280 secs]80.567: [Tenured: 11821K->11821K(39240K), 0.0194044 secs] 11875K->11821K(42248K), 0.0199640 secs]
80.597: [GC 80.597: [DefNew: 53K->0K(3008K), 0.0004797 secs]80.598: [Tenured: 15728K->15728K(39240K), 0.0195690 secs] 15781K->15728K(42248K), 0.0201850 secs]
80.625: [GC 80.625: [DefNew: 53K->0K(3008K), 0.0006814 secs]80.626: [Tenured: 19634K->19634K(39240K), 0.0295674 secs] 19688K->19634K(42248K), 0.0304011 secs]
80.669: [Full GC 80.669: [Tenured: 23540K->23540K(39240K), 0.0195944 secs] 23540K->23540K(42248K), [Perm : 19K->19K(8192K)], 0.0197061 secs]
80.695: [Full GC 80.696: [Tenured: 23540K->11821K(39240K), 0.0406772 secs] 23594K->11821K(42248K), [Perm : 19K->19K(8192K)], 0.0407926 secs]
80.742: [GC 80.742: [DefNew: 53K->0K(3008K), 0.0004260 secs]80.743: [Tenured: 11821K->11821K(39240K), 0.0197796 secs] 11875K->11821K(42248K), 0.0203392 secs]
80.773: [GC 80.773: [DefNew: 53K->0K(3008K), 0.0004702 secs]80.773: [Tenured: 15728K->15728K(39240K), 0.0197450 secs] 15781K->15728K(42248K), 0.0203481 secs]
80.807: [GC 80.807: [DefNew: 53K->0K(3008K), 0.0005224 secs]80.808: [Tenured: 19634K->19634K(39240K), 0.0196223 secs] 19688K->19634K(42248K), 0.0202811 secs]
80.838: [Full GC 80.838: [Tenured: 23540K->23540K(39240K), 0.0199467 secs] 23540K->23540K(42248K), [Perm : 19K->19K(8192K)], 0.0200581 secs]
80.863: [Full GC 80.863: [Tenured: 23540K->11821K(39240K), 0.0404428 secs] 23594K->11821K(42248K), [Perm : 19K->19K(8192K)], 0.0405630 secs]
80.910: [GC 80.910: [DefNew: 53K->0K(3008K), 0.0004271 secs]80.911: [Tenured: 11821K->11821K(39240K), 0.0196301 secs] 11875K->11821K(42248K), 0.0201897 secs]
80.942: [GC 80.942: [DefNew: 53K->0K(3008K), 0.0004813 secs]80.943: [Tenured: 15728K->15728K(39240K), 0.0198978 secs] 15781K->15728K(42248K), 0.0205160 secs]
80.973: [GC 80.973: [DefNew: 53K->0K(3008K), 0.0005087 secs]80.973: [Tenured: 19634K->19634K(39240K), 0.0193907 secs] 19688K->19634K(42248K), 0.0200322 secs]
81.006: [Full GC 81.006: [Tenured: 23540K->23540K(39240K), 0.0198187 secs] 23540K->23540K(42248K), [Perm : 19K->19K(8192K)], 0.0199316 secs]
81.031: [Full GC 81.031: [Tenured: 23540K->11821K(39240K), 0.0407253 secs] 23594K->11821K(42248K), [Perm : 19K->19K(8192K)], 0.0408454 secs]
81.078: [GC 81.078: [DefNew: 53K->0K(3008K), 0.0004277 secs]81.078: [Tenured: 11821K->11821K(39240K), 0.0191966 secs] 11875K->11821K(42248K), 0.0197575 secs]
81.108: [GC 81.108: [DefNew: 53K->0K(3008K), 0.0004788 secs]81.108: [Tenured: 15727K->15727K(39240K), 0.0193052 secs] 15781K->15727K(42248K), 0.0199201 secs]
81.141: [GC 81.141: [DefNew: 53K->0K(3008K), 0.0005562 secs]81.141: [Tenured: 19634K->19634K(39240K), 0.0193907 secs] 19687K->19634K(42248K), 0.0200791 secs]
81.174: [Full GC 81.174: [Tenured: 23540K->23540K(39240K), 0.0195737 secs] 23540K->23540K(42248K), [Perm : 19K->19K(8192K)], 0.0196871 secs]
81.200: [Full GC 81.201: [Tenured: 23540K->11821K(39240K), 0.0405683 secs] 23594K->11821K(42248K), [Perm : 19K->19K(8192K)], 0.0406873 secs]
81.247: [GC 81.247: [DefNew: 53K->0K(3008K), 0.0004280 secs]81.248: [Tenured: 11821K->11821K(39240K), 0.0194332 secs] 11875K->11821K(42248K), 0.0200076 secs]
81.276: [GC 81.276: [DefNew: 53K->0K(3008K), 0.0004769 secs]81.276: [Tenured: 15728K->15728K(39240K), 0.0193329 secs] 15781K->15728K(42248K), 0.0199428 secs]
81.306: [GC 81.306: [DefNew: 53K->0K(3008K), 0.0007736 secs]81.306: [Tenured: 19634K->19634K(39240K), 0.0195466 secs] 19688K->19634K(42248K), 0.0204596 secs]
81.336: [Full GC 81.336: [Tenured: 23540K->23540K(39240K), 0.0198237 secs] 23540K->23540K(42248K), [Perm : 19K->19K(8192K)], 0.0199400 secs]
81.360: [Full GC 81.360: [Tenured: 23540K->11821K(39240K), 0.0405711 secs] 23594K->11821K(42248K), [Perm : 19K->19K(8192K)], 0.0406876 secs]
81.405: [GC 81.405: [DefNew: 53K->0K(3008K), 0.0004244 secs]81.406: [Tenured: 11821K->11821K(39240K), 0.0194198 secs] 11875K->11821K(42248K), 0.0199766 secs]
81.433: [GC 81.433: [DefNew: 53K->0K(3008K), 0.0004819 secs]81.434: [Tenured: 15728K->15727K(39240K), 0.0246906 secs] 15781K->15727K(42248K), 0.0253205 secs]
81.469: [GC 81.469: [DefNew: 53K->0K(3008K), 0.0005671 secs]81.469: [Tenured: 19634K->19634K(39240K), 0.0193905 secs] 19687K->19634K(42248K), 0.0200922 secs]
81.497: [Full GC 81.497: [Tenured: 23540K->23540K(39240K), 0.0196385 secs] 23540K->23540K(42248K), [Perm : 19K->19K(8192K)], 0.0197514 secs]
81.519: [Full GC 81.519: [Tenured: 23540K->11821K(39240K), 0.0406278 secs] 23594K->11821K(42248K), [Perm : 19K->19K(8192K)], 0.0407448 secs]
81.561: [GC 81.562: [DefNew: 53K->0K(3008K), 0.0005685 secs]81.562: [Tenured: 11821K->11821K(39240K), 0.0192242 secs] 11875K->11821K(42248K), 0.0199235 secs]
81.589: [GC 81.589: [DefNew: 53K->0K(3008K), 0.0004819 secs]81.590: [Tenured: 15728K->15728K(39240K), 0.0191860 secs] 15781K->15728K(42248K), 0.0198034 secs]
81.615: [GC 81.615: [DefNew: 53K->0K(3008K), 0.0005196 secs]81.616: [Tenured: 19634K->19634K(39240K), 0.0191834 secs] 19688K->19634K(42248K), 0.0198349 secs]
81.640: [Full GC 81.640: [Tenured: 23540K->23540K(39240K), 0.0197939 secs] 23540K->23540K(42248K), [Perm : 19K->19K(8192K)], 0.0199025 secs]
81.661: [Full GC 81.661: [Tenured: 23540K->11821K(39240K), 0.0402375 secs] 23594K->11821K(42248K), [Perm : 19K->19K(8192K)], 0.0403507 secs]
81.703: [GC 81.703: [DefNew: 53K->0K(3008K), 0.0004230 secs]81.703: [Tenured: 11821K->11821K(39240K), 0.0188868 secs] 11875K->11821K(42248K), 0.0194332 secs]
81.727: [GC 81.727: [DefNew: 53K->0K(3008K), 0.0004632 secs]81.727: [Tenured: 15727K->15727K(39240K), 0.0190558 secs] 15781K->15727K(42248K), 0.0196464 secs]
81.751: [GC 81.751: [DefNew: 53K->0K(3008K), 0.0005498 secs]81.752: [Tenured: 19634K->19634K(39240K), 0.0192365 secs] 19687K->19634K(42248K), 0.0199120 secs]
81.776: [Full GC 81.776: [Tenured: 23540K->23540K(39240K), 0.0191868 secs] 23540K->23540K(42248K), [Perm : 19K->19K(8192K)], 0.0192904 secs]
81.796: [Full GC 81.797: [Tenured: 23540K->11821K(39240K), 0.0402269 secs] 23594K->11821K(42248K), [Perm : 19K->19K(8192K)], 0.0403417 secs]
81.839: [GC 81.839: [DefNew: 53K->0K(3008K), 0.0004255 secs]81.840: [Tenured: 11821K->11821K(39240K), 0.0196374 secs] 11875K->11821K(42248K), 0.0201947 secs]
81.869: [GC 81.869: [DefNew: 53K->0K(3008K), 0.0004813 secs]81.869: [Tenured: 15728K->15728K(39240K), 0.0193139 secs] 15781K->15728K(42248K), 0.0199310 secs]
81.896: [GC 81.896: [DefNew: 53K->0K(3008K), 0.0005213 secs]81.896: [Tenured: 19634K->19634K(39240K), 0.0290339 secs] 19688K->19634K(42248K), 0.0297024 secs]
81.932: [Full GC 81.932: [Tenured: 23540K->23540K(39240K), 0.0192016 secs] 23540K->23540K(42248K), [Perm : 19K->19K(8192K)], 0.0193092 secs]
81.953: [Full GC 81.953: [Tenured: 23540K->11821K(39240K), 0.0398875 secs] 23594K->11821K(42248K), [Perm : 19K->19K(8192K)], 0.0399914 secs]
81.993: [GC 81.993: [DefNew: 53K->0K(3008K), 0.0004006 secs]81.993: [Tenured: 11821K->11821K(39240K), 0.0189767 secs] 11875K->11821K(42248K), 0.0194966 secs]
82.017: [GC 82.017: [DefNew: 53K->0K(3008K), 0.0004660 secs]82.018: [Tenured: 15728K->15728K(39240K), 0.0191385 secs] 15781K->15728K(42248K), 0.0197330 secs]
82.042: [GC 82.042: [DefNew: 53K->0K(3008K), 0.0005202 secs]82.043: [Tenured: 19634K->19634K(39240K), 0.0191005 secs] 19688K->19634K(42248K), 0.0197503 secs]
82.067: [Full GC 82.067: [Tenured: 23540K->23540K(39240K), 0.0191823 secs] 23540K->23540K(42248K), [Perm : 19K->19K(8192K)], 0.0192851 secs]
82.088: [Full GC 82.088: [Tenured: 23540K->11821K(39240K), 0.0399514 secs] 23594K->11821K(42248K), [Perm : 19K->19K(8192K)], 0.0400579 secs]
82.128: [GC 82.128: [DefNew: 53K->0K(3008K), 0.0003989 secs]82.128: [Tenured: 11821K->11821K(39240K), 0.0188870 secs] 11875K->11821K(42248K), 0.0194025 secs]
82.152: [GC 82.152: [DefNew: 53K->0K(3008K), 0.0004741 secs]82.153: [Tenured: 15727K->15727K(39240K), 0.0191698 secs] 15781K->15727K(42248K), 0.0197765 secs]
82.178: [GC 82.178: [DefNew: 53K->0K(3008K), 0.0005635 secs]82.178: [Tenured: 19634K->19634K(39240K), 0.0191703 secs] 19687K->19634K(42248K), 0.0198659 secs]
82.202: [Full GC 82.202: [Tenured: 23540K->23540K(39240K), 0.0191759 secs] 23540K->23540K(42248K), [Perm : 19K->19K(8192K)], 0.0192768 secs]
82.222: [Full GC 82.222: [Tenured: 23540K->11821K(39240K), 0.0398841 secs] 23594K->11821K(42248K), [Perm : 19K->19K(8192K)], 0.0399880 secs]
82.263: [GC 82.263: [DefNew: 53K->0K(3008K), 0.0004037 secs]82.263: [Tenured: 11821K->11821K(39240K), 0.0192008 secs] 11875K->11821K(42248K), 0.0197246 secs]
82.288: [GC 82.289: [DefNew: 53K->0K(3008K), 0.0004791 secs]82.289: [Tenured: 15728K->15728K(39240K), 0.0190387 secs] 15781K->15728K(42248K), 0.0196472 secs]
82.313: [GC 82.313: [DefNew: 53K->0K(3008K), 0.0005026 secs]82.313: [Tenured: 19634K->19634K(39240K), 0.0190918 secs] 19688K->19634K(42248K), 0.0197195 secs]
82.338: [Full GC 82.338: [Tenured: 23540K->23540K(39240K), 0.0342949 secs] 23540K->23540K(42248K), [Perm : 19K->19K(8192K)], 0.0344136 secs]
82.373: [Full GC 82.374: [Tenured: 23540K->11821K(39240K), 0.0404113 secs] 23594K->11821K(42248K), [Perm : 19K->19K(8192K)], 0.0405247 secs]
82.415: [GC 82.415: [DefNew: 53K->0K(3008K), 0.0004520 secs]82.416: [Tenured: 11821K->11821K(39240K), 0.0196598 secs] 11875K->11821K(42248K), 0.0203467 secs]
82.444: [GC 82.444: [DefNew: 53K->0K(3008K), 0.0004791 secs]82.444: [Tenured: 15728K->15728K(39240K), 0.0253110 secs] 15781K->15728K(42248K), 0.0259276 secs]
82.477: [GC 82.477: [DefNew: 53K->0K(3008K), 0.0005207 secs]82.477: [Tenured: 19634K->19634K(39240K), 0.0197603 secs] 19688K->19634K(42248K), 0.0204185 secs]
82.504: [Full GC 82.504: [Tenured: 23540K->23540K(39240K), 0.0197201 secs] 23540K->23540K(42248K), [Perm : 19K->19K(8192K)], 0.0198330 secs]
82.526: [Full GC 82.526: [Tenured: 23540K->11821K(39240K), 0.0404311 secs] 23594K->11821K(42248K), [Perm : 19K->19K(8192K)], 0.0405462 secs]
82.568: [GC 82.568: [DefNew: 53K->0K(3008K), 0.0004210 secs]82.568: [Tenured: 11821K->11821K(39240K), 0.0197908 secs] 11875K->11821K(42248K), 0.0203395 secs]
82.595: [GC 82.595: [DefNew: 53K->0K(3008K), 0.0004696 secs]82.596: [Tenured: 15728K->15728K(39240K), 0.0193469 secs] 15781K->15728K(42248K), 0.0199483 secs]
82.622: [GC 82.622: [DefNew: 53K->0K(3008K), 0.0005216 secs]82.623: [Tenured: 19634K->19634K(39240K), 0.0196014 secs] 19688K->19634K(42248K), 0.0202579 secs]
82.648: [Full GC 82.648: [Tenured: 23540K->23540K(39240K), 0.0198481 secs] 23540K->23540K(42248K), [Perm : 19K->19K(8192K)], 0.0199629 secs]
82.670: [Full GC 82.670: [Tenured: 23540K->11821K(39240K), 0.0408471 secs] 23594K->11821K(42248K), [Perm : 19K->19K(8192K)], 0.0409627 secs]
82.712: [GC 82.713: [DefNew: 53K->0K(3008K), 0.0004218 secs]82.713: [Tenured: 11821K->11821K(39240K), 0.0195475 secs] 11875K->11821K(42248K), 0.0200986 secs]
82.738: [GC 82.738: [DefNew: 53K->0K(3008K), 0.0004808 secs]82.739: [Tenured: 15728K->15728K(39240K), 0.0193052 secs] 15781K->15728K(42248K), 0.0199229 secs]
82.764: [GC 82.765: [DefNew: 53K->0K(3008K), 0.0005199 secs]82.765: [Tenured: 19634K->19634K(39240K), 0.0195039 secs] 19688K->19634K(42248K), 0.0201601 secs]
82.791: [Full GC 82.791: [Tenured: 23540K->23540K(39240K), 0.0196871 secs] 23540K->23540K(42248K), [Perm : 19K->19K(8192K)], 0.0197983 secs]
82.813: [Full GC 82.813: [Tenured: 23540K->11821K(39240K), 0.0405119 secs] 23594K->11821K(42248K), [Perm : 19K->19K(8192K)], 0.0406267 secs]
82.854: [GC 82.854: [DefNew: 53K->0K(3008K), 0.0004126 secs]82.855: [Tenured: 11821K->11821K(39240K), 0.0195642 secs] 11875K->11821K(42248K), 0.0201020 secs]
82.882: [GC 82.883: [DefNew: 53K->0K(3008K), 0.0004797 secs]82.883: [Tenured: 15728K->15728K(39240K), 0.0194251 secs] 15781K->15728K(42248K), 0.0200425 secs]
82.907: [GC 82.907: [DefNew: 53K->0K(3008K), 0.0005157 secs]82.908: [Tenured: 19634K->19634K(39240K), 0.0194128 secs] 19688K->19634K(42248K), 0.0200634 secs]
82.946: [Full GC 82.947: [Tenured: 23540K->23540K(39240K), 0.0338428 secs] 23540K->23540K(42248K), [Perm : 19K->19K(8192K)], 0.0339613 secs]
82.982: [Full GC 82.982: [Tenured: 23540K->11821K(39240K), 0.0398771 secs] 23594K->11821K(42248K), [Perm : 19K->19K(8192K)], 0.0399850 secs]
83.023: [GC 83.023: [DefNew: 53K->0K(3008K), 0.0004006 secs]83.023: [Tenured: 11821K->11821K(39240K), 0.0192036 secs] 11875K->11821K(42248K), 0.0197276 secs]
83.061: [GC 83.061: [DefNew: 53K->0K(3008K), 0.0004808 secs]83.061: [Tenured: 15727K->15727K(39240K), 0.0190362 secs] 15781K->15727K(42248K), 0.0196466 secs]
83.085: [GC 83.086: [DefNew: 53K->0K(3008K), 0.0005654 secs]83.086: [Tenured: 19634K->19634K(39240K), 0.0192849 secs] 19687K->19634K(42248K), 0.0199835 secs]
83.111: [Full GC 83.111: [Tenured: 23540K->23540K(39240K), 0.0191893 secs] 23540K->23540K(42248K), [Perm : 19K->19K(8192K)], 0.0192963 secs]
83.131: [Full GC 83.131: [Tenured: 23540K->11821K(39240K), 0.0398816 secs] 23594K->11821K(42248K), [Perm : 19K->19K(8192K)], 0.0399847 secs]
83.171: [GC 83.171: [DefNew: 53K->0K(3008K), 0.0004003 secs]83.172: [Tenured: 11821K->11821K(39240K), 0.0190418 secs] 11875K->11821K(42248K), 0.0195611 secs]
83.195: [GC 83.195: [DefNew: 53K->0K(3008K), 0.0004665 secs]83.196: [Tenured: 15728K->15728K(39240K), 0.0190499 secs] 15781K->15728K(42248K), 0.0196444 secs]
83.220: [GC 83.220: [DefNew: 53K->0K(3008K), 0.0005132 secs]83.220: [Tenured: 19634K->19634K(39240K), 0.0190957 secs] 19688K->19634K(42248K), 0.0197360 secs]
83.244: [Full GC 83.244: [Tenured: 23540K->23540K(39240K), 0.0191809 secs] 23540K->23540K(42248K), [Perm : 19K->19K(8192K)], 0.0192846 secs]
83.265: [Full GC 83.265: [Tenured: 23540K->11821K(39240K), 0.0404345 secs] 23594K->11821K(42248K), [Perm : 19K->19K(8192K)], 0.0405473 secs]
83.306: [GC 83.306: [DefNew: 53K->0K(3008K), 0.0005062 secs]83.307: [Tenured: 11821K->11821K(39240K), 0.0192047 secs] 11875K->11821K(42248K), 0.0198506 secs]
83.331: [GC 83.331: [DefNew: 53K->0K(3008K), 0.0004732 secs]83.331: [Tenured: 15728K->15728K(39240K), 0.0193511 secs] 15781K->15728K(42248K), 0.0199570 secs]
83.356: [GC 83.356: [DefNew: 53K->0K(3008K), 0.0005191 secs]83.357: [Tenured: 19634K->19634K(39240K), 0.0194287 secs] 19688K->19634K(42248K), 0.0200827 secs]
83.381: [Full GC 83.381: [Tenured: 23540K->23540K(39240K), 0.0196223 secs] 23540K->23540K(42248K), [Perm : 19K->19K(8192K)], 0.0197366 secs]
83.405: [Full GC 83.405: [Tenured: 23540K->11821K(39240K), 0.0405364 secs] 23594K->11821K(42248K), [Perm : 19K->19K(8192K)], 0.0406529 secs]
83.446: [GC 83.446: [DefNew: 53K->0K(3008K), 0.0004095 secs]83.447: [Tenured: 11821K->11821K(39240K), 0.0196584 secs] 11875K->11821K(42248K), 0.0217757 secs]
83.473: [GC 83.473: [DefNew: 53K->0K(3008K), 0.0004755 secs]83.473: [Tenured: 15728K->15728K(39240K), 0.0197514 secs] 15781K->15728K(42248K), 0.0203618 secs]
83.498: [GC 83.499: [DefNew: 53K->0K(3008K), 0.0005174 secs]83.499: [Tenured: 19634K->19634K(39240K), 0.0194257 secs] 19688K->19634K(42248K), 0.0200802 secs]
83.523: [Full GC 83.524: [Tenured: 23540K->23540K(39240K), 0.0197045 secs] 23540K->23540K(42248K), [Perm : 19K->19K(8192K)], 0.0198187 secs]
83.548: [Full GC 83.549: [Tenured: 23540K->11821K(39240K), 0.0405214 secs] 23594K->11821K(42248K), [Perm : 19K->19K(8192K)], 0.0406392 secs]
83.590: [GC 83.590: [DefNew: 53K->0K(3008K), 0.0004101 secs]83.590: [Tenured: 11821K->11821K(39240K), 0.0194511 secs] 11875K->11821K(42248K), 0.0199847 secs]
83.615: [GC 83.615: [DefNew: 53K->0K(3008K), 0.0004766 secs]83.615: [Tenured: 15728K->15728K(39240K), 0.0199291 secs] 15781K->15728K(42248K), 0.0205440 secs]
83.640: [GC 83.640: [DefNew: 53K->0K(3008K), 0.0005168 secs]83.641: [Tenured: 19634K->19634K(39240K), 0.0197475 secs] 19688K->19634K(42248K), 0.0203990 secs]
83.665: [Full GC 83.665: [Tenured: 23540K->23540K(39240K), 0.0195966 secs] 23540K->23540K(42248K), [Perm : 19K->19K(8192K)], 0.0197100 secs]
83.688: [Full GC 83.688: [Tenured: 23540K->11821K(39240K), 0.0404817 secs] 23594K->11821K(42248K), [Perm : 19K->19K(8192K)], 0.0406004 secs]
83.730: [GC 83.730: [DefNew: 53K->0K(3008K), 0.0005593 secs]83.731: [Tenured: 11821K->11821K(39240K), 0.0194203 secs] 11875K->11821K(42248K), 0.0201101 secs]
83.755: [GC 83.755: [DefNew: 53K->0K(3008K), 0.0004755 secs]83.756: [Tenured: 15727K->15727K(39240K), 0.0193620 secs] 15781K->15727K(42248K), 0.0199738 secs]
83.780: [GC 83.781: [DefNew: 53K->0K(3008K), 0.0005621 secs]83.781: [Tenured: 19634K->19634K(39240K), 0.0193530 secs] 19687K->19634K(42248K), 0.0200503 secs]
83.807: [Full GC 83.807: [Tenured: 23540K->23540K(39240K), 0.0196388 secs] 23540K->23540K(42248K), [Perm : 19K->19K(8192K)], 0.0197520 secs]
83.828: [Full GC 83.828: [Tenured: 23540K->11821K(39240K), 0.0403121 secs] 23594K->11821K(42248K), [Perm : 19K->19K(8192K)], 0.0404230 secs]
83.868: [GC 83.868: [DefNew: 53K->0K(3008K), 0.0004224 secs]83.869: [Tenured: 11821K->11821K(39240K), 0.0192156 secs] 11875K->11821K(42248K), 0.0197626 secs]
83.893: [GC 83.893: [DefNew: 53K->0K(3008K), 0.0004780 secs]83.894: [Tenured: 15728K->15728K(39240K), 0.0194717 secs] 15781K->15728K(42248K), 0.0200869 secs]
83.919: [GC 83.919: [DefNew: 53K->0K(3008K), 0.0005202 secs]83.920: [Tenured: 19634K->19634K(39240K), 0.0196505 secs] 19688K->19634K(42248K), 0.0203068 secs]
83.944: [Full GC 83.944: [Tenured: 23540K->23540K(39240K), 0.0197969 secs] 23540K->23540K(42248K), [Perm : 19K->19K(8192K)], 0.0199090 secs]
83.967: [Full GC 83.967: [Tenured: 23540K->11821K(39240K), 0.0402831 secs] 23594K->11821K(42248K), [Perm : 19K->19K(8192K)], 0.0403982 secs]
84.008: [GC 84.008: [DefNew: 53K->0K(3008K), 0.0004101 secs]84.009: [Tenured: 11821K->11821K(39240K), 0.0196885 secs] 11875K->11821K(42248K), 0.0202260 secs]
84.033: [GC 84.033: [DefNew: 53K->0K(3008K), 0.0004760 secs]84.034: [Tenured: 15728K->15728K(39240K), 0.0191703 secs] 15781K->15728K(42248K), 0.0197832 secs]
84.059: [GC 84.059: [DefNew: 53K->0K(3008K), 0.0005149 secs]84.060: [Tenured: 19634K->19634K(39240K), 0.0192653 secs] 19688K->19634K(42248K), 0.0199137 secs]
84.084: [Full GC 84.084: [Tenured: 23540K->23540K(39240K), 0.0194058 secs] 23540K->23540K(42248K), [Perm : 19K->19K(8192K)], 0.0195206 secs]
84.106: [Full GC 84.106: [Tenured: 23540K->11821K(39240K), 0.0398757 secs] 23594K->11821K(42248K), [Perm : 19K->19K(8192K)], 0.0399861 secs]
84.146: [GC 84.146: [DefNew: 53K->0K(3008K), 0.0004001 secs]84.146: [Tenured: 11821K->11821K(39240K), 0.0190977 secs] 11875K->11821K(42248K), 0.0196204 secs]
84.170: [GC 84.170: [DefNew: 53K->0K(3008K), 0.0004766 secs]84.171: [Tenured: 15728K->15728K(39240K), 0.0190181 secs] 15781K->15728K(42248K), 0.0196237 secs]
84.195: [GC 84.195: [DefNew: 53K->0K(3008K), 0.0005040 secs]84.195: [Tenured: 19634K->19634K(39240K), 0.0196081 secs] 19688K->19634K(42248K), 0.0202461 secs]
84.220: [Full GC 84.220: [Tenured: 23540K->23540K(39240K), 0.0191888 secs] 23540K->23540K(42248K), [Perm : 19K->19K(8192K)], 0.0192963 secs]
84.241: [Full GC 84.241: [Tenured: 23540K->11821K(39240K), 0.0401146 secs] 23594K->11821K(42248K), [Perm : 19K->19K(8192K)], 0.0402252 secs]
84.281: [GC 84.281: [DefNew: 53K->0K(3008K), 0.0004068 secs]84.282: [Tenured: 11821K->11821K(39240K), 0.0194019 secs] 11875K->11821K(42248K), 0.0199327 secs]
84.306: [GC 84.306: [DefNew: 53K->0K(3008K), 0.0006333 secs]84.307: [Tenured: 15728K->15728K(39240K), 0.0191795 secs] 15781K->15728K(42248K), 0.0199481 secs]
84.331: [GC 84.331: [DefNew: 53K->0K(3008K), 0.0005157 secs]84.332: [Tenured: 19634K->19634K(39240K), 0.0191072 secs] 19688K->19634K(42248K), 0.0197709 secs]
84.357: [Full GC 84.357: [Tenured: 23540K->23540K(39240K), 0.0191851 secs] 23540K->23540K(42248K), [Perm : 19K->19K(8192K)], 0.0192918 secs]
84.377: [Full GC 84.377: [Tenured: 23540K->11821K(39240K), 0.0401805 secs] 23594K->11821K(42248K), [Perm : 19K->19K(8192K)], 0.0402900 secs]
84.418: [GC 84.418: [DefNew: 53K->0K(3008K), 0.0004054 secs]84.418: [Tenured: 11821K->11821K(39240K), 0.0190605 secs] 11875K->11821K(42248K), 0.0195857 secs]
84.442: [GC 84.442: [DefNew: 53K->0K(3008K), 0.0004702 secs]84.443: [Tenured: 15728K->15728K(39240K), 0.0193340 secs] 15781K->15728K(42248K), 0.0199388 secs]
84.467: [GC 84.467: [DefNew: 53K->0K(3008K), 0.0005185 secs]84.468: [Tenured: 19634K->19634K(39240K), 0.0195799 secs] 19688K->19634K(42248K), 0.0202341 secs]
84.492: [Full GC 84.492: [Tenured: 23540K->23540K(39240K), 0.0192315 secs] 23540K->23540K(42248K), [Perm : 19K->19K(8192K)], 0.0193416 secs]
84.514: [Full GC 84.514: [Tenured: 23540K->11821K(39240K), 0.0401534 secs] 23594K->11821K(42248K), [Perm : 19K->19K(8192K)], 0.0402691 secs]
84.555: [GC 84.555: [DefNew: 53K->0K(3008K), 0.0004070 secs]84.555: [Tenured: 11821K->11821K(39240K), 0.0189175 secs] 11875K->11821K(42248K), 0.0194444 secs]
84.579: [GC 84.579: [DefNew: 53K->0K(3008K), 0.0004649 secs]84.579: [Tenured: 15728K->15728K(39240K), 0.0190130 secs] 15781K->15728K(42248K), 0.0196025 secs]
84.603: [GC 84.603: [DefNew: 53K->0K(3008K), 0.0005057 secs]84.604: [Tenured: 19634K->19634K(39240K), 0.0191072 secs] 19688K->19634K(42248K), 0.0197383 secs]
84.628: [Full GC 84.628: [Tenured: 23540K->23540K(39240K), 0.0191983 secs] 23540K->23540K(42248K), [Perm : 19K->19K(8192K)], 0.0193036 secs]
84.649: [Full GC 84.649: [Tenured: 23540K->11821K(39240K), 0.0400006 secs] 23594K->11821K(42248K), [Perm : 19K->19K(8192K)], 0.0401096 secs]
84.689: [GC 84.689: [DefNew: 53K->0K(3008K), 0.0004009 secs]84.689: [Tenured: 11821K->11821K(39240K), 0.0189018 secs] 11875K->11821K(42248K), 0.0194198 secs]
84.713: [GC 84.713: [DefNew: 53K->0K(3008K), 0.0004629 secs]84.714: [Tenured: 15728K->15728K(39240K), 0.0191742 secs] 15781K->15728K(42248K), 0.0197648 secs]
84.738: [GC 84.738: [DefNew: 53K->0K(3008K), 0.0005093 secs]84.738: [Tenured: 19634K->19634K(39240K), 0.0190927 secs] 19688K->19634K(42248K), 0.0197288 secs]
84.762: [Full GC 84.762: [Tenured: 23540K->23540K(39240K), 0.0191840 secs] 23540K->23540K(42248K), [Perm : 19K->19K(8192K)], 0.0192882 secs]
84.782: [Full GC 84.783: [Tenured: 23540K->11821K(39240K), 0.0399889 secs] 23594K->11821K(42248K), [Perm : 19K->19K(8192K)], 0.0400945 secs]
84.823: [GC 84.823: [DefNew: 53K->0K(3008K), 0.0004054 secs]84.824: [Tenured: 11821K->11821K(39240K), 0.0188974 secs] 11875K->11821K(42248K), 0.0194282 secs]
84.853: [GC 84.853: [DefNew: 53K->0K(3008K), 0.0004769 secs]84.854: [Tenured: 15728K->15728K(39240K), 0.0189879 secs] 15781K->15728K(42248K), 0.0195986 secs]
84.877: [GC 84.878: [DefNew: 53K->0K(3008K), 0.0005163 secs]84.878: [Tenured: 19634K->19634K(39240K), 0.0190971 secs] 19688K->19634K(42248K), 0.0197419 secs]
84.902: [Full GC 84.902: [Tenured: 23540K->23540K(39240K), 0.0192575 secs] 23540K->23540K(42248K), [Perm : 19K->19K(8192K)], 0.0193648 secs]
84.923: [Full GC 84.924: [Tenured: 23540K->11821K(39240K), 0.0398241 secs] 23594K->11821K(42248K), [Perm : 19K->19K(8192K)], 0.0399389 secs]
84.965: [GC 84.965: [DefNew: 53K->0K(3008K), 0.0004199 secs]84.965: [Tenured: 11821K->11821K(39240K), 0.0188787 secs] 11875K->11821K(42248K), 0.0194215 secs]
84.989: [GC 84.989: [DefNew: 53K->0K(3008K), 0.0004632 secs]84.990: [Tenured: 15727K->15727K(39240K), 0.0190100 secs] 15781K->15727K(42248K), 0.0195983 secs]
85.013: [GC 85.013: [DefNew: 53K->0K(3008K), 0.0005537 secs]85.014: [Tenured: 19634K->19634K(39240K), 0.0192388 secs] 19687K->19634K(42248K), 0.0199190 secs]
85.038: [Full GC 85.038: [Tenured: 23540K->23540K(39240K), 0.0191985 secs] 23540K->23540K(42248K), [Perm : 19K->19K(8192K)], 0.0193019 secs]
85.059: [Full GC 85.059: [Tenured: 23540K->11821K(39240K), 0.0398783 secs] 23594K->11821K(42248K), [Perm : 19K->19K(8192K)], 0.0399875 secs]
85.100: [GC 85.100: [DefNew: 53K->0K(3008K), 0.0004001 secs]85.100: [Tenured: 11821K->11821K(39240K), 0.0190262 secs] 11875K->11821K(42248K), 0.0195463 secs]
85.124: [GC 85.124: [DefNew: 53K->0K(3008K), 0.0004654 secs]85.125: [Tenured: 15728K->15728K(39240K), 0.0191804 secs] 15781K->15728K(42248K), 0.0197743 secs]
85.149: [GC 85.149: [DefNew: 53K->0K(3008K), 0.0005076 secs]85.149: [Tenured: 19634K->19634K(39240K), 0.0191340 secs] 19688K->19634K(42248K), 0.0197709 secs]
85.174: [Full GC 85.174: [Tenured: 23540K->23540K(39240K), 0.0338227 secs] 23540K->23540K(42248K), [Perm : 19K->19K(8192K)], 0.0339390 secs]
85.209: [Full GC 85.209: [Tenured: 23540K->11821K(39240K), 0.0399171 secs] 23594K->11821K(42248K), [Perm : 19K->19K(8192K)], 0.0400216 secs]
85.250: [GC 85.250: [DefNew: 53K->0K(3008K), 0.0003992 secs]85.250: [Tenured: 11821K->11821K(39240K), 0.0188912 secs] 11875K->11821K(42248K), 0.0194067 secs]
85.274: [GC 85.274: [DefNew: 53K->0K(3008K), 0.0004626 secs]85.274: [Tenured: 15728K->15728K(39240K), 0.0190298 secs] 15781K->15728K(42248K), 0.0196187 secs]
85.298: [GC 85.298: [DefNew: 53K->0K(3008K), 0.0005034 secs]85.299: [Tenured: 19634K->19634K(39240K), 0.0191047 secs] 19688K->19634K(42248K), 0.0197352 secs]
85.323: [Full GC 85.323: [Tenured: 23540K->23540K(39240K), 0.0193472 secs] 23540K->23540K(42248K), [Perm : 19K->19K(8192K)], 0.0194564 secs]
85.343: [Full GC 85.343: [Tenured: 23540K->11821K(39240K), 0.0399464 secs] 23594K->11821K(42248K), [Perm : 19K->19K(8192K)], 0.0400512 secs]
85.384: [GC 85.384: [DefNew: 53K->0K(3008K), 0.0003989 secs]85.384: [Tenured: 11821K->11821K(39240K), 0.0189102 secs] 11875K->11821K(42248K), 0.0194262 secs]
85.408: [GC 85.408: [DefNew: 53K->0K(3008K), 0.0004615 secs]85.408: [Tenured: 15728K->15728K(39240K), 0.0192072 secs] 15781K->15728K(42248K), 0.0197994 secs]
85.432: [GC 85.432: [DefNew: 53K->0K(3008K), 0.0005143 secs]85.433: [Tenured: 19634K->19634K(39240K), 0.0193865 secs] 19688K->19634K(42248K), 0.0200327 secs]
85.457: [Full GC 85.457: [Tenured: 23540K->23540K(39240K), 0.0191879 secs] 23540K->23540K(42248K), [Perm : 19K->19K(8192K)], 0.0192902 secs]
85.479: [Full GC 85.479: [Tenured: 23540K->11821K(39240K), 0.0399928 secs] 23594K->11821K(42248K), [Perm : 19K->19K(8192K)], 0.0401073 secs]
85.520: [GC 85.520: [DefNew: 53K->0K(3008K), 0.0004006 secs]85.520: [Tenured: 11821K->11821K(39240K), 0.0188979 secs] 11875K->11821K(42248K), 0.0194156 secs]
85.544: [GC 85.544: [DefNew: 53K->0K(3008K), 0.0004674 secs]85.544: [Tenured: 15728K->15728K(39240K), 0.0190304 secs] 15781K->15728K(42248K), 0.0196246 secs]
85.568: [GC 85.568: [DefNew: 53K->0K(3008K), 0.0005040 secs]85.569: [Tenured: 19634K->19634K(39240K), 0.0191195 secs] 19688K->19634K(42248K), 0.0197506 secs]
85.593: [Full GC 85.593: [Tenured: 23540K->23540K(39240K), 0.0195111 secs] 23540K->23540K(42248K), [Perm : 19K->19K(8192K)], 0.0196167 secs]
85.613: [Full GC 85.613: [Tenured: 23540K->11821K(39240K), 0.0401121 secs] 23594K->11821K(42248K), [Perm : 19K->19K(8192K)], 0.0402182 secs]
85.654: [GC 85.654: [DefNew: 53K->0K(3008K), 0.0004009 secs]85.654: [Tenured: 11821K->11821K(39240K), 0.0189002 secs] 11875K->11821K(42248K), 0.0194184 secs]
85.678: [GC 85.678: [DefNew: 53K->0K(3008K), 0.0004654 secs]85.678: [Tenured: 15728K->15728K(39240K), 0.0190460 secs] 15781K->15728K(42248K), 0.0196394 secs]
85.702: [GC 85.702: [DefNew: 53K->0K(3008K), 0.0005124 secs]85.703: [Tenured: 19634K->19634K(39240K), 0.0191066 secs] 19688K->19634K(42248K), 0.0197475 secs]
85.727: [Full GC 85.727: [Tenured: 23540K->23540K(39240K), 0.0191971 secs] 23540K->23540K(42248K), [Perm : 19K->19K(8192K)], 0.0193005 secs]
85.748: [Full GC 85.748: [Tenured: 23540K->11821K(39240K), 0.0399688 secs] 23594K->11821K(42248K), [Perm : 19K->19K(8192K)], 0.0400786 secs]
85.788: [GC 85.788: [DefNew: 53K->0K(3008K), 0.0004012 secs]85.789: [Tenured: 11821K->11821K(39240K), 0.0189289 secs] 11875K->11821K(42248K), 0.0194472 secs]
85.812: [GC 85.812: [DefNew: 53K->0K(3008K), 0.0004677 secs]85.813: [Tenured: 15727K->15727K(39240K), 0.0190189 secs] 15781K->15727K(42248K), 0.0196310 secs]
85.837: [GC 85.837: [DefNew: 53K->0K(3008K), 0.0005962 secs]85.838: [Tenured: 19634K->19634K(39240K), 0.0192443 secs] 19687K->19634K(42248K), 0.0199724 secs]
85.862: [Full GC 85.862: [Tenured: 23540K->23540K(39240K), 0.0191851 secs] 23540K->23540K(42248K), [Perm : 19K->19K(8192K)], 0.0192882 secs]
85.883: [Full GC 85.883: [Tenured: 23540K->11821K(39240K), 0.0399355 secs] 23594K->11821K(42248K), [Perm : 19K->19K(8192K)], 0.0400467 secs]
85.923: [GC 85.923: [DefNew: 53K->0K(3008K), 0.0004014 secs]85.924: [Tenured: 11821K->11821K(39240K), 0.0188965 secs] 11875K->11821K(42248K), 0.0194156 secs]
85.947: [GC 85.948: [DefNew: 53K->0K(3008K), 0.0004635 secs]85.948: [Tenured: 15728K->15728K(39240K), 0.0191823 secs] 15781K->15728K(42248K), 0.0197749 secs]
85.972: [GC 85.972: [DefNew: 53K->0K(3008K), 0.0005051 secs]85.973: [Tenured: 19634K->19634K(39240K), 0.0190974 secs] 19688K->19634K(42248K), 0.0197282 secs]
85.998: [Full GC 85.998: [Tenured: 23540K->23540K(39240K), 0.0191991 secs] 23540K->23540K(42248K), [Perm : 19K->19K(8192K)], 0.0193058 secs]
86.019: [Full GC 86.019: [Tenured: 23540K->11821K(39240K), 0.0401319 secs] 23594K->11821K(42248K), [Perm : 19K->19K(8192K)], 0.0402417 secs]
86.060: [GC 86.060: [DefNew: 53K->0K(3008K), 0.0004014 secs]86.060: [Tenured: 11821K->11821K(39240K), 0.0188940 secs] 11875K->11821K(42248K), 0.0194134 secs]
86.084: [GC 86.084: [DefNew: 53K->0K(3008K), 0.0004632 secs]86.084: [Tenured: 15728K->15728K(39240K), 0.0190387 secs] 15781K->15728K(42248K), 0.0196274 secs]
86.108: [GC 86.108: [DefNew: 53K->0K(3008K), 0.0005040 secs]86.109: [Tenured: 19634K->19634K(39240K), 0.0190954 secs] 19688K->19634K(42248K), 0.0197251 secs]
86.133: [Full GC 86.133: [Tenured: 23540K->23540K(39240K), 0.0192055 secs] 23540K->23540K(42248K), [Perm : 19K->19K(8192K)], 0.0193122 secs]
86.154: [Full GC 86.154: [Tenured: 23540K->11821K(39240K), 0.0399014 secs] 23594K->11821K(42248K), [Perm : 19K->19K(8192K)], 0.0400126 secs]
86.195: [GC 86.195: [DefNew: 53K->0K(3008K), 0.0004118 secs]86.195: [Tenured: 11821K->11821K(39240K), 0.0189298 secs] 11875K->11821K(42248K), 0.0194617 secs]
86.219: [GC 86.219: [DefNew: 53K->0K(3008K), 0.0004688 secs]86.220: [Tenured: 15727K->15727K(39240K), 0.0190128 secs] 15781K->15727K(42248K), 0.0196089 secs]
86.244: [GC 86.244: [DefNew: 53K->0K(3008K), 0.0005487 secs]86.244: [Tenured: 19634K->19634K(39240K), 0.0192382 secs] 19687K->19634K(42248K), 0.0199145 secs]
86.268: [Full GC 86.268: [Tenured: 23540K->23540K(39240K), 0.0191832 secs] 23540K->23540K(42248K), [Perm : 19K->19K(8192K)], 0.0192863 secs]
86.289: [Full GC 86.289: [Tenured: 23540K->11821K(39240K), 0.0399255 secs] 23594K->11821K(42248K), [Perm : 19K->19K(8192K)], 0.0400336 secs]
86.329: [GC 86.329: [DefNew: 53K->0K(3008K), 0.0004001 secs]86.330: [Tenured: 11821K->11821K(39240K), 0.0189122 secs] 11875K->11821K(42248K), 0.0194293 secs]
86.353: [GC 86.353: [DefNew: 53K->0K(3008K), 0.0004635 secs]86.354: [Tenured: 15728K->15728K(39240K), 0.0190088 secs] 15781K->15728K(42248K), 0.0195972 secs]
86.378: [GC 86.378: [DefNew: 53K->0K(3008K), 0.0005034 secs]86.378: [Tenured: 19634K->19634K(39240K), 0.0190910 secs] 19688K->19634K(42248K), 0.0197201 secs]
86.402: [Full GC 86.402: [Tenured: 23540K->23540K(39240K), 0.0193675 secs] 23540K->23540K(42248K), [Perm : 19K->19K(8192K)], 0.0194785 secs]
86.423: [Full GC 86.423: [Tenured: 23540K->11821K(39240K), 0.0401783 secs] 23594K->11821K(42248K), [Perm : 19K->19K(8192K)], 0.0402878 secs]
86.464: [GC 86.464: [DefNew: 53K->0K(3008K), 0.0004003 secs]86.464: [Tenured: 11821K->11821K(39240K), 0.0190650 secs] 11875K->11821K(42248K), 0.0195849 secs]
86.488: [GC 86.488: [DefNew: 53K->0K(3008K), 0.0004649 secs]86.489: [Tenured: 15728K->15728K(39240K), 0.0190644 secs] 15781K->15728K(42248K), 0.0196600 secs]
86.512: [GC 86.513: [DefNew: 53K->0K(3008K), 0.0005054 secs]86.513: [Tenured: 19634K->19634K(39240K), 0.0191033 secs] 19688K->19634K(42248K), 0.0197344 secs]
86.539: [Full GC 86.539: [Tenured: 23540K->23540K(39240K), 0.0192304 secs] 23540K->23540K(42248K), [Perm : 19K->19K(8192K)], 0.0193544 secs]
86.560: [Full GC 86.560: [Tenured: 23540K->11821K(39240K), 0.0399763 secs] 23594K->11821K(42248K), [Perm : 19K->19K(8192K)], 0.0400861 secs]
86.600: [GC 86.600: [DefNew: 53K->0K(3008K), 0.0004003 secs]86.601: [Tenured: 11821K->11821K(39240K), 0.0189180 secs] 11875K->11821K(42248K), 0.0194357 secs]
86.625: [GC 86.625: [DefNew: 53K->0K(3008K), 0.0004623 secs]86.625: [Tenured: 15728K->15728K(39240K), 0.0190399 secs] 15781K->15728K(42248K), 0.0196288 secs]
86.649: [GC 86.649: [DefNew: 53K->0K(3008K), 0.0005043 secs]86.650: [Tenured: 19634K->19634K(39240K), 0.0191488 secs] 19688K->19634K(42248K), 0.0197788 secs]
86.674: [Full GC 86.674: [Tenured: 23540K->23540K(39240K), 0.0195095 secs] 23540K->23540K(42248K), [Perm : 19K->19K(8192K)], 0.0196139 secs]
86.694: [Full GC 86.694: [Tenured: 23540K->11821K(39240K), 0.0399514 secs] 23594K->11821K(42248K), [Perm : 19K->19K(8192K)], 0.0400601 secs]
86.735: [GC 86.735: [DefNew: 53K->0K(3008K), 0.0004112 secs]86.736: [Tenured: 11821K->11821K(39240K), 0.0189007 secs] 11875K->11821K(42248K), 0.0194298 secs]
86.760: [GC 86.760: [DefNew: 53K->0K(3008K), 0.0004677 secs]86.760: [Tenured: 15727K->15727K(39240K), 0.0191650 secs] 15781K->15727K(42248K), 0.0197623 secs]
86.784: [GC 86.784: [DefNew: 53K->0K(3008K), 0.0005526 secs]86.785: [Tenured: 19634K->19634K(39240K), 0.0191013 secs] 19687K->19634K(42248K), 0.0197788 secs]
86.808: [Full GC 86.809: [Tenured: 23540K->23540K(39240K), 0.0195008 secs] 23540K->23540K(42248K), [Perm : 19K->19K(8192K)], 0.0196033 secs]
86.832: [Full GC 86.832: [Tenured: 23540K->11821K(39240K), 0.0396235 secs] 23594K->11821K(42248K), [Perm : 19K->19K(8192K)], 0.0397380 secs]
86.872: [GC 86.872: [DefNew: 53K->0K(3008K), 0.0004026 secs]86.873: [Tenured: 11821K->11821K(39240K), 0.0190636 secs] 11875K->11821K(42248K), 0.0195849 secs]
86.897: [GC 86.897: [DefNew: 53K->0K(3008K), 0.0004808 secs]86.898: [Tenured: 15728K->15728K(39240K), 0.0190502 secs] 15781K->15728K(42248K), 0.0196614 secs]
86.922: [GC 86.922: [DefNew: 53K->0K(3008K), 0.0005026 secs]86.922: [Tenured: 19634K->19634K(39240K), 0.0288120 secs] 19688K->19634K(42248K), 0.0294482 secs]
86.956: [Full GC 86.956: [Tenured: 23540K->23540K(39240K), 0.0191748 secs] 23540K->23540K(42248K), [Perm : 19K->19K(8192K)], 0.0192784 secs]
86.976: [Full GC 86.976: [Tenured: 23540K->11821K(39240K), 0.0398168 secs] 23594K->11821K(42248K), [Perm : 19K->19K(8192K)], 0.0399224 secs]
87.017: [GC 87.017: [DefNew: 53K->0K(3008K), 0.0004006 secs]87.017: [Tenured: 11821K->11821K(39240K), 0.0188940 secs] 11875K->11821K(42248K), 0.0194122 secs]
87.041: [GC 87.041: [DefNew: 53K->0K(3008K), 0.0004623 secs]87.041: [Tenured: 15728K->15728K(39240K), 0.0190130 secs] 15781K->15728K(42248K), 0.0196008 secs]
87.065: [GC 87.065: [DefNew: 53K->0K(3008K), 0.0005043 secs]87.066: [Tenured: 19634K->19634K(39240K), 0.0192469 secs] 19688K->19634K(42248K), 0.0198785 secs]
87.091: [Full GC 87.091: [Tenured: 23540K->23540K(39240K), 0.0191946 secs] 23540K->23540K(42248K), [Perm : 19K->19K(8192K)], 0.0193011 secs]
87.111: [Full GC 87.111: [Tenured: 23540K->11821K(39240K), 0.0399744 secs] 23594K->11821K(42248K), [Perm : 19K->19K(8192K)], 0.0400833 secs]
87.151: [GC 87.151: [DefNew: 53K->0K(3008K), 0.0003987 secs]87.152: [Tenured: 11821K->11821K(39240K), 0.0189829 secs] 11875K->11821K(42248K), 0.0195002 secs]
87.176: [GC 87.176: [DefNew: 53K->0K(3008K), 0.0004643 secs]87.176: [Tenured: 15728K->15728K(39240K), 0.0191728 secs] 15781K->15728K(42248K), 0.0197651 secs]
87.200: [GC 87.200: [DefNew: 53K->0K(3008K), 0.0005087 secs]87.201: [Tenured: 19634K->19634K(39240K), 0.0191063 secs] 19688K->19634K(42248K), 0.0197413 secs]
87.225: [Full GC 87.225: [Tenured: 23540K->23540K(39240K), 0.0191927 secs] 23540K->23540K(42248K), [Perm : 19K->19K(8192K)], 0.0192963 secs]
87.247: [Full GC 87.247: [Tenured: 23540K->11821K(39240K), 0.0398109 secs] 23594K->11821K(42248K), [Perm : 19K->19K(8192K)], 0.0399252 secs]
87.287: [GC 87.287: [DefNew: 53K->0K(3008K), 0.0004017 secs]87.288: [Tenured: 11821K->11821K(39240K), 0.0192564 secs] 11875K->11821K(42248K), 0.0199319 secs]
87.312: [GC 87.312: [DefNew: 53K->0K(3008K), 0.0004671 secs]87.312: [Tenured: 15728K->15728K(39240K), 0.0190058 secs] 15781K->15728K(42248K), 0.0195989 secs]
87.336: [GC 87.336: [DefNew: 53K->0K(3008K), 0.0005040 secs]87.337: [Tenured: 19634K->19634K(39240K), 0.0191360 secs] 19688K->19634K(42248K), 0.0197676 secs]
87.361: [Full GC 87.361: [Tenured: 23540K->23540K(39240K), 0.0191829 secs] 23540K->23540K(42248K), [Perm : 19K->19K(8192K)], 0.0192863 secs]
87.382: [Full GC 87.382: [Tenured: 23540K->11821K(39240K), 0.0402325 secs] 23594K->11821K(42248K), [Perm : 19K->19K(8192K)], 0.0403484 secs]
87.422: [GC 87.422: [DefNew: 53K->0K(3008K), 0.0004070 secs]87.423: [Tenured: 11821K->11821K(39240K), 0.0188946 secs] 11875K->11821K(42248K), 0.0194209 secs]
87.446: [GC 87.447: [DefNew: 53K->0K(3008K), 0.0006062 secs]87.447: [Tenured: 15727K->15727K(39240K), 0.0190236 secs] 15781K->15727K(42248K), 0.0197556 secs]
87.471: [GC 87.471: [DefNew: 53K->0K(3008K), 0.0005484 secs]87.472: [Tenured: 19634K->19634K(39240K), 0.0192315 secs] 19687K->19634K(42248K), 0.0199056 secs]
87.496: [Full GC 87.496: [Tenured: 23540K->23540K(39240K), 0.0191829 secs] 23540K->23540K(42248K), [Perm : 19K->19K(8192K)], 0.0192888 secs]
87.516: [Full GC 87.516: [Tenured: 23540K->11821K(39240K), 0.0398883 secs] 23594K->11821K(42248K), [Perm : 19K->19K(8192K)], 0.0399922 secs]
87.556: [GC 87.556: [DefNew: 53K->0K(3008K), 0.0004006 secs]87.557: [Tenured: 11821K->11821K(39240K), 0.0188974 secs] 11875K->11821K(42248K), 0.0194148 secs]
87.580: [GC 87.580: [DefNew: 53K->0K(3008K), 0.0004629 secs]87.581: [Tenured: 15728K->15728K(39240K), 0.0191647 secs] 15781K->15728K(42248K), 0.0197556 secs]
87.607: [GC 87.607: [DefNew: 53K->0K(3008K), 0.0005205 secs]87.607: [Tenured: 19634K->19634K(39240K), 0.0191016 secs] 19688K->19634K(42248K), 0.0197506 secs]
87.631: [Full GC 87.631: [Tenured: 23540K->23540K(39240K), 0.0192156 secs] 23540K->23540K(42248K), [Perm : 19K->19K(8192K)], 0.0193198 secs]
87.651: [Full GC 87.651: [Tenured: 23540K->11821K(39240K), 0.0399459 secs] 23594K->11821K(42248K), [Perm : 19K->19K(8192K)], 0.0400509 secs]
87.692: [GC 87.692: [DefNew: 53K->0K(3008K), 0.0003989 secs]87.692: [Tenured: 11821K->11821K(39240K), 0.0190390 secs] 11875K->11821K(42248K), 0.0195564 secs]
87.716: [GC 87.716: [DefNew: 53K->0K(3008K), 0.0004646 secs]87.717: [Tenured: 15728K->15728K(39240K), 0.0190141 secs] 15781K->15728K(42248K), 0.0196047 secs]
87.740: [GC 87.740: [DefNew: 53K->0K(3008K), 0.0005040 secs]87.741: [Tenured: 19634K->19634K(39240K), 0.0191234 secs] 19688K->19634K(42248K), 0.0197528 secs]
87.765: [Full GC 87.765: [Tenured: 23540K->23540K(39240K), 0.0191901 secs] 23540K->23540K(42248K), [Perm : 19K->19K(8192K)], 0.0192952 secs]
87.786: [Full GC 87.786: [Tenured: 23540K->11821K(39240K), 0.0400584 secs] 23594K->11821K(42248K), [Perm : 19K->19K(8192K)], 0.0401685 secs]
87.826: [GC 87.827: [DefNew: 53K->0K(3008K), 0.0004260 secs]87.828: [Tenured: 11821K->11821K(39240K), 0.0188893 secs] 11875K->11821K(42248K), 0.0194511 secs]
87.853: [GC 87.853: [DefNew: 53K->0K(3008K), 0.0004749 secs]87.854: [Tenured: 15728K->15728K(39240K), 0.0189979 secs] 15781K->15728K(42248K), 0.0196053 secs]
87.877: [GC 87.878: [DefNew: 53K->0K(3008K), 0.0005160 secs]87.878: [Tenured: 19634K->19634K(39240K), 0.0190974 secs] 19688K->19634K(42248K), 0.0197422 secs]
87.902: [Full GC 87.902: [Tenured: 23540K->23540K(39240K), 0.0341538 secs] 23540K->23540K(42248K), [Perm : 19K->19K(8192K)], 0.0342703 secs]
87.939: [Full GC 87.939: [Tenured: 23540K->11821K(39240K), 0.0399227 secs] 23594K->11821K(42248K), [Perm : 19K->19K(8192K)], 0.0400420 secs]
87.979: [GC 87.979: [DefNew: 53K->0K(3008K), 0.0004101 secs]87.980: [Tenured: 11821K->11821K(39240K), 0.0192265 secs] 11875K->11821K(42248K), 0.0197617 secs]
88.004: [GC 88.005: [DefNew: 53K->0K(3008K), 0.0004783 secs]88.005: [Tenured: 15728K->15728K(39240K), 0.0193762 secs] 15781K->15728K(42248K), 0.0199922 secs]
88.030: [GC 88.030: [DefNew: 53K->0K(3008K), 0.0005188 secs]88.030: [Tenured: 19634K->19634K(39240K), 0.0194623 secs] 19688K->19634K(42248K), 0.0201369 secs]
88.055: [Full GC 88.055: [Tenured: 23540K->23540K(39240K), 0.0196064 secs] 23540K->23540K(42248K), [Perm : 19K->19K(8192K)], 0.0198271 secs]
88.077: [Full GC 88.077: [Tenured: 23540K->11821K(39240K), 0.0404945 secs] 23594K->11821K(42248K), [Perm : 19K->19K(8192K)], 0.0406096 secs]
88.118: [GC 88.118: [DefNew: 53K->0K(3008K), 0.0004221 secs]88.119: [Tenured: 11821K->11821K(39240K), 0.0192407 secs] 11875K->11821K(42248K), 0.0197880 secs]
88.143: [GC 88.143: [DefNew: 53K->0K(3008K), 0.0004774 secs]88.144: [Tenured: 15728K->15728K(39240K), 0.0194466 secs] 15781K->15728K(42248K), 0.0200620 secs]
88.169: [GC 88.169: [DefNew: 53K->0K(3008K), 0.0005207 secs]88.170: [Tenured: 19634K->19634K(39240K), 0.0195466 secs] 19688K->19634K(42248K), 0.0202023 secs]
88.194: [Full GC 88.194: [Tenured: 23540K->23540K(39240K), 0.0197818 secs] 23540K->23540K(42248K), [Perm : 19K->19K(8192K)], 0.0198939 secs]
88.215: [Full GC 88.215: [Tenured: 23540K->11821K(39240K), 0.0399271 secs] 23594K->11821K(42248K), [Perm : 19K->19K(8192K)], 0.0400311 secs]
88.255: [GC 88.255: [DefNew: 53K->0K(3008K), 0.0003998 secs]88.256: [Tenured: 11821K->11821K(39240K), 0.0193639 secs] 11875K->11821K(42248K), 0.0198869 secs]
88.280: [GC 88.280: [DefNew: 53K->0K(3008K), 0.0004763 secs]88.281: [Tenured: 15728K->15728K(39240K), 0.0195547 secs] 15781K->15728K(42248K), 0.0201663 secs]
88.305: [GC 88.305: [DefNew: 53K->0K(3008K), 0.0005177 secs]88.306: [Tenured: 19634K->19634K(39240K), 0.0194966 secs] 19688K->19634K(42248K), 0.0201489 secs]
88.330: [Full GC 88.330: [Tenured: 23540K->23540K(39240K), 0.0192030 secs] 23540K->23540K(42248K), [Perm : 19K->19K(8192K)], 0.0193100 secs]
88.352: [Full GC 88.352: [Tenured: 23540K->11821K(39240K), 0.0399970 secs] 23594K->11821K(42248K), [Perm : 19K->19K(8192K)], 0.0401062 secs]
88.392: [GC 88.392: [DefNew: 53K->0K(3008K), 0.0004012 secs]88.392: [Tenured: 11821K->11821K(39240K), 0.0191949 secs] 11875K->11821K(42248K), 0.0197181 secs]
88.417: [GC 88.417: [DefNew: 53K->0K(3008K), 0.0004760 secs]88.417: [Tenured: 15728K->15728K(39240K), 0.0191929 secs] 15781K->15728K(42248K), 0.0198039 secs]
88.441: [GC 88.442: [DefNew: 53K->0K(3008K), 0.0005177 secs]88.442: [Tenured: 19634K->19634K(39240K), 0.0196924 secs] 19688K->19634K(42248K), 0.0203445 secs]
88.467: [Full GC 88.467: [Tenured: 23540K->23540K(39240K), 0.0193743 secs] 23540K->23540K(42248K), [Perm : 19K->19K(8192K)], 0.0194880 secs]
88.488: [Full GC 88.488: [Tenured: 23540K->11821K(39240K), 0.0405236 secs] 23594K->11821K(42248K), [Perm : 19K->19K(8192K)], 0.0406406 secs]
88.529: [GC 88.529: [DefNew: 53K->0K(3008K), 0.0004104 secs]88.529: [Tenured: 11821K->11821K(39240K), 0.0190748 secs] 11875K->11821K(42248K), 0.0196092 secs]
88.553: [GC 88.553: [DefNew: 53K->0K(3008K), 0.0004755 secs]88.554: [Tenured: 15728K->15728K(39240K), 0.0193603 secs] 15781K->15728K(42248K), 0.0199696 secs]
88.578: [GC 88.578: [DefNew: 53K->0K(3008K), 0.0005182 secs]88.579: [Tenured: 19634K->19634K(39240K), 0.0195259 secs] 19688K->19634K(42248K), 0.0201797 secs]
88.605: [Full GC 88.605: [Tenured: 23540K->23540K(39240K), 0.0195726 secs] 23540K->23540K(42248K), [Perm : 19K->19K(8192K)], 0.0196802 secs]
88.626: [Full GC 88.626: [Tenured: 23540K->11821K(39240K), 0.0402993 secs] 23594K->11821K(42248K), [Perm : 19K->19K(8192K)], 0.0404121 secs]
88.667: [GC 88.667: [DefNew: 53K->0K(3008K), 0.0005110 secs]88.667: [Tenured: 11821K->11821K(39240K), 0.0193430 secs] 11875K->11821K(42248K), 0.0199805 secs]
88.692: [GC 88.692: [DefNew: 53K->0K(3008K), 0.0004769 secs]88.692: [Tenured: 15728K->15728K(39240K), 0.0194748 secs] 15781K->15728K(42248K), 0.0200866 secs]
88.717: [GC 88.717: [DefNew: 53K->0K(3008K), 0.0005179 secs]88.718: [Tenured: 19634K->19634K(39240K), 0.0196019 secs] 19688K->19634K(42248K), 0.0202548 secs]
88.743: [Full GC 88.743: [Tenured: 23540K->23540K(39240K), 0.0198673 secs] 23540K->23540K(42248K), [Perm : 19K->19K(8192K)], 0.0199805 secs]
88.764: [Full GC 88.765: [Tenured: 23540K->11821K(39240K), 0.0403892 secs] 23594K->11821K(42248K), [Perm : 19K->19K(8192K)], 0.0405149 secs]
88.805: [GC 88.805: [DefNew: 53K->0K(3008K), 0.0004079 secs]88.806: [Tenured: 11821K->11821K(39240K), 0.0191907 secs] 11875K->11821K(42248K), 0.0197218 secs]
88.831: [GC 88.831: [DefNew: 53K->0K(3008K), 0.0004777 secs]88.831: [Tenured: 15728K->15728K(39240K), 0.0196315 secs] 15781K->15728K(42248K), 0.0202470 secs]
88.856: [GC 88.856: [DefNew: 53K->0K(3008K), 0.0005185 secs]88.856: [Tenured: 19634K->19634K(39240K), 0.0197363 secs] 19688K->19634K(42248K), 0.0203911 secs]
88.881: [Full GC 88.881: [Tenured: 23540K->23540K(39240K), 0.0200651 secs] 23540K->23540K(42248K), [Perm : 19K->19K(8192K)], 0.0201771 secs]
88.933: [Full GC 88.933: [Tenured: 23540K->11821K(39240K), 0.0403931 secs] 23594K->11821K(42248K), [Perm : 19K->19K(8192K)], 0.0405091 secs]
88.974: [GC 88.974: [DefNew: 53K->0K(3008K), 0.0004101 secs]88.974: [Tenured: 11821K->11821K(39240K), 0.0191851 secs] 11875K->11821K(42248K), 0.0197195 secs]
88.998: [GC 88.998: [DefNew: 53K->0K(3008K), 0.0004797 secs]88.999: [Tenured: 15728K->15728K(39240K), 0.0193167 secs] 15781K->15728K(42248K), 0.0199327 secs]
89.023: [GC 89.023: [DefNew: 53K->0K(3008K), 0.0005191 secs]89.024: [Tenured: 19634K->19634K(39240K), 0.0196081 secs] 19688K->19634K(42248K), 0.0202637 secs]
89.048: [Full GC 89.049: [Tenured: 23540K->23540K(39240K), 0.0196332 secs] 23540K->23540K(42248K), [Perm : 19K->19K(8192K)], 0.0197455 secs]
89.100: [Full GC 89.100: [Tenured: 23540K->11821K(39240K), 0.0406591 secs] 23594K->11821K(42248K), [Perm : 19K->19K(8192K)], 0.0407756 secs]
89.141: [GC 89.141: [DefNew: 53K->0K(3008K), 0.0004112 secs]89.142: [Tenured: 11821K->11821K(39240K), 0.0192016 secs] 11875K->11821K(42248K), 0.0197383 secs]
89.166: [GC 89.166: [DefNew: 53K->0K(3008K), 0.0004766 secs]89.167: [Tenured: 15728K->15728K(39240K), 0.0193583 secs] 15781K->15728K(42248K), 0.0199707 secs]
89.191: [GC 89.191: [DefNew: 53K->0K(3008K), 0.0005168 secs]89.192: [Tenured: 19634K->19634K(39240K), 0.0197271 secs] 19688K->19634K(42248K), 0.0203791 secs]
89.216: [Full GC 89.216: [Tenured: 23540K->23540K(39240K), 0.0196863 secs] 23540K->23540K(42248K), [Perm : 19K->19K(8192K)], 0.0197986 secs]
89.240: [Full GC 89.240: [Tenured: 23540K->11821K(39240K), 0.0404764 secs] 23594K->11821K(42248K), [Perm : 19K->19K(8192K)], 0.0405912 secs]
89.281: [GC 89.281: [DefNew: 53K->0K(3008K), 0.0004090 secs]89.281: [Tenured: 11821K->11821K(39240K), 0.0189287 secs] 11875K->11821K(42248K), 0.0194575 secs]
89.305: [GC 89.305: [DefNew: 53K->0K(3008K), 0.0004637 secs]89.305: [Tenured: 15728K->15728K(39240K), 0.0190493 secs] 15781K->15728K(42248K), 0.0196396 secs]
89.329: [GC 89.329: [DefNew: 53K->0K(3008K), 0.0005068 secs]89.330: [Tenured: 19634K->19634K(39240K), 0.0196553 secs] 19688K->19634K(42248K), 0.0202959 secs]
89.356: [Full GC 89.356: [Tenured: 23540K->23540K(39240K), 0.0191991 secs] 23540K->23540K(42248K), [Perm : 19K->19K(8192K)], 0.0193064 secs]
89.405: [Full GC 89.405: [Tenured: 23540K->11821K(39240K), 0.0420461 secs] 23594K->11821K(42248K), [Perm : 19K->19K(8192K)], 0.0423073 secs]
89.447: [GC 89.447: [DefNew: 53K->0K(3008K), 0.0004101 secs]89.448: [Tenured: 11821K->11821K(39240K), 0.0197631 secs] 11875K->11821K(42248K), 0.0203015 secs]
89.472: [GC 89.473: [DefNew: 53K->0K(3008K), 0.0007308 secs]89.473: [Tenured: 15728K->15728K(39240K), 0.0197489 secs] 15781K->15728K(42248K), 0.0206197 secs]
89.499: [GC 89.499: [DefNew: 53K->0K(3008K), 0.0005227 secs]89.499: [Tenured: 19634K->19634K(39240K), 0.0200453 secs] 19688K->19634K(42248K), 0.0207043 secs]
89.524: [Full GC 89.524: [Tenured: 23540K->23540K(39240K), 0.0203490 secs] 23540K->23540K(42248K), [Perm : 19K->19K(8192K)], 0.0204643 secs]
89.546: [Full GC 89.546: [Tenured: 23540K->11821K(39240K), 0.0418380 secs] 23594K->11821K(42248K), [Perm : 19K->19K(8192K)], 0.0419506 secs]
89.588: [GC 89.588: [DefNew: 53K->0K(3008K), 0.0004037 secs]89.589: [Tenured: 11821K->11821K(39240K), 0.0198939 secs] 11875K->11821K(42248K), 0.0204241 secs]
89.620: [GC 89.620: [DefNew: 53K->0K(3008K), 0.0004808 secs]89.620: [Tenured: 15728K->15728K(39240K), 0.0193296 secs] 15781K->15728K(42248K), 0.0199704 secs]
89.645: [GC 89.645: [DefNew: 53K->0K(3008K), 0.0005196 secs]89.646: [Tenured: 19634K->19634K(39240K), 0.0196531 secs] 19688K->19634K(42248K), 0.0203093 secs]
89.675: [Full GC 89.675: [Tenured: 23540K->23540K(39240K), 0.0349083 secs] 23540K->23540K(42248K), [Perm : 19K->19K(8192K)], 0.0350349 secs]
89.711: [Full GC 89.711: [Tenured: 23540K->11821K(39240K), 0.0406286 secs] 23594K->11821K(42248K), [Perm : 19K->19K(8192K)], 0.0407423 secs]
89.753: [GC 89.753: [DefNew: 53K->0K(3008K), 0.0004160 secs]89.753: [Tenured: 11821K->11821K(39240K), 0.0193603 secs] 11875K->11821K(42248K), 0.0199020 secs]
89.777: [GC 89.778: [DefNew: 53K->0K(3008K), 0.0004766 secs]89.778: [Tenured: 15728K->15728K(39240K), 0.0194787 secs] 15781K->15728K(42248K), 0.0200917 secs]
89.807: [GC 89.807: [DefNew: 53K->0K(3008K), 0.0005179 secs]89.807: [Tenured: 19634K->19634K(39240K), 0.0295915 secs] 19688K->19634K(42248K), 0.0302572 secs]
89.842: [Full GC 89.842: [Tenured: 23540K->23540K(39240K), 0.0200411 secs] 23540K->23540K(42248K), [Perm : 19K->19K(8192K)], 0.0201540 secs]
89.864: [Full GC 89.865: [Tenured: 23540K->11821K(39240K), 0.0404493 secs] 23594K->11821K(42248K), [Perm : 19K->19K(8192K)], 0.0405674 secs]
89.907: [GC 89.907: [DefNew: 53K->0K(3008K), 0.0005693 secs]89.907: [Tenured: 11821K->11821K(39240K), 0.0195223 secs] 11875K->11821K(42248K), 0.0202258 secs]
89.935: [GC 89.935: [DefNew: 53K->0K(3008K), 0.0004797 secs]89.935: [Tenured: 15728K->15727K(39240K), 0.0245224 secs] 15781K->15727K(42248K), 0.0251510 secs]
89.967: [GC 89.967: [DefNew: 53K->0K(3008K), 0.0005663 secs]89.968: [Tenured: 19634K->19634K(39240K), 0.0195857 secs] 19687K->19634K(42248K), 0.0202892 secs]
89.994: [Full GC 89.994: [Tenured: 23540K->23540K(39240K), 0.0197796 secs] 23540K->23540K(42248K), [Perm : 19K->19K(8192K)], 0.0198928 secs]
90.015: [Full GC 90.015: [Tenured: 23540K->11821K(39240K), 0.0405982 secs] 23594K->11821K(42248K), [Perm : 19K->19K(8192K)], 0.0407292 secs]
90.058: [GC 90.058: [DefNew: 53K->0K(3008K), 0.0004246 secs]90.059: [Tenured: 11821K->11821K(39240K), 0.0194812 secs] 11875K->11821K(42248K), 0.0200375 secs]
90.085: [GC 90.086: [DefNew: 53K->0K(3008K), 0.0004799 secs]90.086: [Tenured: 15728K->15728K(39240K), 0.0195313 secs] 15781K->15728K(42248K), 0.0201481 secs]
90.112: [GC 90.112: [DefNew: 53K->0K(3008K), 0.0005193 secs]90.113: [Tenured: 19634K->19634K(39240K), 0.0196424 secs] 19688K->19634K(42248K), 0.0202981 secs]
90.137: [Full GC 90.137: [Tenured: 23540K->23540K(39240K), 0.0198916 secs] 23540K->23540K(42248K), [Perm : 19K->19K(8192K)], 0.0200037 secs]
90.158: [Full GC 90.159: [Tenured: 23540K->11821K(39240K), 0.0405314 secs] 23594K->11821K(42248K), [Perm : 19K->19K(8192K)], 0.0406454 secs]
90.200: [GC 90.200: [DefNew: 53K->0K(3008K), 0.0004202 secs]90.201: [Tenured: 11821K->11821K(39240K), 0.0195148 secs] 11875K->11821K(42248K), 0.0200637 secs]
90.227: [GC 90.227: [DefNew: 53K->0K(3008K), 0.0007171 secs]90.227: [Tenured: 15728K->15728K(39240K), 0.0195905 secs] 15781K->15728K(42248K), 0.0204476 secs]
90.253: [GC 90.253: [DefNew: 53K->0K(3008K), 0.0005207 secs]90.253: [Tenured: 19634K->19634K(39240K), 0.0192734 secs] 19688K->19634K(42248K), 0.0199305 secs]
90.278: [Full GC 90.278: [Tenured: 23540K->23540K(39240K), 0.0343636 secs] 23540K->23540K(42248K), [Perm : 19K->19K(8192K)], 0.0344871 secs]
90.314: [Full GC 90.314: [Tenured: 23540K->11821K(39240K), 0.0400543 secs] 23594K->11821K(42248K), [Perm : 19K->19K(8192K)], 0.0401705 secs]
90.365: [GC 90.365: [DefNew: 53K->0K(3008K), 0.0004260 secs]90.366: [Tenured: 11821K->11821K(39240K), 0.0189778 secs] 11875K->11821K(42248K), 0.0195299 secs]
90.390: [GC 90.390: [DefNew: 53K->0K(3008K), 0.0004772 secs]90.391: [Tenured: 15728K->15728K(39240K), 0.0190337 secs] 15781K->15728K(42248K), 0.0196396 secs]
90.415: [GC 90.415: [DefNew: 53K->0K(3008K), 0.0005026 secs]90.415: [Tenured: 19634K->19634K(39240K), 0.0296208 secs] 19688K->19634K(42248K), 0.0302675 secs]
90.451: [Full GC 90.451: [Tenured: 23540K->23540K(39240K), 0.0193868 secs] 23540K->23540K(42248K), [Perm : 19K->19K(8192K)], 0.0195002 secs]
90.473: [Full GC 90.473: [Tenured: 23540K->11821K(39240K), 0.0399506 secs] 23594K->11821K(42248K), [Perm : 19K->19K(8192K)], 0.0400615 secs]
90.513: [GC 90.513: [DefNew: 53K->0K(3008K), 0.0004023 secs]90.513: [Tenured: 11821K->11821K(39240K), 0.0191265 secs] 11875K->11821K(42248K), 0.0196528 secs]
90.544: [GC 90.544: [DefNew: 53K->0K(3008K), 0.0004827 secs]90.545: [Tenured: 15728K->15728K(39240K), 0.0191938 secs] 15781K->15728K(42248K), 0.0198103 secs]
90.571: [GC 90.572: [DefNew: 53K->0K(3008K), 0.0005431 secs]90.572: [Tenured: 19634K->19634K(39240K), 0.0192396 secs] 19688K->19634K(42248K), 0.0199201 secs]
90.596: [Full GC 90.596: [Tenured: 23540K->23540K(39240K), 0.0192066 secs] 23540K->23540K(42248K), [Perm : 19K->19K(8192K)], 0.0193100 secs]
90.618: [Full GC 90.618: [Tenured: 23540K->11821K(39240K), 0.0397076 secs] 23594K->11821K(42248K), [Perm : 19K->19K(8192K)], 0.0398190 secs]
90.658: [GC 90.658: [DefNew: 53K->0K(3008K), 0.0004014 secs]90.659: [Tenured: 11821K->11821K(39240K), 0.0189094 secs] 11875K->11821K(42248K), 0.0194284 secs]
90.683: [GC 90.683: [DefNew: 53K->0K(3008K), 0.0004646 secs]90.683: [Tenured: 15727K->15727K(39240K), 0.0190357 secs] 15781K->15727K(42248K), 0.0196290 secs]
90.709: [GC 90.709: [DefNew: 53K->0K(3008K), 0.0005668 secs]90.709: [Tenured: 19634K->19634K(39240K), 0.0191820 secs] 19687K->19634K(42248K), 0.0198810 secs]
90.733: [Full GC 90.733: [Tenured: 23540K->23540K(39240K), 0.0191876 secs] 23540K->23540K(42248K), [Perm : 19K->19K(8192K)], 0.0192893 secs]
90.754: [Full GC 90.754: [Tenured: 23540K->11821K(39240K), 0.0400517 secs] 23594K->11821K(42248K), [Perm : 19K->19K(8192K)], 0.0401643 secs]
90.794: [GC 90.794: [DefNew: 53K->0K(3008K), 0.0004040 secs]90.795: [Tenured: 11821K->11821K(39240K), 0.0189155 secs] 11875K->11821K(42248K), 0.0194385 secs]
90.819: [GC 90.819: [DefNew: 53K->0K(3008K), 0.0004674 secs]90.819: [Tenured: 15728K->15728K(39240K), 0.0190555 secs] 15781K->15728K(42248K), 0.0196497 secs]
90.843: [GC 90.843: [DefNew: 53K->0K(3008K), 0.0005168 secs]90.844: [Tenured: 19634K->19634K(39240K), 0.0191200 secs] 19688K->19634K(42248K), 0.0197687 secs]
90.868: [Full GC 90.868: [Tenured: 23540K->23540K(39240K), 0.0339853 secs] 23540K->23540K(42248K), [Perm : 19K->19K(8192K)], 0.0341010 secs]
90.908: [Full GC 90.908: [Tenured: 23540K->11821K(39240K), 0.0396925 secs] 23594K->11821K(42248K), [Perm : 19K->19K(8192K)], 0.0398070 secs]
90.948: [GC 90.948: [DefNew: 53K->0K(3008K), 0.0004009 secs]90.948: [Tenured: 11821K->11821K(39240K), 0.0189270 secs] 11875K->11821K(42248K), 0.0194444 secs]
90.973: [GC 90.973: [DefNew: 53K->0K(3008K), 0.0004791 secs]90.973: [Tenured: 15728K->15728K(39240K), 0.0190298 secs] 15781K->15728K(42248K), 0.0196388 secs]
90.997: [GC 90.997: [DefNew: 53K->0K(3008K), 0.0005121 secs]90.998: [Tenured: 19634K->19634K(39240K), 0.0191292 secs] 19688K->19634K(42248K), 0.0197712 secs]
91.023: [Full GC 91.023: [Tenured: 23540K->23540K(39240K), 0.0192323 secs] 23540K->23540K(42248K), [Perm : 19K->19K(8192K)], 0.0193402 secs]
91.043: [Full GC 91.043: [Tenured: 23540K->11821K(39240K), 0.0401582 secs] 23594K->11821K(42248K), [Perm : 19K->19K(8192K)], 0.0402710 secs]
91.086: [GC 91.086: [DefNew: 53K->0K(3008K), 0.0004252 secs]91.086: [Tenured: 11821K->11821K(39240K), 0.0189924 secs] 11875K->11821K(42248K), 0.0195455 secs]
91.111: [GC 91.111: [DefNew: 53K->0K(3008K), 0.0004791 secs]91.112: [Tenured: 15728K->15727K(39240K), 0.0238642 secs] 15781K->15727K(42248K), 0.0244875 secs]
91.141: [GC 91.141: [DefNew: 53K->0K(3008K), 0.0005604 secs]91.141: [Tenured: 19634K->19634K(39240K), 0.0191586 secs] 19687K->19634K(42248K), 0.0198497 secs]
91.167: [Full GC 91.167: [Tenured: 23540K->23540K(39240K), 0.0195363 secs] 23540K->23540K(42248K), [Perm : 19K->19K(8192K)], 0.0196424 secs]
91.189: [Full GC 91.189: [Tenured: 23540K->11821K(39240K), 0.0396506 secs] 23594K->11821K(42248K), [Perm : 19K->19K(8192K)], 0.0397646 secs]
91.230: [GC 91.230: [DefNew: 53K->0K(3008K), 0.0004109 secs]91.230: [Tenured: 11821K->11821K(39240K), 0.0189250 secs] 11875K->11821K(42248K), 0.0194569 secs]
91.254: [GC 91.254: [DefNew: 53K->0K(3008K), 0.0004760 secs]91.255: [Tenured: 15728K->15728K(39240K), 0.0190264 secs] 15781K->15728K(42248K), 0.0196327 secs]
91.285: [GC 91.285: [DefNew: 53K->0K(3008K), 0.0005233 secs]91.286: [Tenured: 19634K->19634K(39240K), 0.0199481 secs] 19688K->19634K(42248K), 0.0206082 secs]
91.311: [Full GC 91.311: [Tenured: 23540K->23540K(39240K), 0.0200833 secs] 23540K->23540K(42248K), [Perm : 19K->19K(8192K)], 0.0201931 secs]
91.411: [Full GC 91.412: [Tenured: 23540K->11821K(39240K), 0.0417154 secs] 23594K->11821K(42248K), [Perm : 19K->19K(8192K)], 0.0418372 secs]
91.545: [GC 91.545: [DefNew: 53K->0K(3008K), 0.0004271 secs]91.546: [Tenured: 11821K->11821K(39240K), 0.0199101 secs] 11875K->11821K(42248K), 0.0204738 secs]
91.571: [GC 91.571: [DefNew: 53K->0K(3008K), 0.0004774 secs]91.571: [Tenured: 15728K->15728K(39240K), 0.0202372 secs] 15781K->15728K(42248K), 0.0208543 secs]
91.598: [GC 91.598: [DefNew: 53K->0K(3008K), 0.0005179 secs]91.598: [Tenured: 19634K->19634K(39240K), 0.0200945 secs] 19688K->19634K(42248K), 0.0207501 secs]
91.624: [Full GC 91.624: [Tenured: 23540K->23540K(39240K), 0.0353090 secs] 23540K->23540K(42248K), [Perm : 19K->19K(8192K)], 0.0354358 secs]
91.679: [Full GC 91.679: [Tenured: 23540K->11821K(39240K), 0.0400755 secs] 23594K->11821K(42248K), [Perm : 19K->19K(8192K)], 0.0401951 secs]
91.725: [GC 91.725: [DefNew: 53K->0K(3008K), 0.0004280 secs]91.726: [Tenured: 11821K->11821K(39240K), 0.0190248 secs] 11875K->11821K(42248K), 0.0195838 secs]
91.756: [GC 91.756: [DefNew: 53K->0K(3008K), 0.0005093 secs]91.756: [Tenured: 15728K->15728K(39240K), 0.0192072 secs] 15781K->15728K(42248K), 0.0198525 secs]
91.781: [GC 91.781: [DefNew: 53K->0K(3008K), 0.0005216 secs]91.782: [Tenured: 19634K->19634K(39240K), 0.0191144 secs] 19688K->19634K(42248K), 0.0197682 secs]
91.806: [Full GC 91.806: [Tenured: 23540K->23540K(39240K), 0.0192262 secs] 23540K->23540K(42248K), [Perm : 19K->19K(8192K)], 0.0193298 secs]
91.832: [Full GC 91.832: [Tenured: 23540K->11821K(39240K), 0.0400593 secs] 23594K->11821K(42248K), [Perm : 19K->19K(8192K)], 0.0401755 secs]
91.873: [GC 91.873: [DefNew: 53K->0K(3008K), 0.0004140 secs]91.874: [Tenured: 11821K->11821K(39240K), 0.0189116 secs] 11875K->11821K(42248K), 0.0194452 secs]
91.898: [GC 91.898: [DefNew: 53K->0K(3008K), 0.0004772 secs]91.899: [Tenured: 15728K->15728K(39240K), 0.0191443 secs] 15781K->15728K(42248K), 0.0197575 secs]
91.923: [GC 91.923: [DefNew: 53K->0K(3008K), 0.0005177 secs]91.923: [Tenured: 19634K->19634K(39240K), 0.0191326 secs] 19688K->19634K(42248K), 0.0197841 secs]
91.950: [Full GC 91.950: [Tenured: 23540K->23540K(39240K), 0.0191904 secs] 23540K->23540K(42248K), [Perm : 19K->19K(8192K)], 0.0192952 secs]
91.973: [Full GC 91.973: [Tenured: 23540K->11821K(39240K), 0.0398581 secs] 23594K->11821K(42248K), [Perm : 19K->19K(8192K)], 0.0399749 secs]
92.017: [GC 92.017: [DefNew: 53K->0K(3008K), 0.0004280 secs]92.018: [Tenured: 11821K->11821K(39240K), 0.0189147 secs] 11875K->11821K(42248K), 0.0194687 secs]
92.042: [GC 92.042: [DefNew: 53K->0K(3008K), 0.0004744 secs]92.042: [Tenured: 15727K->15727K(39240K), 0.0190312 secs] 15781K->15727K(42248K), 0.0196360 secs]
92.066: [GC 92.066: [DefNew: 53K->0K(3008K), 0.0005531 secs]92.067: [Tenured: 19634K->19634K(39240K), 0.0191108 secs] 19687K->19634K(42248K), 0.0197902 secs]
92.094: [Full GC 92.094: [Tenured: 23540K->23540K(39240K), 0.0193938 secs] 23540K->23540K(42248K), [Perm : 19K->19K(8192K)], 0.0195044 secs]
92.116: [Full GC 92.117: [Tenured: 23540K->11821K(39240K), 0.0397715 secs] 23594K->11821K(42248K), [Perm : 19K->19K(8192K)], 0.0398869 secs]
92.157: [GC 92.157: [DefNew: 53K->0K(3008K), 0.0004054 secs]92.157: [Tenured: 11821K->11821K(39240K), 0.0189155 secs] 11875K->11821K(42248K), 0.0194388 secs]
92.181: [GC 92.181: [DefNew: 53K->0K(3008K), 0.0004853 secs]92.182: [Tenured: 15728K->15728K(39240K), 0.0190823 secs] 15781K->15728K(42248K), 0.0196980 secs]
92.206: [GC 92.206: [DefNew: 53K->0K(3008K), 0.0005202 secs]92.206: [Tenured: 19634K->19634K(39240K), 0.0191077 secs] 19688K->19634K(42248K), 0.0197575 secs]
92.233: [Full GC 92.233: [Tenured: 23540K->23540K(39240K), 0.0338945 secs] 23540K->23540K(42248K), [Perm : 19K->19K(8192K)], 0.0340135 secs]
92.276: [Full GC 92.276: [Tenured: 23540K->11821K(39240K), 0.0398282 secs] 23594K->11821K(42248K), [Perm : 19K->19K(8192K)], 0.0399447 secs]
92.316: [GC 92.316: [DefNew: 53K->0K(3008K), 0.0004017 secs]92.316: [Tenured: 11821K->11821K(39240K), 0.0189125 secs] 11875K->11821K(42248K), 0.0194329 secs]
92.340: [GC 92.341: [DefNew: 53K->0K(3008K), 0.0004758 secs]92.341: [Tenured: 15727K->15727K(39240K), 0.0190306 secs] 15781K->15727K(42248K), 0.0196352 secs]
92.367: [GC 92.367: [DefNew: 53K->0K(3008K), 0.0005660 secs]92.367: [Tenured: 19634K->19634K(39240K), 0.0192041 secs] 19687K->19634K(42248K), 0.0199028 secs]
92.392: [Full GC 92.392: [Tenured: 23540K->23540K(39240K), 0.0196198 secs] 23540K->23540K(42248K), [Perm : 19K->19K(8192K)], 0.0197321 secs]
92.415: [Full GC 92.415: [Tenured: 23540K->11821K(39240K), 0.0406884 secs] 23594K->11821K(42248K), [Perm : 19K->19K(8192K)], 0.0408085 secs]
92.458: [GC 92.459: [DefNew: 53K->0K(3008K), 0.0004252 secs]92.459: [Tenured: 11821K->11821K(39240K), 0.0194279 secs] 11875K->11821K(42248K), 0.0199844 secs]
92.484: [GC 92.484: [DefNew: 53K->0K(3008K), 0.0004788 secs]92.484: [Tenured: 15728K->15727K(39240K), 0.0242299 secs] 15781K->15727K(42248K), 0.0248596 secs]
92.518: [GC 92.518: [DefNew: 53K->0K(3008K), 0.0005668 secs]92.519: [Tenured: 19634K->19634K(39240K), 0.0194089 secs] 19687K->19634K(42248K), 0.0201123 secs]
92.544: [Full GC 92.544: [Tenured: 23540K->23540K(39240K), 0.0197114 secs] 23540K->23540K(42248K), [Perm : 19K->19K(8192K)], 0.0198237 secs]
92.610: [Full GC 92.610: [Tenured: 23540K->11821K(39240K), 0.0404820 secs] 23594K->11821K(42248K), [Perm : 19K->19K(8192K)], 0.0406029 secs]
92.651: [GC 92.651: [DefNew: 53K->0K(3008K), 0.0005325 secs]92.652: [Tenured: 11821K->11821K(39240K), 0.0192438 secs] 11875K->11821K(42248K), 0.0199034 secs]
92.683: [GC 92.683: [DefNew: 53K->0K(3008K), 0.0006406 secs]92.684: [Tenured: 15728K->15728K(39240K), 0.0194754 secs] 15781K->15728K(42248K), 0.0202554 secs]
92.709: [GC 92.710: [DefNew: 53K->0K(3008K), 0.0005193 secs]92.710: [Tenured: 19634K->19634K(39240K), 0.0196799 secs] 19688K->19634K(42248K), 0.0203355 secs]
92.736: [Full GC 92.736: [Tenured: 23540K->23540K(39240K), 0.0197866 secs] 23540K->23540K(42248K), [Perm : 19K->19K(8192K)], 0.0198983 secs]
92.762: [Full GC 92.762: [Tenured: 23540K->11821K(39240K), 0.0405686 secs] 23594K->11821K(42248K), [Perm : 19K->19K(8192K)], 0.0406890 secs]
92.834: [GC 92.834: [DefNew: 53K->0K(3008K), 0.0004274 secs]92.835: [Tenured: 11821K->11821K(39240K), 0.0196603 secs] 11875K->11821K(42248K), 0.0202207 secs]
92.860: [GC 92.861: [DefNew: 53K->0K(3008K), 0.0004710 secs]92.861: [Tenured: 15727K->15727K(39240K), 0.0195597 secs] 15781K->15727K(42248K), 0.0201637 secs]
92.887: [GC 92.887: [DefNew: 53K->0K(3008K), 0.0005666 secs]92.887: [Tenured: 19634K->19634K(39240K), 0.0194346 secs] 19687K->19634K(42248K), 0.0201383 secs]
92.912: [Full GC 92.912: [Tenured: 23540K->23540K(39240K), 0.0195997 secs] 23540K->23540K(42248K), [Perm : 19K->19K(8192K)], 0.0197126 secs]
92.944: [Full GC 92.944: [Tenured: 23540K->11821K(39240K), 0.0402129 secs] 23594K->11821K(42248K), [Perm : 19K->19K(8192K)], 0.0403339 secs]
92.986: [GC 92.986: [DefNew: 53K->0K(3008K), 0.0004230 secs]92.986: [Tenured: 11821K->11821K(39240K), 0.0189088 secs] 11875K->11821K(42248K), 0.0194555 secs]
93.011: [GC 93.011: [DefNew: 53K->0K(3008K), 0.0004766 secs]93.011: [Tenured: 15728K->15728K(39240K), 0.0191904 secs] 15781K->15728K(42248K), 0.0197975 secs]
93.036: [GC 93.036: [DefNew: 53K->0K(3008K), 0.0005188 secs]93.036: [Tenured: 19634K->19634K(39240K), 0.0288408 secs] 19688K->19634K(42248K), 0.0294987 secs]
93.070: [Full GC 93.070: [Tenured: 23540K->23540K(39240K), 0.0192851 secs] 23540K->23540K(42248K), [Perm : 19K->19K(8192K)], 0.0193963 secs]
93.091: [Full GC 93.091: [Tenured: 23540K->11821K(39240K), 0.0400417 secs] 23594K->11821K(42248K), [Perm : 19K->19K(8192K)], 0.0401515 secs]
93.133: [GC 93.133: [DefNew: 53K->0K(3008K), 0.0004210 secs]93.134: [Tenured: 11821K->11821K(39240K), 0.0191899 secs] 11875K->11821K(42248K), 0.0197419 secs]
93.164: [GC 93.164: [DefNew: 53K->0K(3008K), 0.0004797 secs]93.165: [Tenured: 15728K->15727K(39240K), 0.0238391 secs] 15781K->15727K(42248K), 0.0244609 secs]
93.194: [GC 93.194: [DefNew: 53K->0K(3008K), 0.0005652 secs]93.195: [Tenured: 19634K->19634K(39240K), 0.0192117 secs] 19687K->19634K(42248K), 0.0199104 secs]
93.219: [Full GC 93.219: [Tenured: 23540K->23540K(39240K), 0.0197517 secs] 23540K->23540K(42248K), [Perm : 19K->19K(8192K)], 0.0198645 secs]
93.251: [Full GC 93.251: [Tenured: 23540K->11821K(39240K), 0.0400327 secs] 23594K->11821K(42248K), [Perm : 19K->19K(8192K)], 0.0401523 secs]
93.292: [GC 93.292: [DefNew: 53K->0K(3008K), 0.0004188 secs]93.292: [Tenured: 11821K->11821K(39240K), 0.0190122 secs] 11875K->11821K(42248K), 0.0195553 secs]
93.317: [GC 93.317: [DefNew: 53K->0K(3008K), 0.0004808 secs]93.317: [Tenured: 15728K->15728K(39240K), 0.0192069 secs] 15781K->15728K(42248K), 0.0198232 secs]
93.342: [GC 93.342: [DefNew: 53K->0K(3008K), 0.0005165 secs]93.342: [Tenured: 19634K->19634K(39240K), 0.0191360 secs] 19688K->19634K(42248K), 0.0197827 secs]
93.366: [Full GC 93.366: [Tenured: 23540K->23540K(39240K), 0.0192206 secs] 23540K->23540K(42248K), [Perm : 19K->19K(8192K)], 0.0193284 secs]
93.392: [Full GC 93.392: [Tenured: 23540K->11821K(39240K), 0.0404261 secs] 23594K->11821K(42248K), [Perm : 19K->19K(8192K)], 0.0405423 secs]
93.433: [GC 93.433: [DefNew: 53K->0K(3008K), 0.0004101 secs]93.433: [Tenured: 11821K->11821K(39240K), 0.0190407 secs] 11875K->11821K(42248K), 0.0196128 secs]
93.459: [GC 93.459: [DefNew: 53K->0K(3008K), 0.0004811 secs]93.460: [Tenured: 15728K->15728K(39240K), 0.0191167 secs] 15781K->15728K(42248K), 0.0197321 secs]
93.484: [GC 93.484: [DefNew: 53K->0K(3008K), 0.0005179 secs]93.485: [Tenured: 19634K->19634K(39240K), 0.0191823 secs] 19688K->19634K(42248K), 0.0198372 secs]
93.509: [Full GC 93.509: [Tenured: 23540K->23540K(39240K), 0.0192119 secs] 23540K->23540K(42248K), [Perm : 19K->19K(8192K)], 0.0193153 secs]
93.531: [Full GC 93.531: [Tenured: 23540K->11821K(39240K), 0.0398866 secs] 23594K->11821K(42248K), [Perm : 19K->19K(8192K)], 0.0400031 secs]
93.573: [GC 93.573: [DefNew: 53K->0K(3008K), 0.0004258 secs]93.574: [Tenured: 11821K->11821K(39240K), 0.0189211 secs] 11875K->11821K(42248K), 0.0194717 secs]
93.597: [GC 93.597: [DefNew: 53K->0K(3008K), 0.0004738 secs]93.598: [Tenured: 15728K->15728K(39240K), 0.0190354 secs] 15781K->15728K(42248K), 0.0196402 secs]
93.625: [GC 93.625: [DefNew: 53K->0K(3008K), 0.0005185 secs]93.626: [Tenured: 19634K->19634K(39240K), 0.0290210 secs] 19688K->19634K(42248K), 0.0296809 secs]
93.661: [Full GC 93.661: [Tenured: 23540K->23540K(39240K), 0.0192293 secs] 23540K->23540K(42248K), [Perm : 19K->19K(8192K)], 0.0193377 secs]
93.686: [Full GC 93.686: [Tenured: 23540K->11821K(39240K), 0.0395818 secs] 23594K->11821K(42248K), [Perm : 19K->19K(8192K)], 0.0396947 secs]
93.726: [GC 93.726: [DefNew: 53K->0K(3008K), 0.0004026 secs]93.726: [Tenured: 11821K->11821K(39240K), 0.0191865 secs] 11875K->11821K(42248K), 0.0197131 secs]
93.750: [GC 93.750: [DefNew: 53K->0K(3008K), 0.0004777 secs]93.751: [Tenured: 15728K->15728K(39240K), 0.0190572 secs] 15781K->15728K(42248K), 0.0196648 secs]
93.775: [GC 93.775: [DefNew: 53K->0K(3008K), 0.0005431 secs]93.775: [Tenured: 19634K->19634K(39240K), 0.0191329 secs] 19688K->19634K(42248K), 0.0198048 secs]
93.814: [Full GC 93.814: [Tenured: 23540K->23540K(39240K), 0.0192477 secs] 23540K->23540K(42248K), [Perm : 19K->19K(8192K)], 0.0193547 secs]
93.849: [Full GC 93.849: [Tenured: 23540K->11821K(39240K), 0.0397523 secs] 23594K->11821K(42248K), [Perm : 19K->19K(8192K)], 0.0398685 secs]
93.890: [GC 93.890: [DefNew: 53K->0K(3008K), 0.0004132 secs]93.890: [Tenured: 11821K->11821K(39240K), 0.0189329 secs] 11875K->11821K(42248K), 0.0194852 secs]
93.914: [GC 93.914: [DefNew: 53K->0K(3008K), 0.0004783 secs]93.915: [Tenured: 15728K->15728K(39240K), 0.0191466 secs] 15781K->15728K(42248K), 0.0197601 secs]
93.939: [GC 93.939: [DefNew: 53K->0K(3008K), 0.0005182 secs]93.940: [Tenured: 19634K->19634K(39240K), 0.0192586 secs] 19688K->19634K(42248K), 0.0199078 secs]
93.995: [Full GC 93.995: [Tenured: 23540K->23540K(39240K), 0.0214100 secs] 23540K->23540K(42248K), [Perm : 19K->19K(8192K)], 0.0215603 secs]
94.020: [Full GC 94.020: [Tenured: 23540K->11821K(39240K), 0.0472001 secs] 23594K->11821K(42248K), [Perm : 19K->19K(8192K)], 0.0473214 secs]
94.067: [GC 94.067: [DefNew: 53K->0K(3008K), 0.0004190 secs]94.068: [Tenured: 11821K->11821K(39240K), 0.0189295 secs] 11875K->11821K(42248K), 0.0194664 secs]
94.092: [GC 94.092: [DefNew: 53K->0K(3008K), 0.0004788 secs]94.093: [Tenured: 15727K->15727K(39240K), 0.0190345 secs] 15781K->15727K(42248K), 0.0196430 secs]
94.117: [GC 94.117: [DefNew: 53K->0K(3008K), 0.0005498 secs]94.117: [Tenured: 19634K->19634K(39240K), 0.0191974 secs] 19687K->19634K(42248K), 0.0198765 secs]
94.142: [Full GC 94.142: [Tenured: 23540K->23540K(39240K), 0.0193748 secs] 23540K->23540K(42248K), [Perm : 19K->19K(8192K)], 0.0194852 secs]
94.163: [Full GC 94.163: [Tenured: 23540K->11821K(39240K), 0.0399858 secs] 23594K->11821K(42248K), [Perm : 19K->19K(8192K)], 0.0400950 secs]
94.204: [GC 94.204: [DefNew: 53K->0K(3008K), 0.0004014 secs]94.204: [Tenured: 11821K->11821K(39240K), 0.0189273 secs] 11875K->11821K(42248K), 0.0194466 secs]
94.228: [GC 94.228: [DefNew: 53K->0K(3008K), 0.0004908 secs]94.228: [Tenured: 15728K->15728K(39240K), 0.0190446 secs] 15781K->15728K(42248K), 0.0196662 secs]
94.252: [GC 94.252: [DefNew: 53K->0K(3008K), 0.0005174 secs]94.253: [Tenured: 19634K->19634K(39240K), 0.0191119 secs] 19688K->19634K(42248K), 0.0197573 secs]
94.278: [Full GC 94.278: [Tenured: 23540K->23540K(39240K), 0.0192047 secs] 23540K->23540K(42248K), [Perm : 19K->19K(8192K)], 0.0193111 secs]
94.299: [Full GC 94.299: [Tenured: 23540K->11821K(39240K), 0.0401464 secs] 23594K->11821K(42248K), [Perm : 19K->19K(8192K)], 0.0402585 secs]
94.341: [GC 94.341: [DefNew: 53K->0K(3008K), 0.0004258 secs]94.341: [Tenured: 11821K->11821K(39240K), 0.0190882 secs] 11875K->11821K(42248K), 0.0196427 secs]
94.366: [GC 94.366: [DefNew: 53K->0K(3008K), 0.0004758 secs]94.366: [Tenured: 15728K->15727K(39240K), 0.0238528 secs] 15781K->15727K(42248K), 0.0244704 secs]
94.395: [GC 94.395: [DefNew: 53K->0K(3008K), 0.0005565 secs]94.396: [Tenured: 19634K->19634K(39240K), 0.0191094 secs] 19687K->19634K(42248K), 0.0197927 secs]
94.423: [Full GC 94.423: [Tenured: 23540K->23540K(39240K), 0.0192055 secs] 23540K->23540K(42248K), [Perm : 19K->19K(8192K)], 0.0193114 secs]
94.443: [Full GC 94.444: [Tenured: 23540K->11821K(39240K), 0.0400051 secs] 23594K->11821K(42248K), [Perm : 19K->19K(8192K)], 0.0401171 secs]
94.484: [GC 94.484: [DefNew: 53K->0K(3008K), 0.0004042 secs]94.484: [Tenured: 11821K->11821K(39240K), 0.0200852 secs] 11875K->11821K(42248K), 0.0206149 secs]
94.509: [GC 94.509: [DefNew: 53K->0K(3008K), 0.0004730 secs]94.510: [Tenured: 15728K->15728K(39240K), 0.0190410 secs] 15781K->15728K(42248K), 0.0196441 secs]
94.534: [GC 94.534: [DefNew: 53K->0K(3008K), 0.0005093 secs]94.534: [Tenured: 19634K->19634K(39240K), 0.0191122 secs] 19688K->19634K(42248K), 0.0197492 secs]
94.559: [Full GC 94.559: [Tenured: 23540K->23540K(39240K), 0.0192206 secs] 23540K->23540K(42248K), [Perm : 19K->19K(8192K)], 0.0193268 secs]
94.583: [Full GC 94.583: [Tenured: 23540K->11821K(39240K), 0.0397196 secs] 23594K->11821K(42248K), [Perm : 19K->19K(8192K)], 0.0398352 secs]
94.624: [GC 94.624: [DefNew: 53K->0K(3008K), 0.0004140 secs]94.624: [Tenured: 11821K->11821K(39240K), 0.0189407 secs] 11875K->11821K(42248K), 0.0194754 secs]
94.648: [GC 94.648: [DefNew: 53K->0K(3008K), 0.0004660 secs]94.648: [Tenured: 15727K->15727K(39240K), 0.0191214 secs] 15781K->15727K(42248K), 0.0197162 secs]
94.674: [GC 94.674: [DefNew: 53K->0K(3008K), 0.0005660 secs]94.674: [Tenured: 19634K->19634K(39240K), 0.0191147 secs] 19687K->19634K(42248K), 0.0198265 secs]
94.699: [Full GC 94.699: [Tenured: 23540K->23540K(39240K), 0.0192628 secs] 23540K->23540K(42248K), [Perm : 19K->19K(8192K)], 0.0193720 secs]
94.720: [Full GC 94.720: [Tenured: 23540K->11821K(39240K), 0.0399682 secs] 23594K->11821K(42248K), [Perm : 19K->19K(8192K)], 0.0400774 secs]
94.761: [GC 94.761: [DefNew: 53K->0K(3008K), 0.0005576 secs]94.761: [Tenured: 11821K->11821K(39240K), 0.0189194 secs] 11875K->11821K(42248K), 0.0195986 secs]
94.785: [GC 94.785: [DefNew: 53K->0K(3008K), 0.0004610 secs]94.786: [Tenured: 15728K->15728K(39240K), 0.0190278 secs] 15781K->15728K(42248K), 0.0196148 secs]
94.812: [GC 94.812: [DefNew: 53K->0K(3008K), 0.0005199 secs]94.813: [Tenured: 19634K->19634K(39240K), 0.0288520 secs] 19688K->19634K(42248K), 0.0295116 secs]
94.847: [Full GC 94.847: [Tenured: 23540K->23540K(39240K), 0.0193608 secs] 23540K->23540K(42248K), [Perm : 19K->19K(8192K)], 0.0194678 secs]
94.868: [Full GC 94.868: [Tenured: 23540K->11821K(39240K), 0.0399864 secs] 23594K->11821K(42248K), [Perm : 19K->19K(8192K)], 0.0400964 secs]
94.909: [GC 94.909: [DefNew: 53K->0K(3008K), 0.0004218 secs]94.909: [Tenured: 11821K->11821K(39240K), 0.0189211 secs] 11875K->11821K(42248K), 0.0194673 secs]
94.933: [GC 94.933: [DefNew: 53K->0K(3008K), 0.0004674 secs]94.934: [Tenured: 15727K->15727K(39240K), 0.0190390 secs] 15781K->15727K(42248K), 0.0196341 secs]
94.958: [GC 94.958: [DefNew: 53K->0K(3008K), 0.0005657 secs]94.959: [Tenured: 19634K->19634K(39240K), 0.0193058 secs] 19687K->19634K(42248K), 0.0200039 secs]
94.984: [Full GC 94.984: [Tenured: 23540K->23540K(39240K), 0.0192075 secs] 23540K->23540K(42248K), [Perm : 19K->19K(8192K)], 0.0193136 secs]
95.005: [Full GC 95.005: [Tenured: 23540K->11821K(39240K), 0.0399582 secs] 23594K->11821K(42248K), [Perm : 19K->19K(8192K)], 0.0400679 secs]
95.046: [GC 95.046: [DefNew: 53K->0K(3008K), 0.0004151 secs]95.047: [Tenured: 11821K->11821K(39240K), 0.0189004 secs] 11875K->11821K(42248K), 0.0194346 secs]
95.070: [GC 95.070: [DefNew: 53K->0K(3008K), 0.0004604 secs]95.071: [Tenured: 15727K->15727K(39240K), 0.0191298 secs] 15781K->15727K(42248K), 0.0197193 secs]
95.095: [GC 95.095: [DefNew: 53K->0K(3008K), 0.0005582 secs]95.095: [Tenured: 19634K->19634K(39240K), 0.0191225 secs] 19687K->19634K(42248K), 0.0198078 secs]
95.120: [Full GC 95.120: [Tenured: 23540K->23540K(39240K), 0.0192354 secs] 23540K->23540K(42248K), [Perm : 19K->19K(8192K)], 0.0193418 secs]
95.141: [Full GC 95.141: [Tenured: 23540K->11821K(39240K), 0.0401590 secs] 23594K->11821K(42248K), [Perm : 19K->19K(8192K)], 0.0402738 secs]
95.184: [GC 95.184: [DefNew: 53K->0K(3008K), 0.0004249 secs]95.184: [Tenured: 11821K->11821K(39240K), 0.0189060 secs] 11875K->11821K(42248K), 0.0194555 secs]
95.208: [GC 95.208: [DefNew: 53K->0K(3008K), 0.0004637 secs]95.208: [Tenured: 15728K->15728K(39240K), 0.0190343 secs] 15781K->15728K(42248K), 0.0196248 secs]
95.232: [GC 95.233: [DefNew: 53K->0K(3008K), 0.0005107 secs]95.233: [Tenured: 19634K->19634K(39240K), 0.0191097 secs] 19688K->19634K(42248K), 0.0197483 secs]
95.258: [Full GC 95.258: [Tenured: 23540K->23540K(39240K), 0.0340040 secs] 23540K->23540K(42248K), [Perm : 19K->19K(8192K)], 0.0341244 secs]
95.293: [Full GC 95.294: [Tenured: 23540K->11821K(39240K), 0.0399054 secs] 23594K->11821K(42248K), [Perm : 19K->19K(8192K)], 0.0400135 secs]
95.334: [GC 95.334: [DefNew: 53K->0K(3008K), 0.0004003 secs]95.334: [Tenured: 11821K->11821K(39240K), 0.0190845 secs] 11875K->11821K(42248K), 0.0196058 secs]
95.358: [GC 95.358: [DefNew: 53K->0K(3008K), 0.0004774 secs]95.359: [Tenured: 15728K->15728K(39240K), 0.0191820 secs] 15781K->15728K(42248K), 0.0197902 secs]
95.383: [GC 95.383: [DefNew: 53K->0K(3008K), 0.0005082 secs]95.383: [Tenured: 19634K->19634K(39240K), 0.0191653 secs] 19688K->19634K(42248K), 0.0198020 secs]
95.408: [Full GC 95.408: [Tenured: 23540K->23540K(39240K), 0.0193938 secs] 23540K->23540K(42248K), [Perm : 19K->19K(8192K)], 0.0195042 secs]
95.429: [Full GC 95.429: [Tenured: 23540K->11821K(39240K), 0.0400691 secs] 23594K->11821K(42248K), [Perm : 19K->19K(8192K)], 0.0401951 secs]
95.471: [GC 95.471: [DefNew: 53K->0K(3008K), 0.0004235 secs]95.471: [Tenured: 11821K->11821K(39240K), 0.0189239 secs] 11875K->11821K(42248K), 0.0194706 secs]
95.495: [GC 95.495: [DefNew: 53K->0K(3008K), 0.0004707 secs]95.496: [Tenured: 15728K->15727K(39240K), 0.0237790 secs] 15781K->15727K(42248K), 0.0243894 secs]
95.524: [GC 95.525: [DefNew: 53K->0K(3008K), 0.0005842 secs]95.525: [Tenured: 19634K->19634K(39240K), 0.0191538 secs] 19687K->19634K(42248K), 0.0198704 secs]
95.550: [Full GC 95.550: [Tenured: 23540K->23540K(39240K), 0.0192064 secs] 23540K->23540K(42248K), [Perm : 19K->19K(8192K)], 0.0193120 secs]
95.570: [Full GC 95.570: [Tenured: 23540K->11821K(39240K), 0.0399305 secs] 23594K->11821K(42248K), [Perm : 19K->19K(8192K)], 0.0400367 secs]
95.611: [GC 95.611: [DefNew: 53K->0K(3008K), 0.0004012 secs]95.611: [Tenured: 11821K->11821K(39240K), 0.0189250 secs] 11875K->11821K(42248K), 0.0194458 secs]
95.635: [GC 95.635: [DefNew: 53K->0K(3008K), 0.0004744 secs]95.636: [Tenured: 15728K->15728K(39240K), 0.0190449 secs] 15781K->15728K(42248K), 0.0196486 secs]
95.660: [GC 95.660: [DefNew: 53K->0K(3008K), 0.0005207 secs]95.661: [Tenured: 19634K->19634K(39240K), 0.0191156 secs] 19688K->19634K(42248K), 0.0197665 secs]
95.685: [Full GC 95.685: [Tenured: 23540K->23540K(39240K), 0.0195257 secs] 23540K->23540K(42248K), [Perm : 19K->19K(8192K)], 0.0196307 secs]
95.710: [Full GC 95.710: [Tenured: 23540K->11821K(39240K), 0.0401263 secs] 23594K->11821K(42248K), [Perm : 19K->19K(8192K)], 0.0402400 secs]
95.751: [GC 95.751: [DefNew: 53K->0K(3008K), 0.0004140 secs]95.752: [Tenured: 11821K->11821K(39240K), 0.0189094 secs] 11875K->11821K(42248K), 0.0194433 secs]
95.776: [GC 95.776: [DefNew: 53K->0K(3008K), 0.0004799 secs]95.777: [Tenured: 15728K->15728K(39240K), 0.0192156 secs] 15781K->15728K(42248K), 0.0198271 secs]
95.801: [GC 95.801: [DefNew: 53K->0K(3008K), 0.0005084 secs]95.801: [Tenured: 19634K->19634K(39240K), 0.0191114 secs] 19688K->19634K(42248K), 0.0197464 secs]
95.826: [Full GC 95.826: [Tenured: 23540K->23540K(39240K), 0.0339130 secs] 23540K->23540K(42248K), [Perm : 19K->19K(8192K)], 0.0340328 secs]
95.862: [Full GC 95.862: [Tenured: 23540K->11821K(39240K), 0.0400897 secs] 23594K->11821K(42248K), [Perm : 19K->19K(8192K)], 0.0402015 secs]
95.902: [GC 95.903: [DefNew: 53K->0K(3008K), 0.0004068 secs]95.903: [Tenured: 11821K->11821K(39240K), 0.0189220 secs] 11875K->11821K(42248K), 0.0194539 secs]
95.927: [GC 95.927: [DefNew: 53K->0K(3008K), 0.0004718 secs]95.927: [Tenured: 15727K->15727K(39240K), 0.0190273 secs] 15781K->15727K(42248K), 0.0196282 secs]
95.951: [GC 95.951: [DefNew: 53K->0K(3008K), 0.0005573 secs]95.952: [Tenured: 19634K->19634K(39240K), 0.0191259 secs] 19687K->19634K(42248K), 0.0198126 secs]
95.976: [Full GC 95.976: [Tenured: 23540K->23540K(39240K), 0.0197377 secs] 23540K->23540K(42248K), [Perm : 19K->19K(8192K)], 0.0198531 secs]
95.998: [Full GC 95.998: [Tenured: 23540K->11821K(39240K), 0.0398956 secs] 23594K->11821K(42248K), [Perm : 19K->19K(8192K)], 0.0400040 secs]
96.039: [GC 96.039: [DefNew: 53K->0K(3008K), 0.0004182 secs]96.039: [Tenured: 11821K->11821K(39240K), 0.0189831 secs] 11875K->11821K(42248K), 0.0195259 secs]
96.063: [GC 96.063: [DefNew: 53K->0K(3008K), 0.0004696 secs]96.064: [Tenured: 15728K->15727K(39240K), 0.0237837 secs] 15781K->15727K(42248K), 0.0244104 secs]
96.093: [GC 96.093: [DefNew: 53K->0K(3008K), 0.0005604 secs]96.093: [Tenured: 19634K->19634K(39240K), 0.0191077 secs] 19687K->19634K(42248K), 0.0197955 secs]
96.117: [Full GC 96.117: [Tenured: 23540K->23540K(39240K), 0.0192564 secs] 23540K->23540K(42248K), [Perm : 19K->19K(8192K)], 0.0193603 secs]
96.138: [Full GC 96.138: [Tenured: 23540K->11821K(39240K), 0.0399056 secs] 23594K->11821K(42248K), [Perm : 19K->19K(8192K)], 0.0400126 secs]
96.179: [GC 96.179: [DefNew: 53K->0K(3008K), 0.0004037 secs]96.179: [Tenured: 11821K->11821K(39240K), 0.0191656 secs] 11875K->11821K(42248K), 0.0196941 secs]
96.206: [GC 96.206: [DefNew: 53K->0K(3008K), 0.0004805 secs]96.207: [Tenured: 15728K->15728K(39240K), 0.0190457 secs] 15781K->15728K(42248K), 0.0196771 secs]
96.231: [GC 96.231: [DefNew: 53K->0K(3008K), 0.0005107 secs]96.231: [Tenured: 19634K->19634K(39240K), 0.0191105 secs] 19688K->19634K(42248K), 0.0197486 secs]
96.255: [Full GC 96.255: [Tenured: 23540K->23540K(39240K), 0.0192354 secs] 23540K->23540K(42248K), [Perm : 19K->19K(8192K)], 0.0193402 secs]
96.276: [Full GC 96.277: [Tenured: 23540K->11821K(39240K), 0.0401205 secs] 23594K->11821K(42248K), [Perm : 19K->19K(8192K)], 0.0402333 secs]
96.318: [GC 96.318: [DefNew: 53K->0K(3008K), 0.0004163 secs]96.318: [Tenured: 11821K->11821K(39240K), 0.0189119 secs] 11875K->11821K(42248K), 0.0194491 secs]
96.342: [GC 96.342: [DefNew: 53K->0K(3008K), 0.0004699 secs]96.343: [Tenured: 15728K->15728K(39240K), 0.0190396 secs] 15781K->15728K(42248K), 0.0196388 secs]
96.366: [GC 96.367: [DefNew: 53K->0K(3008K), 0.0005112 secs]96.367: [Tenured: 19634K->19634K(39240K), 0.0193016 secs] 19688K->19634K(42248K), 0.0199456 secs]
96.392: [Full GC 96.392: [Tenured: 23540K->23540K(39240K), 0.0340029 secs] 23540K->23540K(42248K), [Perm : 19K->19K(8192K)], 0.0341236 secs]
96.427: [Full GC 96.428: [Tenured: 23540K->11821K(39240K), 0.0401115 secs] 23594K->11821K(42248K), [Perm : 19K->19K(8192K)], 0.0402227 secs]
96.469: [GC 96.469: [DefNew: 53K->0K(3008K), 0.0004126 secs]96.469: [Tenured: 11821K->11821K(39240K), 0.0189144 secs] 11875K->11821K(42248K), 0.0194466 secs]
96.493: [GC 96.493: [DefNew: 53K->0K(3008K), 0.0004651 secs]96.493: [Tenured: 15728K->15728K(39240K), 0.0191424 secs] 15781K->15728K(42248K), 0.0197391 secs]
96.518: [GC 96.518: [DefNew: 53K->0K(3008K), 0.0005185 secs]96.518: [Tenured: 19634K->19634K(39240K), 0.0288598 secs] 19688K->19634K(42248K), 0.0295188 secs]
96.552: [Full GC 96.552: [Tenured: 23540K->23540K(39240K), 0.0191901 secs] 23540K->23540K(42248K), [Perm : 19K->19K(8192K)], 0.0192955 secs]
96.573: [Full GC 96.573: [Tenured: 23540K->11821K(39240K), 0.0399126 secs] 23594K->11821K(42248K), [Perm : 19K->19K(8192K)], 0.0400218 secs]
96.614: [GC 96.614: [DefNew: 53K->0K(3008K), 0.0004001 secs]96.614: [Tenured: 11821K->11821K(39240K), 0.0189049 secs] 11875K->11821K(42248K), 0.0194223 secs]
96.638: [GC 96.638: [DefNew: 53K->0K(3008K), 0.0004702 secs]96.639: [Tenured: 15727K->15727K(39240K), 0.0190505 secs] 15781K->15727K(42248K), 0.0196497 secs]
96.663: [GC 96.663: [DefNew: 53K->0K(3008K), 0.0005638 secs]96.664: [Tenured: 19634K->19634K(39240K), 0.0191536 secs] 19687K->19634K(42248K), 0.0198475 secs]
96.688: [Full GC 96.688: [Tenured: 23540K->23540K(39240K), 0.0193458 secs] 23540K->23540K(42248K), [Perm : 19K->19K(8192K)], 0.0194500 secs]
96.713: [Full GC 96.713: [Tenured: 23540K->11821K(39240K), 0.0396464 secs] 23594K->11821K(42248K), [Perm : 19K->19K(8192K)], 0.0397576 secs]
96.754: [GC 96.754: [DefNew: 53K->0K(3008K), 0.0004185 secs]96.755: [Tenured: 11821K->11821K(39240K), 0.0189214 secs] 11875K->11821K(42248K), 0.0194625 secs]
96.779: [GC 96.779: [DefNew: 53K->0K(3008K), 0.0004772 secs]96.780: [Tenured: 15727K->15727K(39240K), 0.0190301 secs] 15781K->15727K(42248K), 0.0196369 secs]
96.804: [GC 96.804: [DefNew: 53K->0K(3008K), 0.0005629 secs]96.805: [Tenured: 19634K->19634K(39240K), 0.0193533 secs] 19687K->19634K(42248K), 0.0200500 secs]
96.829: [Full GC 96.829: [Tenured: 23540K->23540K(39240K), 0.0192083 secs] 23540K->23540K(42248K), [Perm : 19K->19K(8192K)], 0.0193131 secs]
96.850: [Full GC 96.850: [Tenured: 23540K->11821K(39240K), 0.0399383 secs] 23594K->11821K(42248K), [Perm : 19K->19K(8192K)], 0.0400470 secs]
96.891: [GC 96.891: [DefNew: 53K->0K(3008K), 0.0004157 secs]96.891: [Tenured: 11821K->11821K(39240K), 0.0189164 secs] 11875K->11821K(42248K), 0.0194530 secs]
96.915: [GC 96.915: [DefNew: 53K->0K(3008K), 0.0005140 secs]96.916: [Tenured: 15728K->15728K(39240K), 0.0190410 secs] 15781K->15728K(42248K), 0.0196869 secs]
96.940: [GC 96.940: [DefNew: 53K->0K(3008K), 0.0005096 secs]96.940: [Tenured: 19634K->19634K(39240K), 0.0191239 secs] 19688K->19634K(42248K), 0.0197609 secs]
96.965: [Full GC 96.965: [Tenured: 23540K->23540K(39240K), 0.0343672 secs] 23540K->23540K(42248K), [Perm : 19K->19K(8192K)], 0.0345136 secs]
97.001: [Full GC 97.001: [Tenured: 23540K->11821K(39240K), 0.0405443 secs] 23594K->11821K(42248K), [Perm : 19K->19K(8192K)], 0.0406602 secs]
97.044: [GC 97.044: [DefNew: 53K->0K(3008K), 0.0005610 secs]97.045: [Tenured: 11821K->11821K(39240K), 0.0192024 secs] 11875K->11821K(42248K), 0.0198969 secs]
97.070: [GC 97.070: [DefNew: 53K->0K(3008K), 0.0004777 secs]97.070: [Tenured: 15728K->15728K(39240K), 0.0194508 secs] 15781K->15728K(42248K), 0.0200654 secs]
97.095: [GC 97.095: [DefNew: 53K->0K(3008K), 0.0005177 secs]97.096: [Tenured: 19634K->19634K(39240K), 0.0296211 secs] 19688K->19634K(42248K), 0.0302882 secs]
97.131: [Full GC 97.131: [Tenured: 23540K->23540K(39240K), 0.0192740 secs] 23540K->23540K(42248K), [Perm : 19K->19K(8192K)], 0.0193815 secs]
97.152: [Full GC 97.152: [Tenured: 23540K->11821K(39240K), 0.0401110 secs] 23594K->11821K(42248K), [Perm : 19K->19K(8192K)], 0.0402261 secs]
97.193: [GC 97.193: [DefNew: 53K->0K(3008K), 0.0004098 secs]97.193: [Tenured: 11821K->11821K(39240K), 0.0194452 secs] 11875K->11821K(42248K), 0.0199788 secs]
97.218: [GC 97.218: [DefNew: 53K->0K(3008K), 0.0006207 secs]97.219: [Tenured: 15727K->15727K(39240K), 0.0196684 secs] 15781K->15727K(42248K), 0.0204272 secs]
97.245: [GC 97.245: [DefNew: 53K->0K(3008K), 0.0005666 secs]97.246: [Tenured: 19634K->19634K(39240K), 0.0194977 secs] 19687K->19634K(42248K), 0.0201989 secs]
97.271: [Full GC 97.271: [Tenured: 23540K->23540K(39240K), 0.0196405 secs] 23540K->23540K(42248K), [Perm : 19K->19K(8192K)], 0.0197539 secs]
97.293: [Full GC 97.294: [Tenured: 23540K->11821K(39240K), 0.0400825 secs] 23594K->11821K(42248K), [Perm : 19K->19K(8192K)], 0.0402009 secs]
97.335: [GC 97.335: [DefNew: 53K->0K(3008K), 0.0004188 secs]97.335: [Tenured: 11821K->11821K(39240K), 0.0192678 secs] 11875K->11821K(42248K), 0.0198154 secs]
97.362: [GC 97.362: [DefNew: 53K->0K(3008K), 0.0004786 secs]97.363: [Tenured: 15727K->15727K(39240K), 0.0197517 secs] 15781K->15727K(42248K), 0.0203666 secs]
97.388: [GC 97.388: [DefNew: 53K->0K(3008K), 0.0007244 secs]97.389: [Tenured: 19634K->19634K(39240K), 0.0195315 secs] 19687K->19634K(42248K), 0.0203934 secs]
97.414: [Full GC 97.414: [Tenured: 23540K->23540K(39240K), 0.0199997 secs] 23540K->23540K(42248K), [Perm : 19K->19K(8192K)], 0.0201126 secs]
97.435: [Full GC 97.435: [Tenured: 23540K->11821K(39240K), 0.0404607 secs] 23594K->11821K(42248K), [Perm : 19K->19K(8192K)], 0.0405769 secs]
97.477: [GC 97.477: [DefNew: 53K->0K(3008K), 0.0004213 secs]97.477: [Tenured: 11821K->11821K(39240K), 0.0192829 secs] 11875K->11821K(42248K), 0.0198355 secs]
97.523: [GC 97.523: [DefNew: 53K->0K(3008K), 0.0004802 secs]97.523: [Tenured: 15728K->15728K(39240K), 0.0192429 secs] 15781K->15728K(42248K), 0.0198562 secs]
97.548: [GC 97.548: [DefNew: 53K->0K(3008K), 0.0005199 secs]97.549: [Tenured: 19634K->19634K(39240K), 0.0191390 secs] 19688K->19634K(42248K), 0.0197888 secs]
97.573: [Full GC 97.573: [Tenured: 23540K->23540K(39240K), 0.0342761 secs] 23540K->23540K(42248K), [Perm : 19K->19K(8192K)], 0.0343979 secs]
97.621: [Full GC 97.621: [Tenured: 23540K->11821K(39240K), 0.0416950 secs] 23594K->11821K(42248K), [Perm : 19K->19K(8192K)], 0.0418156 secs]
97.663: [GC 97.663: [DefNew: 53K->0K(3008K), 0.0004062 secs]97.663: [Tenured: 11821K->11821K(39240K), 0.0199388 secs] 11875K->11821K(42248K), 0.0204705 secs]
97.688: [GC 97.688: [DefNew: 53K->0K(3008K), 0.0004755 secs]97.689: [Tenured: 15728K->15728K(39240K), 0.0197589 secs] 15781K->15728K(42248K), 0.0203730 secs]
97.714: [GC 97.714: [DefNew: 53K->0K(3008K), 0.0008012 secs]97.715: [Tenured: 19634K->19634K(39240K), 0.0302075 secs] 19688K->19634K(42248K), 0.0311609 secs]
97.751: [Full GC 97.751: [Tenured: 23540K->23540K(39240K), 0.0200984 secs] 23540K->23540K(42248K), [Perm : 19K->19K(8192K)], 0.0202135 secs]
97.772: [Full GC 97.772: [Tenured: 23540K->11821K(39240K), 0.0417564 secs] 23594K->11821K(42248K), [Perm : 19K->19K(8192K)], 0.0418732 secs]
97.815: [GC 97.815: [DefNew: 53K->0K(3008K), 0.0004154 secs]97.816: [Tenured: 11821K->11821K(39240K), 0.0203322 secs] 11875K->11821K(42248K), 0.0208923 secs]
97.841: [GC 97.841: [DefNew: 53K->0K(3008K), 0.0004749 secs]97.842: [Tenured: 15728K->15727K(39240K), 0.0249196 secs] 15781K->15727K(42248K), 0.0255457 secs]
97.873: [GC 97.873: [DefNew: 53K->0K(3008K), 0.0005657 secs]97.874: [Tenured: 19634K->19634K(39240K), 0.0200458 secs] 19687K->19634K(42248K), 0.0207487 secs]
97.911: [Full GC 97.912: [Tenured: 23540K->23540K(39240K), 0.0203015 secs] 23540K->23540K(42248K), [Perm : 19K->19K(8192K)], 0.0204174 secs]
97.978: [Full GC 97.978: [Tenured: 23540K->11821K(39240K), 0.0417715 secs] 23594K->11821K(42248K), [Perm : 19K->19K(8192K)], 0.0418933 secs]
98.020: [GC 98.020: [DefNew: 53K->0K(3008K), 0.0004090 secs]98.020: [Tenured: 11821K->11821K(39240K), 0.0199361 secs] 11875K->11821K(42248K), 0.0204722 secs]
98.046: [GC 98.046: [DefNew: 53K->0K(3008K), 0.0004816 secs]98.047: [Tenured: 15728K->15728K(39240K), 0.0199548 secs] 15781K->15728K(42248K), 0.0205750 secs]
98.072: [GC 98.072: [DefNew: 53K->0K(3008K), 0.0007308 secs]98.072: [Tenured: 19634K->19634K(39240K), 0.0198299 secs] 19688K->19634K(42248K), 0.0206976 secs]
98.097: [Full GC 98.097: [Tenured: 23540K->23540K(39240K), 0.0201710 secs] 23540K->23540K(42248K), [Perm : 19K->19K(8192K)], 0.0202864 secs]
98.121: [Full GC 98.121: [Tenured: 23540K->11821K(39240K), 0.0412175 secs] 23594K->11821K(42248K), [Perm : 19K->19K(8192K)], 0.0413413 secs]
98.163: [GC 98.163: [DefNew: 53K->0K(3008K), 0.0004177 secs]98.163: [Tenured: 11821K->11821K(39240K), 0.0197031 secs] 11875K->11821K(42248K), 0.0202509 secs]
98.188: [GC 98.188: [DefNew: 53K->0K(3008K), 0.0004746 secs]98.189: [Tenured: 15727K->15727K(39240K), 0.0200838 secs] 15781K->15727K(42248K), 0.0206982 secs]
98.215: [GC 98.215: [DefNew: 53K->0K(3008K), 0.0005663 secs]98.216: [Tenured: 19634K->19634K(39240K), 0.0202716 secs] 19687K->19634K(42248K), 0.0209764 secs]
98.242: [Full GC 98.242: [Tenured: 23540K->23540K(39240K), 0.0207119 secs] 23540K->23540K(42248K), [Perm : 19K->19K(8192K)], 0.0208283 secs]
98.264: [Full GC 98.265: [Tenured: 23540K->11821K(39240K), 0.0422950 secs] 23594K->11821K(42248K), [Perm : 19K->19K(8192K)], 0.0424166 secs]
98.309: [GC 98.309: [DefNew: 53K->0K(3008K), 0.0004621 secs]98.309: [Tenured: 11821K->11821K(39240K), 0.0199718 secs] 11875K->11821K(42248K), 0.0205688 secs]
98.336: [GC 98.336: [DefNew: 53K->0K(3008K), 0.0004772 secs]98.336: [Tenured: 15728K->15728K(39240K), 0.0202551 secs] 15781K->15728K(42248K), 0.0208705 secs]
98.362: [GC 98.362: [DefNew: 53K->0K(3008K), 0.0005154 secs]98.362: [Tenured: 19634K->19634K(39240K), 0.0303955 secs] 19688K->19634K(42248K), 0.0310595 secs]
98.399: [Full GC 98.399: [Tenured: 23540K->23540K(39240K), 0.0206431 secs] 23540K->23540K(42248K), [Perm : 19K->19K(8192K)], 0.0207610 secs]
98.424: [Full GC 98.424: [Tenured: 23540K->11821K(39240K), 0.0430387 secs] 23594K->11821K(42248K), [Perm : 19K->19K(8192K)], 0.0431608 secs]
98.473: [GC 98.473: [DefNew: 53K->0K(3008K), 0.0004657 secs]98.473: [Tenured: 11821K->11821K(39240K), 0.0190063 secs] 11875K->11821K(42248K), 0.0196061 secs]
98.498: [GC 98.498: [DefNew: 53K->0K(3008K), 0.0005090 secs]98.499: [Tenured: 15728K->15727K(39240K), 0.0245746 secs] 15781K->15727K(42248K), 0.0252351 secs]
98.530: [GC 98.530: [DefNew: 53K->0K(3008K), 0.0006129 secs]98.531: [Tenured: 19634K->19634K(39240K), 0.0198528 secs] 19687K->19634K(42248K), 0.0206032 secs]
98.559: [Full GC 98.559: [Tenured: 23540K->23540K(39240K), 0.0196855 secs] 23540K->23540K(42248K), [Perm : 19K->19K(8192K)], 0.0198006 secs]
98.583: [Full GC 98.583: [Tenured: 23540K->11821K(39240K), 0.0406110 secs] 23594K->11821K(42248K), [Perm : 19K->19K(8192K)], 0.0407292 secs]
98.635: [GC 98.636: [DefNew: 53K->0K(3008K), 0.0004271 secs]98.636: [Tenured: 11821K->11821K(39240K), 0.0196391 secs] 11875K->11821K(42248K), 0.0201992 secs]
98.667: [GC 98.667: [DefNew: 53K->0K(3008K), 0.0004794 secs]98.667: [Tenured: 15727K->15727K(39240K), 0.0196748 secs] 15781K->15727K(42248K), 0.0202925 secs]
98.699: [GC 98.699: [DefNew: 53K->0K(3008K), 0.0005677 secs]98.699: [Tenured: 19634K->19634K(39240K), 0.0196321 secs] 19687K->19634K(42248K), 0.0203571 secs]
98.729: [Full GC 98.729: [Tenured: 23540K->23540K(39240K), 0.0198089 secs] 23540K->23540K(42248K), [Perm : 19K->19K(8192K)], 0.0199201 secs]
98.752: [Full GC 98.752: [Tenured: 23540K->11821K(39240K), 0.0408426 secs] 23594K->11821K(42248K), [Perm : 19K->19K(8192K)], 0.0409600 secs]
98.795: [GC 98.795: [DefNew: 53K->0K(3008K), 0.0004249 secs]98.795: [Tenured: 11821K->11821K(39240K), 0.0195092 secs] 11875K->11821K(42248K), 0.0200646 secs]
98.823: [GC 98.823: [DefNew: 53K->0K(3008K), 0.0004805 secs]98.824: [Tenured: 15728K->15728K(39240K), 0.0194243 secs] 15781K->15728K(42248K), 0.0200433 secs]
98.850: [GC 98.850: [DefNew: 53K->0K(3008K), 0.0005205 secs]98.850: [Tenured: 19634K->19634K(39240K), 0.0200000 secs] 19688K->19634K(42248K), 0.0206579 secs]
98.876: [Full GC 98.876: [Tenured: 23540K->23540K(39240K), 0.0348745 secs] 23540K->23540K(42248K), [Perm : 19K->19K(8192K)], 0.0350005 secs]
98.918: [Full GC 98.918: [Tenured: 23540K->11821K(39240K), 0.0403403 secs] 23594K->11821K(42248K), [Perm : 19K->19K(8192K)], 0.0404610 secs]
98.962: [GC 98.962: [DefNew: 53K->0K(3008K), 0.0004260 secs]98.962: [Tenured: 11821K->11821K(39240K), 0.0196807 secs] 11875K->11821K(42248K), 0.0202408 secs]
98.991: [GC 98.991: [DefNew: 53K->0K(3008K), 0.0004702 secs]98.991: [Tenured: 15727K->15727K(39240K), 0.0196215 secs] 15781K->15727K(42248K), 0.0202299 secs]
99.020: [GC 99.020: [DefNew: 53K->0K(3008K), 0.0005666 secs]99.020: [Tenured: 19634K->19634K(39240K), 0.0198433 secs] 19687K->19634K(42248K), 0.0205476 secs]
99.050: [Full GC 99.050: [Tenured: 23540K->23540K(39240K), 0.0199687 secs] 23540K->23540K(42248K), [Perm : 19K->19K(8192K)], 0.0200824 secs]
99.076: [Full GC 99.076: [Tenured: 23540K->11821K(39240K), 0.0406957 secs] 23594K->11821K(42248K), [Perm : 19K->19K(8192K)], 0.0408152 secs]
99.120: [GC 99.120: [DefNew: 53K->0K(3008K), 0.0004249 secs]99.121: [Tenured: 11821K->11821K(39240K), 0.0191999 secs] 11875K->11821K(42248K), 0.0197556 secs]
99.146: [GC 99.146: [DefNew: 53K->0K(3008K), 0.0004808 secs]99.146: [Tenured: 15728K->15728K(39240K), 0.0197341 secs] 15781K->15728K(42248K), 0.0203512 secs]
99.172: [GC 99.172: [DefNew: 53K->0K(3008K), 0.0006825 secs]99.173: [Tenured: 19634K->19634K(39240K), 0.0194248 secs] 19688K->19634K(42248K), 0.0202456 secs]
99.198: [Full GC 99.198: [Tenured: 23540K->23540K(39240K), 0.0195416 secs] 23540K->23540K(42248K), [Perm : 19K->19K(8192K)], 0.0196533 secs]
99.223: [Full GC 99.223: [Tenured: 23540K->11821K(39240K), 0.0403467 secs] 23594K->11821K(42248K), [Perm : 19K->19K(8192K)], 0.0404663 secs]
99.264: [GC 99.264: [DefNew: 53K->0K(3008K), 0.0004107 secs]99.265: [Tenured: 11821K->11821K(39240K), 0.0194592 secs] 11875K->11821K(42248K), 0.0199961 secs]
99.295: [GC 99.295: [DefNew: 53K->0K(3008K), 0.0004811 secs]99.295: [Tenured: 15728K->15728K(39240K), 0.0193388 secs] 15781K->15728K(42248K), 0.0199567 secs]
99.320: [GC 99.320: [DefNew: 53K->0K(3008K), 0.0005157 secs]99.320: [Tenured: 19634K->19634K(39240K), 0.0191636 secs] 19688K->19634K(42248K), 0.0198098 secs]
99.346: [Full GC 99.346: [Tenured: 23540K->23540K(39240K), 0.0192801 secs] 23540K->23540K(42248K), [Perm : 19K->19K(8192K)], 0.0193907 secs]
99.366: [Full GC 99.366: [Tenured: 23540K->11821K(39240K), 0.0399238 secs] 23594K->11821K(42248K), [Perm : 19K->19K(8192K)], 0.0400355 secs]
99.408: [GC 99.408: [DefNew: 53K->0K(3008K), 0.0004232 secs]99.409: [Tenured: 11821K->11821K(39240K), 0.0190832 secs] 11875K->11821K(42248K), 0.0196341 secs]
99.433: [GC 99.433: [DefNew: 53K->0K(3008K), 0.0004705 secs]99.433: [Tenured: 15728K->15728K(39240K), 0.0192728 secs] 15781K->15728K(42248K), 0.0198735 secs]
99.458: [GC 99.458: [DefNew: 53K->0K(3008K), 0.0005182 secs]99.459: [Tenured: 19634K->19634K(39240K), 0.0191393 secs] 19688K->19634K(42248K), 0.0197860 secs]
99.483: [Full GC 99.483: [Tenured: 23540K->23540K(39240K), 0.0348360 secs] 23540K->23540K(42248K), [Perm : 19K->19K(8192K)], 0.0349609 secs]
99.520: [Full GC 99.520: [Tenured: 23540K->11821K(39240K), 0.0404507 secs] 23594K->11821K(42248K), [Perm : 19K->19K(8192K)], 0.0405691 secs]
99.562: [GC 99.562: [DefNew: 53K->0K(3008K), 0.0004252 secs]99.562: [Tenured: 11821K->11821K(39240K), 0.0192312 secs] 11875K->11821K(42248K), 0.0197863 secs]
99.588: [GC 99.588: [DefNew: 53K->0K(3008K), 0.0004799 secs]99.588: [Tenured: 15728K->15728K(39240K), 0.0190209 secs] 15781K->15728K(42248K), 0.0196304 secs]
99.612: [GC 99.612: [DefNew: 53K->0K(3008K), 0.0005015 secs]99.613: [Tenured: 19634K->19634K(39240K), 0.0289241 secs] 19688K->19634K(42248K), 0.0295660 secs]
99.648: [Full GC 99.648: [Tenured: 23540K->23540K(39240K), 0.0194804 secs] 23540K->23540K(42248K), [Perm : 19K->19K(8192K)], 0.0195944 secs]
99.669: [Full GC 99.669: [Tenured: 23540K->11821K(39240K), 0.0406314 secs] 23594K->11821K(42248K), [Perm : 19K->19K(8192K)], 0.0407488 secs]
99.712: [GC 99.712: [DefNew: 53K->0K(3008K), 0.0004456 secs]99.713: [Tenured: 11821K->11821K(39240K), 0.0192876 secs] 11875K->11821K(42248K), 0.0198662 secs]
99.738: [GC 99.738: [DefNew: 53K->0K(3008K), 0.0004783 secs]99.738: [Tenured: 15728K->15727K(39240K), 0.0242400 secs] 15781K->15727K(42248K), 0.0248657 secs]
99.768: [GC 99.768: [DefNew: 53K->0K(3008K), 0.0005657 secs]99.769: [Tenured: 19634K->19634K(39240K), 0.0192754 secs] 19687K->19634K(42248K), 0.0199743 secs]
99.793: [Full GC 99.793: [Tenured: 23540K->23540K(39240K), 0.0192125 secs] 23540K->23540K(42248K), [Perm : 19K->19K(8192K)], 0.0193198 secs]
99.814: [Full GC 99.814: [Tenured: 23540K->11821K(39240K), 0.0399866 secs] 23594K->11821K(42248K), [Perm : 19K->19K(8192K)], 0.0400978 secs]
99.855: [GC 99.855: [DefNew: 53K->0K(3008K), 0.0004034 secs]99.855: [Tenured: 11821K->11821K(39240K), 0.0189921 secs] 11875K->11821K(42248K), 0.0195184 secs]
99.879: [GC 99.879: [DefNew: 53K->0K(3008K), 0.0004741 secs]99.880: [Tenured: 15728K->15728K(39240K), 0.0192061 secs] 15781K->15728K(42248K), 0.0198126 secs]
99.906: [GC 99.906: [DefNew: 53K->0K(3008K), 0.0005205 secs]99.906: [Tenured: 19634K->19634K(39240K), 0.0191368 secs] 19688K->19634K(42248K), 0.0197891 secs]
99.930: [Full GC 99.930: [Tenured: 23540K->23540K(39240K), 0.0192603 secs] 23540K->23540K(42248K), [Perm : 19K->19K(8192K)], 0.0193698 secs]
99.953: [Full GC 99.953: [Tenured: 23540K->11821K(39240K), 0.0398738 secs] 23594K->11821K(42248K), [Perm : 19K->19K(8192K)], 0.0399900 secs]
99.994: [GC 99.994: [DefNew: 53K->0K(3008K), 0.0004177 secs]99.995: [Tenured: 11821K->11821K(39240K), 0.0193474 secs] 11875K->11821K(42248K), 0.0198925 secs]
100.019: [GC 100.019: [DefNew: 53K->0K(3008K), 0.0004791 secs]100.020: [Tenured: 15728K->15728K(39240K), 0.0195223 secs] 15781K->15728K(42248K), 0.0201405 secs]
100.045: [GC 100.045: [DefNew: 53K->0K(3008K), 0.0005168 secs]100.046: [Tenured: 19634K->19634K(39240K), 0.0192988 secs] 19688K->19634K(42248K), 0.0199528 secs]
100.070: [Full GC 100.070: [Tenured: 23540K->23540K(39240K), 0.0345276 secs] 23540K->23540K(42248K), [Perm : 19K->19K(8192K)], 0.0346541 secs]
100.107: [Full GC 100.107: [Tenured: 23540K->11821K(39240K), 0.0401487 secs] 23594K->11821K(42248K), [Perm : 19K->19K(8192K)], 0.0402646 secs]
100.148: [GC 100.148: [DefNew: 53K->0K(3008K), 0.0005649 secs]100.149: [Tenured: 11821K->11821K(39240K), 0.0193748 secs] 11875K->11821K(42248K), 0.0200721 secs]
100.173: [GC 100.174: [DefNew: 53K->0K(3008K), 0.0004766 secs]100.174: [Tenured: 15728K->15728K(39240K), 0.0190519 secs] 15781K->15728K(42248K), 0.0196589 secs]
100.199: [GC 100.199: [DefNew: 53K->0K(3008K), 0.0005185 secs]100.199: [Tenured: 19634K->19634K(39240K), 0.0289012 secs] 19688K->19634K(42248K), 0.0295616 secs]
100.233: [Full GC 100.233: [Tenured: 23540K->23540K(39240K), 0.0192072 secs] 23540K->23540K(42248K), [Perm : 19K->19K(8192K)], 0.0193136 secs]
100.254: [Full GC 100.254: [Tenured: 23540K->11821K(39240K), 0.0400802 secs] 23594K->11821K(42248K), [Perm : 19K->19K(8192K)], 0.0401895 secs]
100.295: [GC 100.295: [DefNew: 53K->0K(3008K), 0.0004129 secs]100.296: [Tenured: 11821K->11821K(39240K), 0.0189035 secs] 11875K->11821K(42248K), 0.0194377 secs]
100.319: [GC 100.319: [DefNew: 53K->0K(3008K), 0.0004721 secs]100.320: [Tenured: 15728K->15727K(39240K), 0.0238061 secs] 15781K->15727K(42248K), 0.0244224 secs]
100.349: [GC 100.349: [DefNew: 53K->0K(3008K), 0.0005604 secs]100.350: [Tenured: 19634K->19634K(39240K), 0.0191840 secs] 19687K->19634K(42248K), 0.0198774 secs]
100.374: [Full GC 100.374: [Tenured: 23540K->23540K(39240K), 0.0194058 secs] 23540K->23540K(42248K), [Perm : 19K->19K(8192K)], 0.0195145 secs]
100.395: [Full GC 100.395: [Tenured: 23540K->11821K(39240K), 0.0402761 secs] 23594K->11821K(42248K), [Perm : 19K->19K(8192K)], 0.0403920 secs]
100.443: [GC 100.443: [DefNew: 53K->0K(3008K), 0.0004252 secs]100.444: [Tenured: 11821K->11821K(39240K), 0.0190918 secs] 11875K->11821K(42248K), 0.0196475 secs]
100.470: [GC 100.470: [DefNew: 53K->0K(3008K), 0.0005691 secs]100.471: [Tenured: 15728K->15728K(39240K), 0.0190474 secs] 15781K->15728K(42248K), 0.0197508 secs]
100.495: [GC 100.495: [DefNew: 53K->0K(3008K), 0.0006615 secs]100.496: [Tenured: 19634K->19634K(39240K), 0.0191144 secs] 19688K->19634K(42248K), 0.0199073 secs]
100.520: [Full GC 100.520: [Tenured: 23540K->23540K(39240K), 0.0192013 secs] 23540K->23540K(42248K), [Perm : 19K->19K(8192K)], 0.0193055 secs]
100.553: [Full GC 100.553: [Tenured: 23540K->11821K(39240K), 0.0416262 secs] 23594K->11821K(42248K), [Perm : 19K->19K(8192K)], 0.0417483 secs]
100.596: [GC 100.596: [DefNew: 53K->0K(3008K), 0.0004149 secs]100.596: [Tenured: 11821K->11821K(39240K), 0.0196042 secs] 11875K->11821K(42248K), 0.0201500 secs]
100.621: [GC 100.621: [DefNew: 53K->0K(3008K), 0.0004786 secs]100.622: [Tenured: 15728K->15728K(39240K), 0.0199618 secs] 15781K->15728K(42248K), 0.0205811 secs]
100.648: [GC 100.648: [DefNew: 53K->0K(3008K), 0.0007174 secs]100.649: [Tenured: 19634K->19634K(39240K), 0.0198637 secs] 19688K->19634K(42248K), 0.0207222 secs]
100.674: [Full GC 100.674: [Tenured: 23540K->23540K(39240K), 0.0354936 secs] 23540K->23540K(42248K), [Perm : 19K->19K(8192K)], 0.0356221 secs]
100.712: [Full GC 100.712: [Tenured: 23540K->11821K(39240K), 0.0416832 secs] 23594K->11821K(42248K), [Perm : 19K->19K(8192K)], 0.0418014 secs]
100.760: [GC 100.760: [DefNew: 53K->0K(3008K), 0.0004271 secs]100.761: [Tenured: 11821K->11821K(39240K), 0.0190882 secs] 11875K->11821K(42248K), 0.0196475 secs]
100.785: [GC 100.785: [DefNew: 53K->0K(3008K), 0.0004693 secs]100.785: [Tenured: 15728K->15728K(39240K), 0.0192930 secs] 15781K->15728K(42248K), 0.0198992 secs]
100.810: [GC 100.810: [DefNew: 53K->0K(3008K), 0.0005179 secs]100.811: [Tenured: 19634K->19634K(39240K), 0.0290467 secs] 19688K->19634K(42248K), 0.0297124 secs]
100.845: [Full GC 100.845: [Tenured: 23540K->23540K(39240K), 0.0196547 secs] 23540K->23540K(42248K), [Perm : 19K->19K(8192K)], 0.0197704 secs]
100.867: [Full GC 100.867: [Tenured: 23540K->11821K(39240K), 0.0405937 secs] 23594K->11821K(42248K), [Perm : 19K->19K(8192K)], 0.0407124 secs]
100.909: [GC 100.909: [DefNew: 53K->0K(3008K), 0.0004244 secs]100.910: [Tenured: 11821K->11821K(39240K), 0.0192446 secs] 11875K->11821K(42248K), 0.0198034 secs]
100.935: [GC 100.935: [DefNew: 53K->0K(3008K), 0.0004780 secs]100.936: [Tenured: 15728K->15727K(39240K), 0.0241757 secs] 15781K->15727K(42248K), 0.0248048 secs]
100.966: [GC 100.966: [DefNew: 53K->0K(3008K), 0.0005643 secs]100.967: [Tenured: 19634K->19634K(39240K), 0.0196315 secs] 19687K->19634K(42248K), 0.0203336 secs]
100.992: [Full GC 100.992: [Tenured: 23540K->23540K(39240K), 0.0197528 secs] 23540K->23540K(42248K), [Perm : 19K->19K(8192K)], 0.0198682 secs]
101.014: [Full GC 101.014: [Tenured: 23540K->11821K(39240K), 0.0406331 secs] 23594K->11821K(42248K), [Perm : 19K->19K(8192K)], 0.0407529 secs]
101.056: [GC 101.056: [DefNew: 53K->0K(3008K), 0.0004165 secs]101.056: [Tenured: 11821K->11821K(39240K), 0.0193209 secs] 11875K->11821K(42248K), 0.0198659 secs]
101.082: [GC 101.082: [DefNew: 53K->0K(3008K), 0.0004805 secs]101.082: [Tenured: 15728K->15728K(39240K), 0.0193840 secs] 15781K->15728K(42248K), 0.0200023 secs]
101.107: [GC 101.107: [DefNew: 53K->0K(3008K), 0.0005171 secs]101.107: [Tenured: 19634K->19634K(39240K), 0.0192751 secs] 19688K->19634K(42248K), 0.0199436 secs]
101.131: [Full GC 101.131: [Tenured: 23540K->23540K(39240K), 0.0192284 secs] 23540K->23540K(42248K), [Perm : 19K->19K(8192K)], 0.0193312 secs]
101.152: [Full GC 101.153: [Tenured: 23540K->11821K(39240K), 0.0400213 secs] 23594K->11821K(42248K), [Perm : 19K->19K(8192K)], 0.0401322 secs]
101.193: [GC 101.193: [DefNew: 53K->0K(3008K), 0.0004031 secs]101.193: [Tenured: 11821K->11821K(39240K), 0.0193125 secs] 11875K->11821K(42248K), 0.0198413 secs]
101.219: [GC 101.219: [DefNew: 53K->0K(3008K), 0.0004794 secs]101.219: [Tenured: 15728K->15728K(39240K), 0.0190499 secs] 15781K->15728K(42248K), 0.0196614 secs]
101.243: [GC 101.243: [DefNew: 53K->0K(3008K), 0.0005031 secs]101.244: [Tenured: 19634K->19634K(39240K), 0.0191999 secs] 19688K->19634K(42248K), 0.0198358 secs]
101.268: [Full GC 101.268: [Tenured: 23540K->23540K(39240K), 0.0340837 secs] 23540K->23540K(42248K), [Perm : 19K->19K(8192K)], 0.0342083 secs]
101.310: [Full GC 101.310: [Tenured: 23540K->11821K(39240K), 0.0417698 secs] 23594K->11821K(42248K), [Perm : 19K->19K(8192K)], 0.0418914 secs]
101.353: [GC 101.353: [DefNew: 53K->0K(3008K), 0.0004431 secs]101.353: [Tenured: 11821K->11821K(39240K), 0.0199352 secs] 11875K->11821K(42248K), 0.0205110 secs]
101.380: [GC 101.380: [DefNew: 53K->0K(3008K), 0.0004794 secs]101.381: [Tenured: 15727K->15727K(39240K), 0.0201271 secs] 15781K->15727K(42248K), 0.0207479 secs]
101.422: [GC 101.422: [DefNew: 53K->0K(3008K), 0.0005691 secs]101.422: [Tenured: 19634K->19634K(39240K), 0.0200956 secs] 19687K->19634K(42248K), 0.0208063 secs]
101.451: [Full GC 101.451: [Tenured: 23540K->23540K(39240K), 0.0201428 secs] 23540K->23540K(42248K), [Perm : 19K->19K(8192K)], 0.0202612 secs]
101.473: [Full GC 101.473: [Tenured: 23540K->11821K(39240K), 0.0415190 secs] 23594K->11821K(42248K), [Perm : 19K->19K(8192K)], 0.0416444 secs]
101.516: [GC 101.516: [DefNew: 53K->0K(3008K), 0.0004246 secs]101.516: [Tenured: 11821K->11821K(39240K), 0.0201763 secs] 11875K->11821K(42248K), 0.0207367 secs]
101.543: [GC 101.543: [DefNew: 53K->0K(3008K), 0.0004791 secs]101.544: [Tenured: 15728K->15728K(39240K), 0.0203177 secs] 15781K->15728K(42248K), 0.0209381 secs]
101.576: [GC 101.576: [DefNew: 53K->0K(3008K), 0.0005219 secs]101.577: [Tenured: 19634K->19634K(39240K), 0.0195947 secs] 19688K->19634K(42248K), 0.0202556 secs]
101.602: [Full GC 101.602: [Tenured: 23540K->23540K(39240K), 0.0201595 secs] 23540K->23540K(42248K), [Perm : 19K->19K(8192K)], 0.0202769 secs]
101.628: [Full GC 101.628: [Tenured: 23540K->11821K(39240K), 0.0409513 secs] 23594K->11821K(42248K), [Perm : 19K->19K(8192K)], 0.0410734 secs]
101.675: [GC 101.676: [DefNew: 53K->0K(3008K), 0.0004238 secs]101.676: [Tenured: 11821K->11821K(39240K), 0.0193273 secs] 11875K->11821K(42248K), 0.0198847 secs]
101.713: [GC 101.713: [DefNew: 53K->0K(3008K), 0.0004816 secs]101.713: [Tenured: 15728K->15728K(39240K), 0.0196475 secs] 15781K->15728K(42248K), 0.0203772 secs]
101.741: [GC 101.741: [DefNew: 53K->0K(3008K), 0.0005207 secs]101.742: [Tenured: 19634K->19634K(39240K), 0.0197950 secs] 19688K->19634K(42248K), 0.0204579 secs]
101.771: [Full GC 101.771: [Tenured: 23540K->23540K(39240K), 0.0202076 secs] 23540K->23540K(42248K), [Perm : 19K->19K(8192K)], 0.0203213 secs]
101.796: [Full GC 101.797: [Tenured: 23540K->11821K(39240K), 0.0407412 secs] 23594K->11821K(42248K), [Perm : 19K->19K(8192K)], 0.0408613 secs]
101.839: [GC 101.839: [DefNew: 53K->0K(3008K), 0.0004249 secs]101.840: [Tenured: 11821K->11821K(39240K), 0.0191773 secs] 11875K->11821K(42248K), 0.0197355 secs]
101.866: [GC 101.866: [DefNew: 53K->0K(3008K), 0.0004783 secs]101.866: [Tenured: 15727K->15727K(39240K), 0.0196933 secs] 15781K->15727K(42248K), 0.0203115 secs]
101.892: [GC 101.892: [DefNew: 53K->0K(3008K), 0.0005668 secs]101.893: [Tenured: 19634K->19634K(39240K), 0.0197779 secs] 19687K->19634K(42248K), 0.0204828 secs]
101.921: [Full GC 101.921: [Tenured: 23540K->23540K(39240K), 0.0197866 secs] 23540K->23540K(42248K), [Perm : 19K->19K(8192K)], 0.0199025 secs]
101.944: [Full GC 101.944: [Tenured: 23540K->11821K(39240K), 0.0402777 secs] 23594K->11821K(42248K), [Perm : 19K->19K(8192K)], 0.0403979 secs]
101.988: [GC 101.988: [DefNew: 53K->0K(3008K), 0.0004274 secs]101.988: [Tenured: 11821K->11821K(39240K), 0.0193583 secs] 11875K->11821K(42248K), 0.0199199 secs]
102.015: [GC 102.015: [DefNew: 53K->0K(3008K), 0.0004783 secs]102.015: [Tenured: 15728K->15728K(39240K), 0.0194807 secs] 15781K->15728K(42248K), 0.0200972 secs]
102.043: [GC 102.043: [DefNew: 53K->0K(3008K), 0.0005185 secs]102.043: [Tenured: 19634K->19634K(39240K), 0.0295848 secs] 19688K->19634K(42248K), 0.0302524 secs]
102.080: [Full GC 102.080: [Tenured: 23540K->23540K(39240K), 0.0195357 secs] 23540K->23540K(42248K), [Perm : 19K->19K(8192K)], 0.0196500 secs]
102.103: [Full GC 102.103: [Tenured: 23540K->11821K(39240K), 0.0404389 secs] 23594K->11821K(42248K), [Perm : 19K->19K(8192K)], 0.0405591 secs]
102.145: [GC 102.145: [DefNew: 53K->0K(3008K), 0.0004232 secs]102.146: [Tenured: 11821K->11821K(39240K), 0.0194257 secs] 11875K->11821K(42248K), 0.0199827 secs]
102.170: [GC 102.170: [DefNew: 53K->0K(3008K), 0.0004794 secs]102.171: [Tenured: 15728K->15728K(39240K), 0.0196466 secs] 15781K->15728K(42248K), 0.0202649 secs]
102.199: [GC 102.199: [DefNew: 53K->0K(3008K), 0.0005126 secs]102.199: [Tenured: 19634K->19634K(39240K), 0.0194522 secs] 19688K->19634K(42248K), 0.0200998 secs]
102.224: [Full GC 102.225: [Tenured: 23540K->23540K(39240K), 0.0194438 secs] 23540K->23540K(42248K), [Perm : 19K->19K(8192K)], 0.0195550 secs]
102.247: [Full GC 102.247: [Tenured: 23540K->11821K(39240K), 0.0399942 secs] 23594K->11821K(42248K), [Perm : 19K->19K(8192K)], 0.0401062 secs]
102.288: [GC 102.288: [DefNew: 53K->0K(3008K), 0.0004095 secs]102.288: [Tenured: 11821K->11821K(39240K), 0.0190482 secs] 11875K->11821K(42248K), 0.0195843 secs]
102.312: [GC 102.312: [DefNew: 53K->0K(3008K), 0.0004763 secs]102.313: [Tenured: 15728K->15728K(39240K), 0.0190485 secs] 15781K->15728K(42248K), 0.0196561 secs]
102.337: [GC 102.337: [DefNew: 53K->0K(3008K), 0.0005031 secs]102.337: [Tenured: 19634K->19634K(39240K), 0.0191541 secs] 19688K->19634K(42248K), 0.0197860 secs]
102.361: [Full GC 102.361: [Tenured: 23540K->23540K(39240K), 0.0192136 secs] 23540K->23540K(42248K), [Perm : 19K->19K(8192K)], 0.0193206 secs]
102.383: [Full GC 102.383: [Tenured: 23540K->11821K(39240K), 0.0408049 secs] 23594K->11821K(42248K), [Perm : 19K->19K(8192K)], 0.0409245 secs]
102.426: [GC 102.426: [DefNew: 53K->0K(3008K), 0.0004249 secs]102.426: [Tenured: 11821K->11821K(39240K), 0.0195966 secs] 11875K->11821K(42248K), 0.0201523 secs]
102.454: [GC 102.454: [DefNew: 53K->0K(3008K), 0.0004808 secs]102.454: [Tenured: 15728K->15728K(39240K), 0.0190432 secs] 15781K->15728K(42248K), 0.0196570 secs]
102.478: [GC 102.478: [DefNew: 53K->0K(3008K), 0.0005283 secs]102.479: [Tenured: 19634K->19634K(39240K), 0.0191904 secs] 19688K->19634K(42248K), 0.0198525 secs]
102.504: [Full GC 102.504: [Tenured: 23540K->23540K(39240K), 0.0342298 secs] 23540K->23540K(42248K), [Perm : 19K->19K(8192K)], 0.0343549 secs]
102.544: [Full GC 102.544: [Tenured: 23540K->11821K(39240K), 0.0405079 secs] 23594K->11821K(42248K), [Perm : 19K->19K(8192K)], 0.0406272 secs]
102.586: [GC 102.586: [DefNew: 53K->0K(3008K), 0.0004238 secs]102.587: [Tenured: 11821K->11821K(39240K), 0.0197321 secs] 11875K->11821K(42248K), 0.0202903 secs]
102.615: [GC 102.615: [DefNew: 53K->0K(3008K), 0.0004691 secs]102.615: [Tenured: 15728K->15728K(39240K), 0.0194486 secs] 15781K->15728K(42248K), 0.0200523 secs]
102.642: [GC 102.642: [DefNew: 53K->0K(3008K), 0.0005205 secs]102.642: [Tenured: 19634K->19634K(39240K), 0.0297753 secs] 19688K->19634K(42248K), 0.0304460 secs]
102.684: [Full GC 102.684: [Tenured: 23540K->23540K(39240K), 0.0197212 secs] 23540K->23540K(42248K), [Perm : 19K->19K(8192K)], 0.0198352 secs]
102.708: [Full GC 102.708: [Tenured: 23540K->11821K(39240K), 0.0406012 secs] 23594K->11821K(42248K), [Perm : 19K->19K(8192K)], 0.0407205 secs]
102.753: [GC 102.754: [DefNew: 53K->0K(3008K), 0.0004266 secs]102.754: [Tenured: 11821K->11821K(39240K), 0.0195156 secs] 11875K->11821K(42248K), 0.0200908 secs]
102.785: [GC 102.785: [DefNew: 53K->0K(3008K), 0.0004777 secs]102.785: [Tenured: 15728K->15727K(39240K), 0.0245688 secs] 15781K->15727K(42248K), 0.0251987 secs]
102.821: [GC 102.821: [DefNew: 53K->0K(3008K), 0.0007266 secs]102.822: [Tenured: 19634K->19634K(39240K), 0.0198464 secs] 19687K->19634K(42248K), 0.0207138 secs]
102.849: [Full GC 102.849: [Tenured: 23540K->23540K(39240K), 0.0201394 secs] 23540K->23540K(42248K), [Perm : 19K->19K(8192K)], 0.0202523 secs]
102.875: [Full GC 102.876: [Tenured: 23540K->11821K(39240K), 0.0404266 secs] 23594K->11821K(42248K), [Perm : 19K->19K(8192K)], 0.0405484 secs]
102.917: [GC 102.917: [DefNew: 53K->0K(3008K), 0.0005526 secs]102.918: [Tenured: 11821K->11821K(39240K), 0.0192019 secs] 11875K->11821K(42248K), 0.0198866 secs]
102.942: [GC 102.942: [DefNew: 53K->0K(3008K), 0.0004766 secs]102.943: [Tenured: 15727K->15727K(39240K), 0.0194167 secs] 15781K->15727K(42248K), 0.0200319 secs]
102.968: [GC 102.968: [DefNew: 53K->0K(3008K), 0.0005657 secs]102.969: [Tenured: 19634K->19634K(39240K), 0.0194589 secs] 19687K->19634K(42248K), 0.0201626 secs]
102.995: [Full GC 102.995: [Tenured: 23540K->23540K(39240K), 0.0196679 secs] 23540K->23540K(42248K), [Perm : 19K->19K(8192K)], 0.0197799 secs]
103.018: [Full GC 103.018: [Tenured: 23540K->11821K(39240K), 0.0406306 secs] 23594K->11821K(42248K), [Perm : 19K->19K(8192K)], 0.0407496 secs]
103.061: [GC 103.061: [DefNew: 53K->0K(3008K), 0.0005724 secs]103.062: [Tenured: 11821K->11821K(39240K), 0.0192184 secs] 11875K->11821K(42248K), 0.0199268 secs]
103.086: [GC 103.086: [DefNew: 53K->0K(3008K), 0.0004730 secs]103.087: [Tenured: 15728K->15728K(39240K), 0.0194354 secs] 15781K->15728K(42248K), 0.0200453 secs]
103.111: [GC 103.112: [DefNew: 53K->0K(3008K), 0.0005199 secs]103.112: [Tenured: 19634K->19634K(39240K), 0.0193326 secs] 19688K->19634K(42248K), 0.0199891 secs]
103.138: [Full GC 103.138: [Tenured: 23540K->23540K(39240K), 0.0344373 secs] 23540K->23540K(42248K), [Perm : 19K->19K(8192K)], 0.0345628 secs]
103.175: [Full GC 103.175: [Tenured: 23540K->11821K(39240K), 0.0401171 secs] 23594K->11821K(42248K), [Perm : 19K->19K(8192K)], 0.0402358 secs]
103.217: [GC 103.217: [DefNew: 53K->0K(3008K), 0.0004246 secs]103.218: [Tenured: 11821K->11821K(39240K), 0.0189044 secs] 11875K->11821K(42248K), 0.0194569 secs]
103.241: [GC 103.241: [DefNew: 53K->0K(3008K), 0.0004671 secs]103.242: [Tenured: 15727K->15727K(39240K), 0.0192008 secs] 15781K->15727K(42248K), 0.0197986 secs]
103.266: [GC 103.266: [DefNew: 53K->0K(3008K), 0.0005576 secs]103.267: [Tenured: 19634K->19634K(39240K), 0.0193351 secs] 19687K->19634K(42248K), 0.0200288 secs]
103.297: [Full GC 103.297: [Tenured: 23540K->23540K(39240K), 0.0198237 secs] 23540K->23540K(42248K), [Perm : 19K->19K(8192K)], 0.0199363 secs]
103.320: [Full GC 103.320: [Tenured: 23540K->11821K(39240K), 0.0413709 secs] 23594K->11821K(42248K), [Perm : 19K->19K(8192K)], 0.0414933 secs]
103.362: [GC 103.362: [DefNew: 53K->0K(3008K), 0.0004093 secs]103.362: [Tenured: 11821K->11821K(39240K), 0.0200042 secs] 11875K->11821K(42248K), 0.0205420 secs]
103.387: [GC 103.387: [DefNew: 53K->0K(3008K), 0.0004724 secs]103.388: [Tenured: 15728K->15728K(39240K), 0.0197008 secs] 15781K->15728K(42248K), 0.0203126 secs]
103.413: [GC 103.413: [DefNew: 53K->0K(3008K), 0.0005149 secs]103.413: [Tenured: 19634K->19634K(39240K), 0.0203165 secs] 19688K->19634K(42248K), 0.0209714 secs]
103.440: [Full GC 103.440: [Tenured: 23540K->23540K(39240K), 0.0202411 secs] 23540K->23540K(42248K), [Perm : 19K->19K(8192K)], 0.0203579 secs]
103.462: [Full GC 103.462: [Tenured: 23540K->11821K(39240K), 0.0414625 secs] 23594K->11821K(42248K), [Perm : 19K->19K(8192K)], 0.0415832 secs]
103.506: [GC 103.506: [DefNew: 53K->0K(3008K), 0.0004249 secs]103.506: [Tenured: 11821K->11821K(39240K), 0.0199442 secs] 11875K->11821K(42248K), 0.0205046 secs]
103.531: [GC 103.531: [DefNew: 53K->0K(3008K), 0.0006654 secs]103.532: [Tenured: 15727K->15727K(39240K), 0.0198388 secs] 15781K->15727K(42248K), 0.0206610 secs]
103.565: [GC 103.565: [DefNew: 53K->0K(3008K), 0.0005562 secs]103.566: [Tenured: 19634K->19634K(39240K), 0.0202529 secs] 19687K->19634K(42248K), 0.0209468 secs]
103.591: [Full GC 103.591: [Tenured: 23540K->23540K(39240K), 0.0201894 secs] 23540K->23540K(42248K), [Perm : 19K->19K(8192K)], 0.0203031 secs]
103.614: [Full GC 103.614: [Tenured: 23540K->11821K(39240K), 0.0414131 secs] 23594K->11821K(42248K), [Perm : 19K->19K(8192K)], 0.0415349 secs]
103.656: [GC 103.656: [DefNew: 53K->0K(3008K), 0.0004054 secs]103.656: [Tenured: 11821K->11821K(39240K), 0.0199492 secs] 11875K->11821K(42248K), 0.0204839 secs]
103.681: [GC 103.681: [DefNew: 53K->0K(3008K), 0.0004735 secs]103.682: [Tenured: 15727K->15727K(39240K), 0.0203666 secs] 15781K->15727K(42248K), 0.0209795 secs]
103.708: [GC 103.708: [DefNew: 53K->0K(3008K), 0.0005596 secs]103.708: [Tenured: 19634K->19634K(39240K), 0.0205266 secs] 19687K->19634K(42248K), 0.0212256 secs]
103.734: [Full GC 103.734: [Tenured: 23540K->23540K(39240K), 0.0199296 secs] 23540K->23540K(42248K), [Perm : 19K->19K(8192K)], 0.0200439 secs]
103.757: [Full GC 103.757: [Tenured: 23540K->11821K(39240K), 0.0416184 secs] 23594K->11821K(42248K), [Perm : 19K->19K(8192K)], 0.0417405 secs]
103.799: [GC 103.799: [DefNew: 53K->0K(3008K), 0.0004107 secs]103.799: [Tenured: 11821K->11821K(39240K), 0.0197595 secs] 11875K->11821K(42248K), 0.0205325 secs]
103.824: [GC 103.825: [DefNew: 53K->0K(3008K), 0.0004786 secs]103.825: [Tenured: 15728K->15728K(39240K), 0.0197109 secs] 15781K->15728K(42248K), 0.0203333 secs]
103.850: [GC 103.850: [DefNew: 53K->0K(3008K), 0.0005188 secs]103.851: [Tenured: 19634K->19634K(39240K), 0.0200525 secs] 19688K->19634K(42248K), 0.0207138 secs]
103.878: [Full GC 103.878: [Tenured: 23540K->23540K(39240K), 0.0199151 secs] 23540K->23540K(42248K), [Perm : 19K->19K(8192K)], 0.0200310 secs]
103.901: [Full GC 103.901: [Tenured: 23540K->11821K(39240K), 0.0414623 secs] 23594K->11821K(42248K), [Perm : 19K->19K(8192K)], 0.0415838 secs]
103.943: [GC 103.943: [DefNew: 53K->0K(3008K), 0.0004115 secs]103.943: [Tenured: 11821K->11821K(39240K), 0.0201073 secs] 11875K->11821K(42248K), 0.0206543 secs]
103.978: [GC 103.978: [DefNew: 53K->0K(3008K), 0.0004774 secs]103.979: [Tenured: 15728K->15728K(39240K), 0.0201121 secs] 15781K->15728K(42248K), 0.0207350 secs]
104.004: [GC 104.004: [DefNew: 53K->0K(3008K), 0.0005182 secs]104.005: [Tenured: 19634K->19634K(39240K), 0.0200609 secs] 19688K->19634K(42248K), 0.0207186 secs]
104.030: [Full GC 104.030: [Tenured: 23540K->23540K(39240K), 0.0201498 secs] 23540K->23540K(42248K), [Perm : 19K->19K(8192K)], 0.0202660 secs]
104.052: [Full GC 104.052: [Tenured: 23540K->11821K(39240K), 0.0419967 secs] 23594K->11821K(42248K), [Perm : 19K->19K(8192K)], 0.0421190 secs]
104.095: [GC 104.095: [DefNew: 53K->0K(3008K), 0.0004076 secs]104.095: [Tenured: 11821K->11821K(39240K), 0.0198659 secs] 11875K->11821K(42248K), 0.0204018 secs]
104.123: [GC 104.123: [DefNew: 53K->0K(3008K), 0.0004819 secs]104.124: [Tenured: 15728K->15728K(39240K), 0.0197584 secs] 15781K->15728K(42248K), 0.0205819 secs]
104.153: [GC 104.153: [DefNew: 53K->0K(3008K), 0.0005216 secs]104.154: [Tenured: 19634K->19634K(39240K), 0.0192212 secs] 19688K->19634K(42248K), 0.0198782 secs]
104.178: [Full GC 104.178: [Tenured: 23540K->23540K(39240K), 0.0195131 secs] 23540K->23540K(42248K), [Perm : 19K->19K(8192K)], 0.0196399 secs]
104.200: [Full GC 104.200: [Tenured: 23540K->11821K(39240K), 0.0401543 secs] 23594K->11821K(42248K), [Perm : 19K->19K(8192K)], 0.0402691 secs]
104.240: [GC 104.240: [DefNew: 53K->0K(3008K), 0.0004165 secs]104.241: [Tenured: 11821K->11821K(39240K), 0.0190072 secs] 11875K->11821K(42248K), 0.0195472 secs]
104.264: [GC 104.264: [DefNew: 53K->0K(3008K), 0.0004679 secs]104.265: [Tenured: 15728K->15728K(39240K), 0.0190435 secs] 15781K->15728K(42248K), 0.0196405 secs]
104.290: [GC 104.290: [DefNew: 53K->0K(3008K), 0.0005219 secs]104.291: [Tenured: 19634K->19634K(39240K), 0.0191561 secs] 19688K->19634K(42248K), 0.0198117 secs]
104.315: [Full GC 104.315: [Tenured: 23540K->23540K(39240K), 0.0338375 secs] 23540K->23540K(42248K), [Perm : 19K->19K(8192K)], 0.0339543 secs]
104.352: [Full GC 104.352: [Tenured: 23540K->11821K(39240K), 0.0400981 secs] 23594K->11821K(42248K), [Perm : 19K->19K(8192K)], 0.0402113 secs]
104.392: [GC 104.392: [DefNew: 53K->0K(3008K), 0.0004017 secs]104.393: [Tenured: 11821K->11821K(39240K), 0.0189183 secs] 11875K->11821K(42248K), 0.0194393 secs]
104.417: [GC 104.417: [DefNew: 53K->0K(3008K), 0.0004749 secs]104.417: [Tenured: 15728K->15728K(39240K), 0.0190387 secs] 15781K->15728K(42248K), 0.0196452 secs]
104.441: [GC 104.441: [DefNew: 53K->0K(3008K), 0.0005040 secs]104.442: [Tenured: 19634K->19634K(39240K), 0.0192399 secs] 19688K->19634K(42248K), 0.0198738 secs]
104.467: [Full GC 104.467: [Tenured: 23540K->23540K(39240K), 0.0192198 secs] 23540K->23540K(42248K), [Perm : 19K->19K(8192K)], 0.0193282 secs]
104.488: [Full GC 104.488: [Tenured: 23540K->11821K(39240K), 0.0400858 secs] 23594K->11821K(42248K), [Perm : 19K->19K(8192K)], 0.0402034 secs]
104.529: [GC 104.529: [DefNew: 53K->0K(3008K), 0.0004104 secs]104.529: [Tenured: 11821K->11821K(39240K), 0.0192653 secs] 11875K->11821K(42248K), 0.0198008 secs]
104.553: [GC 104.553: [DefNew: 53K->0K(3008K), 0.0004772 secs]104.554: [Tenured: 15728K->15728K(39240K), 0.0196385 secs] 15781K->15728K(42248K), 0.0202562 secs]
104.578: [GC 104.579: [DefNew: 53K->0K(3008K), 0.0005171 secs]104.579: [Tenured: 19634K->19634K(39240K), 0.0194530 secs] 19688K->19634K(42248K), 0.0201059 secs]
104.603: [Full GC 104.603: [Tenured: 23540K->23540K(39240K), 0.0199936 secs] 23540K->23540K(42248K), [Perm : 19K->19K(8192K)], 0.0201059 secs]
104.630: [Full GC 104.630: [Tenured: 23540K->11821K(39240K), 0.0405191 secs] 23594K->11821K(42248K), [Perm : 19K->19K(8192K)], 0.0406412 secs]
104.671: [GC 104.671: [DefNew: 53K->0K(3008K), 0.0004107 secs]104.671: [Tenured: 11821K->11821K(39240K), 0.0192379 secs] 11875K->11821K(42248K), 0.0197751 secs]
104.696: [GC 104.696: [DefNew: 53K->0K(3008K), 0.0004774 secs]104.696: [Tenured: 15728K->15728K(39240K), 0.0193396 secs] 15781K->15728K(42248K), 0.0199551 secs]
104.721: [GC 104.721: [DefNew: 53K->0K(3008K), 0.0005179 secs]104.722: [Tenured: 19634K->19634K(39240K), 0.0194975 secs] 19688K->19634K(42248K), 0.0201526 secs]
104.746: [Full GC 104.746: [Tenured: 23540K->23540K(39240K), 0.0197310 secs] 23540K->23540K(42248K), [Perm : 19K->19K(8192K)], 0.0198444 secs]
104.770: [Full GC 104.770: [Tenured: 23540K->11821K(39240K), 0.0404976 secs] 23594K->11821K(42248K), [Perm : 19K->19K(8192K)], 0.0406175 secs]
104.811: [GC 104.811: [DefNew: 53K->0K(3008K), 0.0004104 secs]104.811: [Tenured: 11821K->11821K(39240K), 0.0197304 secs] 11875K->11821K(42248K), 0.0202679 secs]
104.836: [GC 104.836: [DefNew: 53K->0K(3008K), 0.0004758 secs]104.836: [Tenured: 15728K->15728K(39240K), 0.0196838 secs] 15781K->15728K(42248K), 0.0202959 secs]
104.861: [GC 104.861: [DefNew: 53K->0K(3008K), 0.0005149 secs]104.861: [Tenured: 19634K->19634K(39240K), 0.0197162 secs] 19688K->19634K(42248K), 0.0203674 secs]
104.886: [Full GC 104.886: [Tenured: 23540K->23540K(39240K), 0.0198000 secs] 23540K->23540K(42248K), [Perm : 19K->19K(8192K)], 0.0199140 secs]
104.911: [Full GC 104.912: [Tenured: 23540K->11821K(39240K), 0.0403311 secs] 23594K->11821K(42248K), [Perm : 19K->19K(8192K)], 0.0404510 secs]
104.952: [GC 104.953: [DefNew: 53K->0K(3008K), 0.0004154 secs]104.953: [Tenured: 11821K->11821K(39240K), 0.0192488 secs] 11875K->11821K(42248K), 0.0198008 secs]
104.978: [GC 104.978: [DefNew: 53K->0K(3008K), 0.0004786 secs]104.978: [Tenured: 15728K->15728K(39240K), 0.0195637 secs] 15781K->15728K(42248K), 0.0201825 secs]
105.003: [GC 105.003: [DefNew: 53K->0K(3008K), 0.0005163 secs]105.003: [Tenured: 19634K->19634K(39240K), 0.0196964 secs] 19688K->19634K(42248K), 0.0203501 secs]
105.028: [Full GC 105.028: [Tenured: 23540K->23540K(39240K), 0.0198302 secs] 23540K->23540K(42248K), [Perm : 19K->19K(8192K)], 0.0199442 secs]
105.056: [Full GC 105.056: [Tenured: 23540K->11821K(39240K), 0.0403940 secs] 23594K->11821K(42248K), [Perm : 19K->19K(8192K)], 0.0405135 secs]
105.096: [GC 105.097: [DefNew: 53K->0K(3008K), 0.0004087 secs]105.097: [Tenured: 11821K->11821K(39240K), 0.0190725 secs] 11875K->11821K(42248K), 0.0196050 secs]
105.121: [GC 105.121: [DefNew: 53K->0K(3008K), 0.0004783 secs]105.122: [Tenured: 15728K->15728K(39240K), 0.0196684 secs] 15781K->15728K(42248K), 0.0204325 secs]
105.146: [GC 105.147: [DefNew: 53K->0K(3008K), 0.0005171 secs]105.147: [Tenured: 19634K->19634K(39240K), 0.0199347 secs] 19688K->19634K(42248K), 0.0205895 secs]
105.172: [Full GC 105.172: [Tenured: 23540K->23540K(39240K), 0.0201500 secs] 23540K->23540K(42248K), [Perm : 19K->19K(8192K)], 0.0202629 secs]
105.196: [Full GC 105.197: [Tenured: 23540K->11821K(39240K), 0.0403917 secs] 23594K->11821K(42248K), [Perm : 19K->19K(8192K)], 0.0405099 secs]
105.237: [GC 105.237: [DefNew: 53K->0K(3008K), 0.0004082 secs]105.238: [Tenured: 11821K->11821K(39240K), 0.0189194 secs] 11875K->11821K(42248K), 0.0194486 secs]
105.262: [GC 105.262: [DefNew: 53K->0K(3008K), 0.0004663 secs]105.262: [Tenured: 15728K->15728K(39240K), 0.0190410 secs] 15781K->15728K(42248K), 0.0196377 secs]
105.286: [GC 105.286: [DefNew: 53K->0K(3008K), 0.0005059 secs]105.287: [Tenured: 19634K->19634K(39240K), 0.0192904 secs] 19688K->19634K(42248K), 0.0199310 secs]
105.311: [Full GC 105.311: [Tenured: 23540K->23540K(39240K), 0.0195614 secs] 23540K->23540K(42248K), [Perm : 19K->19K(8192K)], 0.0196735 secs]
105.334: [Full GC 105.334: [Tenured: 23540K->11821K(39240K), 0.0401895 secs] 23594K->11821K(42248K), [Perm : 19K->19K(8192K)], 0.0403060 secs]
105.374: [GC 105.374: [DefNew: 53K->0K(3008K), 0.0004031 secs]105.375: [Tenured: 11821K->11821K(39240K), 0.0191410 secs] 11875K->11821K(42248K), 0.0196701 secs]
105.399: [GC 105.399: [DefNew: 53K->0K(3008K), 0.0004774 secs]105.400: [Tenured: 15728K->15728K(39240K), 0.0196444 secs] 15781K->15728K(42248K), 0.0202610 secs]
105.424: [GC 105.424: [DefNew: 53K->0K(3008K), 0.0005179 secs]105.425: [Tenured: 19634K->19634K(39240K), 0.0194617 secs] 19688K->19634K(42248K), 0.0201176 secs]
105.450: [Full GC 105.450: [Tenured: 23540K->23540K(39240K), 0.0196790 secs] 23540K->23540K(42248K), [Perm : 19K->19K(8192K)], 0.0198992 secs]
105.473: [Full GC 105.473: [Tenured: 23540K->11821K(39240K), 0.0403697 secs] 23594K->11821K(42248K), [Perm : 19K->19K(8192K)], 0.0404906 secs]
105.514: [GC 105.514: [DefNew: 53K->0K(3008K), 0.0004115 secs]105.515: [Tenured: 11821K->11821K(39240K), 0.0189214 secs] 11875K->11821K(42248K), 0.0194505 secs]
105.538: [GC 105.538: [DefNew: 53K->0K(3008K), 0.0004621 secs]105.539: [Tenured: 15728K->15728K(39240K), 0.0191245 secs] 15781K->15728K(42248K), 0.0197154 secs]
105.563: [GC 105.563: [DefNew: 53K->0K(3008K), 0.0005070 secs]105.563: [Tenured: 19634K->19634K(39240K), 0.0191301 secs] 19688K->19634K(42248K), 0.0197651 secs]
105.587: [Full GC 105.587: [Tenured: 23540K->23540K(39240K), 0.0193027 secs] 23540K->23540K(42248K), [Perm : 19K->19K(8192K)], 0.0194095 secs]
105.614: [Full GC 105.614: [Tenured: 23540K->11821K(39240K), 0.0398386 secs] 23594K->11821K(42248K), [Perm : 19K->19K(8192K)], 0.0399551 secs]
105.657: [GC 105.657: [DefNew: 53K->0K(3008K), 0.0004224 secs]105.657: [Tenured: 11821K->11821K(39240K), 0.0189208 secs] 11875K->11821K(42248K), 0.0194670 secs]
105.681: [GC 105.681: [DefNew: 53K->0K(3008K), 0.0004917 secs]105.682: [Tenured: 15727K->15727K(39240K), 0.0190399 secs] 15781K->15727K(42248K), 0.0196572 secs]
105.706: [GC 105.706: [DefNew: 53K->0K(3008K), 0.0005635 secs]105.706: [Tenured: 19634K->19634K(39240K), 0.0191209 secs] 19687K->19634K(42248K), 0.0198148 secs]
105.731: [Full GC 105.731: [Tenured: 23540K->23540K(39240K), 0.0197394 secs] 23540K->23540K(42248K), [Perm : 19K->19K(8192K)], 0.0198517 secs]
105.753: [Full GC 105.753: [Tenured: 23540K->11821K(39240K), 0.0401749 secs] 23594K->11821K(42248K), [Perm : 19K->19K(8192K)], 0.0402920 secs]
105.794: [GC 105.794: [DefNew: 53K->0K(3008K), 0.0004093 secs]105.794: [Tenured: 11821K->11821K(39240K), 0.0192435 secs] 11875K->11821K(42248K), 0.0197774 secs]
105.818: [GC 105.818: [DefNew: 53K->0K(3008K), 0.0004772 secs]105.819: [Tenured: 15728K->15728K(39240K), 0.0193460 secs] 15781K->15728K(42248K), 0.0199578 secs]
105.843: [GC 105.843: [DefNew: 53K->0K(3008K), 0.0005157 secs]105.844: [Tenured: 19634K->19634K(39240K), 0.0196103 secs] 19688K->19634K(42248K), 0.0202612 secs]
105.870: [Full GC 105.870: [Tenured: 23540K->23540K(39240K), 0.0193754 secs] 23540K->23540K(42248K), [Perm : 19K->19K(8192K)], 0.0194871 secs]
105.891: [Full GC 105.891: [Tenured: 23540K->11821K(39240K), 0.0403451 secs] 23594K->11821K(42248K), [Perm : 19K->19K(8192K)], 0.0404618 secs]
105.932: [GC 105.932: [DefNew: 53K->0K(3008K), 0.0004112 secs]105.933: [Tenured: 11821K->11821K(39240K), 0.0189306 secs] 11875K->11821K(42248K), 0.0194600 secs]
105.957: [GC 105.957: [DefNew: 53K->0K(3008K), 0.0004777 secs]105.957: [Tenured: 15728K->15728K(39240K), 0.0190371 secs] 15781K->15728K(42248K), 0.0196472 secs]
105.981: [GC 105.981: [DefNew: 53K->0K(3008K), 0.0005076 secs]105.982: [Tenured: 19634K->19634K(39240K), 0.0191259 secs] 19688K->19634K(42248K), 0.0197617 secs]
106.008: [Full GC 106.008: [Tenured: 23540K->23540K(39240K), 0.0349841 secs] 23540K->23540K(42248K), [Perm : 19K->19K(8192K)], 0.0351098 secs]
106.046: [Full GC 106.046: [Tenured: 23540K->11821K(39240K), 0.0399601 secs] 23594K->11821K(42248K), [Perm : 19K->19K(8192K)], 0.0400721 secs]
106.086: [GC 106.086: [DefNew: 53K->0K(3008K), 0.0004006 secs]106.086: [Tenured: 11821K->11821K(39240K), 0.0189390 secs] 11875K->11821K(42248K), 0.0194567 secs]
106.110: [GC 106.110: [DefNew: 53K->0K(3008K), 0.0004654 secs]106.111: [Tenured: 15728K->15728K(39240K), 0.0191949 secs] 15781K->15728K(42248K), 0.0197899 secs]
106.135: [GC 106.135: [DefNew: 53K->0K(3008K), 0.0005098 secs]106.135: [Tenured: 19634K->19634K(39240K), 0.0191446 secs] 19688K->19634K(42248K), 0.0197835 secs]
106.159: [Full GC 106.159: [Tenured: 23540K->23540K(39240K), 0.0192097 secs] 23540K->23540K(42248K), [Perm : 19K->19K(8192K)], 0.0193139 secs]
106.185: [Full GC 106.185: [Tenured: 23540K->11821K(39240K), 0.0396458 secs] 23594K->11821K(42248K), [Perm : 19K->19K(8192K)], 0.0397573 secs]
106.226: [GC 106.226: [DefNew: 53K->0K(3008K), 0.0004014 secs]106.226: [Tenured: 11821K->11821K(39240K), 0.0190927 secs] 11875K->11821K(42248K), 0.0196153 secs]
106.250: [GC 106.250: [DefNew: 53K->0K(3008K), 0.0004696 secs]106.250: [Tenured: 15728K->15728K(39240K), 0.0190535 secs] 15781K->15728K(42248K), 0.0196531 secs]
106.274: [GC 106.274: [DefNew: 53K->0K(3008K), 0.0005115 secs]106.275: [Tenured: 19634K->19634K(39240K), 0.0191362 secs] 19688K->19634K(42248K), 0.0197768 secs]
106.299: [Full GC 106.299: [Tenured: 23540K->23540K(39240K), 0.0191988 secs] 23540K->23540K(42248K), [Perm : 19K->19K(8192K)], 0.0193022 secs]
106.322: [Full GC 106.323: [Tenured: 23540K->11821K(39240K), 0.0398593 secs] 23594K->11821K(42248K), [Perm : 19K->19K(8192K)], 0.0399732 secs]
106.363: [GC 106.363: [DefNew: 53K->0K(3008K), 0.0004006 secs]106.363: [Tenured: 11821K->11821K(39240K), 0.0189236 secs] 11875K->11821K(42248K), 0.0194444 secs]
106.387: [GC 106.387: [DefNew: 53K->0K(3008K), 0.0004718 secs]106.388: [Tenured: 15727K->15727K(39240K), 0.0190365 secs] 15781K->15727K(42248K), 0.0196363 secs]
106.412: [GC 106.412: [DefNew: 53K->0K(3008K), 0.0005487 secs]106.412: [Tenured: 19634K->19634K(39240K), 0.0192999 secs] 19687K->19634K(42248K), 0.0199780 secs]
106.436: [Full GC 106.437: [Tenured: 23540K->23540K(39240K), 0.0193377 secs] 23540K->23540K(42248K), [Perm : 19K->19K(8192K)], 0.0194441 secs]
106.458: [Full GC 106.458: [Tenured: 23540K->11821K(39240K), 0.0396475 secs] 23594K->11821K(42248K), [Perm : 19K->19K(8192K)], 0.0397612 secs]
106.498: [GC 106.498: [DefNew: 53K->0K(3008K), 0.0004012 secs]106.499: [Tenured: 11821K->11821K(39240K), 0.0189130 secs] 11875K->11821K(42248K), 0.0194312 secs]
106.522: [GC 106.522: [DefNew: 53K->0K(3008K), 0.0004635 secs]106.523: [Tenured: 15728K->15728K(39240K), 0.0192050 secs] 15781K->15728K(42248K), 0.0197955 secs]
106.547: [GC 106.547: [DefNew: 53K->0K(3008K), 0.0005093 secs]106.547: [Tenured: 19634K->19634K(39240K), 0.0191496 secs] 19688K->19634K(42248K), 0.0198067 secs]
106.573: [Full GC 106.573: [Tenured: 23540K->23540K(39240K), 0.0338493 secs] 23540K->23540K(42248K), [Perm : 19K->19K(8192K)], 0.0339672 secs]
106.612: [Full GC 106.612: [Tenured: 23540K->11821K(39240K), 0.0401716 secs] 23594K->11821K(42248K), [Perm : 19K->19K(8192K)], 0.0402872 secs]
106.652: [GC 106.653: [DefNew: 53K->0K(3008K), 0.0004028 secs]106.653: [Tenured: 11821K->11821K(39240K), 0.0189259 secs] 11875K->11821K(42248K), 0.0194472 secs]
106.677: [GC 106.677: [DefNew: 53K->0K(3008K), 0.0004643 secs]106.677: [Tenured: 15728K->15728K(39240K), 0.0190410 secs] 15781K->15728K(42248K), 0.0196318 secs]
106.701: [GC 106.701: [DefNew: 53K->0K(3008K), 0.0005065 secs]106.702: [Tenured: 19634K->19634K(39240K), 0.0191373 secs] 19688K->19634K(42248K), 0.0197726 secs]
106.728: [Full GC 106.728: [Tenured: 23540K->23540K(39240K), 0.0193854 secs] 23540K->23540K(42248K), [Perm : 19K->19K(8192K)], 0.0194952 secs]
106.750: [Full GC 106.750: [Tenured: 23540K->11821K(39240K), 0.0396659 secs] 23594K->11821K(42248K), [Perm : 19K->19K(8192K)], 0.0397757 secs]
106.790: [GC 106.790: [DefNew: 53K->0K(3008K), 0.0003998 secs]106.790: [Tenured: 11821K->11821K(39240K), 0.0189446 secs] 11875K->11821K(42248K), 0.0194631 secs]
106.814: [GC 106.814: [DefNew: 53K->0K(3008K), 0.0004685 secs]106.814: [Tenured: 15728K->15728K(39240K), 0.0190471 secs] 15781K->15728K(42248K), 0.0196466 secs]
106.838: [GC 106.838: [DefNew: 53K->0K(3008K), 0.0005132 secs]106.839: [Tenured: 19634K->19634K(39240K), 0.0192748 secs] 19688K->19634K(42248K), 0.0199179 secs]
106.863: [Full GC 106.863: [Tenured: 23540K->23540K(39240K), 0.0191927 secs] 23540K->23540K(42248K), [Perm : 19K->19K(8192K)], 0.0192952 secs]
106.886: [Full GC 106.886: [Tenured: 23540K->11821K(39240K), 0.0399852 secs] 23594K->11821K(42248K), [Perm : 19K->19K(8192K)], 0.0400973 secs]
106.926: [GC 106.926: [DefNew: 53K->0K(3008K), 0.0004001 secs]106.927: [Tenured: 11821K->11821K(39240K), 0.0189326 secs] 11875K->11821K(42248K), 0.0194533 secs]
106.951: [GC 106.951: [DefNew: 53K->0K(3008K), 0.0004797 secs]106.952: [Tenured: 15728K->15728K(39240K), 0.0190452 secs] 15781K->15728K(42248K), 0.0196575 secs]
106.975: [GC 106.976: [DefNew: 53K->0K(3008K), 0.0005043 secs]106.976: [Tenured: 19634K->19634K(39240K), 0.0191474 secs] 19688K->19634K(42248K), 0.0197785 secs]
107.000: [Full GC 107.000: [Tenured: 23540K->23540K(39240K), 0.0191991 secs] 23540K->23540K(42248K), [Perm : 19K->19K(8192K)], 0.0193027 secs]
107.025: [Full GC 107.025: [Tenured: 23540K->11821K(39240K), 0.0398562 secs] 23594K->11821K(42248K), [Perm : 19K->19K(8192K)], 0.0399704 secs]
107.065: [GC 107.065: [DefNew: 53K->0K(3008K), 0.0004028 secs]107.065: [Tenured: 11821K->11821K(39240K), 0.0189055 secs] 11875K->11821K(42248K), 0.0194276 secs]
107.089: [GC 107.089: [DefNew: 53K->0K(3008K), 0.0004679 secs]107.090: [Tenured: 15728K->15728K(39240K), 0.0190474 secs] 15781K->15728K(42248K), 0.0196441 secs]
107.114: [GC 107.114: [DefNew: 53K->0K(3008K), 0.0005057 secs]107.114: [Tenured: 19634K->19634K(39240K), 0.0191172 secs] 19688K->19634K(42248K), 0.0197503 secs]
107.138: [Full GC 107.138: [Tenured: 23540K->23540K(39240K), 0.0196243 secs] 23540K->23540K(42248K), [Perm : 19K->19K(8192K)], 0.0197293 secs]
107.162: [Full GC 107.163: [Tenured: 23540K->11821K(39240K), 0.0400274 secs] 23594K->11821K(42248K), [Perm : 19K->19K(8192K)], 0.0401403 secs]
107.203: [GC 107.203: [DefNew: 53K->0K(3008K), 0.0004001 secs]107.203: [Tenured: 11821K->11821K(39240K), 0.0189192 secs] 11875K->11821K(42248K), 0.0194377 secs]
107.227: [GC 107.227: [DefNew: 53K->0K(3008K), 0.0004668 secs]107.228: [Tenured: 15728K->15728K(39240K), 0.0190600 secs] 15781K->15728K(42248K), 0.0196542 secs]
107.251: [GC 107.252: [DefNew: 53K->0K(3008K), 0.0005059 secs]107.252: [Tenured: 19634K->19634K(39240K), 0.0192698 secs] 19688K->19634K(42248K), 0.0199042 secs]
107.276: [Full GC 107.276: [Tenured: 23540K->23540K(39240K), 0.0191971 secs] 23540K->23540K(42248K), [Perm : 19K->19K(8192K)], 0.0193002 secs]
107.304: [Full GC 107.304: [Tenured: 23540K->11821K(39240K), 0.0400400 secs] 23594K->11821K(42248K), [Perm : 19K->19K(8192K)], 0.0401537 secs]
107.345: [GC 107.345: [DefNew: 53K->0K(3008K), 0.0004009 secs]107.345: [Tenured: 11821K->11821K(39240K), 0.0190804 secs] 11875K->11821K(42248K), 0.0196017 secs]
107.369: [GC 107.369: [DefNew: 53K->0K(3008K), 0.0004657 secs]107.370: [Tenured: 15728K->15728K(39240K), 0.0190298 secs] 15781K->15728K(42248K), 0.0196212 secs]
107.394: [GC 107.394: [DefNew: 53K->0K(3008K), 0.0005037 secs]107.394: [Tenured: 19634K->19634K(39240K), 0.0191136 secs] 19688K->19634K(42248K), 0.0197439 secs]
107.418: [Full GC 107.418: [Tenured: 23540K->23540K(39240K), 0.0195338 secs] 23540K->23540K(42248K), [Perm : 19K->19K(8192K)], 0.0196405 secs]
107.446: [Full GC 107.446: [Tenured: 23540K->11821K(39240K), 0.0398238 secs] 23594K->11821K(42248K), [Perm : 19K->19K(8192K)], 0.0399375 secs]
107.486: [GC 107.486: [DefNew: 53K->0K(3008K), 0.0004006 secs]107.487: [Tenured: 11821K->11821K(39240K), 0.0189641 secs] 11875K->11821K(42248K), 0.0194849 secs]
107.510: [GC 107.510: [DefNew: 53K->0K(3008K), 0.0004671 secs]107.511: [Tenured: 15728K->15728K(39240K), 0.0190368 secs] 15781K->15728K(42248K), 0.0196321 secs]
107.535: [GC 107.535: [DefNew: 53K->0K(3008K), 0.0005045 secs]107.535: [Tenured: 19634K->19634K(39240K), 0.0191125 secs] 19688K->19634K(42248K), 0.0197439 secs]
107.563: [Full GC 107.563: [Tenured: 23540K->23540K(39240K), 0.0192326 secs] 23540K->23540K(42248K), [Perm : 19K->19K(8192K)], 0.0193407 secs]
107.584: [Full GC 107.584: [Tenured: 23540K->11821K(39240K), 0.0397497 secs] 23594K->11821K(42248K), [Perm : 19K->19K(8192K)], 0.0398632 secs]
107.624: [GC 107.624: [DefNew: 53K->0K(3008K), 0.0004009 secs]107.625: [Tenured: 11821K->11821K(39240K), 0.0190315 secs] 11875K->11821K(42248K), 0.0195533 secs]
107.649: [GC 107.649: [DefNew: 53K->0K(3008K), 0.0004657 secs]107.649: [Tenured: 15728K->15728K(39240K), 0.0192139 secs] 15781K->15728K(42248K), 0.0198075 secs]
107.673: [GC 107.673: [DefNew: 53K->0K(3008K), 0.0005062 secs]107.674: [Tenured: 19634K->19634K(39240K), 0.0191108 secs] 19688K->19634K(42248K), 0.0197433 secs]
107.698: [Full GC 107.698: [Tenured: 23540K->23540K(39240K), 0.0191969 secs] 23540K->23540K(42248K), [Perm : 19K->19K(8192K)], 0.0193008 secs]
107.721: [Full GC 107.721: [Tenured: 23540K->11821K(39240K), 0.0400202 secs] 23594K->11821K(42248K), [Perm : 19K->19K(8192K)], 0.0401319 secs]
107.761: [GC 107.761: [DefNew: 53K->0K(3008K), 0.0004001 secs]107.762: [Tenured: 11821K->11821K(39240K), 0.0190776 secs] 11875K->11821K(42248K), 0.0195972 secs]
107.786: [GC 107.786: [DefNew: 53K->0K(3008K), 0.0004649 secs]107.786: [Tenured: 15728K->15728K(39240K), 0.0190317 secs] 15781K->15728K(42248K), 0.0196212 secs]
107.810: [GC 107.810: [DefNew: 53K->0K(3008K), 0.0005076 secs]107.811: [Tenured: 19634K->19634K(39240K), 0.0191178 secs] 19688K->19634K(42248K), 0.0197525 secs]
107.835: [Full GC 107.835: [Tenured: 23540K->23540K(39240K), 0.0192153 secs] 23540K->23540K(42248K), [Perm : 19K->19K(8192K)], 0.0193198 secs]
107.859: [Full GC 107.859: [Tenured: 23540K->11821K(39240K), 0.0399981 secs] 23594K->11821K(42248K), [Perm : 19K->19K(8192K)], 0.0401104 secs]
107.899: [GC 107.899: [DefNew: 53K->0K(3008K), 0.0004003 secs]107.900: [Tenured: 11821K->11821K(39240K), 0.0189465 secs] 11875K->11821K(42248K), 0.0194662 secs]
107.923: [GC 107.923: [DefNew: 53K->0K(3008K), 0.0004646 secs]107.924: [Tenured: 15728K->15728K(39240K), 0.0190443 secs] 15781K->15728K(42248K), 0.0196360 secs]
107.948: [GC 107.948: [DefNew: 53K->0K(3008K), 0.0005149 secs]107.949: [Tenured: 19634K->19634K(39240K), 0.0191265 secs] 19688K->19634K(42248K), 0.0197723 secs]
107.973: [Full GC 107.973: [Tenured: 23540K->23540K(39240K), 0.0192228 secs] 23540K->23540K(42248K), [Perm : 19K->19K(8192K)], 0.0193301 secs]
107.995: [Full GC 107.995: [Tenured: 23540K->11821K(39240K), 0.0399875 secs] 23594K->11821K(42248K), [Perm : 19K->19K(8192K)], 0.0401034 secs]
108.036: [GC 108.036: [DefNew: 53K->0K(3008K), 0.0004023 secs]108.036: [Tenured: 11821K->11821K(39240K), 0.0215290 secs] 11875K->11821K(42248K), 0.0220710 secs]
108.062: [GC 108.062: [DefNew: 53K->0K(3008K), 0.0004668 secs]108.063: [Tenured: 15728K->15728K(39240K), 0.0192424 secs] 15781K->15728K(42248K), 0.0198402 secs]
108.087: [GC 108.087: [DefNew: 53K->0K(3008K), 0.0005383 secs]108.088: [Tenured: 19634K->19634K(39240K), 0.0213737 secs] 19688K->19634K(42248K), 0.0220450 secs]
108.114: [Full GC 108.114: [Tenured: 23540K->23540K(39240K), 0.0192625 secs] 23540K->23540K(42248K), [Perm : 19K->19K(8192K)], 0.0193715 secs]
108.137: [Full GC 108.137: [Tenured: 23540K->11821K(39240K), 0.0427448 secs] 23594K->11821K(42248K), [Perm : 19K->19K(8192K)], 0.0428644 secs]
108.180: [GC 108.180: [DefNew: 53K->0K(3008K), 0.0004112 secs]108.181: [Tenured: 11821K->11821K(39240K), 0.0197570 secs] 11875K->11821K(42248K), 0.0202948 secs]
108.207: [GC 108.207: [DefNew: 53K->0K(3008K), 0.0004727 secs]108.207: [Tenured: 15727K->15727K(39240K), 0.0193463 secs] 15781K->15727K(42248K), 0.0199542 secs]
108.234: [GC 108.234: [DefNew: 53K->0K(3008K), 0.0005652 secs]108.235: [Tenured: 19634K->19634K(39240K), 0.0198039 secs] 19687K->19634K(42248K), 0.0205057 secs]
108.260: [Full GC 108.260: [Tenured: 23540K->23540K(39240K), 0.0200397 secs] 23540K->23540K(42248K), [Perm : 19K->19K(8192K)], 0.0201545 secs]
108.282: [Full GC 108.282: [Tenured: 23540K->11821K(39240K), 0.0422434 secs] 23594K->11821K(42248K), [Perm : 19K->19K(8192K)], 0.0423590 secs]
108.325: [GC 108.325: [DefNew: 53K->0K(3008K), 0.0004037 secs]108.325: [Tenured: 11821K->11821K(39240K), 0.0190876 secs] 11875K->11821K(42248K), 0.0196120 secs]
108.351: [GC 108.351: [DefNew: 53K->0K(3008K), 0.0004825 secs]108.351: [Tenured: 15728K->15728K(39240K), 0.0219679 secs] 15781K->15728K(42248K), 0.0225861 secs]
108.378: [GC 108.378: [DefNew: 53K->0K(3008K), 0.0005082 secs]108.379: [Tenured: 19634K->19634K(39240K), 0.0296244 secs] 19688K->19634K(42248K), 0.0302790 secs]
108.414: [Full GC 108.414: [Tenured: 23540K->23540K(39240K), 0.0222148 secs] 23540K->23540K(42248K), [Perm : 19K->19K(8192K)], 0.0223285 secs]
108.439: [Full GC 108.439: [Tenured: 23540K->11821K(39240K), 0.0423224 secs] 23594K->11821K(42248K), [Perm : 19K->19K(8192K)], 0.0424395 secs]
108.482: [GC 108.482: [DefNew: 53K->0K(3008K), 0.0004034 secs]108.483: [Tenured: 11821K->11821K(39240K), 0.0191231 secs] 11875K->11821K(42248K), 0.0196517 secs]
108.506: [GC 108.507: [DefNew: 53K->0K(3008K), 0.0004744 secs]108.507: [Tenured: 15728K->15728K(39240K), 0.0192480 secs] 15781K->15728K(42248K), 0.0198550 secs]
108.531: [GC 108.531: [DefNew: 53K->0K(3008K), 0.0005121 secs]108.532: [Tenured: 19634K->19634K(39240K), 0.0213955 secs] 19688K->19634K(42248K), 0.0220405 secs]
108.558: [Full GC 108.558: [Tenured: 23540K->23540K(39240K), 0.0196533 secs] 23540K->23540K(42248K), [Perm : 19K->19K(8192K)], 0.0197631 secs]
108.590: [Full GC 108.590: [Tenured: 23540K->11821K(39240K), 0.0420604 secs] 23594K->11821K(42248K), [Perm : 19K->19K(8192K)], 0.0421777 secs]
108.633: [GC 108.633: [DefNew: 53K->0K(3008K), 0.0004042 secs]108.633: [Tenured: 11821K->11821K(39240K), 0.0193583 secs] 11875K->11821K(42248K), 0.0198869 secs]
108.657: [GC 108.657: [DefNew: 53K->0K(3008K), 0.0004724 secs]108.658: [Tenured: 15728K->15728K(39240K), 0.0212820 secs] 15781K->15728K(42248K), 0.0218883 secs]
108.684: [GC 108.684: [DefNew: 53K->0K(3008K), 0.0005104 secs]108.685: [Tenured: 19634K->19634K(39240K), 0.0192653 secs] 19688K->19634K(42248K), 0.0199045 secs]
108.709: [Full GC 108.709: [Tenured: 23540K->23540K(39240K), 0.0193723 secs] 23540K->23540K(42248K), [Perm : 19K->19K(8192K)], 0.0194818 secs]
108.745: [Full GC 108.745: [Tenured: 23540K->11821K(39240K), 0.0396989 secs] 23594K->11821K(42248K), [Perm : 19K->19K(8192K)], 0.0398115 secs]
108.785: [GC 108.785: [DefNew: 53K->0K(3008K), 0.0004026 secs]108.785: [Tenured: 11821K->11821K(39240K), 0.0190764 secs] 11875K->11821K(42248K), 0.0195994 secs]
108.809: [GC 108.809: [DefNew: 53K->0K(3008K), 0.0004718 secs]108.810: [Tenured: 15728K->15728K(39240K), 0.0190396 secs] 15781K->15728K(42248K), 0.0196394 secs]
108.834: [GC 108.834: [DefNew: 53K->0K(3008K), 0.0005093 secs]108.834: [Tenured: 19634K->19634K(39240K), 0.0191128 secs] 19688K->19634K(42248K), 0.0197740 secs]
108.858: [Full GC 108.858: [Tenured: 23540K->23540K(39240K), 0.0192052 secs] 23540K->23540K(42248K), [Perm : 19K->19K(8192K)], 0.0193097 secs]
109.036: [Full GC 109.036: [Tenured: 23540K->11821K(39240K), 0.0397400 secs] 23594K->11821K(42248K), [Perm : 19K->19K(8192K)], 0.0398542 secs]
109.076: [GC 109.076: [DefNew: 53K->0K(3008K), 0.0004017 secs]109.077: [Tenured: 11821K->11821K(39240K), 0.0189287 secs] 11875K->11821K(42248K), 0.0194488 secs]
109.100: [GC 109.100: [DefNew: 53K->0K(3008K), 0.0004693 secs]109.101: [Tenured: 15728K->15728K(39240K), 0.0190762 secs] 15781K->15728K(42248K), 0.0196762 secs]
109.125: [GC 109.125: [DefNew: 53K->0K(3008K), 0.0005132 secs]109.126: [Tenured: 19634K->19634K(39240K), 0.0191158 secs] 19688K->19634K(42248K), 0.0197575 secs]
109.149: [Full GC 109.149: [Tenured: 23540K->23540K(39240K), 0.0196156 secs] 23540K->23540K(42248K), [Perm : 19K->19K(8192K)], 0.0197229 secs]
109.186: [Full GC 109.186: [Tenured: 23540K->11821K(39240K), 0.0401219 secs] 23594K->11821K(42248K), [Perm : 19K->19K(8192K)], 0.0402372 secs]
109.227: [GC 109.227: [DefNew: 53K->0K(3008K), 0.0004028 secs]109.227: [Tenured: 11821K->11821K(39240K), 0.0189625 secs] 11875K->11821K(42248K), 0.0194863 secs]
109.252: [GC 109.252: [DefNew: 53K->0K(3008K), 0.0004783 secs]109.253: [Tenured: 15727K->15727K(39240K), 0.0190345 secs] 15781K->15727K(42248K), 0.0196430 secs]
109.277: [GC 109.277: [DefNew: 53K->0K(3008K), 0.0005660 secs]109.278: [Tenured: 19634K->19634K(39240K), 0.0191399 secs] 19687K->19634K(42248K), 0.0198358 secs]
109.301: [Full GC 109.302: [Tenured: 23540K->23540K(39240K), 0.0193329 secs] 23540K->23540K(42248K), [Perm : 19K->19K(8192K)], 0.0194368 secs]
109.323: [Full GC 109.323: [Tenured: 23540K->11821K(39240K), 0.0399313 secs] 23594K->11821K(42248K), [Perm : 19K->19K(8192K)], 0.0400442 secs]
109.364: [GC 109.364: [DefNew: 53K->0K(3008K), 0.0004565 secs]109.364: [Tenured: 11821K->11821K(39240K), 0.0189155 secs] 11875K->11821K(42248K), 0.0194949 secs]
109.388: [GC 109.388: [DefNew: 53K->0K(3008K), 0.0004760 secs]109.389: [Tenured: 15728K->15728K(39240K), 0.0192080 secs] 15781K->15728K(42248K), 0.0198179 secs]
109.413: [GC 109.413: [DefNew: 53K->0K(3008K), 0.0005112 secs]109.413: [Tenured: 19634K->19634K(39240K), 0.0193159 secs] 19688K->19634K(42248K), 0.0199578 secs]
109.438: [Full GC 109.438: [Tenured: 23540K->23540K(39240K), 0.0209024 secs] 23540K->23540K(42248K), [Perm : 19K->19K(8192K)], 0.0210088 secs]
109.461: [Full GC 109.461: [Tenured: 23540K->11821K(39240K), 0.0397447 secs] 23594K->11821K(42248K), [Perm : 19K->19K(8192K)], 0.0398604 secs]
109.501: [GC 109.501: [DefNew: 53K->0K(3008K), 0.0004017 secs]109.502: [Tenured: 11821K->11821K(39240K), 0.0190806 secs] 11875K->11821K(42248K), 0.0196019 secs]
109.526: [GC 109.526: [DefNew: 53K->0K(3008K), 0.0004677 secs]109.527: [Tenured: 15728K->15728K(39240K), 0.0190329 secs] 15781K->15728K(42248K), 0.0196274 secs]
109.550: [GC 109.551: [DefNew: 53K->0K(3008K), 0.0005045 secs]109.551: [Tenured: 19634K->19634K(39240K), 0.0191435 secs] 19688K->19634K(42248K), 0.0197771 secs]
109.575: [Full GC 109.575: [Tenured: 23540K->23540K(39240K), 0.0192089 secs] 23540K->23540K(42248K), [Perm : 19K->19K(8192K)], 0.0193164 secs]
109.597: [Full GC 109.597: [Tenured: 23540K->11821K(39240K), 0.0401149 secs] 23594K->11821K(42248K), [Perm : 19K->19K(8192K)], 0.0402291 secs]
109.637: [GC 109.637: [DefNew: 53K->0K(3008K), 0.0004006 secs]109.638: [Tenured: 11821K->11821K(39240K), 0.0189239 secs] 11875K->11821K(42248K), 0.0194416 secs]
109.663: [GC 109.663: [DefNew: 53K->0K(3008K), 0.0004813 secs]109.663: [Tenured: 15728K->15728K(39240K), 0.0191209 secs] 15781K->15728K(42248K), 0.0197360 secs]
109.688: [GC 109.688: [DefNew: 53K->0K(3008K), 0.0005188 secs]109.688: [Tenured: 19634K->19634K(39240K), 0.0289330 secs] 19688K->19634K(42248K), 0.0295945 secs]
109.722: [Full GC 109.722: [Tenured: 23540K->23540K(39240K), 0.0192069 secs] 23540K->23540K(42248K), [Perm : 19K->19K(8192K)], 0.0193290 secs]
109.748: [Full GC 109.748: [Tenured: 23540K->11821K(39240K), 0.0396062 secs] 23594K->11821K(42248K), [Perm : 19K->19K(8192K)], 0.0397176 secs]
109.788: [GC 109.788: [DefNew: 53K->0K(3008K), 0.0004001 secs]109.788: [Tenured: 11821K->11821K(39240K), 0.0189418 secs] 11875K->11821K(42248K), 0.0194597 secs]
109.812: [GC 109.812: [DefNew: 53K->0K(3008K), 0.0004671 secs]109.812: [Tenured: 15728K->15728K(39240K), 0.0191820 secs] 15781K->15728K(42248K), 0.0197779 secs]
109.836: [GC 109.836: [DefNew: 53K->0K(3008K), 0.0005059 secs]109.837: [Tenured: 19634K->19634K(39240K), 0.0191751 secs] 19688K->19634K(42248K), 0.0198092 secs]
109.861: [Full GC 109.861: [Tenured: 23540K->23540K(39240K), 0.0192105 secs] 23540K->23540K(42248K), [Perm : 19K->19K(8192K)], 0.0193178 secs]
109.886: [Full GC 109.886: [Tenured: 23540K->11821K(39240K), 0.0401459 secs] 23594K->11821K(42248K), [Perm : 19K->19K(8192K)], 0.0402599 secs]
109.927: [GC 109.927: [DefNew: 53K->0K(3008K), 0.0004028 secs]109.927: [Tenured: 11821K->11821K(39240K), 0.0189301 secs] 11875K->11821K(42248K), 0.0194514 secs]
109.951: [GC 109.951: [DefNew: 53K->0K(3008K), 0.0004791 secs]109.952: [Tenured: 15728K->15728K(39240K), 0.0190477 secs] 15781K->15728K(42248K), 0.0196606 secs]
109.976: [GC 109.976: [DefNew: 53K->0K(3008K), 0.0005126 secs]109.976: [Tenured: 19634K->19634K(39240K), 0.0191399 secs] 19688K->19634K(42248K), 0.0197821 secs]
110.000: [Full GC 110.000: [Tenured: 23540K->23540K(39240K), 0.0192069 secs] 23540K->23540K(42248K), [Perm : 19K->19K(8192K)], 0.0193111 secs]
110.024: [Full GC 110.024: [Tenured: 23540K->11821K(39240K), 0.0396880 secs] 23594K->11821K(42248K), [Perm : 19K->19K(8192K)], 0.0398011 secs]
110.064: [GC 110.064: [DefNew: 53K->0K(3008K), 0.0004006 secs]110.064: [Tenured: 11821K->11821K(39240K), 0.0189415 secs] 11875K->11821K(42248K), 0.0194609 secs]
110.088: [GC 110.088: [DefNew: 53K->0K(3008K), 0.0004713 secs]110.089: [Tenured: 15728K->15728K(39240K), 0.0190306 secs] 15781K->15728K(42248K), 0.0196285 secs]
110.112: [GC 110.112: [DefNew: 53K->0K(3008K), 0.0005043 secs]110.113: [Tenured: 19634K->19634K(39240K), 0.0192667 secs] 19688K->19634K(42248K), 0.0198997 secs]
110.137: [Full GC 110.137: [Tenured: 23540K->23540K(39240K), 0.0191983 secs] 23540K->23540K(42248K), [Perm : 19K->19K(8192K)], 0.0193022 secs]
110.159: [Full GC 110.159: [Tenured: 23540K->11821K(39240K), 0.0400766 secs] 23594K->11821K(42248K), [Perm : 19K->19K(8192K)], 0.0401900 secs]
110.200: [GC 110.200: [DefNew: 53K->0K(3008K), 0.0004026 secs]110.200: [Tenured: 11821K->11821K(39240K), 0.0189259 secs] 11875K->11821K(42248K), 0.0194463 secs]
110.224: [GC 110.224: [DefNew: 53K->0K(3008K), 0.0004657 secs]110.225: [Tenured: 15728K->15728K(39240K), 0.0190292 secs] 15781K->15728K(42248K), 0.0196223 secs]
110.249: [GC 110.249: [DefNew: 53K->0K(3008K), 0.0005051 secs]110.249: [Tenured: 19634K->19634K(39240K), 0.0191144 secs] 19688K->19634K(42248K), 0.0197458 secs]
110.273: [Full GC 110.273: [Tenured: 23540K->23540K(39240K), 0.0195519 secs] 23540K->23540K(42248K), [Perm : 19K->19K(8192K)], 0.0196575 secs]
110.301: [Full GC 110.301: [Tenured: 23540K->11821K(39240K), 0.0401777 secs] 23594K->11821K(42248K), [Perm : 19K->19K(8192K)], 0.0402990 secs]
110.344: [GC 110.344: [DefNew: 53K->0K(3008K), 0.0004258 secs]110.345: [Tenured: 11821K->11821K(39240K), 0.0189977 secs] 11875K->11821K(42248K), 0.0195516 secs]
110.384: [GC 110.384: [DefNew: 53K->0K(3008K), 0.0004805 secs]110.384: [Tenured: 15727K->15727K(39240K), 0.0192659 secs] 15781K->15727K(42248K), 0.0198835 secs]
110.408: [GC 110.408: [DefNew: 53K->0K(3008K), 0.0005607 secs]110.409: [Tenured: 19634K->19634K(39240K), 0.0193066 secs] 19687K->19634K(42248K), 0.0200003 secs]
110.434: [Full GC 110.434: [Tenured: 23540K->23540K(39240K), 0.0193497 secs] 23540K->23540K(42248K), [Perm : 19K->19K(8192K)], 0.0194589 secs]
110.455: [Full GC 110.455: [Tenured: 23540K->11821K(39240K), 0.0400087 secs] 23594K->11821K(42248K), [Perm : 19K->19K(8192K)], 0.0401199 secs]
110.495: [GC 110.495: [DefNew: 53K->0K(3008K), 0.0004042 secs]110.496: [Tenured: 11821K->11821K(39240K), 0.0189220 secs] 11875K->11821K(42248K), 0.0194441 secs]
110.519: [GC 110.519: [DefNew: 53K->0K(3008K), 0.0004635 secs]110.520: [Tenured: 15728K->15728K(39240K), 0.0190331 secs] 15781K->15728K(42248K), 0.0196226 secs]
110.571: [GC 110.571: [DefNew: 53K->0K(3008K), 0.0005233 secs]110.572: [Tenured: 19634K->19634K(39240K), 0.0192332 secs] 19688K->19634K(42248K), 0.0198902 secs]
110.596: [Full GC 110.596: [Tenured: 23540K->23540K(39240K), 0.0192661 secs] 23540K->23540K(42248K), [Perm : 19K->19K(8192K)], 0.0193765 secs]
110.617: [Full GC 110.617: [Tenured: 23540K->11821K(39240K), 0.0400054 secs] 23594K->11821K(42248K), [Perm : 19K->19K(8192K)], 0.0401101 secs]
110.657: [GC 110.657: [DefNew: 53K->0K(3008K), 0.0004042 secs]110.658: [Tenured: 11821K->11821K(39240K), 0.0189228 secs] 11875K->11821K(42248K), 0.0194469 secs]
110.682: [GC 110.682: [DefNew: 53K->0K(3008K), 0.0004705 secs]110.682: [Tenured: 15728K->15728K(39240K), 0.0190848 secs] 15781K->15728K(42248K), 0.0196857 secs]
110.706: [GC 110.706: [DefNew: 53K->0K(3008K), 0.0005146 secs]110.707: [Tenured: 19634K->19634K(39240K), 0.0192421 secs] 19688K->19634K(42248K), 0.0198866 secs]
110.732: [Full GC 110.732: [Tenured: 23540K->23540K(39240K), 0.0338211 secs] 23540K->23540K(42248K), [Perm : 19K->19K(8192K)], 0.0339381 secs]
110.767: [Full GC 110.767: [Tenured: 23540K->11821K(39240K), 0.0399973 secs] 23594K->11821K(42248K), [Perm : 19K->19K(8192K)], 0.0401093 secs]
110.808: [GC 110.808: [DefNew: 53K->0K(3008K), 0.0004028 secs]110.808: [Tenured: 11821K->11821K(39240K), 0.0189245 secs] 11875K->11821K(42248K), 0.0194449 secs]
110.832: [GC 110.832: [DefNew: 53K->0K(3008K), 0.0004621 secs]110.832: [Tenured: 15728K->15728K(39240K), 0.0190385 secs] 15781K->15728K(42248K), 0.0196282 secs]
110.857: [GC 110.857: [DefNew: 53K->0K(3008K), 0.0005213 secs]110.857: [Tenured: 19634K->19634K(39240K), 0.0191432 secs] 19688K->19634K(42248K), 0.0197953 secs]
110.882: [Full GC 110.882: [Tenured: 23540K->23540K(39240K), 0.0192276 secs] 23540K->23540K(42248K), [Perm : 19K->19K(8192K)], 0.0193335 secs]
110.902: [Full GC 110.902: [Tenured: 23540K->11821K(39240K), 0.0401861 secs] 23594K->11821K(42248K), [Perm : 19K->19K(8192K)], 0.0402942 secs]
110.942: [GC 110.943: [DefNew: 53K->0K(3008K), 0.0004042 secs]110.943: [Tenured: 11821K->11821K(39240K), 0.0189136 secs] 11875K->11821K(42248K), 0.0194363 secs]
110.967: [GC 110.967: [DefNew: 53K->0K(3008K), 0.0004760 secs]110.968: [Tenured: 15728K->15727K(39240K), 0.0237589 secs] 15781K->15727K(42248K), 0.0243757 secs]
110.997: [GC 110.997: [DefNew: 53K->0K(3008K), 0.0005607 secs]110.997: [Tenured: 19634K->19634K(39240K), 0.0191309 secs] 19687K->19634K(42248K), 0.0198204 secs]
111.021: [Full GC 111.021: [Tenured: 23540K->23540K(39240K), 0.0192002 secs] 23540K->23540K(42248K), [Perm : 19K->19K(8192K)], 0.0193019 secs]
111.042: [Full GC 111.042: [Tenured: 23540K->11821K(39240K), 0.0399319 secs] 23594K->11821K(42248K), [Perm : 19K->19K(8192K)], 0.0400378 secs]
111.082: [GC 111.082: [DefNew: 53K->0K(3008K), 0.0004006 secs]111.082: [Tenured: 11821K->11821K(39240K), 0.0189038 secs] 11875K->11821K(42248K), 0.0194217 secs]
111.106: [GC 111.107: [DefNew: 53K->0K(3008K), 0.0004813 secs]111.107: [Tenured: 15728K->15728K(39240K), 0.0190639 secs] 15781K->15728K(42248K), 0.0196762 secs]
111.131: [GC 111.131: [DefNew: 53K->0K(3008K), 0.0005096 secs]111.132: [Tenured: 19634K->19634K(39240K), 0.0193572 secs] 19688K->19634K(42248K), 0.0199970 secs]
111.156: [Full GC 111.156: [Tenured: 23540K->23540K(39240K), 0.0192089 secs] 23540K->23540K(42248K), [Perm : 19K->19K(8192K)], 0.0193150 secs]
111.176: [Full GC 111.176: [Tenured: 23540K->11821K(39240K), 0.0401783 secs] 23594K->11821K(42248K), [Perm : 19K->19K(8192K)], 0.0402886 secs]
111.218: [GC 111.218: [DefNew: 53K->0K(3008K), 0.0004216 secs]111.219: [Tenured: 11821K->11821K(39240K), 0.0192748 secs] 11875K->11821K(42248K), 0.0198274 secs]
111.243: [GC 111.243: [DefNew: 53K->0K(3008K), 0.0004741 secs]111.244: [Tenured: 15728K->15728K(39240K), 0.0195667 secs] 15781K->15728K(42248K), 0.0201970 secs]
111.268: [GC 111.268: [DefNew: 53K->0K(3008K), 0.0005151 secs]111.269: [Tenured: 19634K->19634K(39240K), 0.0195522 secs] 19688K->19634K(42248K), 0.0202028 secs]
111.294: [Full GC 111.294: [Tenured: 23540K->23540K(39240K), 0.0347304 secs] 23540K->23540K(42248K), [Perm : 19K->19K(8192K)], 0.0348561 secs]
111.330: [Full GC 111.330: [Tenured: 23540K->11821K(39240K), 0.0404367 secs] 23594K->11821K(42248K), [Perm : 19K->19K(8192K)], 0.0405526 secs]
111.372: [GC 111.372: [DefNew: 53K->0K(3008K), 0.0004230 secs]111.373: [Tenured: 11821K->11821K(39240K), 0.0193499 secs] 11875K->11821K(42248K), 0.0199036 secs]
111.397: [GC 111.397: [DefNew: 53K->0K(3008K), 0.0004735 secs]111.398: [Tenured: 15728K->15728K(39240K), 0.0197760 secs] 15781K->15728K(42248K), 0.0203878 secs]
111.422: [GC 111.422: [DefNew: 53K->0K(3008K), 0.0006752 secs]111.423: [Tenured: 19634K->19634K(39240K), 0.0295007 secs] 19688K->19634K(42248K), 0.0303265 secs]
111.458: [Full GC 111.458: [Tenured: 23540K->23540K(39240K), 0.0194919 secs] 23540K->23540K(42248K), [Perm : 19K->19K(8192K)], 0.0196058 secs]
111.479: [Full GC 111.479: [Tenured: 23540K->11821K(39240K), 0.0405775 secs] 23594K->11821K(42248K), [Perm : 19K->19K(8192K)], 0.0406954 secs]
111.521: [GC 111.521: [DefNew: 53K->0K(3008K), 0.0004121 secs]111.522: [Tenured: 11821K->11821K(39240K), 0.0192203 secs] 11875K->11821K(42248K), 0.0198673 secs]
111.546: [GC 111.546: [DefNew: 53K->0K(3008K), 0.0004755 secs]111.546: [Tenured: 15727K->15727K(39240K), 0.0196410 secs] 15781K->15727K(42248K), 0.0202531 secs]
111.574: [GC 111.575: [DefNew: 53K->0K(3008K), 0.0005652 secs]111.575: [Tenured: 19634K->19634K(39240K), 0.0195718 secs] 19687K->19634K(42248K), 0.0204400 secs]
111.600: [Full GC 111.600: [Tenured: 23540K->23540K(39240K), 0.0198589 secs] 23540K->23540K(42248K), [Perm : 19K->19K(8192K)], 0.0199735 secs]
111.621: [Full GC 111.621: [Tenured: 23540K->11821K(39240K), 0.0404903 secs] 23594K->11821K(42248K), [Perm : 19K->19K(8192K)], 0.0406054 secs]
111.664: [GC 111.664: [DefNew: 53K->0K(3008K), 0.0004241 secs]111.665: [Tenured: 11821K->11821K(39240K), 0.0193639 secs] 11875K->11821K(42248K), 0.0199193 secs]
111.689: [GC 111.689: [DefNew: 53K->0K(3008K), 0.0004766 secs]111.690: [Tenured: 15727K->15727K(39240K), 0.0193941 secs] 15781K->15727K(42248K), 0.0200076 secs]
111.715: [GC 111.715: [DefNew: 53K->0K(3008K), 0.0005643 secs]111.716: [Tenured: 19634K->19634K(39240K), 0.0197827 secs] 19687K->19634K(42248K), 0.0204817 secs]
111.741: [Full GC 111.741: [Tenured: 23540K->23540K(39240K), 0.0202559 secs] 23540K->23540K(42248K), [Perm : 19K->19K(8192K)], 0.0203707 secs]
111.763: [Full GC 111.763: [Tenured: 23540K->11821K(39240K), 0.0405579 secs] 23594K->11821K(42248K), [Perm : 19K->19K(8192K)], 0.0406708 secs]
111.805: [GC 111.805: [DefNew: 53K->0K(3008K), 0.0004238 secs]111.806: [Tenured: 11821K->11821K(39240K), 0.0195028 secs] 11875K->11821K(42248K), 0.0200587 secs]
111.830: [GC 111.830: [DefNew: 53K->0K(3008K), 0.0004741 secs]111.831: [Tenured: 15728K->15728K(39240K), 0.0193821 secs] 15781K->15728K(42248K), 0.0199919 secs]
111.856: [GC 111.856: [DefNew: 53K->0K(3008K), 0.0005165 secs]111.856: [Tenured: 19634K->19634K(39240K), 0.0196447 secs] 19688K->19634K(42248K), 0.0202984 secs]
111.881: [Full GC 111.882: [Tenured: 23540K->23540K(39240K), 0.0345077 secs] 23540K->23540K(42248K), [Perm : 19K->19K(8192K)], 0.0346337 secs]
111.917: [Full GC 111.917: [Tenured: 23540K->11821K(39240K), 0.0403026 secs] 23594K->11821K(42248K), [Perm : 19K->19K(8192K)], 0.0404158 secs]
111.960: [GC 111.960: [DefNew: 53K->0K(3008K), 0.0004232 secs]111.961: [Tenured: 11821K->11821K(39240K), 0.0194913 secs] 11875K->11821K(42248K), 0.0200470 secs]
111.985: [GC 111.985: [DefNew: 53K->0K(3008K), 0.0004763 secs]111.986: [Tenured: 15728K->15728K(39240K), 0.0193846 secs] 15781K->15728K(42248K), 0.0199989 secs]
112.011: [GC 112.011: [DefNew: 53K->0K(3008K), 0.0005163 secs]112.011: [Tenured: 19634K->19634K(39240K), 0.0294233 secs] 19688K->19634K(42248K), 0.0301089 secs]
112.046: [Full GC 112.046: [Tenured: 23540K->23540K(39240K), 0.0192270 secs] 23540K->23540K(42248K), [Perm : 19K->19K(8192K)], 0.0193354 secs]
112.066: [Full GC 112.066: [Tenured: 23540K->11821K(39240K), 0.0399266 secs] 23594K->11821K(42248K), [Perm : 19K->19K(8192K)], 0.0400389 secs]
112.109: [GC 112.109: [DefNew: 53K->0K(3008K), 0.0004227 secs]112.109: [Tenured: 11821K->11821K(39240K), 0.0189010 secs] 11875K->11821K(42248K), 0.0194488 secs]
112.133: [GC 112.133: [DefNew: 53K->0K(3008K), 0.0004607 secs]112.133: [Tenured: 15728K->15727K(39240K), 0.0238162 secs] 15781K->15727K(42248K), 0.0244148 secs]
112.163: [GC 112.163: [DefNew: 53K->0K(3008K), 0.0005657 secs]112.163: [Tenured: 19634K->19634K(39240K), 0.0195746 secs] 19687K->19634K(42248K), 0.0202769 secs]
112.251: [Full GC 112.251: [Tenured: 23540K->23540K(39240K), 0.0192597 secs] 23540K->23540K(42248K), [Perm : 19K->19K(8192K)], 0.0193670 secs]
112.272: [Full GC 112.272: [Tenured: 23540K->11821K(39240K), 0.0399076 secs] 23594K->11821K(42248K), [Perm : 19K->19K(8192K)], 0.0400126 secs]
112.312: [GC 112.312: [DefNew: 53K->0K(3008K), 0.0004028 secs]112.313: [Tenured: 11821K->11821K(39240K), 0.0189105 secs] 11875K->11821K(42248K), 0.0194324 secs]
112.336: [GC 112.336: [DefNew: 53K->0K(3008K), 0.0004621 secs]112.337: [Tenured: 15727K->15727K(39240K), 0.0190683 secs] 15781K->15727K(42248K), 0.0196578 secs]
112.361: [GC 112.361: [DefNew: 53K->0K(3008K), 0.0005509 secs]112.361: [Tenured: 19634K->19634K(39240K), 0.0194863 secs] 19687K->19634K(42248K), 0.0201693 secs]
112.386: [Full GC 112.386: [Tenured: 23540K->23540K(39240K), 0.0195019 secs] 23540K->23540K(42248K), [Perm : 19K->19K(8192K)], 0.0196151 secs]
112.407: [Full GC 112.407: [Tenured: 23540K->11821K(39240K), 0.0404063 secs] 23594K->11821K(42248K), [Perm : 19K->19K(8192K)], 0.0405197 secs]
112.448: [GC 112.448: [DefNew: 53K->0K(3008K), 0.0004023 secs]112.449: [Tenured: 11821K->11821K(39240K), 0.0189194 secs] 11875K->11821K(42248K), 0.0194402 secs]
112.472: [GC 112.472: [DefNew: 53K->0K(3008K), 0.0004626 secs]112.473: [Tenured: 15728K->15728K(39240K), 0.0191862 secs] 15781K->15728K(42248K), 0.0197768 secs]
112.497: [GC 112.497: [DefNew: 53K->0K(3008K), 0.0005163 secs]112.498: [Tenured: 19634K->19634K(39240K), 0.0191206 secs] 19688K->19634K(42248K), 0.0197659 secs]
112.521: [Full GC 112.521: [Tenured: 23540K->23540K(39240K), 0.0194639 secs] 23540K->23540K(42248K), [Perm : 19K->19K(8192K)], 0.0195743 secs]
112.542: [Full GC 112.542: [Tenured: 23540K->11821K(39240K), 0.0404476 secs] 23594K->11821K(42248K), [Perm : 19K->19K(8192K)], 0.0405605 secs]
112.603: [GC 112.603: [DefNew: 53K->0K(3008K), 0.0004582 secs]112.604: [Tenured: 11821K->11821K(39240K), 0.0189396 secs] 11875K->11821K(42248K), 0.0195287 secs]
112.627: [GC 112.627: [DefNew: 53K->0K(3008K), 0.0004646 secs]112.628: [Tenured: 15728K->15728K(39240K), 0.0190656 secs] 15781K->15728K(42248K), 0.0196578 secs]
112.652: [GC 112.652: [DefNew: 53K->0K(3008K), 0.0005213 secs]112.653: [Tenured: 19634K->19634K(39240K), 0.0191382 secs] 19688K->19634K(42248K), 0.0197902 secs]
112.677: [Full GC 112.677: [Tenured: 23540K->23540K(39240K), 0.0193399 secs] 23540K->23540K(42248K), [Perm : 19K->19K(8192K)], 0.0194447 secs]
112.697: [Full GC 112.697: [Tenured: 23540K->11821K(39240K), 0.0399556 secs] 23594K->11821K(42248K), [Perm : 19K->19K(8192K)], 0.0400612 secs]
112.738: [GC 112.738: [DefNew: 53K->0K(3008K), 0.0003998 secs]112.738: [Tenured: 11821K->11821K(39240K), 0.0189016 secs] 11875K->11821K(42248K), 0.0194189 secs]
112.762: [GC 112.762: [DefNew: 53K->0K(3008K), 0.0004705 secs]112.763: [Tenured: 15728K->15728K(39240K), 0.0190320 secs] 15781K->15728K(42248K), 0.0196301 secs]
112.788: [GC 112.788: [DefNew: 53K->0K(3008K), 0.0005213 secs]112.789: [Tenured: 19634K->19634K(39240K), 0.0196293 secs] 19688K->19634K(42248K), 0.0202878 secs]
112.814: [Full GC 112.814: [Tenured: 23540K->23540K(39240K), 0.0198156 secs] 23540K->23540K(42248K), [Perm : 19K->19K(8192K)], 0.0199302 secs]
112.836: [Full GC 112.836: [Tenured: 23540K->11821K(39240K), 0.0404378 secs] 23594K->11821K(42248K), [Perm : 19K->19K(8192K)], 0.0407144 secs]
112.877: [GC 112.877: [DefNew: 53K->0K(3008K), 0.0004087 secs]112.877: [Tenured: 11821K->11821K(39240K), 0.0197452 secs] 11875K->11821K(42248K), 0.0202791 secs]
112.902: [GC 112.902: [DefNew: 53K->0K(3008K), 0.0004769 secs]112.903: [Tenured: 15728K->15728K(39240K), 0.0190689 secs] 15781K->15728K(42248K), 0.0196785 secs]
112.927: [GC 112.927: [DefNew: 53K->0K(3008K), 0.0006738 secs]112.927: [Tenured: 19634K->19634K(39240K), 0.0191175 secs] 19688K->19634K(42248K), 0.0199221 secs]
112.952: [Full GC 112.952: [Tenured: 23540K->23540K(39240K), 0.0193670 secs] 23540K->23540K(42248K), [Perm : 19K->19K(8192K)], 0.0194810 secs]
112.973: [Full GC 112.973: [Tenured: 23540K->11821K(39240K), 0.0401283 secs] 23594K->11821K(42248K), [Perm : 19K->19K(8192K)], 0.0402431 secs]
113.014: [GC 113.014: [DefNew: 53K->0K(3008K), 0.0004031 secs]113.014: [Tenured: 11821K->11821K(39240K), 0.0189527 secs] 11875K->11821K(42248K), 0.0194757 secs]
113.038: [GC 113.038: [DefNew: 53K->0K(3008K), 0.0004705 secs]113.039: [Tenured: 15728K->15728K(39240K), 0.0190845 secs] 15781K->15728K(42248K), 0.0198441 secs]
113.063: [GC 113.063: [DefNew: 53K->0K(3008K), 0.0005177 secs]113.064: [Tenured: 19634K->19634K(39240K), 0.0191164 secs] 19688K->19634K(42248K), 0.0197651 secs]
113.088: [Full GC 113.088: [Tenured: 23540K->23540K(39240K), 0.0344524 secs] 23540K->23540K(42248K), [Perm : 19K->19K(8192K)], 0.0345765 secs]
113.124: [Full GC 113.124: [Tenured: 23540K->11821K(39240K), 0.0400333 secs] 23594K->11821K(42248K), [Perm : 19K->19K(8192K)], 0.0401459 secs]
113.165: [GC 113.165: [DefNew: 53K->0K(3008K), 0.0004079 secs]113.166: [Tenured: 11821K->11821K(39240K), 0.0192550 secs] 11875K->11821K(42248K), 0.0197883 secs]
113.190: [GC 113.190: [DefNew: 53K->0K(3008K), 0.0004780 secs]113.190: [Tenured: 15728K->15728K(39240K), 0.0197087 secs] 15781K->15728K(42248K), 0.0203244 secs]
113.215: [GC 113.216: [DefNew: 53K->0K(3008K), 0.0005138 secs]113.216: [Tenured: 19634K->19634K(39240K), 0.0193371 secs] 19688K->19634K(42248K), 0.0199866 secs]
113.241: [Full GC 113.241: [Tenured: 23540K->23540K(39240K), 0.0196341 secs] 23540K->23540K(42248K), [Perm : 19K->19K(8192K)], 0.0197472 secs]
113.264: [Full GC 113.264: [Tenured: 23540K->11821K(39240K), 0.0404482 secs] 23594K->11821K(42248K), [Perm : 19K->19K(8192K)], 0.0405663 secs]
113.305: [GC 113.305: [DefNew: 53K->0K(3008K), 0.0004121 secs]113.305: [Tenured: 11821K->11821K(39240K), 0.0192181 secs] 11875K->11821K(42248K), 0.0197550 secs]
113.330: [GC 113.330: [DefNew: 53K->0K(3008K), 0.0004780 secs]113.330: [Tenured: 15728K->15728K(39240K), 0.0194036 secs] 15781K->15728K(42248K), 0.0200187 secs]
113.355: [GC 113.355: [DefNew: 53K->0K(3008K), 0.0005185 secs]113.356: [Tenured: 19634K->19634K(39240K), 0.0196785 secs] 19688K->19634K(42248K), 0.0203330 secs]
113.380: [Full GC 113.380: [Tenured: 23540K->23540K(39240K), 0.0196835 secs] 23540K->23540K(42248K), [Perm : 19K->19K(8192K)], 0.0197961 secs]
113.402: [Full GC 113.402: [Tenured: 23540K->11821K(39240K), 0.0404862 secs] 23594K->11821K(42248K), [Perm : 19K->19K(8192K)], 0.0406026 secs]
113.443: [GC 113.443: [DefNew: 53K->0K(3008K), 0.0004095 secs]113.443: [Tenured: 11821K->11821K(39240K), 0.0193689 secs] 11875K->11821K(42248K), 0.0199034 secs]
113.468: [GC 113.468: [DefNew: 53K->0K(3008K), 0.0004772 secs]113.468: [Tenured: 15728K->15728K(39240K), 0.0190658 secs] 15781K->15728K(42248K), 0.0196754 secs]
113.492: [GC 113.492: [DefNew: 53K->0K(3008K), 0.0005124 secs]113.493: [Tenured: 19634K->19634K(39240K), 0.0192220 secs] 19688K->19634K(42248K), 0.0198676 secs]
113.517: [Full GC 113.517: [Tenured: 23540K->23540K(39240K), 0.0197469 secs] 23540K->23540K(42248K), [Perm : 19K->19K(8192K)], 0.0198578 secs]
113.538: [Full GC 113.538: [Tenured: 23540K->11821K(39240K), 0.0402037 secs] 23594K->11821K(42248K), [Perm : 19K->19K(8192K)], 0.0403185 secs]
113.599: [GC 113.599: [DefNew: 53K->0K(3008K), 0.0004297 secs]113.599: [Tenured: 11821K->11821K(39240K), 0.0195195 secs] 11875K->11821K(42248K), 0.0201003 secs]
113.624: [GC 113.624: [DefNew: 53K->0K(3008K), 0.0004772 secs]113.625: [Tenured: 15727K->15727K(39240K), 0.0194569 secs] 15781K->15727K(42248K), 0.0200715 secs]
113.650: [GC 113.650: [DefNew: 53K->0K(3008K), 0.0005867 secs]113.650: [Tenured: 19634K->19634K(39240K), 0.0196687 secs] 19687K->19634K(42248K), 0.0203928 secs]
113.676: [Full GC 113.676: [Tenured: 23540K->23540K(39240K), 0.0197134 secs] 23540K->23540K(42248K), [Perm : 19K->19K(8192K)], 0.0198268 secs]
113.697: [Full GC 113.697: [Tenured: 23540K->11821K(39240K), 0.0404627 secs] 23594K->11821K(42248K), [Perm : 19K->19K(8192K)], 0.0405783 secs]
113.738: [GC 113.738: [DefNew: 53K->0K(3008K), 0.0004112 secs]113.739: [Tenured: 11821K->11821K(39240K), 0.0192723 secs] 11875K->11821K(42248K), 0.0198098 secs]
113.763: [GC 113.764: [DefNew: 53K->0K(3008K), 0.0004791 secs]113.764: [Tenured: 15728K->15728K(39240K), 0.0195930 secs] 15781K->15728K(42248K), 0.0202087 secs]
113.789: [GC 113.789: [DefNew: 53K->0K(3008K), 0.0005205 secs]113.789: [Tenured: 19634K->19634K(39240K), 0.0199858 secs] 19688K->19634K(42248K), 0.0206431 secs]
113.816: [Full GC 113.816: [Tenured: 23540K->23540K(39240K), 0.0192036 secs] 23540K->23540K(42248K), [Perm : 19K->19K(8192K)], 0.0193097 secs]
113.837: [Full GC 113.837: [Tenured: 23540K->11821K(39240K), 0.0403574 secs] 23594K->11821K(42248K), [Perm : 19K->19K(8192K)], 0.0404702 secs]
113.878: [GC 113.878: [DefNew: 53K->0K(3008K), 0.0004098 secs]113.878: [Tenured: 11821K->11821K(39240K), 0.0190949 secs] 11875K->11821K(42248K), 0.0196296 secs]
113.902: [GC 113.903: [DefNew: 53K->0K(3008K), 0.0006308 secs]113.903: [Tenured: 15728K->15728K(39240K), 0.0193692 secs] 15781K->15728K(42248K), 0.0201394 secs]
113.928: [GC 113.928: [DefNew: 53K->0K(3008K), 0.0005179 secs]113.928: [Tenured: 19634K->19634K(39240K), 0.0191686 secs] 19688K->19634K(42248K), 0.0198165 secs]
113.953: [Full GC 113.953: [Tenured: 23540K->23540K(39240K), 0.0192041 secs] 23540K->23540K(42248K), [Perm : 19K->19K(8192K)], 0.0193128 secs]
113.974: [Full GC 113.974: [Tenured: 23540K->11821K(39240K), 0.0403618 secs] 23594K->11821K(42248K), [Perm : 19K->19K(8192K)], 0.0404769 secs]
114.015: [GC 114.015: [DefNew: 53K->0K(3008K), 0.0004473 secs]114.015: [Tenured: 11821K->11821K(39240K), 0.0189197 secs] 11875K->11821K(42248K), 0.0194871 secs]
114.040: [GC 114.040: [DefNew: 53K->0K(3008K), 0.0004777 secs]114.041: [Tenured: 15728K->15728K(39240K), 0.0190588 secs] 15781K->15728K(42248K), 0.0196693 secs]
114.065: [GC 114.065: [DefNew: 53K->0K(3008K), 0.0005062 secs]114.065: [Tenured: 19634K->19634K(39240K), 0.0191804 secs] 19688K->19634K(42248K), 0.0198156 secs]
114.090: [Full GC 114.090: [Tenured: 23540K->23540K(39240K), 0.0192832 secs] 23540K->23540K(42248K), [Perm : 19K->19K(8192K)], 0.0193930 secs]
114.111: [Full GC 114.111: [Tenured: 23540K->11821K(39240K), 0.0399442 secs] 23594K->11821K(42248K), [Perm : 19K->19K(8192K)], 0.0400576 secs]
114.151: [GC 114.151: [DefNew: 53K->0K(3008K), 0.0004001 secs]114.152: [Tenured: 11821K->11821K(39240K), 0.0189077 secs] 11875K->11821K(42248K), 0.0194645 secs]
114.176: [GC 114.176: [DefNew: 53K->0K(3008K), 0.0004766 secs]114.176: [Tenured: 15728K->15728K(39240K), 0.0190331 secs] 15781K->15728K(42248K), 0.0196410 secs]
114.200: [GC 114.200: [DefNew: 53K->0K(3008K), 0.0005048 secs]114.201: [Tenured: 19634K->19634K(39240K), 0.0193240 secs] 19688K->19634K(42248K), 0.0199598 secs]
114.226: [Full GC 114.226: [Tenured: 23540K->23540K(39240K), 0.0193896 secs] 23540K->23540K(42248K), [Perm : 19K->19K(8192K)], 0.0195044 secs]
114.252: [Full GC 114.252: [Tenured: 23540K->11821K(39240K), 0.0401213 secs] 23594K->11821K(42248K), [Perm : 19K->19K(8192K)], 0.0402361 secs]
114.293: [GC 114.293: [DefNew: 53K->0K(3008K), 0.0004040 secs]114.293: [Tenured: 11821K->11821K(39240K), 0.0191527 secs] 11875K->11821K(42248K), 0.0197187 secs]
114.340: [GC 114.340: [DefNew: 53K->0K(3008K), 0.0004813 secs]114.340: [Tenured: 15728K->15728K(39240K), 0.0191195 secs] 15781K->15728K(42248K), 0.0197330 secs]
114.365: [GC 114.366: [DefNew: 53K->0K(3008K), 0.0005199 secs]114.366: [Tenured: 19634K->19634K(39240K), 0.0288503 secs] 19688K->19634K(42248K), 0.0295110 secs]
114.401: [Full GC 114.402: [Tenured: 23540K->23540K(39240K), 0.0196595 secs] 23540K->23540K(42248K), [Perm : 19K->19K(8192K)], 0.0197726 secs]
114.424: [Full GC 114.424: [Tenured: 23540K->11821K(39240K), 0.0407619 secs] 23594K->11821K(42248K), [Perm : 19K->19K(8192K)], 0.0408828 secs]
114.465: [GC 114.465: [DefNew: 53K->0K(3008K), 0.0004093 secs]114.465: [Tenured: 11821K->11821K(39240K), 0.0192471 secs] 11875K->11821K(42248K), 0.0197827 secs]
114.492: [GC 114.492: [DefNew: 53K->0K(3008K), 0.0004772 secs]114.492: [Tenured: 15727K->15727K(39240K), 0.0198763 secs] 15781K->15727K(42248K), 0.0204928 secs]
114.517: [GC 114.517: [DefNew: 53K->0K(3008K), 0.0005635 secs]114.518: [Tenured: 19634K->19634K(39240K), 0.0202308 secs] 19687K->19634K(42248K), 0.0209298 secs]
114.544: [Full GC 114.544: [Tenured: 23540K->23540K(39240K), 0.0193840 secs] 23540K->23540K(42248K), [Perm : 19K->19K(8192K)], 0.0194977 secs]
114.565: [Full GC 114.565: [Tenured: 23540K->11821K(39240K), 0.0404325 secs] 23594K->11821K(42248K), [Perm : 19K->19K(8192K)], 0.0405498 secs]
114.626: [GC 114.626: [DefNew: 53K->0K(3008K), 0.0005652 secs]114.627: [Tenured: 11821K->11821K(39240K), 0.0189410 secs] 11875K->11821K(42248K), 0.0196360 secs]
114.651: [GC 114.651: [DefNew: 53K->0K(3008K), 0.0004679 secs]114.651: [Tenured: 15727K->15727K(39240K), 0.0192603 secs] 15781K->15727K(42248K), 0.0198617 secs]
114.676: [GC 114.676: [DefNew: 53K->0K(3008K), 0.0005674 secs]114.677: [Tenured: 19634K->19634K(39240K), 0.0191315 secs] 19687K->19634K(42248K), 0.0198305 secs]
114.702: [Full GC 114.702: [Tenured: 23540K->23540K(39240K), 0.0194061 secs] 23540K->23540K(42248K), [Perm : 19K->19K(8192K)], 0.0195192 secs]
114.743: [Full GC 114.743: [Tenured: 23540K->11821K(39240K), 0.0399436 secs] 23594K->11821K(42248K), [Perm : 19K->19K(8192K)], 0.0400543 secs]
114.785: [GC 114.785: [DefNew: 53K->0K(3008K), 0.0004258 secs]114.785: [Tenured: 11821K->11821K(39240K), 0.0189130 secs] 11875K->11821K(42248K), 0.0194653 secs]
114.809: [GC 114.809: [DefNew: 53K->0K(3008K), 0.0004637 secs]114.810: [Tenured: 15728K->15728K(39240K), 0.0191907 secs] 15781K->15728K(42248K), 0.0197858 secs]
114.834: [GC 114.834: [DefNew: 53K->0K(3008K), 0.0005118 secs]114.834: [Tenured: 19634K->19634K(39240K), 0.0191904 secs] 19688K->19634K(42248K), 0.0198330 secs]
114.860: [Full GC 114.860: [Tenured: 23540K->23540K(39240K), 0.0342287 secs] 23540K->23540K(42248K), [Perm : 19K->19K(8192K)], 0.0343552 secs]
114.896: [Full GC 114.896: [Tenured: 23540K->11821K(39240K), 0.0403062 secs] 23594K->11821K(42248K), [Perm : 19K->19K(8192K)], 0.0404227 secs]
114.936: [GC 114.936: [DefNew: 53K->0K(3008K), 0.0004121 secs]114.937: [Tenured: 11821K->11821K(39240K), 0.0189287 secs] 11875K->11821K(42248K), 0.0194586 secs]
114.961: [GC 114.961: [DefNew: 53K->0K(3008K), 0.0004777 secs]114.962: [Tenured: 15728K->15728K(39240K), 0.0191295 secs] 15781K->15728K(42248K), 0.0197427 secs]
114.986: [GC 114.986: [DefNew: 53K->0K(3008K), 0.0005213 secs]114.987: [Tenured: 19634K->19634K(39240K), 0.0193636 secs] 19688K->19634K(42248K), 0.0200227 secs]
115.012: [Full GC 115.013: [Tenured: 23540K->23540K(39240K), 0.0192117 secs] 23540K->23540K(42248K), [Perm : 19K->19K(8192K)], 0.0193181 secs]
115.033: [Full GC 115.033: [Tenured: 23540K->11821K(39240K), 0.0400272 secs] 23594K->11821K(42248K), [Perm : 19K->19K(8192K)], 0.0401383 secs]
115.074: [GC 115.074: [DefNew: 53K->0K(3008K), 0.0004009 secs]115.074: [Tenured: 11821K->11821K(39240K), 0.0189373 secs] 11875K->11821K(42248K), 0.0194564 secs]
115.120: [GC 115.120: [DefNew: 53K->0K(3008K), 0.0004788 secs]115.121: [Tenured: 15727K->15727K(39240K), 0.0190510 secs] 15781K->15727K(42248K), 0.0196612 secs]
115.145: [GC 115.145: [DefNew: 53K->0K(3008K), 0.0005565 secs]115.145: [Tenured: 19634K->19634K(39240K), 0.0191421 secs] 19687K->19634K(42248K), 0.0198291 secs]
115.169: [Full GC 115.169: [Tenured: 23540K->23540K(39240K), 0.0192086 secs] 23540K->23540K(42248K), [Perm : 19K->19K(8192K)], 0.0193315 secs]
115.190: [Full GC 115.190: [Tenured: 23540K->11821K(39240K), 0.0399168 secs] 23594K->11821K(42248K), [Perm : 19K->19K(8192K)], 0.0400263 secs]
115.231: [GC 115.231: [DefNew: 53K->0K(3008K), 0.0004070 secs]115.231: [Tenured: 11821K->11821K(39240K), 0.0190764 secs] 11875K->11821K(42248K), 0.0196070 secs]
115.256: [GC 115.256: [DefNew: 53K->0K(3008K), 0.0004797 secs]115.257: [Tenured: 15728K->15728K(39240K), 0.0190530 secs] 15781K->15728K(42248K), 0.0196620 secs]
115.282: [GC 115.282: [DefNew: 53K->0K(3008K), 0.0005193 secs]115.282: [Tenured: 19634K->19634K(39240K), 0.0191309 secs] 19688K->19634K(42248K), 0.0197818 secs]
115.306: [Full GC 115.306: [Tenured: 23540K->23540K(39240K), 0.0192832 secs] 23540K->23540K(42248K), [Perm : 19K->19K(8192K)], 0.0193879 secs]
115.327: [Full GC 115.327: [Tenured: 23540K->11821K(39240K), 0.0401610 secs] 23594K->11821K(42248K), [Perm : 19K->19K(8192K)], 0.0402738 secs]
115.368: [GC 115.368: [DefNew: 53K->0K(3008K), 0.0004023 secs]115.368: [Tenured: 11821K->11821K(39240K), 0.0189971 secs] 11875K->11821K(42248K), 0.0195212 secs]
115.392: [GC 115.392: [DefNew: 53K->0K(3008K), 0.0004629 secs]115.392: [Tenured: 15727K->15727K(39240K), 0.0190276 secs] 15781K->15727K(42248K), 0.0196162 secs]
115.417: [GC 115.417: [DefNew: 53K->0K(3008K), 0.0005557 secs]115.418: [Tenured: 19634K->19634K(39240K), 0.0191175 secs] 19687K->19634K(42248K), 0.0198011 secs]
115.442: [Full GC 115.442: [Tenured: 23540K->23540K(39240K), 0.0194547 secs] 23540K->23540K(42248K), [Perm : 19K->19K(8192K)], 0.0195592 secs]
115.462: [Full GC 115.463: [Tenured: 23540K->11821K(39240K), 0.0407851 secs] 23594K->11821K(42248K), [Perm : 19K->19K(8192K)], 0.0409013 secs]
115.521: [GC 115.521: [DefNew: 53K->0K(3008K), 0.0004288 secs]115.522: [Tenured: 11821K->11821K(39240K), 0.0193673 secs] 11875K->11821K(42248K), 0.0199299 secs]
115.546: [GC 115.547: [DefNew: 53K->0K(3008K), 0.0004794 secs]115.547: [Tenured: 15728K->15728K(39240K), 0.0190399 secs] 15781K->15728K(42248K), 0.0196519 secs]
115.600: [GC 115.600: [DefNew: 53K->0K(3008K), 0.0005224 secs]115.600: [Tenured: 19634K->19634K(39240K), 0.0288889 secs] 19688K->19634K(42248K), 0.0295529 secs]
115.657: [Full GC 115.657: [Tenured: 23540K->23540K(39240K), 0.0192326 secs] 23540K->23540K(42248K), [Perm : 19K->19K(8192K)], 0.0193402 secs]
115.678: [Full GC 115.678: [Tenured: 23540K->11821K(39240K), 0.0399858 secs] 23594K->11821K(42248K), [Perm : 19K->19K(8192K)], 0.0400990 secs]
115.725: [GC 115.725: [DefNew: 53K->0K(3008K), 0.0004280 secs]115.725: [Tenured: 11821K->11821K(39240K), 0.0189605 secs] 11875K->11821K(42248K), 0.0195153 secs]
115.755: [GC 115.755: [DefNew: 53K->0K(3008K), 0.0004822 secs]115.755: [Tenured: 15728K->15728K(39240K), 0.0190502 secs] 15781K->15728K(42248K), 0.0196637 secs]
115.787: [GC 115.788: [DefNew: 53K->0K(3008K), 0.0005246 secs]115.788: [Tenured: 19634K->19634K(39240K), 0.0192924 secs] 19688K->19634K(42248K), 0.0199492 secs]
115.812: [Full GC 115.812: [Tenured: 23540K->23540K(39240K), 0.0192360 secs] 23540K->23540K(42248K), [Perm : 19K->19K(8192K)], 0.0193449 secs]
115.836: [Full GC 115.836: [Tenured: 23540K->11821K(39240K), 0.0403353 secs] 23594K->11821K(42248K), [Perm : 19K->19K(8192K)], 0.0404532 secs]
115.877: [GC 115.877: [DefNew: 53K->0K(3008K), 0.0004146 secs]115.878: [Tenured: 11821K->11821K(39240K), 0.0190943 secs] 11875K->11821K(42248K), 0.0196355 secs]
115.902: [GC 115.902: [DefNew: 53K->0K(3008K), 0.0004799 secs]115.903: [Tenured: 15728K->15728K(39240K), 0.0190790 secs] 15781K->15728K(42248K), 0.0196905 secs]
115.927: [GC 115.927: [DefNew: 53K->0K(3008K), 0.0005221 secs]115.928: [Tenured: 19634K->19634K(39240K), 0.0191949 secs] 19688K->19634K(42248K), 0.0198489 secs]
115.956: [Full GC 115.956: [Tenured: 23540K->23540K(39240K), 0.0193821 secs] 23540K->23540K(42248K), [Perm : 19K->19K(8192K)], 0.0194933 secs]
115.977: [Full GC 115.977: [Tenured: 23540K->11821K(39240K), 0.0397246 secs] 23594K->11821K(42248K), [Perm : 19K->19K(8192K)], 0.0398375 secs]
116.018: [GC 116.019: [DefNew: 53K->0K(3008K), 0.0004246 secs]116.019: [Tenured: 11821K->11821K(39240K), 0.0189063 secs] 11875K->11821K(42248K), 0.0194567 secs]
116.043: [GC 116.043: [DefNew: 53K->0K(3008K), 0.0004646 secs]116.043: [Tenured: 15728K->15728K(39240K), 0.0191899 secs] 15781K->15728K(42248K), 0.0197832 secs]
116.068: [GC 116.068: [DefNew: 53K->0K(3008K), 0.0005199 secs]116.068: [Tenured: 19634K->19634K(39240K), 0.0192754 secs] 19688K->19634K(42248K), 0.0200221 secs]
116.093: [Full GC 116.093: [Tenured: 23540K->23540K(39240K), 0.0340901 secs] 23540K->23540K(42248K), [Perm : 19K->19K(8192K)], 0.0342138 secs]
116.128: [Full GC 116.129: [Tenured: 23540K->11821K(39240K), 0.0401096 secs] 23594K->11821K(42248K), [Perm : 19K->19K(8192K)], 0.0402230 secs]
116.170: [GC 116.170: [DefNew: 53K->0K(3008K), 0.0004188 secs]116.170: [Tenured: 11821K->11821K(39240K), 0.0189189 secs] 11875K->11821K(42248K), 0.0194600 secs]
116.194: [GC 116.194: [DefNew: 53K->0K(3008K), 0.0004766 secs]116.195: [Tenured: 15728K->15728K(39240K), 0.0191122 secs] 15781K->15728K(42248K), 0.0197235 secs]
116.219: [GC 116.219: [DefNew: 53K->0K(3008K), 0.0005057 secs]116.219: [Tenured: 19634K->19634K(39240K), 0.0288593 secs] 19688K->19634K(42248K), 0.0295043 secs]
116.253: [Full GC 116.253: [Tenured: 23540K->23540K(39240K), 0.0193586 secs] 23540K->23540K(42248K), [Perm : 19K->19K(8192K)], 0.0194664 secs]
116.278: [Full GC 116.278: [Tenured: 23540K->11821K(39240K), 0.0398755 secs] 23594K->11821K(42248K), [Perm : 19K->19K(8192K)], 0.0399939 secs]
116.318: [GC 116.318: [DefNew: 53K->0K(3008K), 0.0004084 secs]116.319: [Tenured: 11821K->11821K(39240K), 0.0189359 secs] 11875K->11821K(42248K), 0.0194634 secs]
116.344: [GC 116.344: [DefNew: 53K->0K(3008K), 0.0004808 secs]116.345: [Tenured: 15728K->15727K(39240K), 0.0241168 secs] 15781K->15727K(42248K), 0.0247470 secs]
116.374: [GC 116.374: [DefNew: 53K->0K(3008K), 0.0005649 secs]116.375: [Tenured: 19634K->19634K(39240K), 0.0197656 secs] 19687K->19634K(42248K), 0.0204660 secs]
116.400: [Full GC 116.400: [Tenured: 23540K->23540K(39240K), 0.0194536 secs] 23540K->23540K(42248K), [Perm : 19K->19K(8192K)], 0.0195653 secs]
116.421: [Full GC 116.422: [Tenured: 23540K->11821K(39240K), 0.0405169 secs] 23594K->11821K(42248K), [Perm : 19K->19K(8192K)], 0.0406351 secs]
116.462: [GC 116.463: [DefNew: 53K->0K(3008K), 0.0004266 secs]116.463: [Tenured: 11821K->11821K(39240K), 0.0191474 secs] 11875K->11821K(42248K), 0.0196992 secs]
116.487: [GC 116.487: [DefNew: 53K->0K(3008K), 0.0004735 secs]116.488: [Tenured: 15727K->15727K(39240K), 0.0200498 secs] 15781K->15727K(42248K), 0.0206602 secs]
116.513: [GC 116.514: [DefNew: 53K->0K(3008K), 0.0005657 secs]116.514: [Tenured: 19634K->19634K(39240K), 0.0191228 secs] 19687K->19634K(42248K), 0.0198187 secs]
116.538: [Full GC 116.539: [Tenured: 23540K->23540K(39240K), 0.0192921 secs] 23540K->23540K(42248K), [Perm : 19K->19K(8192K)], 0.0194013 secs]
116.560: [Full GC 116.560: [Tenured: 23540K->11821K(39240K), 0.0399034 secs] 23594K->11821K(42248K), [Perm : 19K->19K(8192K)], 0.0400121 secs]
116.602: [GC 116.602: [DefNew: 53K->0K(3008K), 0.0004210 secs]116.603: [Tenured: 11821K->11821K(39240K), 0.0189960 secs] 11875K->11821K(42248K), 0.0195438 secs]
116.647: [GC 116.647: [DefNew: 53K->0K(3008K), 0.0004799 secs]116.648: [Tenured: 15728K->15728K(39240K), 0.0190882 secs] 15781K->15728K(42248K), 0.0196989 secs]
116.672: [GC 116.672: [DefNew: 53K->0K(3008K), 0.0005040 secs]116.672: [Tenured: 19634K->19634K(39240K), 0.0194701 secs] 19688K->19634K(42248K), 0.0201067 secs]
116.697: [Full GC 116.697: [Tenured: 23540K->23540K(39240K), 0.0338588 secs] 23540K->23540K(42248K), [Perm : 19K->19K(8192K)], 0.0340110 secs]
116.734: [Full GC 116.734: [Tenured: 23540K->11821K(39240K), 0.0399797 secs] 23594K->11821K(42248K), [Perm : 19K->19K(8192K)], 0.0400928 secs]
116.774: [GC 116.774: [DefNew: 53K->0K(3008K), 0.0004006 secs]116.775: [Tenured: 11821K->11821K(39240K), 0.0189329 secs] 11875K->11821K(42248K), 0.0194500 secs]
116.801: [GC 116.801: [DefNew: 53K->0K(3008K), 0.0004816 secs]116.802: [Tenured: 15728K->15728K(39240K), 0.0190818 secs] 15781K->15728K(42248K), 0.0197170 secs]
116.826: [GC 116.826: [DefNew: 53K->0K(3008K), 0.0005087 secs]116.826: [Tenured: 19634K->19634K(39240K), 0.0288827 secs] 19688K->19634K(42248K), 0.0295331 secs]
116.860: [Full GC 116.860: [Tenured: 23540K->23540K(39240K), 0.0196438 secs] 23540K->23540K(42248K), [Perm : 19K->19K(8192K)], 0.0197508 secs]
116.883: [Full GC 116.883: [Tenured: 23540K->11821K(39240K), 0.0400716 secs] 23594K->11821K(42248K), [Perm : 19K->19K(8192K)], 0.0401870 secs]
116.924: [GC 116.924: [DefNew: 53K->0K(3008K), 0.0004017 secs]116.924: [Tenured: 11821K->11821K(39240K), 0.0189264 secs] 11875K->11821K(42248K), 0.0194444 secs]
116.948: [GC 116.948: [DefNew: 53K->0K(3008K), 0.0004758 secs]116.949: [Tenured: 15728K->15728K(39240K), 0.0190463 secs] 15781K->15728K(42248K), 0.0196519 secs]
116.976: [GC 116.976: [DefNew: 53K->0K(3008K), 0.0005213 secs]116.977: [Tenured: 19634K->19634K(39240K), 0.0193036 secs] 19688K->19634K(42248K), 0.0199570 secs]
117.001: [Full GC 117.001: [Tenured: 23540K->23540K(39240K), 0.0192038 secs] 23540K->23540K(42248K), [Perm : 19K->19K(8192K)], 0.0193052 secs]
117.024: [Full GC 117.024: [Tenured: 23540K->11821K(39240K), 0.0397495 secs] 23594K->11821K(42248K), [Perm : 19K->19K(8192K)], 0.0398643 secs]
117.065: [GC 117.065: [DefNew: 53K->0K(3008K), 0.0004216 secs]117.065: [Tenured: 11821K->11821K(39240K), 0.0189200 secs] 11875K->11821K(42248K), 0.0194678 secs]
117.089: [GC 117.089: [DefNew: 53K->0K(3008K), 0.0004724 secs]117.090: [Tenured: 15727K->15727K(39240K), 0.0190334 secs] 15781K->15727K(42248K), 0.0196346 secs]
117.115: [GC 117.115: [DefNew: 53K->0K(3008K), 0.0005652 secs]117.115: [Tenured: 19634K->19634K(39240K), 0.0193147 secs] 19687K->19634K(42248K), 0.0200766 secs]
117.139: [Full GC 117.139: [Tenured: 23540K->23540K(39240K), 0.0192133 secs] 23540K->23540K(42248K), [Perm : 19K->19K(8192K)], 0.0193161 secs]
117.161: [Full GC 117.161: [Tenured: 23540K->11821K(39240K), 0.0402344 secs] 23594K->11821K(42248K), [Perm : 19K->19K(8192K)], 0.0403540 secs]
117.203: [GC 117.203: [DefNew: 53K->0K(3008K), 0.0004204 secs]117.203: [Tenured: 11821K->11821K(39240K), 0.0190818 secs] 11875K->11821K(42248K), 0.0196313 secs]
117.227: [GC 117.227: [DefNew: 53K->0K(3008K), 0.0004707 secs]117.228: [Tenured: 15728K->15728K(39240K), 0.0191315 secs] 15781K->15728K(42248K), 0.0197341 secs]
117.252: [GC 117.252: [DefNew: 53K->0K(3008K), 0.0005160 secs]117.252: [Tenured: 19634K->19634K(39240K), 0.0193265 secs] 19688K->19634K(42248K), 0.0199782 secs]
117.277: [Full GC 117.277: [Tenured: 23540K->23540K(39240K), 0.0342862 secs] 23540K->23540K(42248K), [Perm : 19K->19K(8192K)], 0.0344105 secs]
117.318: [Full GC 117.318: [Tenured: 23540K->11821K(39240K), 0.0396302 secs] 23594K->11821K(42248K), [Perm : 19K->19K(8192K)], 0.0397433 secs]
117.358: [GC 117.358: [DefNew: 53K->0K(3008K), 0.0004014 secs]117.359: [Tenured: 11821K->11821K(39240K), 0.0189172 secs] 11875K->11821K(42248K), 0.0194371 secs]
117.383: [GC 117.383: [DefNew: 53K->0K(3008K), 0.0004691 secs]117.383: [Tenured: 15728K->15728K(39240K), 0.0192793 secs] 15781K->15728K(42248K), 0.0198807 secs]
117.407: [GC 117.407: [DefNew: 53K->0K(3008K), 0.0006727 secs]117.408: [Tenured: 19634K->19634K(39240K), 0.0194854 secs] 19688K->19634K(42248K), 0.0202948 secs]
117.433: [Full GC 117.433: [Tenured: 23540K->23540K(39240K), 0.0193396 secs] 23540K->23540K(42248K), [Perm : 19K->19K(8192K)], 0.0194477 secs]
117.454: [Full GC 117.454: [Tenured: 23540K->11821K(39240K), 0.0404057 secs] 23594K->11821K(42248K), [Perm : 19K->19K(8192K)], 0.0405152 secs]
117.495: [GC 117.495: [DefNew: 53K->0K(3008K), 0.0004082 secs]117.496: [Tenured: 11821K->11821K(39240K), 0.0194773 secs] 11875K->11821K(42248K), 0.0200112 secs]
117.520: [GC 117.520: [DefNew: 53K->0K(3008K), 0.0004632 secs]117.521: [Tenured: 15727K->15727K(39240K), 0.0190790 secs] 15781K->15727K(42248K), 0.0196712 secs]
117.545: [GC 117.545: [DefNew: 53K->0K(3008K), 0.0005663 secs]117.546: [Tenured: 19634K->19634K(39240K), 0.0191184 secs] 19687K->19634K(42248K), 0.0198148 secs]
117.570: [Full GC 117.570: [Tenured: 23540K->23540K(39240K), 0.0192220 secs] 23540K->23540K(42248K), [Perm : 19K->19K(8192K)], 0.0193254 secs]
117.593: [Full GC 117.593: [Tenured: 23540K->11821K(39240K), 0.0398688 secs] 23594K->11821K(42248K), [Perm : 19K->19K(8192K)], 0.0399844 secs]
117.654: [GC 117.654: [DefNew: 53K->0K(3008K), 0.0004266 secs]117.655: [Tenured: 11821K->11821K(39240K), 0.0189180 secs] 11875K->11821K(42248K), 0.0194695 secs]
117.678: [GC 117.678: [DefNew: 53K->0K(3008K), 0.0004618 secs]117.679: [Tenured: 15727K->15727K(39240K), 0.0191002 secs] 15781K->15727K(42248K), 0.0196908 secs]
117.703: [GC 117.703: [DefNew: 53K->0K(3008K), 0.0005509 secs]117.703: [Tenured: 19634K->19634K(39240K), 0.0191228 secs] 19687K->19634K(42248K), 0.0198003 secs]
117.727: [Full GC 117.727: [Tenured: 23540K->23540K(39240K), 0.0192326 secs] 23540K->23540K(42248K), [Perm : 19K->19K(8192K)], 0.0193391 secs]
117.748: [Full GC 117.748: [Tenured: 23540K->11821K(39240K), 0.0399774 secs] 23594K->11821K(42248K), [Perm : 19K->19K(8192K)], 0.0400897 secs]
117.789: [GC 117.789: [DefNew: 53K->0K(3008K), 0.0004031 secs]117.789: [Tenured: 11821K->11821K(39240K), 0.0189401 secs] 11875K->11821K(42248K), 0.0194611 secs]
117.814: [GC 117.814: [DefNew: 53K->0K(3008K), 0.0004799 secs]117.815: [Tenured: 15728K->15728K(39240K), 0.0190563 secs] 15781K->15728K(42248K), 0.0196679 secs]
117.840: [GC 117.840: [DefNew: 53K->0K(3008K), 0.0005205 secs]117.841: [Tenured: 19634K->19634K(39240K), 0.0191298 secs] 19688K->19634K(42248K), 0.0197810 secs]
117.865: [Full GC 117.865: [Tenured: 23540K->23540K(39240K), 0.0339605 secs] 23540K->23540K(42248K), [Perm : 19K->19K(8192K)], 0.0340809 secs]
117.902: [Full GC 117.902: [Tenured: 23540K->11821K(39240K), 0.0398408 secs] 23594K->11821K(42248K), [Perm : 19K->19K(8192K)], 0.0399531 secs]
117.942: [GC 117.942: [DefNew: 53K->0K(3008K), 0.0004006 secs]117.943: [Tenured: 11821K->11821K(39240K), 0.0189200 secs] 11875K->11821K(42248K), 0.0194379 secs]
117.968: [GC 117.968: [DefNew: 53K->0K(3008K), 0.0004786 secs]117.968: [Tenured: 15728K->15728K(39240K), 0.0190371 secs] 15781K->15728K(42248K), 0.0196458 secs]
117.992: [GC 117.992: [DefNew: 53K->0K(3008K), 0.0005040 secs]117.993: [Tenured: 19634K->19634K(39240K), 0.0193058 secs] 19688K->19634K(42248K), 0.0199400 secs]
118.017: [Full GC 118.017: [Tenured: 23540K->23540K(39240K), 0.0192153 secs] 23540K->23540K(42248K), [Perm : 19K->19K(8192K)], 0.0193203 secs]
118.038: [Full GC 118.038: [Tenured: 23540K->11821K(39240K), 0.0399827 secs] 23594K->11821K(42248K), [Perm : 19K->19K(8192K)], 0.0400903 secs]
118.079: [GC 118.079: [DefNew: 53K->0K(3008K), 0.0004185 secs]118.079: [Tenured: 11821K->11821K(39240K), 0.0189144 secs] 11875K->11821K(42248K), 0.0194550 secs]
118.103: [GC 118.103: [DefNew: 53K->0K(3008K), 0.0004867 secs]118.104: [Tenured: 15728K->15727K(39240K), 0.0239220 secs] 15781K->15727K(42248K), 0.0245517 secs]
118.133: [GC 118.133: [DefNew: 53K->0K(3008K), 0.0005646 secs]118.134: [Tenured: 19634K->19634K(39240K), 0.0192351 secs] 19687K->19634K(42248K), 0.0199335 secs]
118.158: [Full GC 118.158: [Tenured: 23540K->23540K(39240K), 0.0191874 secs] 23540K->23540K(42248K), [Perm : 19K->19K(8192K)], 0.0192885 secs]
118.179: [Full GC 118.179: [Tenured: 23540K->11821K(39240K), 0.0401157 secs] 23594K->11821K(42248K), [Perm : 19K->19K(8192K)], 0.0402336 secs]
118.220: [GC 118.220: [DefNew: 53K->0K(3008K), 0.0004040 secs]118.220: [Tenured: 11821K->11821K(39240K), 0.0189421 secs] 11875K->11821K(42248K), 0.0194659 secs]
118.244: [GC 118.244: [DefNew: 53K->0K(3008K), 0.0004685 secs]118.245: [Tenured: 15727K->15727K(39240K), 0.0192935 secs] 15781K->15727K(42248K), 0.0198983 secs]
118.269: [GC 118.269: [DefNew: 53K->0K(3008K), 0.0005565 secs]118.269: [Tenured: 19634K->19634K(39240K), 0.0191304 secs] 19687K->19634K(42248K), 0.0198129 secs]
118.294: [Full GC 118.294: [Tenured: 23540K->23540K(39240K), 0.0195391 secs] 23540K->23540K(42248K), [Perm : 19K->19K(8192K)], 0.0196525 secs]
118.315: [Full GC 118.315: [Tenured: 23540K->11821K(39240K), 0.0402071 secs] 23594K->11821K(42248K), [Perm : 19K->19K(8192K)], 0.0403414 secs]
118.357: [GC 118.357: [DefNew: 53K->0K(3008K), 0.0004246 secs]118.357: [Tenured: 11821K->11821K(39240K), 0.0190845 secs] 11875K->11821K(42248K), 0.0196410 secs]
118.381: [GC 118.382: [DefNew: 53K->0K(3008K), 0.0004749 secs]118.382: [Tenured: 15728K->15728K(39240K), 0.0196123 secs] 15781K->15728K(42248K), 0.0202241 secs]
118.407: [GC 118.407: [DefNew: 53K->0K(3008K), 0.0005179 secs]118.408: [Tenured: 19634K->19634K(39240K), 0.0194704 secs] 19688K->19634K(42248K), 0.0201241 secs]
118.433: [Full GC 118.433: [Tenured: 23540K->23540K(39240K), 0.0342859 secs] 23540K->23540K(42248K), [Perm : 19K->19K(8192K)], 0.0344033 secs]
118.470: [Full GC 118.470: [Tenured: 23540K->11821K(39240K), 0.0414290 secs] 23594K->11821K(42248K), [Perm : 19K->19K(8192K)], 0.0415461 secs]
118.511: [GC 118.511: [DefNew: 53K->0K(3008K), 0.0004112 secs]118.512: [Tenured: 11821K->11821K(39240K), 0.0191832 secs] 11875K->11821K(42248K), 0.0197195 secs]
118.536: [GC 118.536: [DefNew: 53K->0K(3008K), 0.0004752 secs]118.537: [Tenured: 15728K->15728K(39240K), 0.0192622 secs] 15781K->15728K(42248K), 0.0198718 secs]
118.562: [GC 118.562: [DefNew: 53K->0K(3008K), 0.0005205 secs]118.563: [Tenured: 19634K->19634K(39240K), 0.0294199 secs] 19688K->19634K(42248K), 0.0300882 secs]
118.599: [Full GC 118.599: [Tenured: 23540K->23540K(39240K), 0.0198880 secs] 23540K->23540K(42248K), [Perm : 19K->19K(8192K)], 0.0200014 secs]
118.645: [Full GC 118.645: [Tenured: 23540K->11821K(39240K), 0.0403199 secs] 23594K->11821K(42248K), [Perm : 19K->19K(8192K)], 0.0404398 secs]
118.686: [GC 118.686: [DefNew: 53K->0K(3008K), 0.0004252 secs]118.687: [Tenured: 11821K->11821K(39240K), 0.0192321 secs] 11875K->11821K(42248K), 0.0197866 secs]
118.711: [GC 118.711: [DefNew: 53K->0K(3008K), 0.0004744 secs]118.712: [Tenured: 15728K->15727K(39240K), 0.0243869 secs] 15781K->15727K(42248K), 0.0250110 secs]
118.741: [GC 118.741: [DefNew: 53K->0K(3008K), 0.0005635 secs]118.742: [Tenured: 19634K->19634K(39240K), 0.0195427 secs] 19687K->19634K(42248K), 0.0202442 secs]
118.766: [Full GC 118.766: [Tenured: 23540K->23540K(39240K), 0.0195000 secs] 23540K->23540K(42248K), [Perm : 19K->19K(8192K)], 0.0196117 secs]
118.788: [Full GC 118.788: [Tenured: 23540K->11821K(39240K), 0.0403473 secs] 23594K->11821K(42248K), [Perm : 19K->19K(8192K)], 0.0404658 secs]
118.830: [GC 118.830: [DefNew: 53K->0K(3008K), 0.0004140 secs]118.830: [Tenured: 11821K->11821K(39240K), 0.0192348 secs] 11875K->11821K(42248K), 0.0197757 secs]
118.855: [GC 118.855: [DefNew: 53K->0K(3008K), 0.0004808 secs]118.856: [Tenured: 15728K->15728K(39240K), 0.0193759 secs] 15781K->15728K(42248K), 0.0199947 secs]
118.880: [GC 118.881: [DefNew: 53K->0K(3008K), 0.0005151 secs]118.881: [Tenured: 19634K->19634K(39240K), 0.0195086 secs] 19688K->19634K(42248K), 0.0201598 secs]
118.906: [Full GC 118.906: [Tenured: 23540K->23540K(39240K), 0.0196072 secs] 23540K->23540K(42248K), [Perm : 19K->19K(8192K)], 0.0197201 secs]
118.928: [Full GC 118.928: [Tenured: 23540K->11821K(39240K), 0.0403314 secs] 23594K->11821K(42248K), [Perm : 19K->19K(8192K)], 0.0404476 secs]
118.970: [GC 118.970: [DefNew: 53K->0K(3008K), 0.0004252 secs]118.971: [Tenured: 11821K->11821K(39240K), 0.0191709 secs] 11875K->11821K(42248K), 0.0197282 secs]
118.995: [GC 118.995: [DefNew: 53K->0K(3008K), 0.0004749 secs]118.996: [Tenured: 15728K->15728K(39240K), 0.0192016 secs] 15781K->15728K(42248K), 0.0198126 secs]
119.023: [GC 119.023: [DefNew: 53K->0K(3008K), 0.0006805 secs]119.024: [Tenured: 19634K->19634K(39240K), 0.0195338 secs] 19688K->19634K(42248K), 0.0203543 secs]
119.049: [Full GC 119.049: [Tenured: 23540K->23540K(39240K), 0.0346139 secs] 23540K->23540K(42248K), [Perm : 19K->19K(8192K)], 0.0347385 secs]
119.085: [Full GC 119.085: [Tenured: 23540K->11821K(39240K), 0.0405557 secs] 23594K->11821K(42248K), [Perm : 19K->19K(8192K)], 0.0406722 secs]
119.126: [GC 119.126: [DefNew: 53K->0K(3008K), 0.0004107 secs]119.127: [Tenured: 11821K->11821K(39240K), 0.0198807 secs] 11875K->11821K(42248K), 0.0204163 secs]
119.152: [GC 119.152: [DefNew: 53K->0K(3008K), 0.0004766 secs]119.153: [Tenured: 15728K->15728K(39240K), 0.0190195 secs] 15781K->15728K(42248K), 0.0196265 secs]
119.177: [GC 119.177: [DefNew: 53K->0K(3008K), 0.0005157 secs]119.177: [Tenured: 19634K->19634K(39240K), 0.0295856 secs] 19688K->19634K(42248K), 0.0302516 secs]
119.212: [Full GC 119.212: [Tenured: 23540K->23540K(39240K), 0.0200056 secs] 23540K->23540K(42248K), [Perm : 19K->19K(8192K)], 0.0201190 secs]
119.234: [Full GC 119.234: [Tenured: 23540K->11821K(39240K), 0.0403398 secs] 23594K->11821K(42248K), [Perm : 19K->19K(8192K)], 0.0404546 secs]
119.275: [GC 119.275: [DefNew: 53K->0K(3008K), 0.0004269 secs]119.275: [Tenured: 11821K->11821K(39240K), 0.0195134 secs] 11875K->11821K(42248K), 0.0200668 secs]
119.300: [GC 119.300: [DefNew: 53K->0K(3008K), 0.0004749 secs]119.301: [Tenured: 15728K->15727K(39240K), 0.0245229 secs] 15781K->15727K(42248K), 0.0251484 secs]
119.331: [GC 119.331: [DefNew: 53K->0K(3008K), 0.0005657 secs]119.332: [Tenured: 19634K->19634K(39240K), 0.0196327 secs] 19687K->19634K(42248K), 0.0203355 secs]
119.357: [Full GC 119.357: [Tenured: 23540K->23540K(39240K), 0.0198151 secs] 23540K->23540K(42248K), [Perm : 19K->19K(8192K)], 0.0199291 secs]
119.379: [Full GC 119.379: [Tenured: 23540K->11821K(39240K), 0.0404009 secs] 23594K->11821K(42248K), [Perm : 19K->19K(8192K)], 0.0405166 secs]
119.420: [GC 119.420: [DefNew: 53K->0K(3008K), 0.0004584 secs]119.421: [Tenured: 11821K->11821K(39240K), 0.0189178 secs] 11875K->11821K(42248K), 0.0195002 secs]
119.445: [GC 119.445: [DefNew: 53K->0K(3008K), 0.0004780 secs]119.445: [Tenured: 15728K->15728K(39240K), 0.0193052 secs] 15781K->15728K(42248K), 0.0199196 secs]
119.469: [GC 119.469: [DefNew: 53K->0K(3008K), 0.0005126 secs]119.470: [Tenured: 19634K->19634K(39240K), 0.0191318 secs] 19688K->19634K(42248K), 0.0197723 secs]
119.495: [Full GC 119.495: [Tenured: 23540K->23540K(39240K), 0.0192041 secs] 23540K->23540K(42248K), [Perm : 19K->19K(8192K)], 0.0193103 secs]
119.515: [Full GC 119.515: [Tenured: 23540K->11821K(39240K), 0.0401881 secs] 23594K->11821K(42248K), [Perm : 19K->19K(8192K)], 0.0402973 secs]
119.556: [GC 119.556: [DefNew: 53K->0K(3008K), 0.0004059 secs]119.556: [Tenured: 11821K->11821K(39240K), 0.0189460 secs] 11875K->11821K(42248K), 0.0194706 secs]
119.580: [GC 119.580: [DefNew: 53K->0K(3008K), 0.0004679 secs]119.580: [Tenured: 15727K->15727K(39240K), 0.0190468 secs] 15781K->15727K(42248K), 0.0196427 secs]
119.605: [GC 119.605: [DefNew: 53K->0K(3008K), 0.0005629 secs]119.606: [Tenured: 19634K->19634K(39240K), 0.0191340 secs] 19687K->19634K(42248K), 0.0198251 secs]
119.630: [Full GC 119.630: [Tenured: 23540K->23540K(39240K), 0.0193472 secs] 23540K->23540K(42248K), [Perm : 19K->19K(8192K)], 0.0194525 secs]
119.673: [Full GC 119.673: [Tenured: 23540K->11821K(39240K), 0.0400143 secs] 23594K->11821K(42248K), [Perm : 19K->19K(8192K)], 0.0401448 secs]
119.713: [GC 119.713: [DefNew: 53K->0K(3008K), 0.0004062 secs]119.714: [Tenured: 11821K->11821K(39240K), 0.0189147 secs] 11875K->11821K(42248K), 0.0194391 secs]
119.738: [GC 119.738: [DefNew: 53K->0K(3008K), 0.0004786 secs]119.739: [Tenured: 15728K->15728K(39240K), 0.0190524 secs] 15781K->15728K(42248K), 0.0196626 secs]
119.763: [GC 119.763: [DefNew: 53K->0K(3008K), 0.0005157 secs]119.763: [Tenured: 19634K->19634K(39240K), 0.0291459 secs] 19688K->19634K(42248K), 0.0298108 secs]
119.797: [Full GC 119.797: [Tenured: 23540K->23540K(39240K), 0.0193628 secs] 23540K->23540K(42248K), [Perm : 19K->19K(8192K)], 0.0194717 secs]
119.818: [Full GC 119.818: [Tenured: 23540K->11821K(39240K), 0.0401012 secs] 23594K->11821K(42248K), [Perm : 19K->19K(8192K)], 0.0402124 secs]
119.859: [GC 119.859: [DefNew: 53K->0K(3008K), 0.0004218 secs]119.860: [Tenured: 11821K->11821K(39240K), 0.0189013 secs] 11875K->11821K(42248K), 0.0194474 secs]
119.884: [GC 119.884: [DefNew: 53K->0K(3008K), 0.0004660 secs]119.884: [Tenured: 15728K->15727K(39240K), 0.0238103 secs] 15781K->15727K(42248K), 0.0244179 secs]
119.913: [GC 119.913: [DefNew: 53K->0K(3008K), 0.0005585 secs]119.914: [Tenured: 19634K->19634K(39240K), 0.0193167 secs] 19687K->19634K(42248K), 0.0200277 secs]
119.938: [Full GC 119.938: [Tenured: 23540K->23540K(39240K), 0.0193446 secs] 23540K->23540K(42248K), [Perm : 19K->19K(8192K)], 0.0194474 secs]
119.958: [Full GC 119.958: [Tenured: 23540K->11821K(39240K), 0.0399746 secs] 23594K->11821K(42248K), [Perm : 19K->19K(8192K)], 0.0400839 secs]
120.000: [GC 120.000: [DefNew: 53K->0K(3008K), 0.0004207 secs]120.000: [Tenured: 11821K->11821K(39240K), 0.0189326 secs] 11875K->11821K(42248K), 0.0194796 secs]
120.027: [GC 120.027: [DefNew: 53K->0K(3008K), 0.0004794 secs]120.028: [Tenured: 15728K->15728K(39240K), 0.0190337 secs] 15781K->15728K(42248K), 0.0196438 secs]
120.051: [GC 120.051: [DefNew: 53K->0K(3008K), 0.0005015 secs]120.052: [Tenured: 19634K->19634K(39240K), 0.0192645 secs] 19688K->19634K(42248K), 0.0198944 secs]
120.076: [Full GC 120.076: [Tenured: 23540K->23540K(39240K), 0.0192069 secs] 23540K->23540K(42248K), [Perm : 19K->19K(8192K)], 0.0193131 secs]
120.097: [Full GC 120.097: [Tenured: 23540K->11821K(39240K), 0.0400355 secs] 23594K->11821K(42248K), [Perm : 19K->19K(8192K)], 0.0401439 secs]
120.137: [GC 120.137: [DefNew: 53K->0K(3008K), 0.0004040 secs]120.138: [Tenured: 11821K->11821K(39240K), 0.0190513 secs] 11875K->11821K(42248K), 0.0195737 secs]
120.162: [GC 120.162: [DefNew: 53K->0K(3008K), 0.0004649 secs]120.162: [Tenured: 15728K->15728K(39240K), 0.0190968 secs] 15781K->15728K(42248K), 0.0196911 secs]
120.186: [GC 120.186: [DefNew: 53K->0K(3008K), 0.0005193 secs]120.187: [Tenured: 19634K->19634K(39240K), 0.0191069 secs] 19688K->19634K(42248K), 0.0197553 secs]
120.211: [Full GC 120.211: [Tenured: 23540K->23540K(39240K), 0.0338384 secs] 23540K->23540K(42248K), [Perm : 19K->19K(8192K)], 0.0339496 secs]
120.246: [Full GC 120.246: [Tenured: 23540K->11821K(39240K), 0.0399188 secs] 23594K->11821K(42248K), [Perm : 19K->19K(8192K)], 0.0400274 secs]
120.287: [GC 120.287: [DefNew: 53K->0K(3008K), 0.0003992 secs]120.287: [Tenured: 11821K->11821K(39240K), 0.0190773 secs] 11875K->11821K(42248K), 0.0196005 secs]
120.314: [GC 120.314: [DefNew: 53K->0K(3008K), 0.0004788 secs]120.315: [Tenured: 15728K->15728K(39240K), 0.0190379 secs] 15781K->15728K(42248K), 0.0196472 secs]
120.339: [GC 120.339: [DefNew: 53K->0K(3008K), 0.0005101 secs]120.339: [Tenured: 19634K->19634K(39240K), 0.0290177 secs] 19688K->19634K(42248K), 0.0296700 secs]
120.374: [Full GC 120.374: [Tenured: 23540K->23540K(39240K), 0.0195570 secs] 23540K->23540K(42248K), [Perm : 19K->19K(8192K)], 0.0196709 secs]
120.396: [Full GC 120.396: [Tenured: 23540K->11821K(39240K), 0.0400769 secs] 23594K->11821K(42248K), [Perm : 19K->19K(8192K)], 0.0401909 secs]
120.437: [GC 120.437: [DefNew: 53K->0K(3008K), 0.0004098 secs]120.437: [Tenured: 11821K->11821K(39240K), 0.0190480 secs] 11875K->11821K(42248K), 0.0195776 secs]
120.461: [GC 120.461: [DefNew: 53K->0K(3008K), 0.0004623 secs]120.461: [Tenured: 15728K->15727K(39240K), 0.0237930 secs] 15781K->15727K(42248K), 0.0243916 secs]
120.490: [GC 120.491: [DefNew: 53K->0K(3008K), 0.0005587 secs]120.491: [Tenured: 19634K->19634K(39240K), 0.0192583 secs] 19687K->19634K(42248K), 0.0199503 secs]
120.516: [Full GC 120.516: [Tenured: 23540K->23540K(39240K), 0.0192164 secs] 23540K->23540K(42248K), [Perm : 19K->19K(8192K)], 0.0193245 secs]
120.536: [Full GC 120.536: [Tenured: 23540K->11821K(39240K), 0.0400777 secs] 23594K->11821K(42248K), [Perm : 19K->19K(8192K)], 0.0401883 secs]
120.577: [GC 120.577: [DefNew: 53K->0K(3008K), 0.0004023 secs]120.577: [Tenured: 11821K->11821K(39240K), 0.0189351 secs] 11875K->11821K(42248K), 0.0194561 secs]
120.601: [GC 120.601: [DefNew: 53K->0K(3008K), 0.0004738 secs]120.602: [Tenured: 15728K->15728K(39240K), 0.0190622 secs] 15781K->15728K(42248K), 0.0196662 secs]
120.626: [GC 120.626: [DefNew: 53K->0K(3008K), 0.0005140 secs]120.627: [Tenured: 19634K->19634K(39240K), 0.0191407 secs] 19688K->19634K(42248K), 0.0197844 secs]
120.673: [Full GC 120.673: [Tenured: 23540K->23540K(39240K), 0.0195279 secs] 23540K->23540K(42248K), [Perm : 19K->19K(8192K)], 0.0196324 secs]
120.694: [Full GC 120.695: [Tenured: 23540K->11821K(39240K), 0.0400316 secs] 23594K->11821K(42248K), [Perm : 19K->19K(8192K)], 0.0401414 secs]
120.735: [GC 120.735: [DefNew: 53K->0K(3008K), 0.0004037 secs]120.735: [Tenured: 11821K->11821K(39240K), 0.0189183 secs] 11875K->11821K(42248K), 0.0194402 secs]
120.759: [GC 120.759: [DefNew: 53K->0K(3008K), 0.0004629 secs]120.760: [Tenured: 15728K->15728K(39240K), 0.0191267 secs] 15781K->15728K(42248K), 0.0197195 secs]
120.784: [GC 120.784: [DefNew: 53K->0K(3008K), 0.0005221 secs]120.785: [Tenured: 19634K->19634K(39240K), 0.0191334 secs] 19688K->19634K(42248K), 0.0197869 secs]
120.809: [Full GC 120.809: [Tenured: 23540K->23540K(39240K), 0.0339121 secs] 23540K->23540K(42248K), [Perm : 19K->19K(8192K)], 0.0340328 secs]
120.845: [Full GC 120.845: [Tenured: 23540K->11821K(39240K), 0.0400556 secs] 23594K->11821K(42248K), [Perm : 19K->19K(8192K)], 0.0401668 secs]
120.887: [GC 120.887: [DefNew: 53K->0K(3008K), 0.0004235 secs]120.887: [Tenured: 11821K->11821K(39240K), 0.0189122 secs] 11875K->11821K(42248K), 0.0194595 secs]
120.911: [GC 120.911: [DefNew: 53K->0K(3008K), 0.0004649 secs]120.911: [Tenured: 15727K->15727K(39240K), 0.0190519 secs] 15781K->15727K(42248K), 0.0196461 secs]
120.936: [GC 120.936: [DefNew: 53K->0K(3008K), 0.0005646 secs]120.936: [Tenured: 19634K->19634K(39240K), 0.0191323 secs] 19687K->19634K(42248K), 0.0198274 secs]
120.960: [Full GC 120.960: [Tenured: 23540K->23540K(39240K), 0.0194357 secs] 23540K->23540K(42248K), [Perm : 19K->19K(8192K)], 0.0195472 secs]
120.982: [Full GC 120.982: [Tenured: 23540K->11821K(39240K), 0.0399685 secs] 23594K->11821K(42248K), [Perm : 19K->19K(8192K)], 0.0400797 secs]
121.022: [GC 121.023: [DefNew: 53K->0K(3008K), 0.0004140 secs]121.023: [Tenured: 11821K->11821K(39240K), 0.0189840 secs] 11875K->11821K(42248K), 0.0195234 secs]
121.047: [GC 121.047: [DefNew: 53K->0K(3008K), 0.0004791 secs]121.048: [Tenured: 15728K->15727K(39240K), 0.0237963 secs] 15781K->15727K(42248K), 0.0244176 secs]
121.078: [GC 121.078: [DefNew: 53K->0K(3008K), 0.0005649 secs]121.078: [Tenured: 19634K->19634K(39240K), 0.0191209 secs] 19687K->19634K(42248K), 0.0198170 secs]
121.102: [Full GC 121.102: [Tenured: 23540K->23540K(39240K), 0.0192851 secs] 23540K->23540K(42248K), [Perm : 19K->19K(8192K)], 0.0193899 secs]
121.122: [Full GC 121.123: [Tenured: 23540K->11821K(39240K), 0.0398984 secs] 23594K->11821K(42248K), [Perm : 19K->19K(8192K)], 0.0400037 secs]
121.163: [GC 121.163: [DefNew: 53K->0K(3008K), 0.0004017 secs]121.163: [Tenured: 11821K->11821K(39240K), 0.0191628 secs] 11875K->11821K(42248K), 0.0196888 secs]
121.188: [GC 121.188: [DefNew: 53K->0K(3008K), 0.0004741 secs]121.188: [Tenured: 15727K->15727K(39240K), 0.0190415 secs] 15781K->15727K(42248K), 0.0196455 secs]
121.212: [GC 121.212: [DefNew: 53K->0K(3008K), 0.0005484 secs]121.213: [Tenured: 19634K->19634K(39240K), 0.0191457 secs] 19687K->19634K(42248K), 0.0198201 secs]
121.236: [Full GC 121.236: [Tenured: 23540K->23540K(39240K), 0.0191949 secs] 23540K->23540K(42248K), [Perm : 19K->19K(8192K)], 0.0192983 secs]
121.257: [Full GC 121.257: [Tenured: 23540K->11821K(39240K), 0.0430021 secs] 23594K->11821K(42248K), [Perm : 19K->19K(8192K)], 0.0431111 secs]
121.301: [GC 121.301: [DefNew: 53K->0K(3008K), 0.0004079 secs]121.301: [Tenured: 11821K->11821K(39240K), 0.0189139 secs] 11875K->11821K(42248K), 0.0194410 secs]
121.325: [GC 121.325: [DefNew: 53K->0K(3008K), 0.0004786 secs]121.326: [Tenured: 15728K->15728K(39240K), 0.0190530 secs] 15781K->15728K(42248K), 0.0196617 secs]
121.350: [GC 121.350: [DefNew: 53K->0K(3008K), 0.0005177 secs]121.351: [Tenured: 19634K->19634K(39240K), 0.0191899 secs] 19688K->19634K(42248K), 0.0198394 secs]
121.375: [Full GC 121.375: [Tenured: 23540K->23540K(39240K), 0.0339881 secs] 23540K->23540K(42248K), [Perm : 19K->19K(8192K)], 0.0341015 secs]
121.417: [Full GC 121.417: [Tenured: 23540K->11821K(39240K), 0.0397704 secs] 23594K->11821K(42248K), [Perm : 19K->19K(8192K)], 0.0398861 secs]
121.457: [GC 121.457: [DefNew: 53K->0K(3008K), 0.0004026 secs]121.457: [Tenured: 11821K->11821K(39240K), 0.0189111 secs] 11875K->11821K(42248K), 0.0194486 secs]
121.481: [GC 121.481: [DefNew: 53K->0K(3008K), 0.0004668 secs]121.482: [Tenured: 15728K->15728K(39240K), 0.0192611 secs] 15781K->15728K(42248K), 0.0198615 secs]
121.506: [GC 121.506: [DefNew: 53K->0K(3008K), 0.0005193 secs]121.507: [Tenured: 19634K->19634K(39240K), 0.0289855 secs] 19688K->19634K(42248K), 0.0296510 secs]
121.541: [Full GC 121.541: [Tenured: 23540K->23540K(39240K), 0.0192502 secs] 23540K->23540K(42248K), [Perm : 19K->19K(8192K)], 0.0193567 secs]
121.564: [Full GC 121.566: [Tenured: 23540K->11821K(39240K), 0.0398794 secs] 23594K->11821K(42248K), [Perm : 19K->19K(8192K)], 0.0399928 secs]
121.606: [GC 121.606: [DefNew: 53K->0K(3008K), 0.0004026 secs]121.607: [Tenured: 11821K->11821K(39240K), 0.0214156 secs] 11875K->11821K(42248K), 0.0219391 secs]
121.633: [GC 121.633: [DefNew: 53K->0K(3008K), 0.0004637 secs]121.633: [Tenured: 15728K->15727K(39240K), 0.0238642 secs] 15781K->15727K(42248K), 0.0244693 secs]
121.685: [GC 121.685: [DefNew: 53K->0K(3008K), 0.0005677 secs]121.685: [Tenured: 19634K->19634K(39240K), 0.0191298 secs] 19687K->19634K(42248K), 0.0198279 secs]
121.709: [Full GC 121.709: [Tenured: 23540K->23540K(39240K), 0.0192555 secs] 23540K->23540K(42248K), [Perm : 19K->19K(8192K)], 0.0193600 secs]
121.730: [Full GC 121.730: [Tenured: 23540K->11821K(39240K), 0.0428454 secs] 23594K->11821K(42248K), [Perm : 19K->19K(8192K)], 0.0429521 secs]
121.773: [GC 121.773: [DefNew: 53K->0K(3008K), 0.0004017 secs]121.774: [Tenured: 11821K->11821K(39240K), 0.0224970 secs] 11875K->11821K(42248K), 0.0230230 secs]
121.801: [GC 121.801: [DefNew: 53K->0K(3008K), 0.0004710 secs]121.802: [Tenured: 15727K->15727K(39240K), 0.0190387 secs] 15781K->15727K(42248K), 0.0196391 secs]
121.826: [GC 121.826: [DefNew: 53K->0K(3008K), 0.0005663 secs]121.827: [Tenured: 19634K->19634K(39240K), 0.0191209 secs] 19687K->19634K(42248K), 0.0198187 secs]
121.851: [Full GC 121.851: [Tenured: 23540K->23540K(39240K), 0.0192997 secs] 23540K->23540K(42248K), [Perm : 19K->19K(8192K)], 0.0194061 secs]
121.871: [Full GC 121.871: [Tenured: 23540K->11821K(39240K), 0.0420945 secs] 23594K->11821K(42248K), [Perm : 19K->19K(8192K)], 0.0422059 secs]
121.918: [GC 121.918: [DefNew: 53K->0K(3008K), 0.0004271 secs]121.918: [Tenured: 11821K->11821K(39240K), 0.0189376 secs] 11875K->11821K(42248K), 0.0194916 secs]
121.942: [GC 121.942: [DefNew: 53K->0K(3008K), 0.0004643 secs]121.943: [Tenured: 15728K->15728K(39240K), 0.0190399 secs] 15781K->15728K(42248K), 0.0196313 secs]
121.970: [GC 121.970: [DefNew: 53K->0K(3008K), 0.0005193 secs]121.970: [Tenured: 19634K->19634K(39240K), 0.0192315 secs] 19688K->19634K(42248K), 0.0198816 secs]
121.994: [Full GC 121.994: [Tenured: 23540K->23540K(39240K), 0.0340172 secs] 23540K->23540K(42248K), [Perm : 19K->19K(8192K)], 0.0341365 secs]
122.030: [Full GC 122.030: [Tenured: 23540K->11821K(39240K), 0.0400238 secs] 23594K->11821K(42248K), [Perm : 19K->19K(8192K)], 0.0401383 secs]
122.071: [GC 122.071: [DefNew: 53K->0K(3008K), 0.0004101 secs]122.072: [Tenured: 11821K->11821K(39240K), 0.0212343 secs] 11875K->11821K(42248K), 0.0217656 secs]
122.098: [GC 122.098: [DefNew: 53K->0K(3008K), 0.0004788 secs]122.099: [Tenured: 15728K->15728K(39240K), 0.0191809 secs] 15781K->15728K(42248K), 0.0197925 secs]
122.124: [GC 122.124: [DefNew: 53K->0K(3008K), 0.0005177 secs]122.124: [Tenured: 19634K->19634K(39240K), 0.0288632 secs] 19688K->19634K(42248K), 0.0295219 secs]
122.158: [Full GC 122.158: [Tenured: 23540K->23540K(39240K), 0.0192108 secs] 23540K->23540K(42248K), [Perm : 19K->19K(8192K)], 0.0193156 secs]
122.179: [Full GC 122.179: [Tenured: 23540K->11821K(39240K), 0.0423154 secs] 23594K->11821K(42248K), [Perm : 19K->19K(8192K)], 0.0424258 secs]
122.222: [GC 122.222: [DefNew: 53K->0K(3008K), 0.0004059 secs]122.222: [Tenured: 11821K->11821K(39240K), 0.0213267 secs] 11875K->11821K(42248K), 0.0218531 secs]
122.248: [GC 122.248: [DefNew: 53K->0K(3008K), 0.0004635 secs]122.249: [Tenured: 15728K->15727K(39240K), 0.0237670 secs] 15781K->15727K(42248K), 0.0243894 secs]
122.278: [GC 122.278: [DefNew: 53K->0K(3008K), 0.0005632 secs]122.279: [Tenured: 19634K->19634K(39240K), 0.0191413 secs] 19687K->19634K(42248K), 0.0198335 secs]
122.302: [Full GC 122.303: [Tenured: 23540K->23540K(39240K), 0.0193332 secs] 23540K->23540K(42248K), [Perm : 19K->19K(8192K)], 0.0194374 secs]
122.323: [Full GC 122.323: [Tenured: 23540K->11821K(39240K), 0.0419034 secs] 23594K->11821K(42248K), [Perm : 19K->19K(8192K)], 0.0420140 secs]
122.366: [GC 122.366: [DefNew: 53K->0K(3008K), 0.0004056 secs]122.367: [Tenured: 11821K->11821K(39240K), 0.0189949 secs] 11875K->11821K(42248K), 0.0195232 secs]
122.393: [GC 122.393: [DefNew: 53K->0K(3008K), 0.0004797 secs]122.394: [Tenured: 15728K->15728K(39240K), 0.0190488 secs] 15781K->15728K(42248K), 0.0196598 secs]
122.418: [GC 122.418: [DefNew: 53K->0K(3008K), 0.0005129 secs]122.419: [Tenured: 19634K->19634K(39240K), 0.0191234 secs] 19688K->19634K(42248K), 0.0197656 secs]
122.442: [Full GC 122.442: [Tenured: 23540K->23540K(39240K), 0.0193284 secs] 23540K->23540K(42248K), [Perm : 19K->19K(8192K)], 0.0194324 secs]
122.463: [Full GC 122.463: [Tenured: 23540K->11821K(39240K), 0.0400213 secs] 23594K->11821K(42248K), [Perm : 19K->19K(8192K)], 0.0401308 secs]
122.503: [GC 122.503: [DefNew: 53K->0K(3008K), 0.0004006 secs]122.504: [Tenured: 11821K->11821K(39240K), 0.0190642 secs] 11875K->11821K(42248K), 0.0195835 secs]
122.528: [GC 122.528: [DefNew: 53K->0K(3008K), 0.0004707 secs]122.528: [Tenured: 15728K->15728K(39240K), 0.0190429 secs] 15781K->15728K(42248K), 0.0196419 secs]
122.557: [GC 122.557: [DefNew: 53K->0K(3008K), 0.0005188 secs]122.557: [Tenured: 19634K->19634K(39240K), 0.0190840 secs] 19688K->19634K(42248K), 0.0197371 secs]
122.581: [Full GC 122.581: [Tenured: 23540K->23540K(39240K), 0.0343200 secs] 23540K->23540K(42248K), [Perm : 19K->19K(8192K)], 0.0344385 secs]
122.618: [Full GC 122.618: [Tenured: 23540K->11821K(39240K), 0.0421609 secs] 23594K->11821K(42248K), [Perm : 19K->19K(8192K)], 0.0422800 secs]
122.684: [GC 122.684: [DefNew: 53K->0K(3008K), 0.0004269 secs]122.684: [Tenured: 11821K->11821K(39240K), 0.0190845 secs] 11875K->11821K(42248K), 0.0196438 secs]
122.709: [GC 122.709: [DefNew: 53K->0K(3008K), 0.0004758 secs]122.709: [Tenured: 15728K->15728K(39240K), 0.0190549 secs] 15781K->15728K(42248K), 0.0196631 secs]
122.733: [GC 122.733: [DefNew: 53K->0K(3008K), 0.0005177 secs]122.734: [Tenured: 19634K->19634K(39240K), 0.0289093 secs] 19688K->19634K(42248K), 0.0295711 secs]
122.768: [Full GC 122.768: [Tenured: 23540K->23540K(39240K), 0.0191977 secs] 23540K->23540K(42248K), [Perm : 19K->19K(8192K)], 0.0193013 secs]
122.788: [Full GC 122.788: [Tenured: 23540K->11821K(39240K), 0.0400797 secs] 23594K->11821K(42248K), [Perm : 19K->19K(8192K)], 0.0401861 secs]
122.834: [GC 122.835: [DefNew: 53K->0K(3008K), 0.0004252 secs]122.835: [Tenured: 11821K->11821K(39240K), 0.0189739 secs] 11875K->11821K(42248K), 0.0195259 secs]
122.859: [GC 122.859: [DefNew: 53K->0K(3008K), 0.0004783 secs]122.860: [Tenured: 15728K->15727K(39240K), 0.0237821 secs] 15781K->15727K(42248K), 0.0243992 secs]
122.889: [GC 122.889: [DefNew: 53K->0K(3008K), 0.0005638 secs]122.890: [Tenured: 19634K->19634K(39240K), 0.0191441 secs] 19687K->19634K(42248K), 0.0198391 secs]
122.914: [Full GC 122.914: [Tenured: 23540K->23540K(39240K), 0.0194223 secs] 23540K->23540K(42248K), [Perm : 19K->19K(8192K)], 0.0195340 secs]
122.935: [Full GC 122.935: [Tenured: 23540K->11821K(39240K), 0.0399598 secs] 23594K->11821K(42248K), [Perm : 19K->19K(8192K)], 0.0400685 secs]
122.975: [GC 122.975: [DefNew: 53K->0K(3008K), 0.0004031 secs]122.976: [Tenured: 11821K->11821K(39240K), 0.0189365 secs] 11875K->11821K(42248K), 0.0194555 secs]
122.999: [GC 122.999: [DefNew: 53K->0K(3008K), 0.0004646 secs]123.000: [Tenured: 15727K->15727K(39240K), 0.0191418 secs] 15781K->15727K(42248K), 0.0197349 secs]
123.024: [GC 123.024: [DefNew: 53K->0K(3008K), 0.0005495 secs]123.025: [Tenured: 19634K->19634K(39240K), 0.0192075 secs] 19687K->19634K(42248K), 0.0198874 secs]
123.049: [Full GC 123.049: [Tenured: 23540K->23540K(39240K), 0.0192050 secs] 23540K->23540K(42248K), [Perm : 19K->19K(8192K)], 0.0193133 secs]
123.070: [Full GC 123.070: [Tenured: 23540K->11821K(39240K), 0.0402632 secs] 23594K->11821K(42248K), [Perm : 19K->19K(8192K)], 0.0403792 secs]
123.111: [GC 123.111: [DefNew: 53K->0K(3008K), 0.0004160 secs]123.111: [Tenured: 11821K->11821K(39240K), 0.0195083 secs] 11875K->11821K(42248K), 0.0200514 secs]
123.136: [GC 123.137: [DefNew: 53K->0K(3008K), 0.0004786 secs]123.137: [Tenured: 15728K->15728K(39240K), 0.0190329 secs] 15781K->15728K(42248K), 0.0198028 secs]
123.161: [GC 123.161: [DefNew: 53K->0K(3008K), 0.0005154 secs]123.162: [Tenured: 19634K->19634K(39240K), 0.0191192 secs] 19688K->19634K(42248K), 0.0197642 secs]
123.186: [Full GC 123.186: [Tenured: 23540K->23540K(39240K), 0.0338465 secs] 23540K->23540K(42248K), [Perm : 19K->19K(8192K)], 0.0339619 secs]
123.221: [Full GC 123.221: [Tenured: 23540K->11821K(39240K), 0.0400062 secs] 23594K->11821K(42248K), [Perm : 19K->19K(8192K)], 0.0401140 secs]
123.261: [GC 123.262: [DefNew: 53K->0K(3008K), 0.0004028 secs]123.262: [Tenured: 11821K->11821K(39240K), 0.0189136 secs] 11875K->11821K(42248K), 0.0194338 secs]
123.286: [GC 123.286: [DefNew: 53K->0K(3008K), 0.0004623 secs]123.286: [Tenured: 15728K->15728K(39240K), 0.0190429 secs] 15781K->15728K(42248K), 0.0196315 secs]
123.310: [GC 123.310: [DefNew: 53K->0K(3008K), 0.0005185 secs]123.311: [Tenured: 19634K->19634K(39240K), 0.0288545 secs] 19688K->19634K(42248K), 0.0295138 secs]
123.345: [Full GC 123.345: [Tenured: 23540K->23540K(39240K), 0.0195315 secs] 23540K->23540K(42248K), [Perm : 19K->19K(8192K)], 0.0196346 secs]
123.366: [Full GC 123.366: [Tenured: 23540K->11821K(39240K), 0.0399783 secs] 23594K->11821K(42248K), [Perm : 19K->19K(8192K)], 0.0400886 secs]
123.406: [GC 123.406: [DefNew: 53K->0K(3008K), 0.0004012 secs]123.407: [Tenured: 11821K->11821K(39240K), 0.0191044 secs] 11875K->11821K(42248K), 0.0196262 secs]
123.431: [GC 123.431: [DefNew: 53K->0K(3008K), 0.0004663 secs]123.431: [Tenured: 15728K->15727K(39240K), 0.0241218 secs] 15781K->15727K(42248K), 0.0247316 secs]
123.460: [GC 123.460: [DefNew: 53K->0K(3008K), 0.0005579 secs]123.461: [Tenured: 19634K->19634K(39240K), 0.0191334 secs] 19687K->19634K(42248K), 0.0198201 secs]
123.485: [Full GC 123.485: [Tenured: 23540K->23540K(39240K), 0.0192424 secs] 23540K->23540K(42248K), [Perm : 19K->19K(8192K)], 0.0193474 secs]
123.505: [Full GC 123.505: [Tenured: 23540K->11821K(39240K), 0.0401034 secs] 23594K->11821K(42248K), [Perm : 19K->19K(8192K)], 0.0402118 secs]
123.546: [GC 123.546: [DefNew: 53K->0K(3008K), 0.0004020 secs]123.546: [Tenured: 11821K->11821K(39240K), 0.0189032 secs] 11875K->11821K(42248K), 0.0194231 secs]
123.570: [GC 123.570: [DefNew: 53K->0K(3008K), 0.0004682 secs]123.570: [Tenured: 15728K->15728K(39240K), 0.0191698 secs] 15781K->15728K(42248K), 0.0197718 secs]
123.594: [GC 123.594: [DefNew: 53K->0K(3008K), 0.0005115 secs]123.595: [Tenured: 19634K->19634K(39240K), 0.0191242 secs] 19688K->19634K(42248K), 0.0197634 secs]
123.620: [Full GC 123.620: [Tenured: 23540K->23540K(39240K), 0.0191837 secs] 23540K->23540K(42248K), [Perm : 19K->19K(8192K)], 0.0192907 secs]
123.640: [Full GC 123.640: [Tenured: 23540K->11821K(39240K), 0.0400249 secs] 23594K->11821K(42248K), [Perm : 19K->19K(8192K)], 0.0401308 secs]
123.704: [GC 123.704: [DefNew: 53K->0K(3008K), 0.0004266 secs]123.704: [Tenured: 11821K->11821K(39240K), 0.0189186 secs] 11875K->11821K(42248K), 0.0194706 secs]
123.728: [GC 123.728: [DefNew: 53K->0K(3008K), 0.0004610 secs]123.728: [Tenured: 15728K->15728K(39240K), 0.0192871 secs] 15781K->15728K(42248K), 0.0198799 secs]
123.752: [GC 123.752: [DefNew: 53K->0K(3008K), 0.0005079 secs]123.753: [Tenured: 19634K->19634K(39240K), 0.0191077 secs] 19688K->19634K(42248K), 0.0197416 secs]
123.777: [Full GC 123.777: [Tenured: 23540K->23540K(39240K), 0.0338906 secs] 23540K->23540K(42248K), [Perm : 19K->19K(8192K)], 0.0340105 secs]
123.812: [Full GC 123.812: [Tenured: 23540K->11821K(39240K), 0.0400934 secs] 23594K->11821K(42248K), [Perm : 19K->19K(8192K)], 0.0401990 secs]
123.853: [GC 123.853: [DefNew: 53K->0K(3008K), 0.0004028 secs]123.853: [Tenured: 11821K->11821K(39240K), 0.0190077 secs] 11875K->11821K(42248K), 0.0195321 secs]
123.877: [GC 123.877: [DefNew: 53K->0K(3008K), 0.0004780 secs]123.878: [Tenured: 15728K->15728K(39240K), 0.0190583 secs] 15781K->15728K(42248K), 0.0196667 secs]
123.902: [GC 123.902: [DefNew: 53K->0K(3008K), 0.0005171 secs]123.903: [Tenured: 19634K->19634K(39240K), 0.0289347 secs] 19688K->19634K(42248K), 0.0295923 secs]
123.937: [Full GC 123.937: [Tenured: 23540K->23540K(39240K), 0.0192170 secs] 23540K->23540K(42248K), [Perm : 19K->19K(8192K)], 0.0193248 secs]
123.957: [Full GC 123.957: [Tenured: 23540K->11821K(39240K), 0.0398947 secs] 23594K->11821K(42248K), [Perm : 19K->19K(8192K)], 0.0399978 secs]
123.997: [GC 123.998: [DefNew: 53K->0K(3008K), 0.0004001 secs]123.998: [Tenured: 11821K->11821K(39240K), 0.0189158 secs] 11875K->11821K(42248K), 0.0194326 secs]
124.022: [GC 124.022: [DefNew: 53K->0K(3008K), 0.0004660 secs]124.022: [Tenured: 15728K->15728K(39240K), 0.0191765 secs] 15781K->15728K(42248K), 0.0197718 secs]
124.047: [GC 124.047: [DefNew: 53K->0K(3008K), 0.0005182 secs]124.047: [Tenured: 19634K->19634K(39240K), 0.0192879 secs] 19688K->19634K(42248K), 0.0199386 secs]
124.072: [Full GC 124.072: [Tenured: 23540K->23540K(39240K), 0.0192164 secs] 23540K->23540K(42248K), [Perm : 19K->19K(8192K)], 0.0193231 secs]
124.092: [Full GC 124.092: [Tenured: 23540K->11821K(39240K), 0.0400814 secs] 23594K->11821K(42248K), [Perm : 19K->19K(8192K)], 0.0401886 secs]
124.133: [GC 124.133: [DefNew: 53K->0K(3008K), 0.0004179 secs]124.133: [Tenured: 11821K->11821K(39240K), 0.0191058 secs] 11875K->11821K(42248K), 0.0196486 secs]
124.157: [GC 124.157: [DefNew: 53K->0K(3008K), 0.0004702 secs]124.158: [Tenured: 15727K->15727K(39240K), 0.0190438 secs] 15781K->15727K(42248K), 0.0196438 secs]
124.182: [GC 124.182: [DefNew: 53K->0K(3008K), 0.0005515 secs]124.182: [Tenured: 19634K->19634K(39240K), 0.0191047 secs] 19687K->19634K(42248K), 0.0197807 secs]
124.206: [Full GC 124.206: [Tenured: 23540K->23540K(39240K), 0.0192153 secs] 23540K->23540K(42248K), [Perm : 19K->19K(8192K)], 0.0193192 secs]
124.229: [Full GC 124.229: [Tenured: 23540K->11821K(39240K), 0.0397958 secs] 23594K->11821K(42248K), [Perm : 19K->19K(8192K)], 0.0399112 secs]
124.269: [GC 124.269: [DefNew: 53K->0K(3008K), 0.0004054 secs]124.270: [Tenured: 11821K->11821K(39240K), 0.0189549 secs] 11875K->11821K(42248K), 0.0194815 secs]
124.293: [GC 124.294: [DefNew: 53K->0K(3008K), 0.0004693 secs]124.294: [Tenured: 15728K->15728K(39240K), 0.0190390 secs] 15781K->15728K(42248K), 0.0196360 secs]
124.319: [GC 124.319: [DefNew: 53K->0K(3008K), 0.0005193 secs]124.319: [Tenured: 19634K->19634K(39240K), 0.0191804 secs] 19688K->19634K(42248K), 0.0198302 secs]
124.343: [Full GC 124.343: [Tenured: 23540K->23540K(39240K), 0.0339909 secs] 23540K->23540K(42248K), [Perm : 19K->19K(8192K)], 0.0341082 secs]
124.379: [Full GC 124.379: [Tenured: 23540K->11821K(39240K), 0.0401160 secs] 23594K->11821K(42248K), [Perm : 19K->19K(8192K)], 0.0402291 secs]
124.420: [GC 124.420: [DefNew: 53K->0K(3008K), 0.0004051 secs]124.420: [Tenured: 11821K->11821K(39240K), 0.0189245 secs] 11875K->11821K(42248K), 0.0194480 secs]
124.444: [GC 124.444: [DefNew: 53K->0K(3008K), 0.0004752 secs]124.445: [Tenured: 15727K->15727K(39240K), 0.0194000 secs] 15781K->15727K(42248K), 0.0200118 secs]
124.469: [GC 124.469: [DefNew: 53K->0K(3008K), 0.0005596 secs]124.470: [Tenured: 19634K->19634K(39240K), 0.0191399 secs] 19687K->19634K(42248K), 0.0198307 secs]
124.494: [Full GC 124.494: [Tenured: 23540K->23540K(39240K), 0.0206177 secs] 23540K->23540K(42248K), [Perm : 19K->19K(8192K)], 0.0207353 secs]
124.520: [Full GC 124.520: [Tenured: 23540K->11821K(39240K), 0.0399866 secs] 23594K->11821K(42248K), [Perm : 19K->19K(8192K)], 0.0401017 secs]
124.560: [GC 124.561: [DefNew: 53K->0K(3008K), 0.0004026 secs]124.561: [Tenured: 11821K->11821K(39240K), 0.0189099 secs] 11875K->11821K(42248K), 0.0194290 secs]
124.585: [GC 124.585: [DefNew: 53K->0K(3008K), 0.0004693 secs]124.585: [Tenured: 15728K->15728K(39240K), 0.0191172 secs] 15781K->15728K(42248K), 0.0197223 secs]
124.609: [GC 124.609: [DefNew: 53K->0K(3008K), 0.0005138 secs]124.610: [Tenured: 19634K->19634K(39240K), 0.0191731 secs] 19688K->19634K(42248K), 0.0198176 secs]
124.634: [Full GC 124.634: [Tenured: 23540K->23540K(39240K), 0.0192538 secs] 23540K->23540K(42248K), [Perm : 19K->19K(8192K)], 0.0193594 secs]
124.656: [Full GC 124.656: [Tenured: 23540K->11821K(39240K), 0.0398685 secs] 23594K->11821K(42248K), [Perm : 19K->19K(8192K)], 0.0399827 secs]
124.718: [GC 124.718: [DefNew: 53K->0K(3008K), 0.0004271 secs]124.719: [Tenured: 11821K->11821K(39240K), 0.0189301 secs] 11875K->11821K(42248K), 0.0194849 secs]
124.743: [GC 124.743: [DefNew: 53K->0K(3008K), 0.0004808 secs]124.744: [Tenured: 15728K->15728K(39240K), 0.0191239 secs] 15781K->15728K(42248K), 0.0197388 secs]
124.768: [GC 124.768: [DefNew: 53K->0K(3008K), 0.0005090 secs]124.768: [Tenured: 19634K->19634K(39240K), 0.0191474 secs] 19688K->19634K(42248K), 0.0197863 secs]
124.793: [Full GC 124.793: [Tenured: 23540K->23540K(39240K), 0.0192195 secs] 23540K->23540K(42248K), [Perm : 19K->19K(8192K)], 0.0193270 secs]
124.814: [Full GC 124.815: [Tenured: 23540K->11821K(39240K), 0.0400579 secs] 23594K->11821K(42248K), [Perm : 19K->19K(8192K)], 0.0401719 secs]
124.855: [GC 124.855: [DefNew: 53K->0K(3008K), 0.0004040 secs]124.855: [Tenured: 11821K->11821K(39240K), 0.0190577 secs] 11875K->11821K(42248K), 0.0195818 secs]
124.879: [GC 124.879: [DefNew: 53K->0K(3008K), 0.0004688 secs]124.880: [Tenured: 15728K->15728K(39240K), 0.0190312 secs] 15781K->15728K(42248K), 0.0196282 secs]
124.905: [GC 124.905: [DefNew: 53K->0K(3008K), 0.0005202 secs]124.905: [Tenured: 19634K->19634K(39240K), 0.0191396 secs] 19688K->19634K(42248K), 0.0197902 secs]
124.929: [Full GC 124.929: [Tenured: 23540K->23540K(39240K), 0.0338149 secs] 23540K->23540K(42248K), [Perm : 19K->19K(8192K)], 0.0339540 secs]
124.964: [Full GC 124.964: [Tenured: 23540K->11821K(39240K), 0.0398967 secs] 23594K->11821K(42248K), [Perm : 19K->19K(8192K)], 0.0400034 secs]
125.008: [GC 125.008: [DefNew: 53K->0K(3008K), 0.0004260 secs]125.009: [Tenured: 11821K->11821K(39240K), 0.0189812 secs] 11875K->11821K(42248K), 0.0195363 secs]
125.033: [GC 125.033: [DefNew: 53K->0K(3008K), 0.0004685 secs]125.033: [Tenured: 15728K->15728K(39240K), 0.0190689 secs] 15781K->15728K(42248K), 0.0196673 secs]
125.059: [GC 125.059: [DefNew: 53K->0K(3008K), 0.0005207 secs]125.060: [Tenured: 19634K->19634K(39240K), 0.0290738 secs] 19688K->19634K(42248K), 0.0297401 secs]
125.094: [Full GC 125.094: [Tenured: 23540K->23540K(39240K), 0.0192033 secs] 23540K->23540K(42248K), [Perm : 19K->19K(8192K)], 0.0193075 secs]
125.115: [Full GC 125.115: [Tenured: 23540K->11821K(39240K), 0.0396567 secs] 23594K->11821K(42248K), [Perm : 19K->19K(8192K)], 0.0397668 secs]
125.156: [GC 125.156: [DefNew: 53K->0K(3008K), 0.0004252 secs]125.157: [Tenured: 11821K->11821K(39240K), 0.0190547 secs] 11875K->11821K(42248K), 0.0196064 secs]
125.180: [GC 125.180: [DefNew: 53K->0K(3008K), 0.0004646 secs]125.181: [Tenured: 15728K->15727K(39240K), 0.0237810 secs] 15781K->15727K(42248K), 0.0243833 secs]
125.210: [GC 125.210: [DefNew: 53K->0K(3008K), 0.0005554 secs]125.211: [Tenured: 19634K->19634K(39240K), 0.0191932 secs] 19687K->19634K(42248K), 0.0198799 secs]
125.234: [Full GC 125.234: [Tenured: 23540K->23540K(39240K), 0.0192027 secs] 23540K->23540K(42248K), [Perm : 19K->19K(8192K)], 0.0193044 secs]
125.257: [Full GC 125.257: [Tenured: 23540K->11821K(39240K), 0.0400568 secs] 23594K->11821K(42248K), [Perm : 19K->19K(8192K)], 0.0401705 secs]
125.297: [GC 125.297: [DefNew: 53K->0K(3008K), 0.0004023 secs]125.298: [Tenured: 11821K->11821K(39240K), 0.0189309 secs] 11875K->11821K(42248K), 0.0194539 secs]
125.321: [GC 125.321: [DefNew: 53K->0K(3008K), 0.0004705 secs]125.322: [Tenured: 15728K->15728K(39240K), 0.0190639 secs] 15781K->15728K(42248K), 0.0196640 secs]
125.346: [GC 125.346: [DefNew: 53K->0K(3008K), 0.0005045 secs]125.346: [Tenured: 19634K->19634K(39240K), 0.0194628 secs] 19688K->19634K(42248K), 0.0202794 secs]
125.371: [Full GC 125.371: [Tenured: 23540K->23540K(39240K), 0.0193790 secs] 23540K->23540K(42248K), [Perm : 19K->19K(8192K)], 0.0194874 secs]
125.393: [Full GC 125.393: [Tenured: 23540K->11821K(39240K), 0.0398763 secs] 23594K->11821K(42248K), [Perm : 19K->19K(8192K)], 0.0399908 secs]
125.434: [GC 125.434: [DefNew: 53K->0K(3008K), 0.0004235 secs]125.435: [Tenured: 11821K->11821K(39240K), 0.0190357 secs] 11875K->11821K(42248K), 0.0195852 secs]
125.458: [GC 125.458: [DefNew: 53K->0K(3008K), 0.0004593 secs]125.459: [Tenured: 15728K->15728K(39240K), 0.0190351 secs] 15781K->15728K(42248K), 0.0196212 secs]
125.483: [GC 125.483: [DefNew: 53K->0K(3008K), 0.0005112 secs]125.484: [Tenured: 19634K->19634K(39240K), 0.0191977 secs] 19688K->19634K(42248K), 0.0198430 secs]
125.510: [Full GC 125.510: [Tenured: 23540K->23540K(39240K), 0.0339026 secs] 23540K->23540K(42248K), [Perm : 19K->19K(8192K)], 0.0340230 secs]
125.546: [Full GC 125.546: [Tenured: 23540K->11821K(39240K), 0.0400487 secs] 23594K->11821K(42248K), [Perm : 19K->19K(8192K)], 0.0401612 secs]
125.586: [GC 125.586: [DefNew: 53K->0K(3008K), 0.0003995 secs]125.587: [Tenured: 11821K->11821K(39240K), 0.0189954 secs] 11875K->11821K(42248K), 0.0195151 secs]
125.611: [GC 125.611: [DefNew: 53K->0K(3008K), 0.0004635 secs]125.611: [Tenured: 15727K->15727K(39240K), 0.0190371 secs] 15781K->15727K(42248K), 0.0196257 secs]
125.636: [GC 125.636: [DefNew: 53K->0K(3008K), 0.0005543 secs]125.636: [Tenured: 19634K->19634K(39240K), 0.0191720 secs] 19687K->19634K(42248K), 0.0198576 secs]
125.660: [Full GC 125.660: [Tenured: 23540K->23540K(39240K), 0.0192050 secs] 23540K->23540K(42248K), [Perm : 19K->19K(8192K)], 0.0193108 secs]
125.707: [Full GC 125.707: [Tenured: 23540K->11821K(39240K), 0.0396726 secs] 23594K->11821K(42248K), [Perm : 19K->19K(8192K)], 0.0397877 secs]
125.748: [GC 125.748: [DefNew: 53K->0K(3008K), 0.0004244 secs]125.749: [Tenured: 11821K->11821K(39240K), 0.0189178 secs] 11875K->11821K(42248K), 0.0194684 secs]
125.773: [GC 125.773: [DefNew: 53K->0K(3008K), 0.0004718 secs]125.773: [Tenured: 15728K->15727K(39240K), 0.0239849 secs] 15781K->15727K(42248K), 0.0246023 secs]
125.802: [GC 125.802: [DefNew: 53K->0K(3008K), 0.0005551 secs]125.803: [Tenured: 19634K->19634K(39240K), 0.0191251 secs] 19687K->19634K(42248K), 0.0198059 secs]
125.827: [Full GC 125.827: [Tenured: 23540K->23540K(39240K), 0.0191876 secs] 23540K->23540K(42248K), [Perm : 19K->19K(8192K)], 0.0192882 secs]
125.850: [Full GC 125.850: [Tenured: 23540K->11821K(39240K), 0.0396958 secs] 23594K->11821K(42248K), [Perm : 19K->19K(8192K)], 0.0398126 secs]
125.890: [GC 125.890: [DefNew: 53K->0K(3008K), 0.0005436 secs]125.891: [Tenured: 11821K->11821K(39240K), 0.0189178 secs] 11875K->11821K(42248K), 0.0195813 secs]
125.915: [GC 125.915: [DefNew: 53K->0K(3008K), 0.0004623 secs]125.915: [Tenured: 15728K->15728K(39240K), 0.0191516 secs] 15781K->15728K(42248K), 0.0197452 secs]
125.939: [GC 125.939: [DefNew: 53K->0K(3008K), 0.0005073 secs]125.940: [Tenured: 19634K->19634K(39240K), 0.0191128 secs] 19688K->19634K(42248K), 0.0197466 secs]
125.965: [Full GC 125.965: [Tenured: 23540K->23540K(39240K), 0.0192139 secs] 23540K->23540K(42248K), [Perm : 19K->19K(8192K)], 0.0193201 secs]
125.987: [Full GC 125.987: [Tenured: 23540K->11821K(39240K), 0.0397654 secs] 23594K->11821K(42248K), [Perm : 19K->19K(8192K)], 0.0398808 secs]
126.029: [GC 126.029: [DefNew: 53K->0K(3008K), 0.0004255 secs]126.029: [Tenured: 11821K->11821K(39240K), 0.0189102 secs] 11875K->11821K(42248K), 0.0194606 secs]
126.053: [GC 126.053: [DefNew: 53K->0K(3008K), 0.0004755 secs]126.054: [Tenured: 15728K->15728K(39240K), 0.0191156 secs] 15781K->15728K(42248K), 0.0197257 secs]
126.078: [GC 126.078: [DefNew: 53K->0K(3008K), 0.0005068 secs]126.078: [Tenured: 19634K->19634K(39240K), 0.0192681 secs] 19688K->19634K(42248K), 0.0199036 secs]
126.102: [Full GC 126.102: [Tenured: 23540K->23540K(39240K), 0.0338490 secs] 23540K->23540K(42248K), [Perm : 19K->19K(8192K)], 0.0339619 secs]
126.138: [Full GC 126.138: [Tenured: 23540K->11821K(39240K), 0.0399531 secs] 23594K->11821K(42248K), [Perm : 19K->19K(8192K)], 0.0400629 secs]
126.178: [GC 126.178: [DefNew: 53K->0K(3008K), 0.0003998 secs]126.179: [Tenured: 11821K->11821K(39240K), 0.0189742 secs] 11875K->11821K(42248K), 0.0194933 secs]
126.203: [GC 126.203: [DefNew: 53K->0K(3008K), 0.0004777 secs]126.204: [Tenured: 15727K->15727K(39240K), 0.0190586 secs] 15781K->15727K(42248K), 0.0196676 secs]
126.227: [GC 126.227: [DefNew: 53K->0K(3008K), 0.0005490 secs]126.228: [Tenured: 19634K->19634K(39240K), 0.0191457 secs] 19687K->19634K(42248K), 0.0198215 secs]
126.252: [Full GC 126.252: [Tenured: 23540K->23540K(39240K), 0.0192209 secs] 23540K->23540K(42248K), [Perm : 19K->19K(8192K)], 0.0193268 secs]
126.273: [Full GC 126.273: [Tenured: 23540K->11821K(39240K), 0.0400604 secs] 23594K->11821K(42248K), [Perm : 19K->19K(8192K)], 0.0401716 secs]
126.313: [GC 126.313: [DefNew: 53K->0K(3008K), 0.0004012 secs]126.314: [Tenured: 11821K->11821K(39240K), 0.0189248 secs] 11875K->11821K(42248K), 0.0194438 secs]
126.338: [GC 126.338: [DefNew: 53K->0K(3008K), 0.0004948 secs]126.338: [Tenured: 15728K->15728K(39240K), 0.0190974 secs] 15781K->15728K(42248K), 0.0197251 secs]
126.363: [GC 126.363: [DefNew: 53K->0K(3008K), 0.0005213 secs]126.363: [Tenured: 19634K->19634K(39240K), 0.0191231 secs] 19688K->19634K(42248K), 0.0197757 secs]
126.388: [Full GC 126.388: [Tenured: 23540K->23540K(39240K), 0.0196396 secs] 23540K->23540K(42248K), [Perm : 19K->19K(8192K)], 0.0197517 secs]
126.410: [Full GC 126.410: [Tenured: 23540K->11821K(39240K), 0.0408099 secs] 23594K->11821K(42248K), [Perm : 19K->19K(8192K)], 0.0409301 secs]
126.452: [GC 126.452: [DefNew: 53K->0K(3008K), 0.0004179 secs]126.452: [Tenured: 11821K->11821K(39240K), 0.0192703 secs] 11875K->11821K(42248K), 0.0198168 secs]
126.477: [GC 126.477: [DefNew: 53K->0K(3008K), 0.0004799 secs]126.478: [Tenured: 15728K->15728K(39240K), 0.0197053 secs] 15781K->15728K(42248K), 0.0203238 secs]
126.502: [GC 126.503: [DefNew: 53K->0K(3008K), 0.0005205 secs]126.503: [Tenured: 19634K->19634K(39240K), 0.0199020 secs] 19688K->19634K(42248K), 0.0205593 secs]
126.530: [Full GC 126.530: [Tenured: 23540K->23540K(39240K), 0.0195229 secs] 23540K->23540K(42248K), [Perm : 19K->19K(8192K)], 0.0196349 secs]
126.552: [Full GC 126.552: [Tenured: 23540K->11821K(39240K), 0.0408926 secs] 23594K->11821K(42248K), [Perm : 19K->19K(8192K)], 0.0410122 secs]
126.594: [GC 126.595: [DefNew: 53K->0K(3008K), 0.0004213 secs]126.595: [Tenured: 11821K->11821K(39240K), 0.0194072 secs] 11875K->11821K(42248K), 0.0199587 secs]
126.620: [GC 126.620: [DefNew: 53K->0K(3008K), 0.0004763 secs]126.620: [Tenured: 15727K->15727K(39240K), 0.0194050 secs] 15781K->15727K(42248K), 0.0200199 secs]
126.646: [GC 126.646: [DefNew: 53K->0K(3008K), 0.0005668 secs]126.647: [Tenured: 19634K->19634K(39240K), 0.0201503 secs] 19687K->19634K(42248K), 0.0208538 secs]
126.672: [Full GC 126.672: [Tenured: 23540K->23540K(39240K), 0.0199347 secs] 23540K->23540K(42248K), [Perm : 19K->19K(8192K)], 0.0200481 secs]
126.693: [Full GC 126.694: [Tenured: 23540K->11821K(39240K), 0.0409172 secs] 23594K->11821K(42248K), [Perm : 19K->19K(8192K)], 0.0410343 secs]
126.758: [GC 126.758: [DefNew: 53K->0K(3008K), 0.0004263 secs]126.759: [Tenured: 11821K->11821K(39240K), 0.0195776 secs] 11875K->11821K(42248K), 0.0201375 secs]
126.783: [GC 126.783: [DefNew: 53K->0K(3008K), 0.0004752 secs]126.784: [Tenured: 15728K->15728K(39240K), 0.0196514 secs] 15781K->15728K(42248K), 0.0202629 secs]
126.819: [GC 126.819: [DefNew: 53K->0K(3008K), 0.0005216 secs]126.820: [Tenured: 19634K->19634K(39240K), 0.0297138 secs] 19688K->19634K(42248K), 0.0303860 secs]
126.855: [Full GC 126.855: [Tenured: 23540K->23540K(39240K), 0.0198045 secs] 23540K->23540K(42248K), [Perm : 19K->19K(8192K)], 0.0199179 secs]
126.886: [Full GC 126.886: [Tenured: 23540K->11821K(39240K), 0.0405496 secs] 23594K->11821K(42248K), [Perm : 19K->19K(8192K)], 0.0406697 secs]
126.927: [GC 126.927: [DefNew: 53K->0K(3008K), 0.0004140 secs]126.927: [Tenured: 11821K->11821K(39240K), 0.0195226 secs] 11875K->11821K(42248K), 0.0200805 secs]
126.952: [GC 126.952: [DefNew: 53K->0K(3008K), 0.0004799 secs]126.952: [Tenured: 15728K->15728K(39240K), 0.0196888 secs] 15781K->15728K(42248K), 0.0203068 secs]
126.977: [GC 126.978: [DefNew: 53K->0K(3008K), 0.0005185 secs]126.978: [Tenured: 19634K->19634K(39240K), 0.0195561 secs] 19688K->19634K(42248K), 0.0202109 secs]
127.003: [Full GC 127.003: [Tenured: 23540K->23540K(39240K), 0.0198045 secs] 23540K->23540K(42248K), [Perm : 19K->19K(8192K)], 0.0199187 secs]
127.032: [Full GC 127.033: [Tenured: 23540K->11821K(39240K), 0.0406881 secs] 23594K->11821K(42248K), [Perm : 19K->19K(8192K)], 0.0408080 secs]
127.074: [GC 127.074: [DefNew: 53K->0K(3008K), 0.0004171 secs]127.074: [Tenured: 11821K->11821K(39240K), 0.0189072 secs] 11875K->11821K(42248K), 0.0194474 secs]
127.106: [GC 127.106: [DefNew: 53K->0K(3008K), 0.0004822 secs]127.106: [Tenured: 15728K->15728K(39240K), 0.0193963 secs] 15781K->15728K(42248K), 0.0200160 secs]
127.131: [GC 127.131: [DefNew: 53K->0K(3008K), 0.0005163 secs]127.131: [Tenured: 19634K->19634K(39240K), 0.0191672 secs] 19688K->19634K(42248K), 0.0198145 secs]
127.156: [Full GC 127.156: [Tenured: 23540K->23540K(39240K), 0.0192133 secs] 23540K->23540K(42248K), [Perm : 19K->19K(8192K)], 0.0193206 secs]
127.177: [Full GC 127.177: [Tenured: 23540K->11821K(39240K), 0.0404035 secs] 23594K->11821K(42248K), [Perm : 19K->19K(8192K)], 0.0405172 secs]
127.218: [GC 127.218: [DefNew: 53K->0K(3008K), 0.0004115 secs]127.218: [Tenured: 11821K->11821K(39240K), 0.0191200 secs] 11875K->11821K(42248K), 0.0196567 secs]
127.243: [GC 127.243: [DefNew: 53K->0K(3008K), 0.0004783 secs]127.243: [Tenured: 15728K->15728K(39240K), 0.0194955 secs] 15781K->15728K(42248K), 0.0201121 secs]
127.268: [GC 127.269: [DefNew: 53K->0K(3008K), 0.0005210 secs]127.269: [Tenured: 19634K->19634K(39240K), 0.0194159 secs] 19688K->19634K(42248K), 0.0200738 secs]
127.294: [Full GC 127.294: [Tenured: 23540K->23540K(39240K), 0.0347583 secs] 23540K->23540K(42248K), [Perm : 19K->19K(8192K)], 0.0348843 secs]
127.331: [Full GC 127.331: [Tenured: 23540K->11821K(39240K), 0.0400691 secs] 23594K->11821K(42248K), [Perm : 19K->19K(8192K)], 0.0401861 secs]
127.372: [GC 127.372: [DefNew: 53K->0K(3008K), 0.0004084 secs]127.372: [Tenured: 11821K->11821K(39240K), 0.0189253 secs] 11875K->11821K(42248K), 0.0194516 secs]
127.396: [GC 127.396: [DefNew: 53K->0K(3008K), 0.0004668 secs]127.397: [Tenured: 15727K->15727K(39240K), 0.0190343 secs] 15781K->15727K(42248K), 0.0196288 secs]
127.421: [GC 127.421: [DefNew: 53K->0K(3008K), 0.0005632 secs]127.422: [Tenured: 19634K->19634K(39240K), 0.0196693 secs] 19687K->19634K(42248K), 0.0203677 secs]
127.446: [Full GC 127.446: [Tenured: 23540K->23540K(39240K), 0.0195709 secs] 23540K->23540K(42248K), [Perm : 19K->19K(8192K)], 0.0196843 secs]
127.467: [Full GC 127.468: [Tenured: 23540K->11821K(39240K), 0.0403797 secs] 23594K->11821K(42248K), [Perm : 19K->19K(8192K)], 0.0404945 secs]
127.509: [GC 127.509: [DefNew: 53K->0K(3008K), 0.0004199 secs]127.510: [Tenured: 11821K->11821K(39240K), 0.0199036 secs] 11875K->11821K(42248K), 0.0204534 secs]
127.536: [GC 127.536: [DefNew: 53K->0K(3008K), 0.0004777 secs]127.537: [Tenured: 15728K->15727K(39240K), 0.0243721 secs] 15781K->15727K(42248K), 0.0249987 secs]
127.566: [GC 127.566: [DefNew: 53K->0K(3008K), 0.0005632 secs]127.567: [Tenured: 19634K->19634K(39240K), 0.0191362 secs] 19687K->19634K(42248K), 0.0198293 secs]
127.591: [Full GC 127.592: [Tenured: 23540K->23540K(39240K), 0.0196067 secs] 23540K->23540K(42248K), [Perm : 19K->19K(8192K)], 0.0197195 secs]
127.613: [Full GC 127.613: [Tenured: 23540K->11821K(39240K), 0.0403370 secs] 23594K->11821K(42248K), [Perm : 19K->19K(8192K)], 0.0404507 secs]
127.653: [GC 127.653: [DefNew: 53K->0K(3008K), 0.0004073 secs]127.654: [Tenured: 11821K->11821K(39240K), 0.0189412 secs] 11875K->11821K(42248K), 0.0194673 secs]
127.678: [GC 127.678: [DefNew: 53K->0K(3008K), 0.0004735 secs]127.678: [Tenured: 15728K->15728K(39240K), 0.0194055 secs] 15781K->15728K(42248K), 0.0200151 secs]
127.703: [GC 127.703: [DefNew: 53K->0K(3008K), 0.0005216 secs]127.703: [Tenured: 19634K->19634K(39240K), 0.0191779 secs] 19688K->19634K(42248K), 0.0198313 secs]
127.728: [Full GC 127.728: [Tenured: 23540K->23540K(39240K), 0.0193840 secs] 23540K->23540K(42248K), [Perm : 19K->19K(8192K)], 0.0194927 secs]
127.749: [Full GC 127.749: [Tenured: 23540K->11821K(39240K), 0.0400400 secs] 23594K->11821K(42248K), [Perm : 19K->19K(8192K)], 0.0401490 secs]
127.791: [GC 127.791: [DefNew: 53K->0K(3008K), 0.0004244 secs]127.792: [Tenured: 11821K->11821K(39240K), 0.0192435 secs] 11875K->11821K(42248K), 0.0198008 secs]
127.924: [GC 127.924: [DefNew: 53K->0K(3008K), 0.0004827 secs]127.924: [Tenured: 15728K->15728K(39240K), 0.0190887 secs] 15781K->15728K(42248K), 0.0197042 secs]
127.954: [GC 127.954: [DefNew: 53K->0K(3008K), 0.0005219 secs]127.955: [Tenured: 19634K->19634K(39240K), 0.0191326 secs] 19688K->19634K(42248K), 0.0197855 secs]
127.984: [Full GC 127.984: [Tenured: 23540K->23540K(39240K), 0.0338532 secs] 23540K->23540K(42248K), [Perm : 19K->19K(8192K)], 0.0339728 secs]
128.025: [Full GC 128.025: [Tenured: 23540K->11821K(39240K), 0.0399269 secs] 23594K->11821K(42248K), [Perm : 19K->19K(8192K)], 0.0400350 secs]
128.074: [GC 128.074: [DefNew: 53K->0K(3008K), 0.0004260 secs]128.074: [Tenured: 11821K->11821K(39240K), 0.0189351 secs] 11875K->11821K(42248K), 0.0194882 secs]
128.098: [GC 128.098: [DefNew: 53K->0K(3008K), 0.0004665 secs]128.099: [Tenured: 15727K->15727K(39240K), 0.0190510 secs] 15781K->15727K(42248K), 0.0196455 secs]
128.123: [GC 128.123: [DefNew: 53K->0K(3008K), 0.0005621 secs]128.123: [Tenured: 19634K->19634K(39240K), 0.0192080 secs] 19687K->19634K(42248K), 0.0199034 secs]
128.147: [Full GC 128.148: [Tenured: 23540K->23540K(39240K), 0.0192281 secs] 23540K->23540K(42248K), [Perm : 19K->19K(8192K)], 0.0193354 secs]
128.169: [Full GC 128.169: [Tenured: 23540K->11821K(39240K), 0.0399132 secs] 23594K->11821K(42248K), [Perm : 19K->19K(8192K)], 0.0400235 secs]
128.209: [GC 128.209: [DefNew: 53K->0K(3008K), 0.0004001 secs]128.209: [Tenured: 11821K->11821K(39240K), 0.0189167 secs] 11875K->11821K(42248K), 0.0194352 secs]
128.233: [GC 128.233: [DefNew: 53K->0K(3008K), 0.0004769 secs]128.234: [Tenured: 15728K->15728K(39240K), 0.0191988 secs] 15781K->15728K(42248K), 0.0198089 secs]
128.258: [GC 128.258: [DefNew: 53K->0K(3008K), 0.0005051 secs]128.258: [Tenured: 19634K->19634K(39240K), 0.0191390 secs] 19688K->19634K(42248K), 0.0197712 secs]
128.282: [Full GC 128.282: [Tenured: 23540K->23540K(39240K), 0.0192083 secs] 23540K->23540K(42248K), [Perm : 19K->19K(8192K)], 0.0193139 secs]
128.303: [Full GC 128.304: [Tenured: 23540K->11821K(39240K), 0.0421576 secs] 23594K->11821K(42248K), [Perm : 19K->19K(8192K)], 0.0422713 secs]
128.346: [GC 128.346: [DefNew: 53K->0K(3008K), 0.0004020 secs]128.347: [Tenured: 11821K->11821K(39240K), 0.0189228 secs] 11875K->11821K(42248K), 0.0194441 secs]
128.371: [GC 128.371: [DefNew: 53K->0K(3008K), 0.0004802 secs]128.372: [Tenured: 15728K->15728K(39240K), 0.0190348 secs] 15781K->15728K(42248K), 0.0196450 secs]
128.398: [GC 128.398: [DefNew: 53K->0K(3008K), 0.0005210 secs]128.398: [Tenured: 19634K->19634K(39240K), 0.0193212 secs] 19688K->19634K(42248K), 0.0199754 secs]
128.422: [Full GC 128.422: [Tenured: 23540K->23540K(39240K), 0.0195427 secs] 23540K->23540K(42248K), [Perm : 19K->19K(8192K)], 0.0196480 secs]
128.444: [Full GC 128.444: [Tenured: 23540K->11821K(39240K), 0.0424557 secs] 23594K->11821K(42248K), [Perm : 19K->19K(8192K)], 0.0425680 secs]
128.486: [GC 128.487: [DefNew: 53K->0K(3008K), 0.0004006 secs]128.487: [Tenured: 11821K->11821K(39240K), 0.0189731 secs] 11875K->11821K(42248K), 0.0194969 secs]
128.511: [GC 128.511: [DefNew: 53K->0K(3008K), 0.0004649 secs]128.511: [Tenured: 15728K->15728K(39240K), 0.0192653 secs] 15781K->15728K(42248K), 0.0198626 secs]
128.535: [GC 128.535: [DefNew: 53K->0K(3008K), 0.0005165 secs]128.536: [Tenured: 19634K->19634K(39240K), 0.0196698 secs] 19688K->19634K(42248K), 0.0203202 secs]
128.562: [Full GC 128.562: [Tenured: 23540K->23540K(39240K), 0.0342490 secs] 23540K->23540K(42248K), [Perm : 19K->19K(8192K)], 0.0343935 secs]
128.604: [Full GC 128.605: [Tenured: 23540K->11821K(39240K), 0.0437078 secs] 23594K->11821K(42248K), [Perm : 19K->19K(8192K)], 0.0438274 secs]
128.649: [GC 128.649: [DefNew: 53K->0K(3008K), 0.0004082 secs]128.649: [Tenured: 11821K->11821K(39240K), 0.0193173 secs] 11875K->11821K(42248K), 0.0198508 secs]
128.674: [GC 128.674: [DefNew: 53K->0K(3008K), 0.0004752 secs]128.674: [Tenured: 15728K->15728K(39240K), 0.0192589 secs] 15781K->15728K(42248K), 0.0198712 secs]
128.699: [GC 128.699: [DefNew: 53K->0K(3008K), 0.0005185 secs]128.699: [Tenured: 19634K->19634K(39240K), 0.0193821 secs] 19688K->19634K(42248K), 0.0200361 secs]
128.723: [Full GC 128.723: [Tenured: 23540K->23540K(39240K), 0.0194812 secs] 23540K->23540K(42248K), [Perm : 19K->19K(8192K)], 0.0195936 secs]
128.746: [Full GC 128.746: [Tenured: 23540K->11821K(39240K), 0.0426068 secs] 23594K->11821K(42248K), [Perm : 19K->19K(8192K)], 0.0427227 secs]
128.789: [GC 128.789: [DefNew: 53K->0K(3008K), 0.0004079 secs]128.790: [Tenured: 11821K->11821K(39240K), 0.0193120 secs] 11875K->11821K(42248K), 0.0198453 secs]
128.814: [GC 128.814: [DefNew: 53K->0K(3008K), 0.0004769 secs]128.815: [Tenured: 15728K->15728K(39240K), 0.0195536 secs] 15781K->15728K(42248K), 0.0201671 secs]
128.839: [GC 128.839: [DefNew: 53K->0K(3008K), 0.0005149 secs]128.840: [Tenured: 19634K->19634K(39240K), 0.0197533 secs] 19688K->19634K(42248K), 0.0204023 secs]
128.864: [Full GC 128.864: [Tenured: 23540K->23540K(39240K), 0.0199039 secs] 23540K->23540K(42248K), [Perm : 19K->19K(8192K)], 0.0200171 secs]
128.891: [Full GC 128.891: [Tenured: 23540K->11821K(39240K), 0.0405836 secs] 23594K->11821K(42248K), [Perm : 19K->19K(8192K)], 0.0407021 secs]
128.932: [GC 128.932: [DefNew: 53K->0K(3008K), 0.0004101 secs]128.932: [Tenured: 11821K->11821K(39240K), 0.0191784 secs] 11875K->11821K(42248K), 0.0197327 secs]
128.956: [GC 128.957: [DefNew: 53K->0K(3008K), 0.0004777 secs]128.957: [Tenured: 15728K->15728K(39240K), 0.0195827 secs] 15781K->15728K(42248K), 0.0201964 secs]
128.982: [GC 128.982: [DefNew: 53K->0K(3008K), 0.0005188 secs]128.982: [Tenured: 19634K->19634K(39240K), 0.0196642 secs] 19688K->19634K(42248K), 0.0203188 secs]
129.007: [Full GC 129.007: [Tenured: 23540K->23540K(39240K), 0.0200456 secs] 23540K->23540K(42248K), [Perm : 19K->19K(8192K)], 0.0201584 secs]
129.033: [Full GC 129.033: [Tenured: 23540K->11821K(39240K), 0.0405736 secs] 23594K->11821K(42248K), [Perm : 19K->19K(8192K)], 0.0417047 secs]
129.075: [GC 129.075: [DefNew: 53K->0K(3008K), 0.0004503 secs]129.075: [Tenured: 11821K->11821K(39240K), 0.0194120 secs] 11875K->11821K(42248K), 0.0199956 secs]
129.100: [GC 129.100: [DefNew: 53K->0K(3008K), 0.0004794 secs]129.101: [Tenured: 15728K->15728K(39240K), 0.0196075 secs] 15781K->15728K(42248K), 0.0202260 secs]
129.126: [GC 129.126: [DefNew: 53K->0K(3008K), 0.0005171 secs]129.126: [Tenured: 19634K->19634K(39240K), 0.0196936 secs] 19688K->19634K(42248K), 0.0203467 secs]
129.151: [Full GC 129.151: [Tenured: 23540K->23540K(39240K), 0.0197615 secs] 23540K->23540K(42248K), [Perm : 19K->19K(8192K)], 0.0198732 secs]
129.175: [Full GC 129.175: [Tenured: 23540K->11821K(39240K), 0.0429351 secs] 23594K->11821K(42248K), [Perm : 19K->19K(8192K)], 0.0430530 secs]
129.218: [GC 129.218: [DefNew: 53K->0K(3008K), 0.0004104 secs]129.219: [Tenured: 11821K->11821K(39240K), 0.0192617 secs] 11875K->11821K(42248K), 0.0197967 secs]
129.243: [GC 129.243: [DefNew: 53K->0K(3008K), 0.0004777 secs]129.244: [Tenured: 15728K->15728K(39240K), 0.0194078 secs] 15781K->15728K(42248K), 0.0200227 secs]
129.268: [GC 129.268: [DefNew: 53K->0K(3008K), 0.0005185 secs]129.269: [Tenured: 19634K->19634K(39240K), 0.0194240 secs] 19688K->19634K(42248K), 0.0200788 secs]
129.293: [Full GC 129.293: [Tenured: 23540K->23540K(39240K), 0.0192287 secs] 23540K->23540K(42248K), [Perm : 19K->19K(8192K)], 0.0193357 secs]
129.315: [Full GC 129.315: [Tenured: 23540K->11821K(39240K), 0.0400034 secs] 23594K->11821K(42248K), [Perm : 19K->19K(8192K)], 0.0401140 secs]
129.355: [GC 129.355: [DefNew: 53K->0K(3008K), 0.0004006 secs]129.356: [Tenured: 11821K->11821K(39240K), 0.0193561 secs] 11875K->11821K(42248K), 0.0198810 secs]
129.380: [GC 129.380: [DefNew: 53K->0K(3008K), 0.0004774 secs]129.381: [Tenured: 15728K->15728K(39240K), 0.0193921 secs] 15781K->15728K(42248K), 0.0200073 secs]
129.406: [GC 129.406: [DefNew: 53K->0K(3008K), 0.0005171 secs]129.406: [Tenured: 19634K->19634K(39240K), 0.0198461 secs] 19688K->19634K(42248K), 0.0205004 secs]
129.431: [Full GC 129.431: [Tenured: 23540K->23540K(39240K), 0.0199592 secs] 23540K->23540K(42248K), [Perm : 19K->19K(8192K)], 0.0200727 secs]
129.455: [Full GC 129.455: [Tenured: 23540K->11821K(39240K), 0.0431024 secs] 23594K->11821K(42248K), [Perm : 19K->19K(8192K)], 0.0432236 secs]
129.507: [GC 129.507: [DefNew: 53K->0K(3008K), 0.0004260 secs]129.507: [Tenured: 11821K->11821K(39240K), 0.0192541 secs] 11875K->11821K(42248K), 0.0198129 secs]
129.533: [GC 129.534: [DefNew: 53K->0K(3008K), 0.0004788 secs]129.534: [Tenured: 15727K->15727K(39240K), 0.0196335 secs] 15781K->15727K(42248K), 0.0202495 secs]
129.560: [GC 129.560: [DefNew: 53K->0K(3008K), 0.0005663 secs]129.561: [Tenured: 19634K->19634K(39240K), 0.0199537 secs] 19687K->19634K(42248K), 0.0206579 secs]
129.587: [Full GC 129.587: [Tenured: 23540K->23540K(39240K), 0.0195533 secs] 23540K->23540K(42248K), [Perm : 19K->19K(8192K)], 0.0196670 secs]
129.612: [Full GC 129.612: [Tenured: 23540K->11821K(39240K), 0.0403004 secs] 23594K->11821K(42248K), [Perm : 19K->19K(8192K)], 0.0404166 secs]
129.653: [GC 129.653: [DefNew: 53K->0K(3008K), 0.0004098 secs]129.653: [Tenured: 11821K->11821K(39240K), 0.0192594 secs] 11875K->11821K(42248K), 0.0197930 secs]
129.678: [GC 129.678: [DefNew: 53K->0K(3008K), 0.0004783 secs]129.678: [Tenured: 15728K->15728K(39240K), 0.0194623 secs] 15781K->15728K(42248K), 0.0200785 secs]
129.703: [GC 129.703: [DefNew: 53K->0K(3008K), 0.0005160 secs]129.703: [Tenured: 19634K->19634K(39240K), 0.0198011 secs] 19688K->19634K(42248K), 0.0204520 secs]
129.733: [Full GC 129.733: [Tenured: 23540K->23540K(39240K), 0.0345642 secs] 23540K->23540K(42248K), [Perm : 19K->19K(8192K)], 0.0346882 secs]
129.771: [Full GC 129.771: [Tenured: 23540K->11821K(39240K), 0.0405051 secs] 23594K->11821K(42248K), [Perm : 19K->19K(8192K)], 0.0406211 secs]
129.812: [GC 129.812: [DefNew: 53K->0K(3008K), 0.0004090 secs]129.812: [Tenured: 11821K->11821K(39240K), 0.0191834 secs] 11875K->11821K(42248K), 0.0197173 secs]
129.837: [GC 129.837: [DefNew: 53K->0K(3008K), 0.0004783 secs]129.837: [Tenured: 15728K->15728K(39240K), 0.0194245 secs] 15781K->15728K(42248K), 0.0200394 secs]
129.862: [GC 129.862: [DefNew: 53K->0K(3008K), 0.0005177 secs]129.863: [Tenured: 19634K->19634K(39240K), 0.0195519 secs] 19688K->19634K(42248K), 0.0202062 secs]
129.893: [Full GC 129.894: [Tenured: 23540K->23540K(39240K), 0.0206007 secs] 23540K->23540K(42248K), [Perm : 19K->19K(8192K)], 0.0207138 secs]
129.917: [Full GC 129.917: [Tenured: 23540K->11821K(39240K), 0.0404912 secs] 23594K->11821K(42248K), [Perm : 19K->19K(8192K)], 0.0406074 secs]
129.958: [GC 129.958: [DefNew: 53K->0K(3008K), 0.0004098 secs]129.959: [Tenured: 11821K->11821K(39240K), 0.0195908 secs] 11875K->11821K(42248K), 0.0201414 secs]
129.983: [GC 129.983: [DefNew: 53K->0K(3008K), 0.0004758 secs]129.984: [Tenured: 15728K->15728K(39240K), 0.0199327 secs] 15781K->15728K(42248K), 0.0205448 secs]
130.009: [GC 130.009: [DefNew: 53K->0K(3008K), 0.0005157 secs]130.009: [Tenured: 19634K->19634K(39240K), 0.0197452 secs] 19688K->19634K(42248K), 0.0203978 secs]
130.034: [Full GC 130.034: [Tenured: 23540K->23540K(39240K), 0.0195011 secs] 23540K->23540K(42248K), [Perm : 19K->19K(8192K)], 0.0196123 secs]
130.057: [Full GC 130.057: [Tenured: 23540K->11821K(39240K), 0.0436924 secs] 23594K->11821K(42248K), [Perm : 19K->19K(8192K)], 0.0438103 secs]
130.103: [GC 130.103: [DefNew: 53K->0K(3008K), 0.0004260 secs]130.104: [Tenured: 11821K->11821K(39240K), 0.0192522 secs] 11875K->11821K(42248K), 0.0198352 secs]
130.132: [GC 130.132: [DefNew: 53K->0K(3008K), 0.0004783 secs]130.133: [Tenured: 15727K->15727K(39240K), 0.0190971 secs] 15781K->15727K(42248K), 0.0197274 secs]
130.157: [GC 130.157: [DefNew: 53K->0K(3008K), 0.0005551 secs]130.157: [Tenured: 19634K->19634K(39240K), 0.0192346 secs] 19687K->19634K(42248K), 0.0199204 secs]
130.181: [Full GC 130.181: [Tenured: 23540K->23540K(39240K), 0.0195815 secs] 23540K->23540K(42248K), [Perm : 19K->19K(8192K)], 0.0196938 secs]
130.228: [Full GC 130.228: [Tenured: 23540K->11821K(39240K), 0.0421065 secs] 23594K->11821K(42248K), [Perm : 19K->19K(8192K)], 0.0422188 secs]
130.270: [GC 130.270: [DefNew: 53K->0K(3008K), 0.0004017 secs]130.271: [Tenured: 11821K->11821K(39240K), 0.0192150 secs] 11875K->11821K(42248K), 0.0197413 secs]
130.310: [GC 130.310: [DefNew: 53K->0K(3008K), 0.0004827 secs]130.311: [Tenured: 15728K->15728K(39240K), 0.0190751 secs] 15781K->15728K(42248K), 0.0196894 secs]
130.334: [GC 130.335: [DefNew: 53K->0K(3008K), 0.0005101 secs]130.335: [Tenured: 19634K->19634K(39240K), 0.0191994 secs] 19688K->19634K(42248K), 0.0198402 secs]
130.359: [Full GC 130.359: [Tenured: 23540K->23540K(39240K), 0.0344563 secs] 23540K->23540K(42248K), [Perm : 19K->19K(8192K)], 0.0345818 secs]
130.397: [Full GC 130.397: [Tenured: 23540K->11821K(39240K), 0.0422171 secs] 23594K->11821K(42248K), [Perm : 19K->19K(8192K)], 0.0423322 secs]
130.439: [GC 130.440: [DefNew: 53K->0K(3008K), 0.0004042 secs]130.440: [Tenured: 11821K->11821K(39240K), 0.0218212 secs] 11875K->11821K(42248K), 0.0223503 secs]
130.467: [GC 130.467: [DefNew: 53K->0K(3008K), 0.0004783 secs]130.468: [Tenured: 15728K->15728K(39240K), 0.0190435 secs] 15781K->15728K(42248K), 0.0196522 secs]
130.492: [GC 130.492: [DefNew: 53K->0K(3008K), 0.0005165 secs]130.492: [Tenured: 19634K->19634K(39240K), 0.0290674 secs] 19688K->19634K(42248K), 0.0297298 secs]
130.527: [Full GC 130.527: [Tenured: 23540K->23540K(39240K), 0.0192072 secs] 23540K->23540K(42248K), [Perm : 19K->19K(8192K)], 0.0193153 secs]
130.548: [Full GC 130.548: [Tenured: 23540K->11821K(39240K), 0.0422610 secs] 23594K->11821K(42248K), [Perm : 19K->19K(8192K)], 0.0423696 secs]
130.590: [GC 130.590: [DefNew: 53K->0K(3008K), 0.0004009 secs]130.591: [Tenured: 11821K->11821K(39240K), 0.0192745 secs] 11875K->11821K(42248K), 0.0197950 secs]
130.615: [GC 130.615: [DefNew: 53K->0K(3008K), 0.0004685 secs]130.615: [Tenured: 15728K->15728K(39240K), 0.0190608 secs] 15781K->15728K(42248K), 0.0196598 secs]
130.640: [GC 130.640: [DefNew: 53K->0K(3008K), 0.0005210 secs]130.641: [Tenured: 19634K->19634K(39240K), 0.0191234 secs] 19688K->19634K(42248K), 0.0197757 secs]
130.665: [Full GC 130.665: [Tenured: 23540K->23540K(39240K), 0.0193022 secs] 23540K->23540K(42248K), [Perm : 19K->19K(8192K)], 0.0194131 secs]
130.686: [Full GC 130.686: [Tenured: 23540K->11821K(39240K), 0.0400671 secs] 23594K->11821K(42248K), [Perm : 19K->19K(8192K)], 0.0401836 secs]
130.727: [GC 130.727: [DefNew: 53K->0K(3008K), 0.0004026 secs]130.727: [Tenured: 11821K->11821K(39240K), 0.0199953 secs] 11875K->11821K(42248K), 0.0205241 secs]
130.753: [GC 130.753: [DefNew: 53K->0K(3008K), 0.0004799 secs]130.753: [Tenured: 15728K->15728K(39240K), 0.0195145 secs] 15781K->15728K(42248K), 0.0201333 secs]
130.779: [GC 130.779: [DefNew: 53K->0K(3008K), 0.0005219 secs]130.780: [Tenured: 19634K->19634K(39240K), 0.0193882 secs] 19688K->19634K(42248K), 0.0200456 secs]
130.805: [Full GC 130.805: [Tenured: 23540K->23540K(39240K), 0.0200752 secs] 23540K->23540K(42248K), [Perm : 19K->19K(8192K)], 0.0203076 secs]
130.830: [Full GC 130.830: [Tenured: 23540K->11821K(39240K), 0.0403495 secs] 23594K->11821K(42248K), [Perm : 19K->19K(8192K)], 0.0404694 secs]
130.871: [GC 130.871: [DefNew: 53K->0K(3008K), 0.0004216 secs]130.872: [Tenured: 11821K->11821K(39240K), 0.0193304 secs] 11875K->11821K(42248K), 0.0198821 secs]
130.897: [GC 130.897: [DefNew: 53K->0K(3008K), 0.0004786 secs]130.897: [Tenured: 15728K->15728K(39240K), 0.0197215 secs] 15781K->15728K(42248K), 0.0203372 secs]
130.923: [GC 130.923: [DefNew: 53K->0K(3008K), 0.0005191 secs]130.924: [Tenured: 19634K->19634K(39240K), 0.0193986 secs] 19688K->19634K(42248K), 0.0200713 secs]
130.949: [Full GC 130.949: [Tenured: 23540K->23540K(39240K), 0.0344720 secs] 23540K->23540K(42248K), [Perm : 19K->19K(8192K)], 0.0345966 secs]
130.985: [Full GC 130.985: [Tenured: 23540K->11821K(39240K), 0.0404060 secs] 23594K->11821K(42248K), [Perm : 19K->19K(8192K)], 0.0406096 secs]
131.026: [GC 131.026: [DefNew: 53K->0K(3008K), 0.0004171 secs]131.027: [Tenured: 11821K->11821K(39240K), 0.0190706 secs] 11875K->11821K(42248K), 0.0196131 secs]
131.051: [GC 131.051: [DefNew: 53K->0K(3008K), 0.0004794 secs]131.052: [Tenured: 15728K->15728K(39240K), 0.0193078 secs] 15781K->15728K(42248K), 0.0199243 secs]
131.078: [GC 131.078: [DefNew: 53K->0K(3008K), 0.0005207 secs]131.078: [Tenured: 19634K->19634K(39240K), 0.0191390 secs] 19688K->19634K(42248K), 0.0197913 secs]
131.103: [Full GC 131.103: [Tenured: 23540K->23540K(39240K), 0.0195377 secs] 23540K->23540K(42248K), [Perm : 19K->19K(8192K)], 0.0196486 secs]
131.125: [Full GC 131.125: [Tenured: 23540K->11821K(39240K), 0.0404493 secs] 23594K->11821K(42248K), [Perm : 19K->19K(8192K)], 0.0405666 secs]
131.166: [GC 131.166: [DefNew: 53K->0K(3008K), 0.0004327 secs]131.166: [Tenured: 11821K->11821K(39240K), 0.0189186 secs] 11875K->11821K(42248K), 0.0194720 secs]
131.191: [GC 131.191: [DefNew: 53K->0K(3008K), 0.0004802 secs]131.192: [Tenured: 15728K->15728K(39240K), 0.0194628 secs] 15781K->15728K(42248K), 0.0200799 secs]
131.221: [GC 131.222: [DefNew: 53K->0K(3008K), 0.0005244 secs]131.222: [Tenured: 19634K->19634K(39240K), 0.0191438 secs] 19688K->19634K(42248K), 0.0197997 secs]
131.246: [Full GC 131.246: [Tenured: 23540K->23540K(39240K), 0.0192055 secs] 23540K->23540K(42248K), [Perm : 19K->19K(8192K)], 0.0193092 secs]
131.266: [Full GC 131.266: [Tenured: 23540K->11821K(39240K), 0.0402213 secs] 23594K->11821K(42248K), [Perm : 19K->19K(8192K)], 0.0403314 secs]
131.307: [GC 131.307: [DefNew: 53K->0K(3008K), 0.0004154 secs]131.308: [Tenured: 11821K->11821K(39240K), 0.0194134 secs] 11875K->11821K(42248K), 0.0199551 secs]
131.333: [GC 131.333: [DefNew: 53K->0K(3008K), 0.0004799 secs]131.333: [Tenured: 15728K->15728K(39240K), 0.0190519 secs] 15781K->15728K(42248K), 0.0196648 secs]
131.358: [GC 131.358: [DefNew: 53K->0K(3008K), 0.0005196 secs]131.359: [Tenured: 19634K->19634K(39240K), 0.0191248 secs] 19688K->19634K(42248K), 0.0197751 secs]
131.383: [Full GC 131.383: [Tenured: 23540K->23540K(39240K), 0.0192189 secs] 23540K->23540K(42248K), [Perm : 19K->19K(8192K)], 0.0193217 secs]
131.403: [Full GC 131.403: [Tenured: 23540K->11821K(39240K), 0.0401727 secs] 23594K->11821K(42248K), [Perm : 19K->19K(8192K)], 0.0402817 secs]
131.444: [GC 131.444: [DefNew: 53K->0K(3008K), 0.0004034 secs]131.444: [Tenured: 11821K->11821K(39240K), 0.0190591 secs] 11875K->11821K(42248K), 0.0195818 secs]
131.468: [GC 131.468: [DefNew: 53K->0K(3008K), 0.0004780 secs]131.469: [Tenured: 15728K->15728K(39240K), 0.0190399 secs] 15781K->15728K(42248K), 0.0196489 secs]
131.493: [GC 131.493: [DefNew: 53K->0K(3008K), 0.0005168 secs]131.494: [Tenured: 19634K->19634K(39240K), 0.0192639 secs] 19688K->19634K(42248K), 0.0199154 secs]
131.518: [Full GC 131.518: [Tenured: 23540K->23540K(39240K), 0.0342111 secs] 23540K->23540K(42248K), [Perm : 19K->19K(8192K)], 0.0343351 secs]
131.555: [Full GC 131.555: [Tenured: 23540K->11821K(39240K), 0.0401247 secs] 23594K->11821K(42248K), [Perm : 19K->19K(8192K)], 0.0402437 secs]
131.596: [GC 131.596: [DefNew: 53K->0K(3008K), 0.0004135 secs]131.597: [Tenured: 11821K->11821K(39240K), 0.0189172 secs] 11875K->11821K(42248K), 0.0194491 secs]
131.621: [GC 131.621: [DefNew: 53K->0K(3008K), 0.0004780 secs]131.622: [Tenured: 15727K->15727K(39240K), 0.0191938 secs] 15781K->15727K(42248K), 0.0198048 secs]
131.646: [GC 131.646: [DefNew: 53K->0K(3008K), 0.0005654 secs]131.647: [Tenured: 19634K->19634K(39240K), 0.0191410 secs] 19687K->19634K(42248K), 0.0198380 secs]
131.671: [Full GC 131.671: [Tenured: 23540K->23540K(39240K), 0.0192119 secs] 23540K->23540K(42248K), [Perm : 19K->19K(8192K)], 0.0193187 secs]
131.691: [Full GC 131.691: [Tenured: 23540K->11821K(39240K), 0.0401160 secs] 23594K->11821K(42248K), [Perm : 19K->19K(8192K)], 0.0402375 secs]
131.733: [GC 131.733: [DefNew: 53K->0K(3008K), 0.0004232 secs]131.733: [Tenured: 11821K->11821K(39240K), 0.0189175 secs] 11875K->11821K(42248K), 0.0194648 secs]
131.757: [GC 131.757: [DefNew: 53K->0K(3008K), 0.0004610 secs]131.757: [Tenured: 15728K->15727K(39240K), 0.0238357 secs] 15781K->15727K(42248K), 0.0244375 secs]
131.787: [GC 131.787: [DefNew: 53K->0K(3008K), 0.0005643 secs]131.787: [Tenured: 19634K->19634K(39240K), 0.0191368 secs] 19687K->19634K(42248K), 0.0198299 secs]
131.811: [Full GC 131.811: [Tenured: 23540K->23540K(39240K), 0.0193466 secs] 23540K->23540K(42248K), [Perm : 19K->19K(8192K)], 0.0194530 secs]
131.832: [Full GC 131.832: [Tenured: 23540K->11821K(39240K), 0.0400299 secs] 23594K->11821K(42248K), [Perm : 19K->19K(8192K)], 0.0401386 secs]
131.872: [GC 131.872: [DefNew: 53K->0K(3008K), 0.0004031 secs]131.873: [Tenured: 11821K->11821K(39240K), 0.0189236 secs] 11875K->11821K(42248K), 0.0194449 secs]
131.897: [GC 131.897: [DefNew: 53K->0K(3008K), 0.0004774 secs]131.897: [Tenured: 15728K->15728K(39240K), 0.0191133 secs] 15781K->15728K(42248K), 0.0197218 secs]
131.921: [GC 131.921: [DefNew: 53K->0K(3008K), 0.0005045 secs]131.922: [Tenured: 19634K->19634K(39240K), 0.0191253 secs] 19688K->19634K(42248K), 0.0197553 secs]
131.946: [Full GC 131.946: [Tenured: 23540K->23540K(39240K), 0.0192228 secs] 23540K->23540K(42248K), [Perm : 19K->19K(8192K)], 0.0193248 secs]
131.967: [Full GC 131.967: [Tenured: 23540K->11821K(39240K), 0.0400327 secs] 23594K->11821K(42248K), [Perm : 19K->19K(8192K)], 0.0401459 secs]
132.008: [GC 132.008: [DefNew: 53K->0K(3008K), 0.0004137 secs]132.008: [Tenured: 11821K->11821K(39240K), 0.0189306 secs] 11875K->11821K(42248K), 0.0194645 secs]
132.032: [GC 132.033: [DefNew: 53K->0K(3008K), 0.0004758 secs]132.033: [Tenured: 15727K->15727K(39240K), 0.0191857 secs] 15781K->15727K(42248K), 0.0197930 secs]
132.057: [GC 132.057: [DefNew: 53K->0K(3008K), 0.0005523 secs]132.058: [Tenured: 19634K->19634K(39240K), 0.0191326 secs] 19687K->19634K(42248K), 0.0198103 secs]
132.083: [Full GC 132.084: [Tenured: 23540K->23540K(39240K), 0.0192337 secs] 23540K->23540K(42248K), [Perm : 19K->19K(8192K)], 0.0193441 secs]
132.107: [Full GC 132.107: [Tenured: 23540K->11821K(39240K), 0.0401618 secs] 23594K->11821K(42248K), [Perm : 19K->19K(8192K)], 0.0402789 secs]
132.147: [GC 132.147: [DefNew: 53K->0K(3008K), 0.0004394 secs]132.148: [Tenured: 11821K->11821K(39240K), 0.0189605 secs] 11875K->11821K(42248K), 0.0195190 secs]
132.173: [GC 132.174: [DefNew: 53K->0K(3008K), 0.0004819 secs]132.174: [Tenured: 15728K->15728K(39240K), 0.0190410 secs] 15781K->15728K(42248K), 0.0196547 secs]
132.199: [GC 132.200: [DefNew: 53K->0K(3008K), 0.0005160 secs]132.200: [Tenured: 19634K->19634K(39240K), 0.0290123 secs] 19688K->19634K(42248K), 0.0296744 secs]
132.235: [Full GC 132.235: [Tenured: 23540K->23540K(39240K), 0.0192064 secs] 23540K->23540K(42248K), [Perm : 19K->19K(8192K)], 0.0193147 secs]
132.257: [Full GC 132.257: [Tenured: 23540K->11821K(39240K), 0.0400367 secs] 23594K->11821K(42248K), [Perm : 19K->19K(8192K)], 0.0401506 secs]
132.298: [GC 132.298: [DefNew: 53K->0K(3008K), 0.0004154 secs]132.298: [Tenured: 11821K->11821K(39240K), 0.0189130 secs] 11875K->11821K(42248K), 0.0194508 secs]
132.322: [GC 132.323: [DefNew: 53K->0K(3008K), 0.0004786 secs]132.323: [Tenured: 15728K->15728K(39240K), 0.0192424 secs] 15781K->15728K(42248K), 0.0198556 secs]
132.348: [GC 132.348: [DefNew: 53K->0K(3008K), 0.0005205 secs]132.348: [Tenured: 19634K->19634K(39240K), 0.0191846 secs] 19688K->19634K(42248K), 0.0198391 secs]
132.373: [Full GC 132.373: [Tenured: 23540K->23540K(39240K), 0.0192619 secs] 23540K->23540K(42248K), [Perm : 19K->19K(8192K)], 0.0193701 secs]
132.394: [Full GC 132.394: [Tenured: 23540K->11821K(39240K), 0.0401816 secs] 23594K->11821K(42248K), [Perm : 19K->19K(8192K)], 0.0402926 secs]
132.435: [GC 132.435: [DefNew: 53K->0K(3008K), 0.0004073 secs]132.435: [Tenured: 11821K->11821K(39240K), 0.0192170 secs] 11875K->11821K(42248K), 0.0197651 secs]
132.459: [GC 132.459: [DefNew: 53K->0K(3008K), 0.0004735 secs]132.460: [Tenured: 15728K->15728K(39240K), 0.0191075 secs] 15781K->15728K(42248K), 0.0197123 secs]
132.484: [GC 132.484: [DefNew: 53K->0K(3008K), 0.0005090 secs]132.484: [Tenured: 19634K->19634K(39240K), 0.0191544 secs] 19688K->19634K(42248K), 0.0197927 secs]
132.508: [Full GC 132.508: [Tenured: 23540K->23540K(39240K), 0.0192279 secs] 23540K->23540K(42248K), [Perm : 19K->19K(8192K)], 0.0193346 secs]
132.529: [Full GC 132.529: [Tenured: 23540K->11821K(39240K), 0.0401529 secs] 23594K->11821K(42248K), [Perm : 19K->19K(8192K)], 0.0402638 secs]
132.570: [GC 132.570: [DefNew: 53K->0K(3008K), 0.0004188 secs]132.570: [Tenured: 11821K->11821K(39240K), 0.0189303 secs] 11875K->11821K(42248K), 0.0194695 secs]
132.594: [GC 132.594: [DefNew: 53K->0K(3008K), 0.0004632 secs]132.595: [Tenured: 15728K->15728K(39240K), 0.0190432 secs] 15781K->15728K(42248K), 0.0196327 secs]
132.618: [GC 132.618: [DefNew: 53K->0K(3008K), 0.0005015 secs]132.619: [Tenured: 19634K->19634K(39240K), 0.0192279 secs] 19688K->19634K(42248K), 0.0198601 secs]
132.644: [Full GC 132.644: [Tenured: 23540K->23540K(39240K), 0.0339940 secs] 23540K->23540K(42248K), [Perm : 19K->19K(8192K)], 0.0341124 secs]
132.679: [Full GC 132.679: [Tenured: 23540K->11821K(39240K), 0.0399780 secs] 23594K->11821K(42248K), [Perm : 19K->19K(8192K)], 0.0400853 secs]
132.719: [GC 132.719: [DefNew: 53K->0K(3008K), 0.0004012 secs]132.720: [Tenured: 11821K->11821K(39240K), 0.0192340 secs] 11875K->11821K(42248K), 0.0197581 secs]
132.747: [GC 132.747: [DefNew: 53K->0K(3008K), 0.0004786 secs]132.748: [Tenured: 15727K->15727K(39240K), 0.0196670 secs] 15781K->15727K(42248K), 0.0202816 secs]
132.775: [GC 132.775: [DefNew: 53K->0K(3008K), 0.0006001 secs]132.776: [Tenured: 19634K->19634K(39240K), 0.0197936 secs] 19687K->19634K(42248K), 0.0205317 secs]
132.805: [Full GC 132.805: [Tenured: 23540K->23540K(39240K), 0.0196802 secs] 23540K->23540K(42248K), [Perm : 19K->19K(8192K)], 0.0197936 secs]
132.828: [Full GC 132.828: [Tenured: 23540K->11821K(39240K), 0.0404191 secs] 23594K->11821K(42248K), [Perm : 19K->19K(8192K)], 0.0405353 secs]
132.870: [GC 132.870: [DefNew: 53K->0K(3008K), 0.0004238 secs]132.870: [Tenured: 11821K->11821K(39240K), 0.0192066 secs] 11875K->11821K(42248K), 0.0197615 secs]
132.896: [GC 132.896: [DefNew: 53K->0K(3008K), 0.0004791 secs]132.896: [Tenured: 15728K->15727K(39240K), 0.0246414 secs] 15781K->15727K(42248K), 0.0252703 secs]
132.928: [GC 132.928: [DefNew: 53K->0K(3008K), 0.0005674 secs]132.928: [Tenured: 19634K->19634K(39240K), 0.0200112 secs] 19687K->19634K(42248K), 0.0207174 secs]
132.956: [Full GC 132.957: [Tenured: 23540K->23540K(39240K), 0.0197612 secs] 23540K->23540K(42248K), [Perm : 19K->19K(8192K)], 0.0198712 secs]
132.984: [Full GC 132.984: [Tenured: 23540K->11821K(39240K), 0.0404599 secs] 23594K->11821K(42248K), [Perm : 19K->19K(8192K)], 0.0405781 secs]
133.031: [GC 133.031: [DefNew: 53K->0K(3008K), 0.0004244 secs]133.032: [Tenured: 11821K->11821K(39240K), 0.0193284 secs] 11875K->11821K(42248K), 0.0198844 secs]
133.062: [GC 133.062: [DefNew: 53K->0K(3008K), 0.0004797 secs]133.063: [Tenured: 15728K->15728K(39240K), 0.0195536 secs] 15781K->15728K(42248K), 0.0201721 secs]
133.092: [GC 133.092: [DefNew: 53K->0K(3008K), 0.0005224 secs]133.092: [Tenured: 19634K->19634K(39240K), 0.0193952 secs] 19688K->19634K(42248K), 0.0200553 secs]
133.118: [Full GC 133.118: [Tenured: 23540K->23540K(39240K), 0.0198874 secs] 23540K->23540K(42248K), [Perm : 19K->19K(8192K)], 0.0200017 secs]
133.141: [Full GC 133.141: [Tenured: 23540K->11821K(39240K), 0.0406926 secs] 23594K->11821K(42248K), [Perm : 19K->19K(8192K)], 0.0408094 secs]
133.182: [GC 133.182: [DefNew: 53K->0K(3008K), 0.0004140 secs]133.183: [Tenured: 11821K->11821K(39240K), 0.0194136 secs] 11875K->11821K(42248K), 0.0199520 secs]
133.208: [GC 133.208: [DefNew: 53K->0K(3008K), 0.0004769 secs]133.209: [Tenured: 15728K->15728K(39240K), 0.0195413 secs] 15781K->15728K(42248K), 0.0201542 secs]
133.233: [GC 133.233: [DefNew: 53K->0K(3008K), 0.0005165 secs]133.234: [Tenured: 19634K->19634K(39240K), 0.0197506 secs] 19688K->19634K(42248K), 0.0204040 secs]
133.259: [Full GC 133.259: [Tenured: 23540K->23540K(39240K), 0.0348963 secs] 23540K->23540K(42248K), [Perm : 19K->19K(8192K)], 0.0350209 secs]
133.295: [Full GC 133.295: [Tenured: 23540K->11821K(39240K), 0.0405755 secs] 23594K->11821K(42248K), [Perm : 19K->19K(8192K)], 0.0406909 secs]
133.337: [GC 133.337: [DefNew: 53K->0K(3008K), 0.0004202 secs]133.337: [Tenured: 11821K->11821K(39240K), 0.0197302 secs] 11875K->11821K(42248K), 0.0202797 secs]
133.362: [GC 133.362: [DefNew: 53K->0K(3008K), 0.0004763 secs]133.363: [Tenured: 15728K->15728K(39240K), 0.0199562 secs] 15781K->15728K(42248K), 0.0205688 secs]
133.388: [GC 133.388: [DefNew: 53K->0K(3008K), 0.0005177 secs]133.389: [Tenured: 19634K->19634K(39240K), 0.0296879 secs] 19688K->19634K(42248K), 0.0303541 secs]
133.424: [Full GC 133.424: [Tenured: 23540K->23540K(39240K), 0.0197648 secs] 23540K->23540K(42248K), [Perm : 19K->19K(8192K)], 0.0198777 secs]
133.446: [Full GC 133.446: [Tenured: 23540K->11821K(39240K), 0.0408532 secs] 23594K->11821K(42248K), [Perm : 19K->19K(8192K)], 0.0409692 secs]
133.488: [GC 133.488: [DefNew: 53K->0K(3008K), 0.0004160 secs]133.488: [Tenured: 11821K->11821K(39240K), 0.0194192 secs] 11875K->11821K(42248K), 0.0199651 secs]
133.513: [GC 133.513: [DefNew: 53K->0K(3008K), 0.0004772 secs]133.513: [Tenured: 15728K->15727K(39240K), 0.0237639 secs] 15781K->15727K(42248K), 0.0243813 secs]
133.542: [GC 133.542: [DefNew: 53K->0K(3008K), 0.0005576 secs]133.543: [Tenured: 19634K->19634K(39240K), 0.0193622 secs] 19687K->19634K(42248K), 0.0200567 secs]
133.578: [Full GC 133.578: [Tenured: 23540K->23540K(39240K), 0.0192502 secs] 23540K->23540K(42248K), [Perm : 19K->19K(8192K)], 0.0193583 secs]
133.599: [Full GC 133.599: [Tenured: 23540K->11821K(39240K), 0.0401629 secs] 23594K->11821K(42248K), [Perm : 19K->19K(8192K)], 0.0402817 secs]
133.650: [GC 133.650: [DefNew: 53K->0K(3008K), 0.0004266 secs]133.650: [Tenured: 11821K->11821K(39240K), 0.0197670 secs] 11875K->11821K(42248K), 0.0203252 secs]
133.675: [GC 133.675: [DefNew: 53K->0K(3008K), 0.0004735 secs]133.676: [Tenured: 15728K->15728K(39240K), 0.0197028 secs] 15781K->15728K(42248K), 0.0205210 secs]
133.701: [GC 133.701: [DefNew: 53K->0K(3008K), 0.0005207 secs]133.701: [Tenured: 19634K->19634K(39240K), 0.0199553 secs] 19688K->19634K(42248K), 0.0206141 secs]
133.726: [Full GC 133.726: [Tenured: 23540K->23540K(39240K), 0.0201235 secs] 23540K->23540K(42248K), [Perm : 19K->19K(8192K)], 0.0202392 secs]
133.748: [Full GC 133.748: [Tenured: 23540K->11821K(39240K), 0.0417768 secs] 23594K->11821K(42248K), [Perm : 19K->19K(8192K)], 0.0418902 secs]
133.790: [GC 133.790: [DefNew: 53K->0K(3008K), 0.0004065 secs]133.790: [Tenured: 11821K->11821K(39240K), 0.0201148 secs] 11875K->11821K(42248K), 0.0206498 secs]
133.816: [GC 133.816: [DefNew: 53K->0K(3008K), 0.0004752 secs]133.816: [Tenured: 15728K->15728K(39240K), 0.0199598 secs] 15781K->15728K(42248K), 0.0205755 secs]
133.841: [GC 133.841: [DefNew: 53K->0K(3008K), 0.0005163 secs]133.842: [Tenured: 19634K->19634K(39240K), 0.0200685 secs] 19688K->19634K(42248K), 0.0207213 secs]
133.867: [Full GC 133.867: [Tenured: 23540K->23540K(39240K), 0.0357179 secs] 23540K->23540K(42248K), [Perm : 19K->19K(8192K)], 0.0358437 secs]
133.979: [Full GC 133.979: [Tenured: 23540K->11821K(39240K), 0.0421682 secs] 23594K->11821K(42248K), [Perm : 19K->19K(8192K)], 0.0425317 secs]
134.023: [GC 134.023: [DefNew: 53K->0K(3008K), 0.0004269 secs]134.024: [Tenured: 11821K->11821K(39240K), 0.0204484 secs] 11875K->11821K(42248K), 0.0210085 secs]
134.050: [GC 134.050: [DefNew: 53K->0K(3008K), 0.0006621 secs]134.051: [Tenured: 15728K->15728K(39240K), 0.0203702 secs] 15781K->15728K(42248K), 0.0211756 secs]
134.079: [GC 134.079: [DefNew: 53K->0K(3008K), 0.0005188 secs]134.079: [Tenured: 19634K->19634K(39240K), 0.0313573 secs] 19688K->19634K(42248K), 0.0320284 secs]
134.119: [Full GC 134.119: [Tenured: 23540K->23540K(39240K), 0.0208024 secs] 23540K->23540K(42248K), [Perm : 19K->19K(8192K)], 0.0209370 secs]
134.143: [Full GC 134.143: [Tenured: 23540K->11821K(39240K), 0.0425308 secs] 23594K->11821K(42248K), [Perm : 19K->19K(8192K)], 0.0426529 secs]
134.189: [GC 134.189: [DefNew: 53K->0K(3008K), 0.0004266 secs]134.189: [Tenured: 11821K->11821K(39240K), 0.0202076 secs] 11875K->11821K(42248K), 0.0207711 secs]
134.218: [GC 134.218: [DefNew: 53K->0K(3008K), 0.0006691 secs]134.219: [Tenured: 15728K->15727K(39240K), 0.0254256 secs] 15781K->15727K(42248K), 0.0262491 secs]
134.268: [GC 134.268: [DefNew: 53K->0K(3008K), 0.0005624 secs]134.268: [Tenured: 19634K->19634K(39240K), 0.0205836 secs] 19687K->19634K(42248K), 0.0212868 secs]
134.296: [Full GC 134.296: [Tenured: 23540K->23540K(39240K), 0.0205691 secs] 23540K->23540K(42248K), [Perm : 19K->19K(8192K)], 0.0206873 secs]
134.318: [Full GC 134.318: [Tenured: 23540K->11821K(39240K), 0.0424342 secs] 23594K->11821K(42248K), [Perm : 19K->19K(8192K)], 0.0425540 secs]
134.362: [GC 134.362: [DefNew: 53K->0K(3008K), 0.0004252 secs]134.363: [Tenured: 11821K->11821K(39240K), 0.0201690 secs] 11875K->11821K(42248K), 0.0207306 secs]
134.420: [GC 134.420: [DefNew: 53K->0K(3008K), 0.0004830 secs]134.421: [Tenured: 15728K->15728K(39240K), 0.0203224 secs] 15781K->15728K(42248K), 0.0209471 secs]
134.448: [GC 134.448: [DefNew: 53K->0K(3008K), 0.0010968 secs]134.449: [Tenured: 19634K->19634K(39240K), 0.0202925 secs] 19688K->19634K(42248K), 0.0217153 secs]
134.476: [Full GC 134.476: [Tenured: 23540K->23540K(39240K), 0.0208711 secs] 23540K->23540K(42248K), [Perm : 19K->19K(8192K)], 0.0209873 secs]
134.500: [Full GC 134.500: [Tenured: 23540K->11821K(39240K), 0.0423897 secs] 23594K->11821K(42248K), [Perm : 19K->19K(8192K)], 0.0425090 secs]
134.549: [GC 134.549: [DefNew: 53K->0K(3008K), 0.0004277 secs]134.550: [Tenured: 11821K->11821K(39240K), 0.0194500 secs] 11875K->11821K(42248K), 0.0200380 secs]
134.575: [GC 134.575: [DefNew: 53K->0K(3008K), 0.0004808 secs]134.576: [Tenured: 15728K->15728K(39240K), 0.0198615 secs] 15781K->15728K(42248K), 0.0204822 secs]
134.601: [GC 134.602: [DefNew: 53K->0K(3008K), 0.0005210 secs]134.602: [Tenured: 19634K->19634K(39240K), 0.0200470 secs] 19688K->19634K(42248K), 0.0207068 secs]
134.628: [Full GC 134.628: [Tenured: 23540K->23540K(39240K), 0.0349273 secs] 23540K->23540K(42248K), [Perm : 19K->19K(8192K)], 0.0350545 secs]
134.668: [Full GC 134.668: [Tenured: 23540K->11821K(39240K), 0.0406982 secs] 23594K->11821K(42248K), [Perm : 19K->19K(8192K)], 0.0408147 secs]
134.711: [GC 134.711: [DefNew: 53K->0K(3008K), 0.0004244 secs]134.711: [Tenured: 11821K->11821K(39240K), 0.0197089 secs] 11875K->11821K(42248K), 0.0202674 secs]
134.737: [GC 134.737: [DefNew: 53K->0K(3008K), 0.0004783 secs]134.737: [Tenured: 15728K->15728K(39240K), 0.0194768 secs] 15781K->15728K(42248K), 0.0200919 secs]
134.764: [GC 134.764: [DefNew: 53K->0K(3008K), 0.0005193 secs]134.765: [Tenured: 19634K->19634K(39240K), 0.0292713 secs] 19688K->19634K(42248K), 0.0299382 secs]
134.800: [Full GC 134.800: [Tenured: 23540K->23540K(39240K), 0.0192117 secs] 23540K->23540K(42248K), [Perm : 19K->19K(8192K)], 0.0193198 secs]
134.820: [Full GC 134.820: [Tenured: 23540K->11821K(39240K), 0.0399054 secs] 23594K->11821K(42248K), [Perm : 19K->19K(8192K)], 0.0400112 secs]
134.861: [GC 134.861: [DefNew: 53K->0K(3008K), 0.0004009 secs]134.861: [Tenured: 11821K->11821K(39240K), 0.0189295 secs] 11875K->11821K(42248K), 0.0194502 secs]
134.885: [GC 134.885: [DefNew: 53K->0K(3008K), 0.0004705 secs]134.885: [Tenured: 15728K->15727K(39240K), 0.0239402 secs] 15781K->15727K(42248K), 0.0245545 secs]
134.915: [GC 134.915: [DefNew: 53K->0K(3008K), 0.0005590 secs]134.915: [Tenured: 19634K->19634K(39240K), 0.0192770 secs] 19687K->19634K(42248K), 0.0199687 secs]
134.939: [Full GC 134.939: [Tenured: 23540K->23540K(39240K), 0.0195413 secs] 23540K->23540K(42248K), [Perm : 19K->19K(8192K)], 0.0196522 secs]
134.961: [Full GC 134.961: [Tenured: 23540K->11821K(39240K), 0.0403666 secs] 23594K->11821K(42248K), [Perm : 19K->19K(8192K)], 0.0404834 secs]
135.004: [GC 135.005: [DefNew: 53K->0K(3008K), 0.0004249 secs]135.005: [Tenured: 11821K->11821K(39240K), 0.0191801 secs] 11875K->11821K(42248K), 0.0197547 secs]
135.030: [GC 135.030: [DefNew: 53K->0K(3008K), 0.0004805 secs]135.031: [Tenured: 15728K->15728K(39240K), 0.0194477 secs] 15781K->15728K(42248K), 0.0200640 secs]
135.056: [GC 135.056: [DefNew: 53K->0K(3008K), 0.0005207 secs]135.057: [Tenured: 19634K->19634K(39240K), 0.0194701 secs] 19688K->19634K(42248K), 0.0201280 secs]
135.081: [Full GC 135.082: [Tenured: 23540K->23540K(39240K), 0.0192100 secs] 23540K->23540K(42248K), [Perm : 19K->19K(8192K)], 0.0193167 secs]
135.105: [Full GC 135.105: [Tenured: 23540K->11821K(39240K), 0.0398481 secs] 23594K->11821K(42248K), [Perm : 19K->19K(8192K)], 0.0399643 secs]
135.145: [GC 135.145: [DefNew: 53K->0K(3008K), 0.0004070 secs]135.146: [Tenured: 11821K->11821K(39240K), 0.0191228 secs] 11875K->11821K(42248K), 0.0196542 secs]
135.202: [GC 135.202: [DefNew: 53K->0K(3008K), 0.0004819 secs]135.202: [Tenured: 15728K->15728K(39240K), 0.0192578 secs] 15781K->15728K(42248K), 0.0198754 secs]
135.227: [GC 135.227: [DefNew: 53K->0K(3008K), 0.0005179 secs]135.227: [Tenured: 19634K->19634K(39240K), 0.0193807 secs] 19688K->19634K(42248K), 0.0200355 secs]
135.253: [Full GC 135.253: [Tenured: 23540K->23540K(39240K), 0.0338769 secs] 23540K->23540K(42248K), [Perm : 19K->19K(8192K)], 0.0339962 secs]
135.288: [Full GC 135.288: [Tenured: 23540K->11821K(39240K), 0.0401914 secs] 23594K->11821K(42248K), [Perm : 19K->19K(8192K)], 0.0403007 secs]
135.329: [GC 135.329: [DefNew: 53K->0K(3008K), 0.0004070 secs]135.329: [Tenured: 11821K->11821K(39240K), 0.0189105 secs] 11875K->11821K(42248K), 0.0194365 secs]
135.353: [GC 135.353: [DefNew: 53K->0K(3008K), 0.0004665 secs]135.353: [Tenured: 15728K->15728K(39240K), 0.0190717 secs] 15781K->15728K(42248K), 0.0196670 secs]
135.377: [GC 135.377: [DefNew: 53K->0K(3008K), 0.0005045 secs]135.378: [Tenured: 19634K->19634K(39240K), 0.0289009 secs] 19688K->19634K(42248K), 0.0295448 secs]
135.412: [Full GC 135.412: [Tenured: 23540K->23540K(39240K), 0.0195008 secs] 23540K->23540K(42248K), [Perm : 19K->19K(8192K)], 0.0196106 secs]
135.433: [Full GC 135.433: [Tenured: 23540K->11821K(39240K), 0.0400976 secs] 23594K->11821K(42248K), [Perm : 19K->19K(8192K)], 0.0402076 secs]
135.473: [GC 135.473: [DefNew: 53K->0K(3008K), 0.0004079 secs]135.474: [Tenured: 11821K->11821K(39240K), 0.0189066 secs] 11875K->11821K(42248K), 0.0194332 secs]
135.498: [GC 135.498: [DefNew: 53K->0K(3008K), 0.0004674 secs]135.498: [Tenured: 15728K->15728K(39240K), 0.0190362 secs] 15781K->15728K(42248K), 0.0196321 secs]
135.522: [GC 135.522: [DefNew: 53K->0K(3008K), 0.0005107 secs]135.523: [Tenured: 19634K->19634K(39240K), 0.0191913 secs] 19688K->19634K(42248K), 0.0198321 secs]
135.547: [Full GC 135.547: [Tenured: 23540K->23540K(39240K), 0.0192117 secs] 23540K->23540K(42248K), [Perm : 19K->19K(8192K)], 0.0193187 secs]
135.567: [Full GC 135.567: [Tenured: 23540K->11821K(39240K), 0.0399763 secs] 23594K->11821K(42248K), [Perm : 19K->19K(8192K)], 0.0400791 secs]
135.608: [GC 135.608: [DefNew: 53K->0K(3008K), 0.0004003 secs]135.608: [Tenured: 11821K->11821K(39240K), 0.0189105 secs] 11875K->11821K(42248K), 0.0194282 secs]
135.632: [GC 135.632: [DefNew: 53K->0K(3008K), 0.0004679 secs]135.632: [Tenured: 15727K->15727K(39240K), 0.0190826 secs] 15781K->15727K(42248K), 0.0196810 secs]
135.658: [GC 135.658: [DefNew: 53K->0K(3008K), 0.0005640 secs]135.659: [Tenured: 19634K->19634K(39240K), 0.0191128 secs] 19687K->19634K(42248K), 0.0198089 secs]
135.683: [Full GC 135.683: [Tenured: 23540K->23540K(39240K), 0.0191862 secs] 23540K->23540K(42248K), [Perm : 19K->19K(8192K)], 0.0192890 secs]
135.703: [Full GC 135.703: [Tenured: 23540K->11821K(39240K), 0.0403317 secs] 23594K->11821K(42248K), [Perm : 19K->19K(8192K)], 0.0404440 secs]
135.745: [GC 135.745: [DefNew: 53K->0K(3008K), 0.0004241 secs]135.745: [Tenured: 11821K->11821K(39240K), 0.0193715 secs] 11875K->11821K(42248K), 0.0199268 secs]
135.770: [GC 135.770: [DefNew: 53K->0K(3008K), 0.0006400 secs]135.771: [Tenured: 15728K->15728K(39240K), 0.0193254 secs] 15781K->15728K(42248K), 0.0201229 secs]
135.797: [GC 135.797: [DefNew: 53K->0K(3008K), 0.0005202 secs]135.797: [Tenured: 19634K->19634K(39240K), 0.0192885 secs] 19688K->19634K(42248K), 0.0199442 secs]
135.822: [Full GC 135.822: [Tenured: 23540K->23540K(39240K), 0.0338448 secs] 23540K->23540K(42248K), [Perm : 19K->19K(8192K)], 0.0339616 secs]
135.858: [Full GC 135.858: [Tenured: 23540K->11821K(39240K), 0.0403174 secs] 23594K->11821K(42248K), [Perm : 19K->19K(8192K)], 0.0404364 secs]
135.899: [GC 135.899: [DefNew: 53K->0K(3008K), 0.0004190 secs]135.900: [Tenured: 11821K->11821K(39240K), 0.0190052 secs] 11875K->11821K(42248K), 0.0195511 secs]
135.924: [GC 135.924: [DefNew: 53K->0K(3008K), 0.0004710 secs]135.924: [Tenured: 15727K->15727K(39240K), 0.0191890 secs] 15781K->15727K(42248K), 0.0197916 secs]
135.949: [GC 135.949: [DefNew: 53K->0K(3008K), 0.0005652 secs]135.950: [Tenured: 19634K->19634K(39240K), 0.0194452 secs] 19687K->19634K(42248K), 0.0201459 secs]
135.975: [Full GC 135.975: [Tenured: 23540K->23540K(39240K), 0.0199210 secs] 23540K->23540K(42248K), [Perm : 19K->19K(8192K)], 0.0200347 secs]
135.997: [Full GC 135.997: [Tenured: 23540K->11821K(39240K), 0.0405177 secs] 23594K->11821K(42248K), [Perm : 19K->19K(8192K)], 0.0406345 secs]
136.039: [GC 136.039: [DefNew: 53K->0K(3008K), 0.0004199 secs]136.040: [Tenured: 11821K->11821K(39240K), 0.0195567 secs] 11875K->11821K(42248K), 0.0201051 secs]
136.064: [GC 136.065: [DefNew: 53K->0K(3008K), 0.0004777 secs]136.065: [Tenured: 15728K->15727K(39240K), 0.0243388 secs] 15781K->15727K(42248K), 0.0249669 secs]
136.095: [GC 136.096: [DefNew: 53K->0K(3008K), 0.0005657 secs]136.096: [Tenured: 19634K->19634K(39240K), 0.0197913 secs] 19687K->19634K(42248K), 0.0204925 secs]
136.122: [Full GC 136.122: [Tenured: 23540K->23540K(39240K), 0.0201660 secs] 23540K->23540K(42248K), [Perm : 19K->19K(8192K)], 0.0202788 secs]
136.144: [Full GC 136.144: [Tenured: 23540K->11821K(39240K), 0.0404962 secs] 23594K->11821K(42248K), [Perm : 19K->19K(8192K)], 0.0406127 secs]
136.188: [GC 136.188: [DefNew: 53K->0K(3008K), 0.0004227 secs]136.188: [Tenured: 11821K->11821K(39240K), 0.0193701 secs] 11875K->11821K(42248K), 0.0199229 secs]
136.214: [GC 136.214: [DefNew: 53K->0K(3008K), 0.0004741 secs]136.214: [Tenured: 15727K->15727K(39240K), 0.0194606 secs] 15781K->15727K(42248K), 0.0200693 secs]
136.240: [GC 136.240: [DefNew: 53K->0K(3008K), 0.0005657 secs]136.240: [Tenured: 19634K->19634K(39240K), 0.0199640 secs] 19687K->19634K(42248K), 0.0206663 secs]
136.266: [Full GC 136.266: [Tenured: 23540K->23540K(39240K), 0.0193583 secs] 23540K->23540K(42248K), [Perm : 19K->19K(8192K)], 0.0194709 secs]
136.287: [Full GC 136.287: [Tenured: 23540K->11821K(39240K), 0.0400434 secs] 23594K->11821K(42248K), [Perm : 19K->19K(8192K)], 0.0401540 secs]
136.328: [GC 136.328: [DefNew: 53K->0K(3008K), 0.0004051 secs]136.328: [Tenured: 11821K->11821K(39240K), 0.0190857 secs] 11875K->11821K(42248K), 0.0196114 secs]
136.352: [GC 136.352: [DefNew: 53K->0K(3008K), 0.0004705 secs]136.353: [Tenured: 15728K->15728K(39240K), 0.0190697 secs] 15781K->15728K(42248K), 0.0196687 secs]
136.377: [GC 136.377: [DefNew: 53K->0K(3008K), 0.0005216 secs]136.378: [Tenured: 19634K->19634K(39240K), 0.0193315 secs] 19688K->19634K(42248K), 0.0199886 secs]
136.403: [Full GC 136.403: [Tenured: 23540K->23540K(39240K), 0.0343667 secs] 23540K->23540K(42248K), [Perm : 19K->19K(8192K)], 0.0344932 secs]
136.439: [Full GC 136.439: [Tenured: 23540K->11821K(39240K), 0.0405510 secs] 23594K->11821K(42248K), [Perm : 19K->19K(8192K)], 0.0406683 secs]
136.481: [GC 136.481: [DefNew: 53K->0K(3008K), 0.0004199 secs]136.482: [Tenured: 11821K->11821K(39240K), 0.0195768 secs] 11875K->11821K(42248K), 0.0201271 secs]
136.508: [GC 136.508: [DefNew: 53K->0K(3008K), 0.0004772 secs]136.509: [Tenured: 15727K->15727K(39240K), 0.0196486 secs] 15781K->15727K(42248K), 0.0202626 secs]
136.535: [GC 136.535: [DefNew: 53K->0K(3008K), 0.0005649 secs]136.536: [Tenured: 19634K->19634K(39240K), 0.0197036 secs] 19687K->19634K(42248K), 0.0204037 secs]
136.564: [Full GC 136.564: [Tenured: 23540K->23540K(39240K), 0.0192122 secs] 23540K->23540K(42248K), [Perm : 19K->19K(8192K)], 0.0193192 secs]
136.584: [Full GC 136.585: [Tenured: 23540K->11821K(39240K), 0.0403171 secs] 23594K->11821K(42248K), [Perm : 19K->19K(8192K)], 0.0404308 secs]
136.626: [GC 136.626: [DefNew: 53K->0K(3008K), 0.0004177 secs]136.626: [Tenured: 11821K->11821K(39240K), 0.0189289 secs] 11875K->11821K(42248K), 0.0194698 secs]
136.650: [GC 136.650: [DefNew: 53K->0K(3008K), 0.0004640 secs]136.650: [Tenured: 15728K->15728K(39240K), 0.0191273 secs] 15781K->15728K(42248K), 0.0197221 secs]
136.675: [GC 136.675: [DefNew: 53K->0K(3008K), 0.0005171 secs]136.676: [Tenured: 19634K->19634K(39240K), 0.0191170 secs] 19688K->19634K(42248K), 0.0197640 secs]
136.701: [Full GC 136.701: [Tenured: 23540K->23540K(39240K), 0.0192103 secs] 23540K->23540K(42248K), [Perm : 19K->19K(8192K)], 0.0193170 secs]
136.721: [Full GC 136.721: [Tenured: 23540K->11821K(39240K), 0.0400269 secs] 23594K->11821K(42248K), [Perm : 19K->19K(8192K)], 0.0401369 secs]
136.762: [GC 136.762: [DefNew: 53K->0K(3008K), 0.0004014 secs]136.762: [Tenured: 11821K->11821K(39240K), 0.0189329 secs] 11875K->11821K(42248K), 0.0194541 secs]
136.786: [GC 136.786: [DefNew: 53K->0K(3008K), 0.0004777 secs]136.787: [Tenured: 15727K->15727K(39240K), 0.0190577 secs] 15781K->15727K(42248K), 0.0196653 secs]
136.811: [GC 136.811: [DefNew: 53K->0K(3008K), 0.0005635 secs]136.812: [Tenured: 19634K->19634K(39240K), 0.0191312 secs] 19687K->19634K(42248K), 0.0198232 secs]
136.836: [Full GC 136.836: [Tenured: 23540K->23540K(39240K), 0.0194000 secs] 23540K->23540K(42248K), [Perm : 19K->19K(8192K)], 0.0195075 secs]
136.857: [Full GC 136.857: [Tenured: 23540K->11821K(39240K), 0.0399696 secs] 23594K->11821K(42248K), [Perm : 19K->19K(8192K)], 0.0400800 secs]
136.898: [GC 136.898: [DefNew: 53K->0K(3008K), 0.0004084 secs]136.898: [Tenured: 11821K->11821K(39240K), 0.0189739 secs] 11875K->11821K(42248K), 0.0195033 secs]
136.923: [GC 136.923: [DefNew: 53K->0K(3008K), 0.0004783 secs]136.923: [Tenured: 15728K->15728K(39240K), 0.0190387 secs] 15781K->15728K(42248K), 0.0196483 secs]
136.947: [GC 136.948: [DefNew: 53K->0K(3008K), 0.0005157 secs]136.948: [Tenured: 19634K->19634K(39240K), 0.0193217 secs] 19688K->19634K(42248K), 0.0199727 secs]
136.972: [Full GC 136.972: [Tenured: 23540K->23540K(39240K), 0.0342038 secs] 23540K->23540K(42248K), [Perm : 19K->19K(8192K)], 0.0343264 secs]
137.008: [Full GC 137.008: [Tenured: 23540K->11821K(39240K), 0.0399880 secs] 23594K->11821K(42248K), [Perm : 19K->19K(8192K)], 0.0400981 secs]
137.050: [GC 137.050: [DefNew: 53K->0K(3008K), 0.0004227 secs]137.050: [Tenured: 11821K->11821K(39240K), 0.0190608 secs] 11875K->11821K(42248K), 0.0196112 secs]
137.074: [GC 137.074: [DefNew: 53K->0K(3008K), 0.0004724 secs]137.075: [Tenured: 15728K->15728K(39240K), 0.0190390 secs] 15781K->15728K(42248K), 0.0196410 secs]
137.099: [GC 137.099: [DefNew: 53K->0K(3008K), 0.0005087 secs]137.099: [Tenured: 19634K->19634K(39240K), 0.0195030 secs] 19688K->19634K(42248K), 0.0201481 secs]
137.125: [Full GC 137.125: [Tenured: 23540K->23540K(39240K), 0.0192192 secs] 23540K->23540K(42248K), [Perm : 19K->19K(8192K)], 0.0193265 secs]
137.145: [Full GC 137.145: [Tenured: 23540K->11821K(39240K), 0.0403713 secs] 23594K->11821K(42248K), [Perm : 19K->19K(8192K)], 0.0404856 secs]
137.187: [GC 137.187: [DefNew: 53K->0K(3008K), 0.0004230 secs]137.187: [Tenured: 11821K->11821K(39240K), 0.0189027 secs] 11875K->11821K(42248K), 0.0194491 secs]
137.235: [GC 137.235: [DefNew: 53K->0K(3008K), 0.0004780 secs]137.235: [Tenured: 15728K->15727K(39240K), 0.0239391 secs] 15781K->15727K(42248K), 0.0245615 secs]
137.268: [GC 137.268: [DefNew: 53K->0K(3008K), 0.0005666 secs]137.269: [Tenured: 19634K->19634K(39240K), 0.0191192 secs] 19687K->19634K(42248K), 0.0198159 secs]
137.297: [Full GC 137.297: [Tenured: 23540K->23540K(39240K), 0.0192200 secs] 23540K->23540K(42248K), [Perm : 19K->19K(8192K)], 0.0193279 secs]
137.317: [Full GC 137.317: [Tenured: 23540K->11821K(39240K), 0.0400294 secs] 23594K->11821K(42248K), [Perm : 19K->19K(8192K)], 0.0401599 secs]
137.358: [GC 137.358: [DefNew: 53K->0K(3008K), 0.0004129 secs]137.359: [Tenured: 11821K->11821K(39240K), 0.0189083 secs] 11875K->11821K(42248K), 0.0194407 secs]
137.383: [GC 137.383: [DefNew: 53K->0K(3008K), 0.0004727 secs]137.383: [Tenured: 15727K->15727K(39240K), 0.0190700 secs] 15781K->15727K(42248K), 0.0196735 secs]
137.407: [GC 137.407: [DefNew: 53K->0K(3008K), 0.0005612 secs]137.408: [Tenured: 19634K->19634K(39240K), 0.0193005 secs] 19687K->19634K(42248K), 0.0199944 secs]
137.433: [Full GC 137.433: [Tenured: 23540K->23540K(39240K), 0.0195958 secs] 23540K->23540K(42248K), [Perm : 19K->19K(8192K)], 0.0197008 secs]
137.454: [Full GC 137.454: [Tenured: 23540K->11821K(39240K), 0.0399679 secs] 23594K->11821K(42248K), [Perm : 19K->19K(8192K)], 0.0401509 secs]
137.495: [GC 137.495: [DefNew: 53K->0K(3008K), 0.0004065 secs]137.495: [Tenured: 11821K->11821K(39240K), 0.0189722 secs] 11875K->11821K(42248K), 0.0195000 secs]
137.519: [GC 137.519: [DefNew: 53K->0K(3008K), 0.0004772 secs]137.520: [Tenured: 15728K->15728K(39240K), 0.0190359 secs] 15781K->15728K(42248K), 0.0196441 secs]
137.544: [GC 137.545: [DefNew: 53K->0K(3008K), 0.0005199 secs]137.545: [Tenured: 19634K->19634K(39240K), 0.0191186 secs] 19688K->19634K(42248K), 0.0197673 secs]
137.569: [Full GC 137.569: [Tenured: 23540K->23540K(39240K), 0.0337923 secs] 23540K->23540K(42248K), [Perm : 19K->19K(8192K)], 0.0339026 secs]
137.604: [Full GC 137.604: [Tenured: 23540K->11821K(39240K), 0.0399322 secs] 23594K->11821K(42248K), [Perm : 19K->19K(8192K)], 0.0400389 secs]
137.651: [GC 137.651: [DefNew: 53K->0K(3008K), 0.0004325 secs]137.651: [Tenured: 11821K->11821K(39240K), 0.0189281 secs] 11875K->11821K(42248K), 0.0194941 secs]
137.675: [GC 137.675: [DefNew: 53K->0K(3008K), 0.0004749 secs]137.676: [Tenured: 15728K->15728K(39240K), 0.0190466 secs] 15781K->15728K(42248K), 0.0196522 secs]
137.701: [GC 137.701: [DefNew: 53K->0K(3008K), 0.0005185 secs]137.702: [Tenured: 19634K->19634K(39240K), 0.0289246 secs] 19688K->19634K(42248K), 0.0295867 secs]
137.736: [Full GC 137.736: [Tenured: 23540K->23540K(39240K), 0.0192094 secs] 23540K->23540K(42248K), [Perm : 19K->19K(8192K)], 0.0193159 secs]
137.757: [Full GC 137.757: [Tenured: 23540K->11821K(39240K), 0.0399048 secs] 23594K->11821K(42248K), [Perm : 19K->19K(8192K)], 0.0400143 secs]
137.798: [GC 137.798: [DefNew: 53K->0K(3008K), 0.0004196 secs]137.799: [Tenured: 11821K->11821K(39240K), 0.0189072 secs] 11875K->11821K(42248K), 0.0194497 secs]
137.822: [GC 137.822: [DefNew: 53K->0K(3008K), 0.0004705 secs]137.823: [Tenured: 15728K->15727K(39240K), 0.0237888 secs] 15781K->15727K(42248K), 0.0244185 secs]
137.852: [GC 137.852: [DefNew: 53K->0K(3008K), 0.0005618 secs]137.853: [Tenured: 19634K->19634K(39240K), 0.0192010 secs] 19687K->19634K(42248K), 0.0198947 secs]
137.876: [Full GC 137.876: [Tenured: 23540K->23540K(39240K), 0.0191907 secs] 23540K->23540K(42248K), [Perm : 19K->19K(8192K)], 0.0192918 secs]
137.897: [Full GC 137.897: [Tenured: 23540K->11821K(39240K), 0.0399595 secs] 23594K->11821K(42248K), [Perm : 19K->19K(8192K)], 0.0400710 secs]
137.938: [GC 137.938: [DefNew: 53K->0K(3008K), 0.0004087 secs]137.939: [Tenured: 11821K->11821K(39240K), 0.0189373 secs] 11875K->11821K(42248K), 0.0194662 secs]
137.963: [GC 137.963: [DefNew: 53K->0K(3008K), 0.0004962 secs]137.963: [Tenured: 15728K->15728K(39240K), 0.0190343 secs] 15781K->15728K(42248K), 0.0196600 secs]
137.987: [GC 137.987: [DefNew: 53K->0K(3008K), 0.0005029 secs]137.988: [Tenured: 19634K->19634K(39240K), 0.0191119 secs] 19688K->19634K(42248K), 0.0197416 secs]
138.012: [Full GC 138.012: [Tenured: 23540K->23540K(39240K), 0.0192625 secs] 23540K->23540K(42248K), [Perm : 19K->19K(8192K)], 0.0193712 secs]
138.032: [Full GC 138.032: [Tenured: 23540K->11821K(39240K), 0.0400674 secs] 23594K->11821K(42248K), [Perm : 19K->19K(8192K)], 0.0401769 secs]
138.073: [GC 138.073: [DefNew: 53K->0K(3008K), 0.0004098 secs]138.074: [Tenured: 11821K->11821K(39240K), 0.0189139 secs] 11875K->11821K(42248K), 0.0194416 secs]
138.098: [GC 138.098: [DefNew: 53K->0K(3008K), 0.0004805 secs]138.098: [Tenured: 15728K->15728K(39240K), 0.0190348 secs] 15781K->15728K(42248K), 0.0196466 secs]
138.123: [GC 138.123: [DefNew: 53K->0K(3008K), 0.0005171 secs]138.123: [Tenured: 19634K->19634K(39240K), 0.0191139 secs] 19688K->19634K(42248K), 0.0197612 secs]
138.147: [Full GC 138.147: [Tenured: 23540K->23540K(39240K), 0.0339468 secs] 23540K->23540K(42248K), [Perm : 19K->19K(8192K)], 0.0340624 secs]
138.183: [Full GC 138.183: [Tenured: 23540K->11821K(39240K), 0.0398743 secs] 23594K->11821K(42248K), [Perm : 19K->19K(8192K)], 0.0399799 secs]
138.224: [GC 138.224: [DefNew: 53K->0K(3008K), 0.0004199 secs]138.224: [Tenured: 11821K->11821K(39240K), 0.0189010 secs] 11875K->11821K(42248K), 0.0194438 secs]
138.248: [GC 138.248: [DefNew: 53K->0K(3008K), 0.0004663 secs]138.249: [Tenured: 15728K->15728K(39240K), 0.0190443 secs] 15781K->15728K(42248K), 0.0196383 secs]
138.273: [GC 138.273: [DefNew: 53K->0K(3008K), 0.0005070 secs]138.273: [Tenured: 19634K->19634K(39240K), 0.0288629 secs] 19688K->19634K(42248K), 0.0295077 secs]
138.307: [Full GC 138.307: [Tenured: 23540K->23540K(39240K), 0.0192234 secs] 23540K->23540K(42248K), [Perm : 19K->19K(8192K)], 0.0193282 secs]
138.329: [Full GC 138.329: [Tenured: 23540K->11821K(39240K), 0.0399129 secs] 23594K->11821K(42248K), [Perm : 19K->19K(8192K)], 0.0400232 secs]
138.369: [GC 138.369: [DefNew: 53K->0K(3008K), 0.0005003 secs]138.369: [Tenured: 11821K->11821K(39240K), 0.0189678 secs] 11875K->11821K(42248K), 0.0195899 secs]
138.393: [GC 138.393: [DefNew: 53K->0K(3008K), 0.0004649 secs]138.394: [Tenured: 15727K->15727K(39240K), 0.0190401 secs] 15781K->15727K(42248K), 0.0196332 secs]
138.418: [GC 138.418: [DefNew: 53K->0K(3008K), 0.0005652 secs]138.419: [Tenured: 19634K->19634K(39240K), 0.0191251 secs] 19687K->19634K(42248K), 0.0198204 secs]
138.443: [Full GC 138.443: [Tenured: 23540K->23540K(39240K), 0.0193248 secs] 23540K->23540K(42248K), [Perm : 19K->19K(8192K)], 0.0194273 secs]
138.463: [Full GC 138.463: [Tenured: 23540K->11821K(39240K), 0.0401705 secs] 23594K->11821K(42248K), [Perm : 19K->19K(8192K)], 0.0402811 secs]
138.504: [GC 138.504: [DefNew: 53K->0K(3008K), 0.0004020 secs]138.504: [Tenured: 11821K->11821K(39240K), 0.0189331 secs] 11875K->11821K(42248K), 0.0194541 secs]
138.528: [GC 138.528: [DefNew: 53K->0K(3008K), 0.0004732 secs]138.529: [Tenured: 15727K->15727K(39240K), 0.0190890 secs] 15781K->15727K(42248K), 0.0196944 secs]
138.553: [GC 138.553: [DefNew: 53K->0K(3008K), 0.0005598 secs]138.553: [Tenured: 19634K->19634K(39240K), 0.0191983 secs] 19687K->19634K(42248K), 0.0198886 secs]
138.578: [Full GC 138.578: [Tenured: 23540K->23540K(39240K), 0.0192147 secs] 23540K->23540K(42248K), [Perm : 19K->19K(8192K)], 0.0193217 secs]
138.598: [Full GC 138.598: [Tenured: 23540K->11821K(39240K), 0.0399498 secs] 23594K->11821K(42248K), [Perm : 19K->19K(8192K)], 0.0400559 secs]
138.639: [GC 138.639: [DefNew: 53K->0K(3008K), 0.0004054 secs]138.639: [Tenured: 11821K->11821K(39240K), 0.0189287 secs] 11875K->11821K(42248K), 0.0194519 secs]
138.663: [GC 138.663: [DefNew: 53K->0K(3008K), 0.0004612 secs]138.664: [Tenured: 15728K->15728K(39240K), 0.0190547 secs] 15781K->15728K(42248K), 0.0196416 secs]
138.687: [GC 138.687: [DefNew: 53K->0K(3008K), 0.0005012 secs]138.688: [Tenured: 19634K->19634K(39240K), 0.0192695 secs] 19688K->19634K(42248K), 0.0198969 secs]
138.713: [Full GC 138.713: [Tenured: 23540K->23540K(39240K), 0.0338593 secs] 23540K->23540K(42248K), [Perm : 19K->19K(8192K)], 0.0339758 secs]
138.749: [Full GC 138.749: [Tenured: 23540K->11821K(39240K), 0.0405247 secs] 23594K->11821K(42248K), [Perm : 19K->19K(8192K)], 0.0406423 secs]
138.791: [GC 138.791: [DefNew: 53K->0K(3008K), 0.0004163 secs]138.791: [Tenured: 11821K->11821K(39240K), 0.0195346 secs] 11875K->11821K(42248K), 0.0200783 secs]
138.845: [GC 138.845: [DefNew: 53K->0K(3008K), 0.0004830 secs]138.845: [Tenured: 15728K->15728K(39240K), 0.0194162 secs] 15781K->15728K(42248K), 0.0200366 secs]
138.871: [GC 138.871: [DefNew: 53K->0K(3008K), 0.0005193 secs]138.872: [Tenured: 19634K->19634K(39240K), 0.0296739 secs] 19688K->19634K(42248K), 0.0303597 secs]
138.908: [Full GC 138.908: [Tenured: 23540K->23540K(39240K), 0.0198210 secs] 23540K->23540K(42248K), [Perm : 19K->19K(8192K)], 0.0199321 secs]
138.943: [Full GC 138.943: [Tenured: 23540K->11821K(39240K), 0.0406845 secs] 23594K->11821K(42248K), [Perm : 19K->19K(8192K)], 0.0408010 secs]
138.988: [GC 138.988: [DefNew: 53K->0K(3008K), 0.0004308 secs]138.988: [Tenured: 11821K->11821K(39240K), 0.0192290 secs] 11875K->11821K(42248K), 0.0197961 secs]
139.014: [GC 139.014: [DefNew: 53K->0K(3008K), 0.0004819 secs]139.014: [Tenured: 15728K->15728K(39240K), 0.0193153 secs] 15781K->15728K(42248K), 0.0199338 secs]
139.042: [GC 139.042: [DefNew: 53K->0K(3008K), 0.0006777 secs]139.043: [Tenured: 19634K->19634K(39240K), 0.0194838 secs] 19688K->19634K(42248K), 0.0202992 secs]
139.070: [Full GC 139.070: [Tenured: 23540K->23540K(39240K), 0.0198056 secs] 23540K->23540K(42248K), [Perm : 19K->19K(8192K)], 0.0199193 secs]
139.122: [Full GC 139.122: [Tenured: 23540K->11821K(39240K), 0.0405823 secs] 23594K->11821K(42248K), [Perm : 19K->19K(8192K)], 0.0406993 secs]
139.164: [GC 139.164: [DefNew: 53K->0K(3008K), 0.0004246 secs]139.165: [Tenured: 11821K->11821K(39240K), 0.0193120 secs] 11875K->11821K(42248K), 0.0198682 secs]
139.191: [GC 139.191: [DefNew: 53K->0K(3008K), 0.0004813 secs]139.191: [Tenured: 15728K->15728K(39240K), 0.0195489 secs] 15781K->15728K(42248K), 0.0202705 secs]
139.217: [GC 139.217: [DefNew: 53K->0K(3008K), 0.0005213 secs]139.218: [Tenured: 19634K->19634K(39240K), 0.0197290 secs] 19688K->19634K(42248K), 0.0203872 secs]
139.245: [Full GC 139.245: [Tenured: 23540K->23540K(39240K), 0.0196514 secs] 23540K->23540K(42248K), [Perm : 19K->19K(8192K)], 0.0197634 secs]
139.267: [Full GC 139.267: [Tenured: 23540K->11821K(39240K), 0.0406546 secs] 23594K->11821K(42248K), [Perm : 19K->19K(8192K)], 0.0407714 secs]
139.309: [GC 139.309: [DefNew: 53K->0K(3008K), 0.0004230 secs]139.310: [Tenured: 11821K->11821K(39240K), 0.0192002 secs] 11875K->11821K(42248K), 0.0197550 secs]
139.335: [GC 139.335: [DefNew: 53K->0K(3008K), 0.0004777 secs]139.336: [Tenured: 15728K->15728K(39240K), 0.0196198 secs] 15781K->15728K(42248K), 0.0202353 secs]
139.362: [GC 139.362: [DefNew: 53K->0K(3008K), 0.0005199 secs]139.362: [Tenured: 19634K->19634K(39240K), 0.0197154 secs] 19688K->19634K(42248K), 0.0203724 secs]
139.389: [Full GC 139.389: [Tenured: 23540K->23540K(39240K), 0.0351019 secs] 23540K->23540K(42248K), [Perm : 19K->19K(8192K)], 0.0352268 secs]
139.426: [Full GC 139.426: [Tenured: 23540K->11821K(39240K), 0.0404887 secs] 23594K->11821K(42248K), [Perm : 19K->19K(8192K)], 0.0406052 secs]
139.469: [GC 139.469: [DefNew: 53K->0K(3008K), 0.0004252 secs]139.469: [Tenured: 11821K->11821K(39240K), 0.0191907 secs] 11875K->11821K(42248K), 0.0197472 secs]
139.495: [GC 139.495: [DefNew: 53K->0K(3008K), 0.0004799 secs]139.496: [Tenured: 15728K->15728K(39240K), 0.0197363 secs] 15781K->15728K(42248K), 0.0203523 secs]
139.522: [GC 139.522: [DefNew: 53K->0K(3008K), 0.0005210 secs]139.522: [Tenured: 19634K->19634K(39240K), 0.0294160 secs] 19688K->19634K(42248K), 0.0300862 secs]
139.558: [Full GC 139.558: [Tenured: 23540K->23540K(39240K), 0.0192524 secs] 23540K->23540K(42248K), [Perm : 19K->19K(8192K)], 0.0193625 secs]
139.578: [Full GC 139.578: [Tenured: 23540K->11821K(39240K), 0.0401087 secs] 23594K->11821K(42248K), [Perm : 19K->19K(8192K)], 0.0402202 secs]
139.620: [GC 139.620: [DefNew: 53K->0K(3008K), 0.0004252 secs]139.621: [Tenured: 11821K->11821K(39240K), 0.0192402 secs] 11875K->11821K(42248K), 0.0197980 secs]
139.646: [GC 139.646: [DefNew: 53K->0K(3008K), 0.0004791 secs]139.647: [Tenured: 15728K->15727K(39240K), 0.0243654 secs] 15781K->15727K(42248K), 0.0249962 secs]
139.678: [GC 139.678: [DefNew: 53K->0K(3008K), 0.0005652 secs]139.679: [Tenured: 19634K->19634K(39240K), 0.0193430 secs] 19687K->19634K(42248K), 0.0200439 secs]
139.703: [Full GC 139.703: [Tenured: 23540K->23540K(39240K), 0.0193558 secs] 23540K->23540K(42248K), [Perm : 19K->19K(8192K)], 0.0194603 secs]
139.724: [Full GC 139.724: [Tenured: 23540K->11821K(39240K), 0.0401601 secs] 23594K->11821K(42248K), [Perm : 19K->19K(8192K)], 0.0402775 secs]
139.932: [GC 139.932: [DefNew: 53K->0K(3008K), 0.0004277 secs]139.933: [Tenured: 11821K->11821K(39240K), 0.0189820 secs] 11875K->11821K(42248K), 0.0195399 secs]
139.956: [GC 139.957: [DefNew: 53K->0K(3008K), 0.0004643 secs]139.957: [Tenured: 15727K->15727K(39240K), 0.0190538 secs] 15781K->15727K(42248K), 0.0196436 secs]
140.017: [GC 140.017: [DefNew: 53K->0K(3008K), 0.0005696 secs]140.018: [Tenured: 19634K->19634K(39240K), 0.0200777 secs] 19687K->19634K(42248K), 0.0207873 secs]
140.045: [Full GC 140.045: [Tenured: 23540K->23540K(39240K), 0.0194254 secs] 23540K->23540K(42248K), [Perm : 19K->19K(8192K)], 0.0195396 secs]
140.067: [Full GC 140.067: [Tenured: 23540K->11821K(39240K), 0.0403115 secs] 23594K->11821K(42248K), [Perm : 19K->19K(8192K)], 0.0404283 secs]
140.109: [GC 140.109: [DefNew: 53K->0K(3008K), 0.0004260 secs]140.110: [Tenured: 11821K->11821K(39240K), 0.0190848 secs] 11875K->11821K(42248K), 0.0196430 secs]
140.134: [GC 140.134: [DefNew: 53K->0K(3008K), 0.0004780 secs]140.135: [Tenured: 15728K->15728K(39240K), 0.0190720 secs] 15781K->15728K(42248K), 0.0196810 secs]
140.270: [GC 140.270: [DefNew: 53K->0K(3008K), 0.0005115 secs]140.270: [Tenured: 19634K->19634K(39240K), 0.0191714 secs] 19688K->19634K(42248K), 0.0198117 secs]
140.296: [Full GC 140.296: [Tenured: 23540K->23540K(39240K), 0.0338990 secs] 23540K->23540K(42248K), [Perm : 19K->19K(8192K)], 0.0340186 secs]
140.332: [Full GC 140.332: [Tenured: 23540K->11821K(39240K), 0.0402015 secs] 23594K->11821K(42248K), [Perm : 19K->19K(8192K)], 0.0403199 secs]
140.373: [GC 140.373: [DefNew: 53K->0K(3008K), 0.0004149 secs]140.374: [Tenured: 11821K->11821K(39240K), 0.0189102 secs] 11875K->11821K(42248K), 0.0194441 secs]
140.397: [GC 140.397: [DefNew: 53K->0K(3008K), 0.0004657 secs]140.398: [Tenured: 15727K->15727K(39240K), 0.0192290 secs] 15781K->15727K(42248K), 0.0198226 secs]
140.422: [GC 140.422: [DefNew: 53K->0K(3008K), 0.0005624 secs]140.423: [Tenured: 19634K->19634K(39240K), 0.0192821 secs] 19687K->19634K(42248K), 0.0199771 secs]
140.447: [Full GC 140.447: [Tenured: 23540K->23540K(39240K), 0.0198687 secs] 23540K->23540K(42248K), [Perm : 19K->19K(8192K)], 0.0199810 secs]
140.470: [Full GC 140.470: [Tenured: 23540K->11821K(39240K), 0.0405898 secs] 23594K->11821K(42248K), [Perm : 19K->19K(8192K)], 0.0407071 secs]
140.512: [GC 140.512: [DefNew: 53K->0K(3008K), 0.0004232 secs]140.512: [Tenured: 11821K->11821K(39240K), 0.0193273 secs] 11875K->11821K(42248K), 0.0198799 secs]
140.568: [GC 140.568: [DefNew: 53K->0K(3008K), 0.0004822 secs]140.568: [Tenured: 15728K->15727K(39240K), 0.0244079 secs] 15781K->15727K(42248K), 0.0250423 secs]
140.614: [GC 140.614: [DefNew: 53K->0K(3008K), 0.0005674 secs]140.615: [Tenured: 19634K->19634K(39240K), 0.0194427 secs] 19687K->19634K(42248K), 0.0201481 secs]
140.641: [Full GC 140.641: [Tenured: 23540K->23540K(39240K), 0.0200607 secs] 23540K->23540K(42248K), [Perm : 19K->19K(8192K)], 0.0201746 secs]
140.663: [Full GC 140.663: [Tenured: 23540K->11821K(39240K), 0.0403970 secs] 23594K->11821K(42248K), [Perm : 19K->19K(8192K)], 0.0405144 secs]
140.705: [GC 140.705: [DefNew: 53K->0K(3008K), 0.0004213 secs]140.705: [Tenured: 11821K->11821K(39240K), 0.0194843 secs] 11875K->11821K(42248K), 0.0200333 secs]
140.731: [GC 140.731: [DefNew: 53K->0K(3008K), 0.0006654 secs]140.731: [Tenured: 15727K->15727K(39240K), 0.0195243 secs] 15781K->15727K(42248K), 0.0203302 secs]
140.760: [GC 140.760: [DefNew: 53K->0K(3008K), 0.0005660 secs]140.761: [Tenured: 19634K->19634K(39240K), 0.0199215 secs] 19687K->19634K(42248K), 0.0206269 secs]
140.787: [Full GC 140.787: [Tenured: 23540K->23540K(39240K), 0.0201347 secs] 23540K->23540K(42248K), [Perm : 19K->19K(8192K)], 0.0202487 secs]
140.809: [Full GC 140.809: [Tenured: 23540K->11821K(39240K), 0.0404943 secs] 23594K->11821K(42248K), [Perm : 19K->19K(8192K)], 0.0406099 secs]
140.852: [GC 140.852: [DefNew: 53K->0K(3008K), 0.0004246 secs]140.853: [Tenured: 11821K->11821K(39240K), 0.0193885 secs] 11875K->11821K(42248K), 0.0199612 secs]
140.879: [GC 140.879: [DefNew: 53K->0K(3008K), 0.0004777 secs]140.879: [Tenured: 15728K->15728K(39240K), 0.0193519 secs] 15781K->15728K(42248K), 0.0199671 secs]
140.905: [GC 140.905: [DefNew: 53K->0K(3008K), 0.0005191 secs]140.905: [Tenured: 19634K->19634K(39240K), 0.0195653 secs] 19688K->19634K(42248K), 0.0202210 secs]
140.931: [Full GC 140.931: [Tenured: 23540K->23540K(39240K), 0.0347184 secs] 23540K->23540K(42248K), [Perm : 19K->19K(8192K)], 0.0348435 secs]
140.968: [Full GC 140.968: [Tenured: 23540K->11821K(39240K), 0.0403713 secs] 23594K->11821K(42248K), [Perm : 19K->19K(8192K)], 0.0404875 secs]
141.025: [GC 141.025: [DefNew: 53K->0K(3008K), 0.0004258 secs]141.025: [Tenured: 11821K->11821K(39240K), 0.0195232 secs] 11875K->11821K(42248K), 0.0200830 secs]
141.050: [GC 141.050: [DefNew: 53K->0K(3008K), 0.0004783 secs]141.051: [Tenured: 15728K->15728K(39240K), 0.0197184 secs] 15781K->15728K(42248K), 0.0203341 secs]
141.077: [GC 141.077: [DefNew: 53K->0K(3008K), 0.0005191 secs]141.078: [Tenured: 19634K->19634K(39240K), 0.0293878 secs] 19688K->19634K(42248K), 0.0300558 secs]
141.113: [Full GC 141.113: [Tenured: 23540K->23540K(39240K), 0.0198576 secs] 23540K->23540K(42248K), [Perm : 19K->19K(8192K)], 0.0199724 secs]
141.151: [Full GC 141.151: [Tenured: 23540K->11821K(39240K), 0.0405065 secs] 23594K->11821K(42248K), [Perm : 19K->19K(8192K)], 0.0406247 secs]
141.198: [GC 141.198: [DefNew: 53K->0K(3008K), 0.0004319 secs]141.198: [Tenured: 11821K->11821K(39240K), 0.0190929 secs] 11875K->11821K(42248K), 0.0196642 secs]
141.223: [GC 141.223: [DefNew: 53K->0K(3008K), 0.0004791 secs]141.223: [Tenured: 15728K->15727K(39240K), 0.0238561 secs] 15781K->15727K(42248K), 0.0244794 secs]
141.252: [GC 141.252: [DefNew: 53K->0K(3008K), 0.0005526 secs]141.253: [Tenured: 19634K->19634K(39240K), 0.0191184 secs] 19687K->19634K(42248K), 0.0197986 secs]
141.278: [Full GC 141.278: [Tenured: 23540K->23540K(39240K), 0.0192402 secs] 23540K->23540K(42248K), [Perm : 19K->19K(8192K)], 0.0193483 secs]
141.298: [Full GC 141.298: [Tenured: 23540K->11821K(39240K), 0.0401411 secs] 23594K->11821K(42248K), [Perm : 19K->19K(8192K)], 0.0402543 secs]
141.419: [GC 141.419: [DefNew: 53K->0K(3008K), 0.0004274 secs]141.419: [Tenured: 11821K->11821K(39240K), 0.0189519 secs] 11875K->11821K(42248K), 0.0195064 secs]
141.443: [GC 141.443: [DefNew: 53K->0K(3008K), 0.0004618 secs]141.443: [Tenured: 15727K->15727K(39240K), 0.0193312 secs] 15781K->15727K(42248K), 0.0199226 secs]
141.468: [GC 141.468: [DefNew: 53K->0K(3008K), 0.0005562 secs]141.468: [Tenured: 19634K->19634K(39240K), 0.0191223 secs] 19687K->19634K(42248K), 0.0198061 secs]
141.492: [Full GC 141.492: [Tenured: 23540K->23540K(39240K), 0.0193784 secs] 23540K->23540K(42248K), [Perm : 19K->19K(8192K)], 0.0194896 secs]
141.514: [Full GC 141.514: [Tenured: 23540K->11821K(39240K), 0.0398992 secs] 23594K->11821K(42248K), [Perm : 19K->19K(8192K)], 0.0400051 secs]
141.554: [GC 141.554: [DefNew: 53K->0K(3008K), 0.0003998 secs]141.554: [Tenured: 11821K->11821K(39240K), 0.0190074 secs] 11875K->11821K(42248K), 0.0195285 secs]
141.578: [GC 141.578: [DefNew: 53K->0K(3008K), 0.0004713 secs]141.579: [Tenured: 15728K->15728K(39240K), 0.0190446 secs] 15781K->15728K(42248K), 0.0196450 secs]
141.603: [GC 141.603: [DefNew: 53K->0K(3008K), 0.0005104 secs]141.603: [Tenured: 19634K->19634K(39240K), 0.0191466 secs] 19688K->19634K(42248K), 0.0197866 secs]
141.628: [Full GC 141.628: [Tenured: 23540K->23540K(39240K), 0.0341010 secs] 23540K->23540K(42248K), [Perm : 19K->19K(8192K)], 0.0342228 secs]
141.663: [Full GC 141.663: [Tenured: 23540K->11821K(39240K), 0.0399562 secs] 23594K->11821K(42248K), [Perm : 19K->19K(8192K)], 0.0400649 secs]
141.704: [GC 141.704: [DefNew: 53K->0K(3008K), 0.0003989 secs]141.704: [Tenured: 11821K->11821K(39240K), 0.0189169 secs] 11875K->11821K(42248K), 0.0194338 secs]
141.728: [GC 141.728: [DefNew: 53K->0K(3008K), 0.0004671 secs]141.728: [Tenured: 15728K->15728K(39240K), 0.0190709 secs] 15781K->15728K(42248K), 0.0196857 secs]
141.752: [GC 141.752: [DefNew: 53K->0K(3008K), 0.0005132 secs]141.753: [Tenured: 19634K->19634K(39240K), 0.0192773 secs] 19688K->19634K(42248K), 0.0199212 secs]
141.778: [Full GC 141.778: [Tenured: 23540K->23540K(39240K), 0.0192122 secs] 23540K->23540K(42248K), [Perm : 19K->19K(8192K)], 0.0193189 secs]
141.799: [Full GC 141.799: [Tenured: 23540K->11821K(39240K), 0.0399749 secs] 23594K->11821K(42248K), [Perm : 19K->19K(8192K)], 0.0400819 secs]
141.839: [GC 141.839: [DefNew: 53K->0K(3008K), 0.0003998 secs]141.840: [Tenured: 11821K->11821K(39240K), 0.0189334 secs] 11875K->11821K(42248K), 0.0194528 secs]
141.863: [GC 141.864: [DefNew: 53K->0K(3008K), 0.0004668 secs]141.864: [Tenured: 15727K->15727K(39240K), 0.0191949 secs] 15781K->15727K(42248K), 0.0197913 secs]
141.888: [GC 141.888: [DefNew: 53K->0K(3008K), 0.0005643 secs]141.889: [Tenured: 19634K->19634K(39240K), 0.0191234 secs] 19687K->19634K(42248K), 0.0198179 secs]
141.913: [Full GC 141.913: [Tenured: 23540K->23540K(39240K), 0.0192801 secs] 23540K->23540K(42248K), [Perm : 19K->19K(8192K)], 0.0193905 secs]
141.934: [Full GC 141.934: [Tenured: 23540K->11821K(39240K), 0.0400976 secs] 23594K->11821K(42248K), [Perm : 19K->19K(8192K)], 0.0402046 secs]
141.974: [GC 141.974: [DefNew: 53K->0K(3008K), 0.0004062 secs]141.975: [Tenured: 11821K->11821K(39240K), 0.0189108 secs] 11875K->11821K(42248K), 0.0194354 secs]
142.054: [GC 142.054: [DefNew: 53K->0K(3008K), 0.0004794 secs]142.054: [Tenured: 15727K->15727K(39240K), 0.0190770 secs] 15781K->15727K(42248K), 0.0196871 secs]
142.078: [GC 142.078: [DefNew: 53K->0K(3008K), 0.0005576 secs]142.079: [Tenured: 19634K->19634K(39240K), 0.0191150 secs] 19687K->19634K(42248K), 0.0198011 secs]
142.103: [Full GC 142.103: [Tenured: 23540K->23540K(39240K), 0.0192485 secs] 23540K->23540K(42248K), [Perm : 19K->19K(8192K)], 0.0193533 secs]
142.126: [Full GC 142.126: [Tenured: 23540K->11821K(39240K), 0.0397352 secs] 23594K->11821K(42248K), [Perm : 19K->19K(8192K)], 0.0398523 secs]
142.172: [GC 142.172: [DefNew: 53K->0K(3008K), 0.0004263 secs]142.172: [Tenured: 11821K->11821K(39240K), 0.0190971 secs] 11875K->11821K(42248K), 0.0196533 secs]
142.197: [GC 142.197: [DefNew: 53K->0K(3008K), 0.0004794 secs]142.197: [Tenured: 15728K->15728K(39240K), 0.0191178 secs] 15781K->15728K(42248K), 0.0197307 secs]
142.221: [GC 142.221: [DefNew: 53K->0K(3008K), 0.0005068 secs]142.222: [Tenured: 19634K->19634K(39240K), 0.0191161 secs] 19688K->19634K(42248K), 0.0197500 secs]
142.245: [Full GC 142.245: [Tenured: 23540K->23540K(39240K), 0.0339568 secs] 23540K->23540K(42248K), [Perm : 19K->19K(8192K)], 0.0340742 secs]
142.282: [Full GC 142.282: [Tenured: 23540K->11821K(39240K), 0.0399791 secs] 23594K->11821K(42248K), [Perm : 19K->19K(8192K)], 0.0400917 secs]
142.322: [GC 142.322: [DefNew: 53K->0K(3008K), 0.0004190 secs]142.323: [Tenured: 11821K->11821K(39240K), 0.0189759 secs] 11875K->11821K(42248K), 0.0195173 secs]
142.346: [GC 142.346: [DefNew: 53K->0K(3008K), 0.0004677 secs]142.347: [Tenured: 15728K->15728K(39240K), 0.0190396 secs] 15781K->15728K(42248K), 0.0196349 secs]
142.371: [GC 142.371: [DefNew: 53K->0K(3008K), 0.0005174 secs]142.372: [Tenured: 19634K->19634K(39240K), 0.0290344 secs] 19688K->19634K(42248K), 0.0296946 secs]
142.406: [Full GC 142.406: [Tenured: 23540K->23540K(39240K), 0.0193960 secs] 23540K->23540K(42248K), [Perm : 19K->19K(8192K)], 0.0195075 secs]
142.427: [Full GC 142.427: [Tenured: 23540K->11821K(39240K), 0.0402752 secs] 23594K->11821K(42248K), [Perm : 19K->19K(8192K)], 0.0403822 secs]
142.467: [GC 142.467: [DefNew: 53K->0K(3008K), 0.0004009 secs]142.468: [Tenured: 11821K->11821K(39240K), 0.0191044 secs] 11875K->11821K(42248K), 0.0196271 secs]
142.500: [GC 142.500: [DefNew: 53K->0K(3008K), 0.0004783 secs]142.500: [Tenured: 15728K->15727K(39240K), 0.0237902 secs] 15781K->15727K(42248K), 0.0244081 secs]
142.530: [GC 142.530: [DefNew: 53K->0K(3008K), 0.0005640 secs]142.530: [Tenured: 19634K->19634K(39240K), 0.0191563 secs] 19687K->19634K(42248K), 0.0198534 secs]
142.555: [Full GC 142.555: [Tenured: 23540K->23540K(39240K), 0.0192787 secs] 23540K->23540K(42248K), [Perm : 19K->19K(8192K)], 0.0193882 secs]
142.575: [Full GC 142.575: [Tenured: 23540K->11821K(39240K), 0.0399503 secs] 23594K->11821K(42248K), [Perm : 19K->19K(8192K)], 0.0400579 secs]
142.615: [GC 142.616: [DefNew: 53K->0K(3008K), 0.0004026 secs]142.616: [Tenured: 11821K->11821K(39240K), 0.0189228 secs] 11875K->11821K(42248K), 0.0194427 secs]
142.640: [GC 142.640: [DefNew: 53K->0K(3008K), 0.0004811 secs]142.641: [Tenured: 15728K->15728K(39240K), 0.0190488 secs] 15781K->15728K(42248K), 0.0196606 secs]
142.665: [GC 142.665: [DefNew: 53K->0K(3008K), 0.0005182 secs]142.666: [Tenured: 19634K->19634K(39240K), 0.0192656 secs] 19688K->19634K(42248K), 0.0199176 secs]
142.690: [Full GC 142.690: [Tenured: 23540K->23540K(39240K), 0.0192273 secs] 23540K->23540K(42248K), [Perm : 19K->19K(8192K)], 0.0193290 secs]
142.710: [Full GC 142.710: [Tenured: 23540K->11821K(39240K), 0.0399808 secs] 23594K->11821K(42248K), [Perm : 19K->19K(8192K)], 0.0400858 secs]
142.750: [GC 142.750: [DefNew: 53K->0K(3008K), 0.0004003 secs]142.751: [Tenured: 11821K->11821K(39240K), 0.0189150 secs] 11875K->11821K(42248K), 0.0194326 secs]
142.775: [GC 142.775: [DefNew: 53K->0K(3008K), 0.0004593 secs]142.775: [Tenured: 15727K->15727K(39240K), 0.0192064 secs] 15781K->15727K(42248K), 0.0197927 secs]
142.800: [GC 142.800: [DefNew: 53K->0K(3008K), 0.0005657 secs]142.801: [Tenured: 19634K->19634K(39240K), 0.0192756 secs] 19687K->19634K(42248K), 0.0199749 secs]
142.827: [Full GC 142.827: [Tenured: 23540K->23540K(39240K), 0.0197335 secs] 23540K->23540K(42248K), [Perm : 19K->19K(8192K)], 0.0198467 secs]
142.848: [Full GC 142.849: [Tenured: 23540K->11821K(39240K), 0.0405278 secs] 23594K->11821K(42248K), [Perm : 19K->19K(8192K)], 0.0406454 secs]
142.890: [GC 142.890: [DefNew: 53K->0K(3008K), 0.0004213 secs]142.891: [Tenured: 11821K->11821K(39240K), 0.0194293 secs] 11875K->11821K(42248K), 0.0199782 secs]
142.917: [GC 142.917: [DefNew: 53K->0K(3008K), 0.0004811 secs]142.918: [Tenured: 15728K->15728K(39240K), 0.0193173 secs] 15781K->15728K(42248K), 0.0199352 secs]
142.943: [GC 142.943: [DefNew: 53K->0K(3008K), 0.0005205 secs]142.944: [Tenured: 19634K->19634K(39240K), 0.0297127 secs] 19688K->19634K(42248K), 0.0303821 secs]
142.995: [Full GC 142.995: [Tenured: 23540K->23540K(39240K), 0.0197788 secs] 23540K->23540K(42248K), [Perm : 19K->19K(8192K)], 0.0198905 secs]
143.018: [Full GC 143.018: [Tenured: 23540K->11821K(39240K), 0.0403448 secs] 23594K->11821K(42248K), [Perm : 19K->19K(8192K)], 0.0404610 secs]
143.059: [GC 143.059: [DefNew: 53K->0K(3008K), 0.0005551 secs]143.060: [Tenured: 11821K->11821K(39240K), 0.0192091 secs] 11875K->11821K(42248K), 0.0198944 secs]
143.100: [GC 143.100: [DefNew: 53K->0K(3008K), 0.0004822 secs]143.100: [Tenured: 15728K->15728K(39240K), 0.0194941 secs] 15781K->15728K(42248K), 0.0201151 secs]
143.127: [GC 143.127: [DefNew: 53K->0K(3008K), 0.0005210 secs]143.127: [Tenured: 19634K->19634K(39240K), 0.0194712 secs] 19688K->19634K(42248K), 0.0201291 secs]
143.154: [Full GC 143.154: [Tenured: 23540K->23540K(39240K), 0.0200255 secs] 23540K->23540K(42248K), [Perm : 19K->19K(8192K)], 0.0201389 secs]
143.176: [Full GC 143.176: [Tenured: 23540K->11821K(39240K), 0.0406697 secs] 23594K->11821K(42248K), [Perm : 19K->19K(8192K)], 0.0407859 secs]
143.218: [GC 143.218: [DefNew: 53K->0K(3008K), 0.0004244 secs]143.218: [Tenured: 11821K->11821K(39240K), 0.0193343 secs] 11875K->11821K(42248K), 0.0198888 secs]
143.243: [GC 143.243: [DefNew: 53K->0K(3008K), 0.0006364 secs]143.244: [Tenured: 15727K->15727K(39240K), 0.0191611 secs] 15781K->15727K(42248K), 0.0199335 secs]
143.269: [GC 143.269: [DefNew: 53K->0K(3008K), 0.0005643 secs]143.270: [Tenured: 19634K->19634K(39240K), 0.0193751 secs] 19687K->19634K(42248K), 0.0200746 secs]
143.388: [Full GC 143.388: [Tenured: 23540K->23540K(39240K), 0.0196190 secs] 23540K->23540K(42248K), [Perm : 19K->19K(8192K)], 0.0197330 secs]
143.411: [Full GC 143.411: [Tenured: 23540K->11821K(39240K), 0.0399095 secs] 23594K->11821K(42248K), [Perm : 19K->19K(8192K)], 0.0400269 secs]
143.451: [GC 143.452: [DefNew: 53K->0K(3008K), 0.0004059 secs]143.452: [Tenured: 11821K->11821K(39240K), 0.0189275 secs] 11875K->11821K(42248K), 0.0194539 secs]
143.476: [GC 143.476: [DefNew: 53K->0K(3008K), 0.0004621 secs]143.476: [Tenured: 15727K->15727K(39240K), 0.0191974 secs] 15781K->15727K(42248K), 0.0197902 secs]
143.500: [GC 143.500: [DefNew: 53K->0K(3008K), 0.0005554 secs]143.501: [Tenured: 19634K->19634K(39240K), 0.0192709 secs] 19687K->19634K(42248K), 0.0199551 secs]
143.525: [Full GC 143.525: [Tenured: 23540K->23540K(39240K), 0.0192673 secs] 23540K->23540K(42248K), [Perm : 19K->19K(8192K)], 0.0193768 secs]
143.550: [Full GC 143.550: [Tenured: 23540K->11821K(39240K), 0.0401247 secs] 23594K->11821K(42248K), [Perm : 19K->19K(8192K)], 0.0402439 secs]
143.591: [GC 143.591: [DefNew: 53K->0K(3008K), 0.0004235 secs]143.592: [Tenured: 11821K->11821K(39240K), 0.0192052 secs] 11875K->11821K(42248K), 0.0197589 secs]
143.616: [GC 143.617: [DefNew: 53K->0K(3008K), 0.0004805 secs]143.617: [Tenured: 15728K->15728K(39240K), 0.0197095 secs] 15781K->15728K(42248K), 0.0203269 secs]
143.642: [GC 143.642: [DefNew: 53K->0K(3008K), 0.0005193 secs]143.643: [Tenured: 19634K->19634K(39240K), 0.0196545 secs] 19688K->19634K(42248K), 0.0203098 secs]
143.669: [Full GC 143.669: [Tenured: 23540K->23540K(39240K), 0.0192164 secs] 23540K->23540K(42248K), [Perm : 19K->19K(8192K)], 0.0193237 secs]
143.690: [Full GC 143.690: [Tenured: 23540K->11821K(39240K), 0.0402328 secs] 23594K->11821K(42248K), [Perm : 19K->19K(8192K)], 0.0403437 secs]
143.731: [GC 143.731: [DefNew: 53K->0K(3008K), 0.0004040 secs]143.731: [Tenured: 11821K->11821K(39240K), 0.0189180 secs] 11875K->11821K(42248K), 0.0194410 secs]
143.755: [GC 143.755: [DefNew: 53K->0K(3008K), 0.0004626 secs]143.755: [Tenured: 15728K->15728K(39240K), 0.0190290 secs] 15781K->15728K(42248K), 0.0196179 secs]
143.779: [GC 143.779: [DefNew: 53K->0K(3008K), 0.0005177 secs]143.780: [Tenured: 19634K->19634K(39240K), 0.0191200 secs] 19688K->19634K(42248K), 0.0197665 secs]
143.804: [Full GC 143.804: [Tenured: 23540K->23540K(39240K), 0.0193737 secs] 23540K->23540K(42248K), [Perm : 19K->19K(8192K)], 0.0194773 secs]
143.825: [Full GC 143.825: [Tenured: 23540K->11821K(39240K), 0.0405725 secs] 23594K->11821K(42248K), [Perm : 19K->19K(8192K)], 0.0406884 secs]
143.867: [GC 143.867: [DefNew: 53K->0K(3008K), 0.0005590 secs]143.868: [Tenured: 11821K->11821K(39240K), 0.0195050 secs] 11875K->11821K(42248K), 0.0201978 secs]
143.894: [GC 143.894: [DefNew: 53K->0K(3008K), 0.0004783 secs]143.894: [Tenured: 15727K->15727K(39240K), 0.0196103 secs] 15781K->15727K(42248K), 0.0202246 secs]
143.921: [GC 143.921: [DefNew: 53K->0K(3008K), 0.0005654 secs]143.922: [Tenured: 19634K->19634K(39240K), 0.0197092 secs] 19687K->19634K(42248K), 0.0204118 secs]
143.947: [Full GC 143.947: [Tenured: 23540K->23540K(39240K), 0.0199338 secs] 23540K->23540K(42248K), [Perm : 19K->19K(8192K)], 0.0200489 secs]
143.969: [Full GC 143.969: [Tenured: 23540K->11821K(39240K), 0.0404607 secs] 23594K->11821K(42248K), [Perm : 19K->19K(8192K)], 0.0405775 secs]
144.010: [GC 144.011: [DefNew: 53K->0K(3008K), 0.0004230 secs]144.011: [Tenured: 11821K->11821K(39240K), 0.0197059 secs] 11875K->11821K(42248K), 0.0202587 secs]
144.037: [GC 144.037: [DefNew: 53K->0K(3008K), 0.0004802 secs]144.038: [Tenured: 15728K->15728K(39240K), 0.0196044 secs] 15781K->15728K(42248K), 0.0202202 secs]
144.064: [GC 144.064: [DefNew: 53K->0K(3008K), 0.0005207 secs]144.065: [Tenured: 19634K->19634K(39240K), 0.0199266 secs] 19688K->19634K(42248K), 0.0205822 secs]
144.090: [Full GC 144.090: [Tenured: 23540K->23540K(39240K), 0.0346133 secs] 23540K->23540K(42248K), [Perm : 19K->19K(8192K)], 0.0347379 secs]
144.127: [Full GC 144.127: [Tenured: 23540K->11821K(39240K), 0.0403959 secs] 23594K->11821K(42248K), [Perm : 19K->19K(8192K)], 0.0405130 secs]
144.169: [GC 144.169: [DefNew: 53K->0K(3008K), 0.0004207 secs]144.169: [Tenured: 11821K->11821K(39240K), 0.0193444 secs] 11875K->11821K(42248K), 0.0198950 secs]
144.195: [GC 144.195: [DefNew: 53K->0K(3008K), 0.0004819 secs]144.196: [Tenured: 15728K->15728K(39240K), 0.0198520 secs] 15781K->15728K(42248K), 0.0204920 secs]
144.222: [GC 144.222: [DefNew: 53K->0K(3008K), 0.0005219 secs]144.223: [Tenured: 19634K->19634K(39240K), 0.0191019 secs] 19688K->19634K(42248K), 0.0197539 secs]
144.261: [Full GC 144.261: [Tenured: 23540K->23540K(39240K), 0.0192256 secs] 23540K->23540K(42248K), [Perm : 19K->19K(8192K)], 0.0193326 secs]
144.281: [Full GC 144.281: [Tenured: 23540K->11821K(39240K), 0.0402219 secs] 23594K->11821K(42248K), [Perm : 19K->19K(8192K)], 0.0403361 secs]
144.326: [GC 144.326: [DefNew: 53K->0K(3008K), 0.0004260 secs]144.326: [Tenured: 11821K->11821K(39240K), 0.0189256 secs] 11875K->11821K(42248K), 0.0194787 secs]
144.350: [GC 144.350: [DefNew: 53K->0K(3008K), 0.0004607 secs]144.350: [Tenured: 15727K->15727K(39240K), 0.0190404 secs] 15781K->15727K(42248K), 0.0196279 secs]
144.374: [GC 144.374: [DefNew: 53K->0K(3008K), 0.0005545 secs]144.375: [Tenured: 19634K->19634K(39240K), 0.0191144 secs] 19687K->19634K(42248K), 0.0197967 secs]
144.399: [Full GC 144.399: [Tenured: 23540K->23540K(39240K), 0.0193938 secs] 23540K->23540K(42248K), [Perm : 19K->19K(8192K)], 0.0194997 secs]
144.420: [Full GC 144.420: [Tenured: 23540K->11821K(39240K), 0.0404725 secs] 23594K->11821K(42248K), [Perm : 19K->19K(8192K)], 0.0405895 secs]
144.462: [GC 144.462: [DefNew: 53K->0K(3008K), 0.0004246 secs]144.462: [Tenured: 11821K->11821K(39240K), 0.0192893 secs] 11875K->11821K(42248K), 0.0198458 secs]
144.488: [GC 144.488: [DefNew: 53K->0K(3008K), 0.0004799 secs]144.489: [Tenured: 15728K->15728K(39240K), 0.0190644 secs] 15781K->15728K(42248K), 0.0196796 secs]
144.512: [GC 144.513: [DefNew: 53K->0K(3008K), 0.0005087 secs]144.513: [Tenured: 19634K->19634K(39240K), 0.0193712 secs] 19688K->19634K(42248K), 0.0200106 secs]
144.538: [Full GC 144.538: [Tenured: 23540K->23540K(39240K), 0.0192217 secs] 23540K->23540K(42248K), [Perm : 19K->19K(8192K)], 0.0193555 secs]
144.558: [Full GC 144.558: [Tenured: 23540K->11821K(39240K), 0.0401990 secs] 23594K->11821K(42248K), [Perm : 19K->19K(8192K)], 0.0403127 secs]
144.622: [GC 144.622: [DefNew: 53K->0K(3008K), 0.0004285 secs]144.622: [Tenured: 11821K->11821K(39240K), 0.0194402 secs] 11875K->11821K(42248K), 0.0200028 secs]
144.651: [GC 144.651: [DefNew: 53K->0K(3008K), 0.0006361 secs]144.652: [Tenured: 15728K->15728K(39240K), 0.0194047 secs] 15781K->15728K(42248K), 0.0201780 secs]
144.679: [GC 144.679: [DefNew: 53K->0K(3008K), 0.0005224 secs]144.680: [Tenured: 19634K->19634K(39240K), 0.0196964 secs] 19688K->19634K(42248K), 0.0203551 secs]
144.714: [Full GC 144.714: [Tenured: 23540K->23540K(39240K), 0.0346533 secs] 23540K->23540K(42248K), [Perm : 19K->19K(8192K)], 0.0347754 secs]
144.752: [Full GC 144.752: [Tenured: 23540K->11821K(39240K), 0.0404395 secs] 23594K->11821K(42248K), [Perm : 19K->19K(8192K)], 0.0405571 secs]
144.800: [GC 144.800: [DefNew: 53K->0K(3008K), 0.0004269 secs]144.801: [Tenured: 11821K->11821K(39240K), 0.0193745 secs] 11875K->11821K(42248K), 0.0199335 secs]
144.833: [GC 144.833: [DefNew: 53K->0K(3008K), 0.0004816 secs]144.834: [Tenured: 15728K->15728K(39240K), 0.0196841 secs] 15781K->15728K(42248K), 0.0203040 secs]
144.863: [GC 144.863: [DefNew: 53K->0K(3008K), 0.0005219 secs]144.864: [Tenured: 19634K->19634K(39240K), 0.0297203 secs] 19688K->19634K(42248K), 0.0303919 secs]
144.901: [Full GC 144.901: [Tenured: 23540K->23540K(39240K), 0.0194460 secs] 23540K->23540K(42248K), [Perm : 19K->19K(8192K)], 0.0195589 secs]
144.927: [Full GC 144.927: [Tenured: 23540K->11821K(39240K), 0.0405529 secs] 23594K->11821K(42248K), [Perm : 19K->19K(8192K)], 0.0406697 secs]
144.969: [GC 144.969: [DefNew: 53K->0K(3008K), 0.0004260 secs]144.969: [Tenured: 11821K->11821K(39240K), 0.0193575 secs] 11875K->11821K(42248K), 0.0199145 secs]
144.994: [GC 144.994: [DefNew: 53K->0K(3008K), 0.0005031 secs]144.995: [Tenured: 15728K->15727K(39240K), 0.0240067 secs] 15781K->15727K(42248K), 0.0246582 secs]
145.024: [GC 145.024: [DefNew: 53K->0K(3008K), 0.0005654 secs]145.025: [Tenured: 19634K->19634K(39240K), 0.0195600 secs] 19687K->19634K(42248K), 0.0202783 secs]
145.050: [Full GC 145.050: [Tenured: 23540K->23540K(39240K), 0.0195368 secs] 23540K->23540K(42248K), [Perm : 19K->19K(8192K)], 0.0196494 secs]
145.074: [Full GC 145.074: [Tenured: 23540K->11821K(39240K), 0.0398844 secs] 23594K->11821K(42248K), [Perm : 19K->19K(8192K)], 0.0400040 secs]
145.115: [GC 145.115: [DefNew: 53K->0K(3008K), 0.0004171 secs]145.115: [Tenured: 11821K->11821K(39240K), 0.0189225 secs] 11875K->11821K(42248K), 0.0194611 secs]
145.139: [GC 145.139: [DefNew: 53K->0K(3008K), 0.0004760 secs]145.140: [Tenured: 15727K->15727K(39240K), 0.0192499 secs] 15781K->15727K(42248K), 0.0198657 secs]
145.166: [GC 145.166: [DefNew: 53K->0K(3008K), 0.0005654 secs]145.166: [Tenured: 19634K->19634K(39240K), 0.0194921 secs] 19687K->19634K(42248K), 0.0202204 secs]
145.191: [Full GC 145.191: [Tenured: 23540K->23540K(39240K), 0.0192072 secs] 23540K->23540K(42248K), [Perm : 19K->19K(8192K)], 0.0193114 secs]
145.211: [Full GC 145.211: [Tenured: 23540K->11821K(39240K), 0.0399836 secs] 23594K->11821K(42248K), [Perm : 19K->19K(8192K)], 0.0400914 secs]
145.252: [GC 145.252: [DefNew: 53K->0K(3008K), 0.0004193 secs]145.253: [Tenured: 11821K->11821K(39240K), 0.0188985 secs] 11875K->11821K(42248K), 0.0194402 secs]
145.276: [GC 145.276: [DefNew: 53K->0K(3008K), 0.0004629 secs]145.277: [Tenured: 15728K->15728K(39240K), 0.0190326 secs] 15781K->15728K(42248K), 0.0196223 secs]
145.301: [GC 145.301: [DefNew: 53K->0K(3008K), 0.0005146 secs]145.301: [Tenured: 19634K->19634K(39240K), 0.0191334 secs] 19688K->19634K(42248K), 0.0197774 secs]
145.326: [Full GC 145.326: [Tenured: 23540K->23540K(39240K), 0.0340228 secs] 23540K->23540K(42248K), [Perm : 19K->19K(8192K)], 0.0341429 secs]
145.387: [Full GC 145.387: [Tenured: 23540K->11821K(39240K), 0.0400663 secs] 23594K->11821K(42248K), [Perm : 19K->19K(8192K)], 0.0401783 secs]
145.427: [GC 145.427: [DefNew: 53K->0K(3008K), 0.0004070 secs]145.428: [Tenured: 11821K->11821K(39240K), 0.0189295 secs] 11875K->11821K(42248K), 0.0194553 secs]
145.452: [GC 145.452: [DefNew: 53K->0K(3008K), 0.0004699 secs]145.452: [Tenured: 15728K->15728K(39240K), 0.0190452 secs] 15781K->15728K(42248K), 0.0196438 secs]
145.476: [GC 145.476: [DefNew: 53K->0K(3008K), 0.0005121 secs]145.477: [Tenured: 19634K->19634K(39240K), 0.0192452 secs] 19688K->19634K(42248K), 0.0198930 secs]
145.501: [Full GC 145.501: [Tenured: 23540K->23540K(39240K), 0.0192189 secs] 23540K->23540K(42248K), [Perm : 19K->19K(8192K)], 0.0193259 secs]
145.522: [Full GC 145.522: [Tenured: 23540K->11821K(39240K), 0.0402319 secs] 23594K->11821K(42248K), [Perm : 19K->19K(8192K)], 0.0403434 secs]
145.563: [GC 145.563: [DefNew: 53K->0K(3008K), 0.0004051 secs]145.563: [Tenured: 11821K->11821K(39240K), 0.0189245 secs] 11875K->11821K(42248K), 0.0194486 secs]
145.587: [GC 145.587: [DefNew: 53K->0K(3008K), 0.0004688 secs]145.587: [Tenured: 15728K->15727K(39240K), 0.0243243 secs] 15781K->15727K(42248K), 0.0249409 secs]
145.618: [GC 145.618: [DefNew: 53K->0K(3008K), 0.0005663 secs]145.619: [Tenured: 19634K->19634K(39240K), 0.0193743 secs] 19687K->19634K(42248K), 0.0200785 secs]
145.643: [Full GC 145.643: [Tenured: 23540K->23540K(39240K), 0.0198087 secs] 23540K->23540K(42248K), [Perm : 19K->19K(8192K)], 0.0199193 secs]
145.666: [Full GC 145.666: [Tenured: 23540K->11821K(39240K), 0.0403884 secs] 23594K->11821K(42248K), [Perm : 19K->19K(8192K)], 0.0405051 secs]
145.722: [GC 145.722: [DefNew: 53K->0K(3008K), 0.0004266 secs]145.722: [Tenured: 11821K->11821K(39240K), 0.0196201 secs] 11875K->11821K(42248K), 0.0201797 secs]
145.748: [GC 145.748: [DefNew: 53K->0K(3008K), 0.0004794 secs]145.749: [Tenured: 15728K->15728K(39240K), 0.0195352 secs] 15781K->15728K(42248K), 0.0201540 secs]
145.775: [GC 145.775: [DefNew: 53K->0K(3008K), 0.0005199 secs]145.775: [Tenured: 19634K->19634K(39240K), 0.0195151 secs] 19688K->19634K(42248K), 0.0201718 secs]
145.801: [Full GC 145.801: [Tenured: 23540K->23540K(39240K), 0.0197391 secs] 23540K->23540K(42248K), [Perm : 19K->19K(8192K)], 0.0198542 secs]
145.824: [Full GC 145.824: [Tenured: 23540K->11821K(39240K), 0.0404071 secs] 23594K->11821K(42248K), [Perm : 19K->19K(8192K)], 0.0405261 secs]
145.879: [GC 145.879: [DefNew: 53K->0K(3008K), 0.0004252 secs]145.880: [Tenured: 11821K->11821K(39240K), 0.0192159 secs] 11875K->11821K(42248K), 0.0197723 secs]
145.906: [GC 145.906: [DefNew: 53K->0K(3008K), 0.0004805 secs]145.907: [Tenured: 15728K->15728K(39240K), 0.0195039 secs] 15781K->15728K(42248K), 0.0201224 secs]
145.933: [GC 145.933: [DefNew: 53K->0K(3008K), 0.0005132 secs]145.934: [Tenured: 19634K->19634K(39240K), 0.0193963 secs] 19688K->19634K(42248K), 0.0200467 secs]
145.960: [Full GC 145.960: [Tenured: 23540K->23540K(39240K), 0.0347159 secs] 23540K->23540K(42248K), [Perm : 19K->19K(8192K)], 0.0348413 secs]
145.998: [Full GC 145.998: [Tenured: 23540K->11821K(39240K), 0.0404300 secs] 23594K->11821K(42248K), [Perm : 19K->19K(8192K)], 0.0405471 secs]
146.040: [GC 146.040: [DefNew: 53K->0K(3008K), 0.0004230 secs]146.041: [Tenured: 11821K->11821K(39240K), 0.0193181 secs] 11875K->11821K(42248K), 0.0198710 secs]
146.066: [GC 146.066: [DefNew: 53K->0K(3008K), 0.0004786 secs]146.066: [Tenured: 15728K->15728K(39240K), 0.0196313 secs] 15781K->15728K(42248K), 0.0202461 secs]
146.093: [GC 146.093: [DefNew: 53K->0K(3008K), 0.0005126 secs]146.094: [Tenured: 19634K->19634K(39240K), 0.0294236 secs] 19688K->19634K(42248K), 0.0300837 secs]
146.129: [Full GC 146.129: [Tenured: 23540K->23540K(39240K), 0.0197601 secs] 23540K->23540K(42248K), [Perm : 19K->19K(8192K)], 0.0198740 secs]
146.151: [Full GC 146.151: [Tenured: 23540K->11821K(39240K), 0.0405479 secs] 23594K->11821K(42248K), [Perm : 19K->19K(8192K)], 0.0406649 secs]
146.206: [GC 146.207: [DefNew: 53K->0K(3008K), 0.0004255 secs]146.207: [Tenured: 11821K->11821K(39240K), 0.0191846 secs] 11875K->11821K(42248K), 0.0197416 secs]
146.232: [GC 146.232: [DefNew: 53K->0K(3008K), 0.0004791 secs]146.233: [Tenured: 15728K->15727K(39240K), 0.0242045 secs] 15781K->15727K(42248K), 0.0248319 secs]
146.264: [GC 146.264: [DefNew: 53K->0K(3008K), 0.0005666 secs]146.265: [Tenured: 19634K->19634K(39240K), 0.0197089 secs] 19687K->19634K(42248K), 0.0204113 secs]
146.290: [Full GC 146.290: [Tenured: 23540K->23540K(39240K), 0.0200411 secs] 23540K->23540K(42248K), [Perm : 19K->19K(8192K)], 0.0201559 secs]
146.312: [Full GC 146.312: [Tenured: 23540K->11821K(39240K), 0.0401995 secs] 23594K->11821K(42248K), [Perm : 19K->19K(8192K)], 0.0403149 secs]
146.354: [GC 146.354: [DefNew: 53K->0K(3008K), 0.0004238 secs]146.355: [Tenured: 11821K->11821K(39240K), 0.0190723 secs] 11875K->11821K(42248K), 0.0196243 secs]
146.379: [GC 146.379: [DefNew: 53K->0K(3008K), 0.0004702 secs]146.379: [Tenured: 15727K->15727K(39240K), 0.0190340 secs] 15781K->15727K(42248K), 0.0196324 secs]
146.403: [GC 146.403: [DefNew: 53K->0K(3008K), 0.0007202 secs]146.404: [Tenured: 19634K->19634K(39240K), 0.0196254 secs] 19687K->19634K(42248K), 0.0204850 secs]
146.431: [Full GC 146.431: [Tenured: 23540K->23540K(39240K), 0.0197964 secs] 23540K->23540K(42248K), [Perm : 19K->19K(8192K)], 0.0199101 secs]
146.456: [Full GC 146.456: [Tenured: 23540K->11821K(39240K), 0.0400062 secs] 23594K->11821K(42248K), [Perm : 19K->19K(8192K)], 0.0401210 secs]
146.497: [GC 146.497: [DefNew: 53K->0K(3008K), 0.0004218 secs]146.498: [Tenured: 11821K->11821K(39240K), 0.0189125 secs] 11875K->11821K(42248K), 0.0194583 secs]
146.522: [GC 146.522: [DefNew: 53K->0K(3008K), 0.0004657 secs]146.522: [Tenured: 15728K->15728K(39240K), 0.0192832 secs] 15781K->15728K(42248K), 0.0198835 secs]
146.547: [GC 146.547: [DefNew: 53K->0K(3008K), 0.0005185 secs]146.548: [Tenured: 19634K->19634K(39240K), 0.0194111 secs] 19688K->19634K(42248K), 0.0200665 secs]
146.574: [Full GC 146.574: [Tenured: 23540K->23540K(39240K), 0.0345745 secs] 23540K->23540K(42248K), [Perm : 19K->19K(8192K)], 0.0346994 secs]
146.611: [Full GC 146.611: [Tenured: 23540K->11821K(39240K), 0.0402336 secs] 23594K->11821K(42248K), [Perm : 19K->19K(8192K)], 0.0403490 secs]
146.652: [GC 146.652: [DefNew: 53K->0K(3008K), 0.0004207 secs]146.653: [Tenured: 11821K->11821K(39240K), 0.0190683 secs] 11875K->11821K(42248K), 0.0196335 secs]
146.678: [GC 146.678: [DefNew: 53K->0K(3008K), 0.0004805 secs]146.679: [Tenured: 15728K->15728K(39240K), 0.0193335 secs] 15781K->15728K(42248K), 0.0199503 secs]
146.705: [GC 146.705: [DefNew: 53K->0K(3008K), 0.0005216 secs]146.705: [Tenured: 19634K->19634K(39240K), 0.0191265 secs] 19688K->19634K(42248K), 0.0197807 secs]
146.729: [Full GC 146.729: [Tenured: 23540K->23540K(39240K), 0.0193382 secs] 23540K->23540K(42248K), [Perm : 19K->19K(8192K)], 0.0194460 secs]
146.751: [Full GC 146.751: [Tenured: 23540K->11821K(39240K), 0.0401755 secs] 23594K->11821K(42248K), [Perm : 19K->19K(8192K)], 0.0403523 secs]
146.792: [GC 146.792: [DefNew: 53K->0K(3008K), 0.0004037 secs]146.792: [Tenured: 11821K->11821K(39240K), 0.0189317 secs] 11875K->11821K(42248K), 0.0194536 secs]
146.816: [GC 146.816: [DefNew: 53K->0K(3008K), 0.0004657 secs]146.816: [Tenured: 15728K->15728K(39240K), 0.0190407 secs] 15781K->15728K(42248K), 0.0196338 secs]
146.841: [GC 146.841: [DefNew: 53K->0K(3008K), 0.0005202 secs]146.842: [Tenured: 19634K->19634K(39240K), 0.0191276 secs] 19688K->19634K(42248K), 0.0197796 secs]
146.867: [Full GC 146.867: [Tenured: 23540K->23540K(39240K), 0.0196491 secs] 23540K->23540K(42248K), [Perm : 19K->19K(8192K)], 0.0197631 secs]
146.888: [Full GC 146.888: [Tenured: 23540K->11821K(39240K), 0.0401951 secs] 23594K->11821K(42248K), [Perm : 19K->19K(8192K)], 0.0403102 secs]
146.930: [GC 146.930: [DefNew: 53K->0K(3008K), 0.0004224 secs]146.930: [Tenured: 11821K->11821K(39240K), 0.0195785 secs] 11875K->11821K(42248K), 0.0201324 secs]
146.956: [GC 146.956: [DefNew: 53K->0K(3008K), 0.0006621 secs]146.957: [Tenured: 15727K->15727K(39240K), 0.0192050 secs] 15781K->15727K(42248K), 0.0200053 secs]
146.982: [GC 146.982: [DefNew: 53K->0K(3008K), 0.0005654 secs]146.982: [Tenured: 19634K->19634K(39240K), 0.0192642 secs] 19687K->19634K(42248K), 0.0199601 secs]
147.006: [Full GC 147.006: [Tenured: 23540K->23540K(39240K), 0.0191913 secs] 23540K->23540K(42248K), [Perm : 19K->19K(8192K)], 0.0192927 secs]
147.027: [Full GC 147.027: [Tenured: 23540K->11821K(39240K), 0.0399643 secs] 23594K->11821K(42248K), [Perm : 19K->19K(8192K)], 0.0400760 secs]
